###############################################################################
#
# IAR ELF Linker V7.50.2.10312/W32 for ARM                28/Nov/2018  11:11:28
# Copyright 2007-2015 IAR Systems AB.
#
#    Output file  =  
#        G:\STM32F407-RS485数据采集-V2\RS485-主机端 - 删减版 -
#        dev\EWARM\YS-F4Pro\Exe\YS-F4Pro.out
#    Map file     =  
#        G:\STM32F407-RS485数据采集-V2\RS485-主机端 - 删减版 -
#        dev\EWARM\YS-F4Pro\List\YS-F4Pro.map
#    Command line =  
#        "G:\STM32F407-RS485数据采集-V2\RS485-主机端 - 删减版 -
#        dev\EWARM\YS-F4Pro\Obj\bsp_BasicTIM.o"
#        "G:\STM32F407-RS485数据采集-V2\RS485-主机端 - 删减版 -
#        dev\EWARM\YS-F4Pro\Obj\bsp_debug_usart.o"
#        "G:\STM32F407-RS485数据采集-V2\RS485-主机端 - 删减版 -
#        dev\EWARM\YS-F4Pro\Obj\bsp_gpio.o"
#        "G:\STM32F407-RS485数据采集-V2\RS485-主机端 - 删减版 -
#        dev\EWARM\YS-F4Pro\Obj\bsp_led.o"
#        "G:\STM32F407-RS485数据采集-V2\RS485-主机端 - 删减版 -
#        dev\EWARM\YS-F4Pro\Obj\bsp_rtc.o"
#        "G:\STM32F407-RS485数据采集-V2\RS485-主机端 - 删减版 -
#        dev\EWARM\YS-F4Pro\Obj\bsp_spiflash.o"
#        "G:\STM32F407-RS485数据采集-V2\RS485-主机端 - 删减版 -
#        dev\EWARM\YS-F4Pro\Obj\bsp_usartx_RS485.o"
#        "G:\STM32F407-RS485数据采集-V2\RS485-主机端 - 删减版 -
#        dev\EWARM\YS-F4Pro\Obj\crc16.o"
#        "G:\STM32F407-RS485数据采集-V2\RS485-主机端 - 删减版 -
#        dev\EWARM\YS-F4Pro\Obj\function.o"
#        "G:\STM32F407-RS485数据采集-V2\RS485-主机端 - 删减版 -
#        dev\EWARM\YS-F4Pro\Obj\main.o"
#        "G:\STM32F407-RS485数据采集-V2\RS485-主机端 - 删减版 -
#        dev\EWARM\YS-F4Pro\Obj\sample.o"
#        "G:\STM32F407-RS485数据采集-V2\RS485-主机端 - 删减版 -
#        dev\EWARM\YS-F4Pro\Obj\startup_stm32f407xx.o"
#        "G:\STM32F407-RS485数据采集-V2\RS485-主机端 - 删减版 -
#        dev\EWARM\YS-F4Pro\Obj\stm32f4xx_assert.o"
#        "G:\STM32F407-RS485数据采集-V2\RS485-主机端 - 删减版 -
#        dev\EWARM\YS-F4Pro\Obj\stm32f4xx_hal.o"
#        "G:\STM32F407-RS485数据采集-V2\RS485-主机端 - 删减版 -
#        dev\EWARM\YS-F4Pro\Obj\stm32f4xx_hal_adc.o"
#        "G:\STM32F407-RS485数据采集-V2\RS485-主机端 - 删减版 -
#        dev\EWARM\YS-F4Pro\Obj\stm32f4xx_hal_adc_ex.o"
#        "G:\STM32F407-RS485数据采集-V2\RS485-主机端 - 删减版 -
#        dev\EWARM\YS-F4Pro\Obj\stm32f4xx_hal_can.o"
#        "G:\STM32F407-RS485数据采集-V2\RS485-主机端 - 删减版 -
#        dev\EWARM\YS-F4Pro\Obj\stm32f4xx_hal_cec.o"
#        "G:\STM32F407-RS485数据采集-V2\RS485-主机端 - 删减版 -
#        dev\EWARM\YS-F4Pro\Obj\stm32f4xx_hal_cortex.o"
#        "G:\STM32F407-RS485数据采集-V2\RS485-主机端 - 删减版 -
#        dev\EWARM\YS-F4Pro\Obj\stm32f4xx_hal_crc.o"
#        "G:\STM32F407-RS485数据采集-V2\RS485-主机端 - 删减版 -
#        dev\EWARM\YS-F4Pro\Obj\stm32f4xx_hal_cryp.o"
#        "G:\STM32F407-RS485数据采集-V2\RS485-主机端 - 删减版 -
#        dev\EWARM\YS-F4Pro\Obj\stm32f4xx_hal_cryp_ex.o"
#        "G:\STM32F407-RS485数据采集-V2\RS485-主机端 - 删减版 -
#        dev\EWARM\YS-F4Pro\Obj\stm32f4xx_hal_dac.o"
#        "G:\STM32F407-RS485数据采集-V2\RS485-主机端 - 删减版 -
#        dev\EWARM\YS-F4Pro\Obj\stm32f4xx_hal_dac_ex.o"
#        "G:\STM32F407-RS485数据采集-V2\RS485-主机端 - 删减版 -
#        dev\EWARM\YS-F4Pro\Obj\stm32f4xx_hal_dcmi.o"
#        "G:\STM32F407-RS485数据采集-V2\RS485-主机端 - 删减版 -
#        dev\EWARM\YS-F4Pro\Obj\stm32f4xx_hal_dcmi_ex.o"
#        "G:\STM32F407-RS485数据采集-V2\RS485-主机端 - 删减版 -
#        dev\EWARM\YS-F4Pro\Obj\stm32f4xx_hal_dfsdm.o"
#        "G:\STM32F407-RS485数据采集-V2\RS485-主机端 - 删减版 -
#        dev\EWARM\YS-F4Pro\Obj\stm32f4xx_hal_dma.o"
#        "G:\STM32F407-RS485数据采集-V2\RS485-主机端 - 删减版 -
#        dev\EWARM\YS-F4Pro\Obj\stm32f4xx_hal_dma2d.o"
#        "G:\STM32F407-RS485数据采集-V2\RS485-主机端 - 删减版 -
#        dev\EWARM\YS-F4Pro\Obj\stm32f4xx_hal_dma_ex.o"
#        "G:\STM32F407-RS485数据采集-V2\RS485-主机端 - 删减版 -
#        dev\EWARM\YS-F4Pro\Obj\stm32f4xx_hal_dsi.o"
#        "G:\STM32F407-RS485数据采集-V2\RS485-主机端 - 删减版 -
#        dev\EWARM\YS-F4Pro\Obj\stm32f4xx_hal_eth.o"
#        "G:\STM32F407-RS485数据采集-V2\RS485-主机端 - 删减版 -
#        dev\EWARM\YS-F4Pro\Obj\stm32f4xx_hal_flash.o"
#        "G:\STM32F407-RS485数据采集-V2\RS485-主机端 - 删减版 -
#        dev\EWARM\YS-F4Pro\Obj\stm32f4xx_hal_flash_ex.o"
#        "G:\STM32F407-RS485数据采集-V2\RS485-主机端 - 删减版 -
#        dev\EWARM\YS-F4Pro\Obj\stm32f4xx_hal_flash_ramfunc.o"
#        "G:\STM32F407-RS485数据采集-V2\RS485-主机端 - 删减版 -
#        dev\EWARM\YS-F4Pro\Obj\stm32f4xx_hal_fmpi2c.o"
#        "G:\STM32F407-RS485数据采集-V2\RS485-主机端 - 删减版 -
#        dev\EWARM\YS-F4Pro\Obj\stm32f4xx_hal_fmpi2c_ex.o"
#        "G:\STM32F407-RS485数据采集-V2\RS485-主机端 - 删减版 -
#        dev\EWARM\YS-F4Pro\Obj\stm32f4xx_hal_gpio.o"
#        "G:\STM32F407-RS485数据采集-V2\RS485-主机端 - 删减版 -
#        dev\EWARM\YS-F4Pro\Obj\stm32f4xx_hal_hash.o"
#        "G:\STM32F407-RS485数据采集-V2\RS485-主机端 - 删减版 -
#        dev\EWARM\YS-F4Pro\Obj\stm32f4xx_hal_hash_ex.o"
#        "G:\STM32F407-RS485数据采集-V2\RS485-主机端 - 删减版 -
#        dev\EWARM\YS-F4Pro\Obj\stm32f4xx_hal_hcd.o"
#        "G:\STM32F407-RS485数据采集-V2\RS485-主机端 - 删减版 -
#        dev\EWARM\YS-F4Pro\Obj\stm32f4xx_hal_i2c.o"
#        "G:\STM32F407-RS485数据采集-V2\RS485-主机端 - 删减版 -
#        dev\EWARM\YS-F4Pro\Obj\stm32f4xx_hal_i2c_ex.o"
#        "G:\STM32F407-RS485数据采集-V2\RS485-主机端 - 删减版 -
#        dev\EWARM\YS-F4Pro\Obj\stm32f4xx_hal_i2s.o"
#        "G:\STM32F407-RS485数据采集-V2\RS485-主机端 - 删减版 -
#        dev\EWARM\YS-F4Pro\Obj\stm32f4xx_hal_i2s_ex.o"
#        "G:\STM32F407-RS485数据采集-V2\RS485-主机端 - 删减版 -
#        dev\EWARM\YS-F4Pro\Obj\stm32f4xx_hal_irda.o"
#        "G:\STM32F407-RS485数据采集-V2\RS485-主机端 - 删减版 -
#        dev\EWARM\YS-F4Pro\Obj\stm32f4xx_hal_iwdg.o"
#        "G:\STM32F407-RS485数据采集-V2\RS485-主机端 - 删减版 -
#        dev\EWARM\YS-F4Pro\Obj\stm32f4xx_hal_lptim.o"
#        "G:\STM32F407-RS485数据采集-V2\RS485-主机端 - 删减版 -
#        dev\EWARM\YS-F4Pro\Obj\stm32f4xx_hal_ltdc.o"
#        "G:\STM32F407-RS485数据采集-V2\RS485-主机端 - 删减版 -
#        dev\EWARM\YS-F4Pro\Obj\stm32f4xx_hal_ltdc_ex.o"
#        "G:\STM32F407-RS485数据采集-V2\RS485-主机端 - 删减版 -
#        dev\EWARM\YS-F4Pro\Obj\stm32f4xx_hal_mmc.o"
#        "G:\STM32F407-RS485数据采集-V2\RS485-主机端 - 删减版 -
#        dev\EWARM\YS-F4Pro\Obj\stm32f4xx_hal_msp.o"
#        "G:\STM32F407-RS485数据采集-V2\RS485-主机端 - 删减版 -
#        dev\EWARM\YS-F4Pro\Obj\stm32f4xx_hal_nand.o"
#        "G:\STM32F407-RS485数据采集-V2\RS485-主机端 - 删减版 -
#        dev\EWARM\YS-F4Pro\Obj\stm32f4xx_hal_nor.o"
#        "G:\STM32F407-RS485数据采集-V2\RS485-主机端 - 删减版 -
#        dev\EWARM\YS-F4Pro\Obj\stm32f4xx_hal_pccard.o"
#        "G:\STM32F407-RS485数据采集-V2\RS485-主机端 - 删减版 -
#        dev\EWARM\YS-F4Pro\Obj\stm32f4xx_hal_pcd.o"
#        "G:\STM32F407-RS485数据采集-V2\RS485-主机端 - 删减版 -
#        dev\EWARM\YS-F4Pro\Obj\stm32f4xx_hal_pcd_ex.o"
#        "G:\STM32F407-RS485数据采集-V2\RS485-主机端 - 删减版 -
#        dev\EWARM\YS-F4Pro\Obj\stm32f4xx_hal_pwr.o"
#        "G:\STM32F407-RS485数据采集-V2\RS485-主机端 - 删减版 -
#        dev\EWARM\YS-F4Pro\Obj\stm32f4xx_hal_pwr_ex.o"
#        "G:\STM32F407-RS485数据采集-V2\RS485-主机端 - 删减版 -
#        dev\EWARM\YS-F4Pro\Obj\stm32f4xx_hal_qspi.o"
#        "G:\STM32F407-RS485数据采集-V2\RS485-主机端 - 删减版 -
#        dev\EWARM\YS-F4Pro\Obj\stm32f4xx_hal_rcc.o"
#        "G:\STM32F407-RS485数据采集-V2\RS485-主机端 - 删减版 -
#        dev\EWARM\YS-F4Pro\Obj\stm32f4xx_hal_rcc_ex.o"
#        "G:\STM32F407-RS485数据采集-V2\RS485-主机端 - 删减版 -
#        dev\EWARM\YS-F4Pro\Obj\stm32f4xx_hal_rng.o"
#        "G:\STM32F407-RS485数据采集-V2\RS485-主机端 - 删减版 -
#        dev\EWARM\YS-F4Pro\Obj\stm32f4xx_hal_rtc.o"
#        "G:\STM32F407-RS485数据采集-V2\RS485-主机端 - 删减版 -
#        dev\EWARM\YS-F4Pro\Obj\stm32f4xx_hal_rtc_ex.o"
#        "G:\STM32F407-RS485数据采集-V2\RS485-主机端 - 删减版 -
#        dev\EWARM\YS-F4Pro\Obj\stm32f4xx_hal_sai.o"
#        "G:\STM32F407-RS485数据采集-V2\RS485-主机端 - 删减版 -
#        dev\EWARM\YS-F4Pro\Obj\stm32f4xx_hal_sai_ex.o"
#        "G:\STM32F407-RS485数据采集-V2\RS485-主机端 - 删减版 -
#        dev\EWARM\YS-F4Pro\Obj\stm32f4xx_hal_sd.o"
#        "G:\STM32F407-RS485数据采集-V2\RS485-主机端 - 删减版 -
#        dev\EWARM\YS-F4Pro\Obj\stm32f4xx_hal_sdram.o"
#        "G:\STM32F407-RS485数据采集-V2\RS485-主机端 - 删减版 -
#        dev\EWARM\YS-F4Pro\Obj\stm32f4xx_hal_smartcard.o"
#        "G:\STM32F407-RS485数据采集-V2\RS485-主机端 - 删减版 -
#        dev\EWARM\YS-F4Pro\Obj\stm32f4xx_hal_spdifrx.o"
#        "G:\STM32F407-RS485数据采集-V2\RS485-主机端 - 删减版 -
#        dev\EWARM\YS-F4Pro\Obj\stm32f4xx_hal_spi.o"
#        "G:\STM32F407-RS485数据采集-V2\RS485-主机端 - 删减版 -
#        dev\EWARM\YS-F4Pro\Obj\stm32f4xx_hal_sram.o"
#        "G:\STM32F407-RS485数据采集-V2\RS485-主机端 - 删减版 -
#        dev\EWARM\YS-F4Pro\Obj\stm32f4xx_hal_tim.o"
#        "G:\STM32F407-RS485数据采集-V2\RS485-主机端 - 删减版 -
#        dev\EWARM\YS-F4Pro\Obj\stm32f4xx_hal_tim_ex.o"
#        "G:\STM32F407-RS485数据采集-V2\RS485-主机端 - 删减版 -
#        dev\EWARM\YS-F4Pro\Obj\stm32f4xx_hal_uart.o"
#        "G:\STM32F407-RS485数据采集-V2\RS485-主机端 - 删减版 -
#        dev\EWARM\YS-F4Pro\Obj\stm32f4xx_hal_usart.o"
#        "G:\STM32F407-RS485数据采集-V2\RS485-主机端 - 删减版 -
#        dev\EWARM\YS-F4Pro\Obj\stm32f4xx_hal_wwdg.o"
#        "G:\STM32F407-RS485数据采集-V2\RS485-主机端 - 删减版 -
#        dev\EWARM\YS-F4Pro\Obj\stm32f4xx_it.o"
#        "G:\STM32F407-RS485数据采集-V2\RS485-主机端 - 删减版 -
#        dev\EWARM\YS-F4Pro\Obj\stm32f4xx_ll_adc.o"
#        "G:\STM32F407-RS485数据采集-V2\RS485-主机端 - 删减版 -
#        dev\EWARM\YS-F4Pro\Obj\stm32f4xx_ll_crc.o"
#        "G:\STM32F407-RS485数据采集-V2\RS485-主机端 - 删减版 -
#        dev\EWARM\YS-F4Pro\Obj\stm32f4xx_ll_dac.o"
#        "G:\STM32F407-RS485数据采集-V2\RS485-主机端 - 删减版 -
#        dev\EWARM\YS-F4Pro\Obj\stm32f4xx_ll_dma.o"
#        "G:\STM32F407-RS485数据采集-V2\RS485-主机端 - 删减版 -
#        dev\EWARM\YS-F4Pro\Obj\stm32f4xx_ll_dma2d.o"
#        "G:\STM32F407-RS485数据采集-V2\RS485-主机端 - 删减版 -
#        dev\EWARM\YS-F4Pro\Obj\stm32f4xx_ll_exti.o"
#        "G:\STM32F407-RS485数据采集-V2\RS485-主机端 - 删减版 -
#        dev\EWARM\YS-F4Pro\Obj\stm32f4xx_ll_fmc.o"
#        "G:\STM32F407-RS485数据采集-V2\RS485-主机端 - 删减版 -
#        dev\EWARM\YS-F4Pro\Obj\stm32f4xx_ll_fsmc.o"
#        "G:\STM32F407-RS485数据采集-V2\RS485-主机端 - 删减版 -
#        dev\EWARM\YS-F4Pro\Obj\stm32f4xx_ll_gpio.o"
#        "G:\STM32F407-RS485数据采集-V2\RS485-主机端 - 删减版 -
#        dev\EWARM\YS-F4Pro\Obj\stm32f4xx_ll_i2c.o"
#        "G:\STM32F407-RS485数据采集-V2\RS485-主机端 - 删减版 -
#        dev\EWARM\YS-F4Pro\Obj\stm32f4xx_ll_lptim.o"
#        "G:\STM32F407-RS485数据采集-V2\RS485-主机端 - 删减版 -
#        dev\EWARM\YS-F4Pro\Obj\stm32f4xx_ll_pwr.o"
#        "G:\STM32F407-RS485数据采集-V2\RS485-主机端 - 删减版 -
#        dev\EWARM\YS-F4Pro\Obj\stm32f4xx_ll_rcc.o"
#        "G:\STM32F407-RS485数据采集-V2\RS485-主机端 - 删减版 -
#        dev\EWARM\YS-F4Pro\Obj\stm32f4xx_ll_rng.o"
#        "G:\STM32F407-RS485数据采集-V2\RS485-主机端 - 删减版 -
#        dev\EWARM\YS-F4Pro\Obj\stm32f4xx_ll_rtc.o"
#        "G:\STM32F407-RS485数据采集-V2\RS485-主机端 - 删减版 -
#        dev\EWARM\YS-F4Pro\Obj\stm32f4xx_ll_sdmmc.o"
#        "G:\STM32F407-RS485数据采集-V2\RS485-主机端 - 删减版 -
#        dev\EWARM\YS-F4Pro\Obj\stm32f4xx_ll_spi.o"
#        "G:\STM32F407-RS485数据采集-V2\RS485-主机端 - 删减版 -
#        dev\EWARM\YS-F4Pro\Obj\stm32f4xx_ll_tim.o"
#        "G:\STM32F407-RS485数据采集-V2\RS485-主机端 - 删减版 -
#        dev\EWARM\YS-F4Pro\Obj\stm32f4xx_ll_usart.o"
#        "G:\STM32F407-RS485数据采集-V2\RS485-主机端 - 删减版 -
#        dev\EWARM\YS-F4Pro\Obj\stm32f4xx_ll_usb.o"
#        "G:\STM32F407-RS485数据采集-V2\RS485-主机端 - 删减版 -
#        dev\EWARM\YS-F4Pro\Obj\stm32f4xx_ll_utils.o"
#        "G:\STM32F407-RS485数据采集-V2\RS485-主机端 - 删减版 -
#        dev\EWARM\YS-F4Pro\Obj\system_stm32f4xx.o"
#        "G:\STM32F407-RS485数据采集-V2\RS485-主机端 - 删减版 -
#        dev\EWARM\YS-F4Pro\Obj\variable.o" --redirect _Printf=_PrintfFull
#        --redirect _Scanf=_ScanfFull -o
#        "G:\STM32F407-RS485数据采集-V2\RS485-主机端 - 删减版 -
#        dev\EWARM\YS-F4Pro\Exe\YS-F4Pro.out" --map
#        "G:\STM32F407-RS485数据采集-V2\RS485-主机端 - 删减版 -
#        dev\EWARM\YS-F4Pro\List\YS-F4Pro.map" --config
#        "G:\STM32F407-RS485数据采集-V2\RS485-主机端 - 删减版 -
#        dev\EWARM\stm32f407xx_flash.icf" --semihosting --entry
#        __iar_program_start --vfe
#
###############################################################################

*******************************************************************************
*** RUNTIME MODEL ATTRIBUTES
***

CppFlavor                     = *
__Heap_Handler                = DLMalloc
__SystemLibrary               = DLib
__dlib_dynamic_initialization = normal


*******************************************************************************
*** PLACEMENT SUMMARY
***

"A1":  place at 0x08000000 { ro section .intvec };
"P1":  place in [from 0x08000000 to 0x080fffff] { ro };
"P2":  place in [from 0x20000000 to 0x2001ffff] { rw, block CSTACK, block HEAP };

  Section             Kind        Address    Size  Object
  -------             ----        -------    ----  ------
"A1":                                       0x188
  .intvec             ro code  0x08000000   0x188  startup_stm32f407xx.o [1]
                             - 0x08000188   0x188

"P1":                                      0xb17b
  .text               ro code  0x08000188  0x1f50  function.o [1]
  .text               ro code  0x080020d8    0x24  printf.o [3]
  .text               ro code  0x080020fc    0x44  strcpy_unaligned.o [5]
  .text               ro code  0x08002140    0x4c  strtok.o [3]
  .text               ro code  0x0800218c     0x6  ABImemclr4.o [5]
  .text               ro code  0x08002192     0xa  xsprout.o [3]
  .text               ro code  0x0800219c    0x36  strlen.o [5]
  .text               ro code  0x080021d4  0x14f0  dlmalloc.o [3]
  .text               ro code  0x080036c4    0x4e  FltToDbl.o [4]
  .text               ro code  0x08003714    0x34  sprintf.o [3]
  .text               ro code  0x08003748   0x7c8  stm32f4xx_hal_uart.o [1]
  .text               ro code  0x08003f10     0x8  atoi.o [3]
  .text               ro code  0x08003f18     0xe  strtod.o [4]
  .text               ro code  0x08003f28    0x2e  DblCmpLe.o [4]
  .text               ro code  0x08003f58    0x9c  stm32f4xx_hal.o [1]
  .text               ro code  0x08003ff4   0x258  stm32f4xx_hal_gpio.o [1]
  .text               ro code  0x0800424c   0x408  stm32f4xx_hal_rtc.o [1]
  .text               ro code  0x08004654   0x1a2  DblMul.o [4]
  .text               ro code  0x080047f8    0x90  DblToFlt.o [4]
  .text               ro code  0x08004888    0xce  crc16.o [1]
  .text               ro code  0x08004958    0x42  strcmp_unaligned.o [5]
  .text               ro code  0x0800499a     0x8  abs.o [3]
  .text               ro code  0x080049a4    0x30  I32ToDbl.o [4]
  .text               ro code  0x080049d4    0xe8  DblAdd.o [4]
  .text               ro code  0x08004abc    0x58  DblToI32.o [4]
  .rodata             const    0x08004b14    0x34  function.o [1]
  .text               ro code  0x08004b48   0x8c0  pow.o [4]
  .text               ro code  0x08005408   0x3fc  bsp_spiflash.o [1]
  .text               ro code  0x08005804   0x418  bsp_gpio.o [1]
  .text               ro code  0x08005c1c   0x148  bsp_usartx_RS485.o [1]
  .text               ro code  0x08005d64  0x1166  xprintffull.o [3]
  .text               ro code  0x08006eca     0x2  xtls.o [3]
  .text               ro code  0x08006ecc    0x22  strspn.o [3]
  .text               ro code  0x08006eee    0x22  strcspn.o [3]
  .text               ro code  0x08006f10    0x32  ABImemset48.o [5]
  .text               ro code  0x08006f42     0x6  abort.o [3]
  .text               ro code  0x08006f48    0x2c  xgetmemchunk.o [3]
  .text               ro code  0x08006f74   0x26c  bsp_debug_usart.o [1]
  .text               ro code  0x080071e0    0x26  stm32f4xx_hal_dma.o [1]
  .text               ro code  0x08007208   0x720  main.o [1]
  .text               ro code  0x08007928   0x6bc  stm32f4xx_hal_rcc.o [1]
  .text               ro code  0x08007fe4   0x198  xstoul.o [3]
  .text               ro code  0x0800817c   0x168  xstod.o [4]
  .text               ro code  0x080082e4   0x152  stm32f4xx_hal_cortex.o [1]
  .text               ro code  0x08008436    0x6e  stm32f4xx_hal_msp.o [1]
  .text               ro code  0x080084a4   0x118  bsp_rtc.o [1]
  .text               ro code  0x080085bc   0x180  DblSub.o [4]
  .text               ro code  0x0800873c    0x42  xdnorm.o [4]
  .text               ro code  0x0800877e    0x7a  xdint.o [4]
  .text               ro code  0x080087f8    0x20  DblCmpEq.o [4]
  .text               ro code  0x08008818     0xc  errno.o [3]
  .text               ro code  0x08008824    0x2e  DblCmpGe.o [4]
  .text               ro code  0x08008854   0x256  DblDiv.o [4]
  .text               ro code  0x08008aac    0xb0  xlog.o [4]
  .text               ro code  0x08008b5c   0x2c6  xexp.o [4]
  .text               ro code  0x08008e24   0x36c  stm32f4xx_hal_spi.o [1]
  .text               ro code  0x08009190    0x20  xmbtowc.o [3]
  .text               ro code  0x080091b0    0x16  strchr.o [5]
  .text               ro code  0x080091c8    0x58  memchr.o [5]
  .text               ro code  0x08009220     0xa  xmbcurmax.o [3]
  .text               ro code  0x0800922a    0x1a  xwctomb.o [3]
  .text               ro code  0x08009244    0x76  ABImemcpy_unaligned.o [5]
  .text               ro code  0x080092bc    0xee  I64DivMod.o [5]
  .text               ro code  0x080093ac   0x114  xdscale.o [4]
  .text               ro code  0x080094c0    0x6c  localeconv.o [3]
  .text               ro code  0x0800952c     0xe  div.o [3]
  .text               ro code  0x0800953c    0x14  exit.o [6]
  .text               ro code  0x08009550    0xc8  bsp_led.o [1]
  .text               ro code  0x08009618    0x7c  bsp_BasicTIM.o [1]
  .text               ro code  0x08009694   0x318  stm32f4xx_hal_tim.o [1]
  .text               ro code  0x080099ac   0x1dc  sample.o [1]
  .text               ro code  0x08009b88    0x28  isxxx.o [3]
  .text               ro code  0x08009bb0    0x14  tolower.o [3]
  .text               ro code  0x08009bc4   0x124  xstopfx.o [3]
  .text               ro code  0x08009ce8   0x1b8  xstoflt.o [3]
  .text               ro code  0x08009ea0   0x200  xdtento.o [4]
  .text               ro code  0x0800a0a0   0x218  xstoxflt.o [3]
  .text               ro code  0x0800a2b8    0x20  stm32f4xx_hal_rtc_ex.o [1]
  .text               ro code  0x0800a2d8    0x18  stm32f4xx_hal_pwr.o [1]
  .text               ro code  0x0800a2f0   0x17c  stm32f4xx_hal_rcc_ex.o [1]
  .text               ro code  0x0800a46c    0x40  xdtest.o [4]
  .text               ro code  0x0800a4ac    0x24  setlocale.o [3]
  .text               ro code  0x0800a4d0    0x60  xencoding_sb.o [3]
  .text               ro code  0x0800a530     0x2  I64DivZer.o [5]
  .text               ro code  0x0800a534    0x5c  stm32f4xx_hal_tim_ex.o [1]
  .text               ro code  0x0800a590    0x16  xlocale_c.o [3]
  .text               ro code  0x0800a5a6    0x14  xlocale_c.o [3]
  .text               ro code  0x0800a5ba     0xc  xlocale_c.o [3]
  .text               ro code  0x0800a5c6    0x52  xdunscal.o [4]
  .text               ro code  0x0800a618    0xb0  stm32f4xx_it.o [1]
  .text               ro code  0x0800a6c8    0x70  system_stm32f4xx.o [1]
  .text               ro code  0x0800a738    0x40  zero_init3.o [5]
  .text               ro code  0x0800a778    0x38  packbits_init_single.o [5]
  .rodata             const    0x0800a7b0    0x30  function.o [1]
  .rodata             const    0x0800a7e0    0x30  function.o [1]
  .rodata             const    0x0800a810    0x30  function.o [1]
  .rodata             const    0x0800a840    0x30  function.o [1]
  .rodata             const    0x0800a870    0x30  function.o [1]
  .rodata             const    0x0800a8a0    0x30  function.o [1]
  .rodata             const    0x0800a8d0    0x2c  function.o [1]
  .rodata             const    0x0800a8fc    0x2c  function.o [1]
  .rodata             const    0x0800a928    0x2c  function.o [1]
  .rodata             const    0x0800a954    0x2c  function.o [1]
  .rodata             const    0x0800a980    0x2c  function.o [1]
  .rodata             const    0x0800a9ac    0x2c  function.o [1]
  .rodata             const    0x0800a9d8    0x2c  function.o [1]
  .rodata             const    0x0800aa04    0x2c  function.o [1]
  .rodata             const    0x0800aa30    0x2c  function.o [1]
  .rodata             const    0x0800aa5c    0x28  function.o [1]
  .text               ro code  0x0800aa84    0x28  data_init.o [5]
  .rodata             const    0x0800aaac    0x24  function.o [1]
  .rodata             const    0x0800aad0    0x24  function.o [1]
  .rodata             const    0x0800aaf4    0x24  function.o [1]
  .rodata             const    0x0800ab18    0x24  function.o [1]
  .rodata             const    0x0800ab3c    0x24  function.o [1]
  .rodata             const    0x0800ab60    0x24  function.o [1]
  .rodata             const    0x0800ab84    0x24  function.o [1]
  .rodata             const    0x0800aba8    0x24  function.o [1]
  .rodata             const    0x0800abcc    0x24  function.o [1]
  .text               ro code  0x0800abf0    0x22  fpinit_M.o [4]
  .iar.init_table     const    0x0800ac14    0x20  - Linker created -
  .rodata             const    0x0800ac34    0x20  function.o [1]
  .rodata             const    0x0800ac54    0x20  function.o [1]
  .rodata             const    0x0800ac74    0x20  function.o [1]
  .rodata             const    0x0800ac94    0x20  function.o [1]
  .rodata             const    0x0800acb4    0x20  function.o [1]
  .rodata             const    0x0800acd4    0x20  function.o [1]
  .rodata             const    0x0800acf4    0x20  function.o [1]
  .rodata             const    0x0800ad14    0x20  function.o [1]
  .rodata             const    0x0800ad34    0x20  function.o [1]
  .rodata             const    0x0800ad54    0x20  function.o [1]
  .rodata             const    0x0800ad74    0x20  function.o [1]
  .rodata             const    0x0800ad94    0x20  function.o [1]
  .rodata             const    0x0800adb4    0x1c  function.o [1]
  .rodata             const    0x0800add0    0x1c  function.o [1]
  .rodata             const    0x0800adec    0x1c  function.o [1]
  .rodata             const    0x0800ae08    0x1c  function.o [1]
  .rodata             const    0x0800ae24    0x1c  function.o [1]
  .rodata             const    0x0800ae40    0x1c  function.o [1]
  .rodata             const    0x0800ae5c    0x1c  function.o [1]
  .rodata             const    0x0800ae78    0x1c  main.o [1]
  .rodata             const    0x0800ae94    0x1c  main.o [1]
  .text               ro code  0x0800aeb0    0x1a  cmain.o [5]
  .text               ro code  0x0800aeca     0x4  low_level_init.o [3]
  .text               ro code  0x0800aece     0x4  exit.o [3]
  .text               ro code  0x0800aed4     0xa  cexit.o [5]
  .rodata             const    0x0800aee0    0x18  bsp_rtc.o [1]
  .rodata             const    0x0800aef8    0x18  function.o [1]
  .rodata             const    0x0800af10    0x18  function.o [1]
  .rodata             const    0x0800af28    0x18  function.o [1]
  .rodata             const    0x0800af40    0x18  main.o [1]
  .rodata             const    0x0800af58    0x18  main.o [1]
  .rodata             const    0x0800af70    0x18  main.o [1]
  .text               ro code  0x0800af88    0x16  xprout.o [3]
  .text               ro code  0x0800afa0     0xc  putchar.o [3]
  .rodata             const    0x0800afac    0x14  bsp_rtc.o [1]
  .rodata             const    0x0800afc0    0x14  bsp_usartx_RS485.o [1]
  .rodata             const    0x0800afd4    0x14  function.o [1]
  .rodata             const    0x0800afe8    0x14  function.o [1]
  .rodata             const    0x0800affc    0x14  function.o [1]
  .rodata             const    0x0800b010    0x14  sample.o [1]
  .rodata             const    0x0800b024    0x10  bsp_usartx_RS485.o [1]
  .rodata             const    0x0800b034    0x10  bsp_usartx_RS485.o [1]
  .rodata             const    0x0800b044    0x10  bsp_usartx_RS485.o [1]
  .rodata             const    0x0800b054    0x10  function.o [1]
  .rodata             const    0x0800b064    0x10  function.o [1]
  .rodata             const    0x0800b074    0x10  function.o [1]
  .rodata             const    0x0800b084    0x10  function.o [1]
  .rodata             const    0x0800b094    0x10  sample.o [1]
  .rodata             const    0x0800b0a4    0x10  system_stm32f4xx.o [1]
  .text               ro code  0x0800b0b4    0x10  startup_stm32f407xx.o [1]
  .rodata             const    0x0800b0c4     0xc  bsp_usartx_RS485.o [1]
  .rodata             const    0x0800b0d0     0xc  function.o [1]
  .rodata             const    0x0800b0dc     0xc  function.o [1]
  .rodata             const    0x0800b0e8     0xc  function.o [1]
  .rodata             const    0x0800b0f4     0xc  function.o [1]
  .rodata             const    0x0800b100     0xc  function.o [1]
  .rodata             const    0x0800b10c     0xc  function.o [1]
  .rodata             const    0x0800b118     0xc  function.o [1]
  .rodata             const    0x0800b124     0xc  main.o [1]
  .text               ro code  0x0800b130     0xc  cstartup_M.o [5]
  .rodata             const    0x0800b13c     0x8  function.o [1]
  .rodata             const    0x0800b144     0x8  function.o [1]
  .rodata             const    0x0800b14c     0x8  function.o [1]
  .rodata             const    0x0800b154     0x8  function.o [1]
  .rodata             const    0x0800b15c     0x8  main.o [1]
  .rodata             const    0x0800b164     0x8  main.o [1]
  .rodata             const    0x0800b16c     0x8  system_stm32f4xx.o [1]
  .text               ro code  0x0800b174     0x4  startup_stm32f407xx.o [1]
  .text               ro code  0x0800b178     0x4  startup_stm32f407xx.o [1]
  .text               ro code  0x0800b17c     0x4  startup_stm32f407xx.o [1]
  .text               ro code  0x0800b180     0x4  startup_stm32f407xx.o [1]
  .text               ro code  0x0800b184     0x4  startup_stm32f407xx.o [1]
  .text               ro code  0x0800b188     0x4  startup_stm32f407xx.o [1]
  .text               ro code  0x0800b18c     0x4  startup_stm32f407xx.o [1]
  .text               ro code  0x0800b190     0x4  startup_stm32f407xx.o [1]
  .text               ro code  0x0800b194     0x4  startup_stm32f407xx.o [1]
  .text               ro code  0x0800b198     0x4  startup_stm32f407xx.o [1]
  .text               ro code  0x0800b19c     0x4  startup_stm32f407xx.o [1]
  .text               ro code  0x0800b1a0     0x4  startup_stm32f407xx.o [1]
  .text               ro code  0x0800b1a4     0x4  startup_stm32f407xx.o [1]
  .text               ro code  0x0800b1a8     0x4  startup_stm32f407xx.o [1]
  .text               ro code  0x0800b1ac     0x4  startup_stm32f407xx.o [1]
  .text               ro code  0x0800b1b0     0x4  startup_stm32f407xx.o [1]
  .text               ro code  0x0800b1b4     0x4  startup_stm32f407xx.o [1]
  .text               ro code  0x0800b1b8     0x4  startup_stm32f407xx.o [1]
  .text               ro code  0x0800b1bc     0x4  startup_stm32f407xx.o [1]
  .text               ro code  0x0800b1c0     0x4  startup_stm32f407xx.o [1]
  .text               ro code  0x0800b1c4     0x4  startup_stm32f407xx.o [1]
  .text               ro code  0x0800b1c8     0x4  startup_stm32f407xx.o [1]
  .text               ro code  0x0800b1cc     0x4  startup_stm32f407xx.o [1]
  .text               ro code  0x0800b1d0     0x4  startup_stm32f407xx.o [1]
  .text               ro code  0x0800b1d4     0x4  startup_stm32f407xx.o [1]
  .text               ro code  0x0800b1d8     0x4  startup_stm32f407xx.o [1]
  .text               ro code  0x0800b1dc     0x4  startup_stm32f407xx.o [1]
  .text               ro code  0x0800b1e0     0x4  startup_stm32f407xx.o [1]
  .text               ro code  0x0800b1e4     0x4  startup_stm32f407xx.o [1]
  .text               ro code  0x0800b1e8     0x4  startup_stm32f407xx.o [1]
  .text               ro code  0x0800b1ec     0x4  startup_stm32f407xx.o [1]
  .text               ro code  0x0800b1f0     0x4  startup_stm32f407xx.o [1]
  .text               ro code  0x0800b1f4     0x4  startup_stm32f407xx.o [1]
  .text               ro code  0x0800b1f8     0x4  startup_stm32f407xx.o [1]
  .text               ro code  0x0800b1fc     0x4  startup_stm32f407xx.o [1]
  .text               ro code  0x0800b200     0x4  startup_stm32f407xx.o [1]
  .text               ro code  0x0800b204     0x4  startup_stm32f407xx.o [1]
  .text               ro code  0x0800b208     0x4  startup_stm32f407xx.o [1]
  .text               ro code  0x0800b20c     0x4  startup_stm32f407xx.o [1]
  .text               ro code  0x0800b210     0x4  startup_stm32f407xx.o [1]
  .text               ro code  0x0800b214     0x4  startup_stm32f407xx.o [1]
  .text               ro code  0x0800b218     0x4  startup_stm32f407xx.o [1]
  .text               ro code  0x0800b21c     0x4  startup_stm32f407xx.o [1]
  .text               ro code  0x0800b220     0x4  startup_stm32f407xx.o [1]
  .text               ro code  0x0800b224     0x4  startup_stm32f407xx.o [1]
  .text               ro code  0x0800b228     0x4  startup_stm32f407xx.o [1]
  .text               ro code  0x0800b22c     0x4  startup_stm32f407xx.o [1]
  .text               ro code  0x0800b230     0x4  startup_stm32f407xx.o [1]
  .text               ro code  0x0800b234     0x4  startup_stm32f407xx.o [1]
  .text               ro code  0x0800b238     0x4  startup_stm32f407xx.o [1]
  .text               ro code  0x0800b23c     0x4  startup_stm32f407xx.o [1]
  .text               ro code  0x0800b240     0x4  startup_stm32f407xx.o [1]
  .text               ro code  0x0800b244     0x4  startup_stm32f407xx.o [1]
  .text               ro code  0x0800b248     0x4  startup_stm32f407xx.o [1]
  .text               ro code  0x0800b24c     0x4  startup_stm32f407xx.o [1]
  .text               ro code  0x0800b250     0x4  startup_stm32f407xx.o [1]
  .text               ro code  0x0800b254     0x4  startup_stm32f407xx.o [1]
  .text               ro code  0x0800b258     0x4  startup_stm32f407xx.o [1]
  .text               ro code  0x0800b25c     0x4  startup_stm32f407xx.o [1]
  .text               ro code  0x0800b260     0x4  startup_stm32f407xx.o [1]
  .text               ro code  0x0800b264     0x4  startup_stm32f407xx.o [1]
  .text               ro code  0x0800b268     0x4  startup_stm32f407xx.o [1]
  .text               ro code  0x0800b26c     0x4  startup_stm32f407xx.o [1]
  .text               ro code  0x0800b270     0x4  startup_stm32f407xx.o [1]
  .text               ro code  0x0800b274     0x4  startup_stm32f407xx.o [1]
  .text               ro code  0x0800b278     0x4  startup_stm32f407xx.o [1]
  .text               ro code  0x0800b27c     0x4  startup_stm32f407xx.o [1]
  .text               ro code  0x0800b280     0x4  startup_stm32f407xx.o [1]
  .text               ro code  0x0800b284     0x4  startup_stm32f407xx.o [1]
  .text               ro code  0x0800b288     0x4  startup_stm32f407xx.o [1]
  .text               ro code  0x0800b28c     0x4  startup_stm32f407xx.o [1]
  .text               ro code  0x0800b290     0x4  startup_stm32f407xx.o [1]
  .text               ro code  0x0800b294     0x4  startup_stm32f407xx.o [1]
  .text               ro code  0x0800b298     0x4  startup_stm32f407xx.o [1]
  .rodata             const    0x0800b29c     0x0  zero_init3.o [5]
  .rodata             const    0x0800b29c     0x0  packbits_init_single.o [5]
  Initializer bytes   const    0x0800b29c    0x67  <for P2-1>
                             - 0x0800b303  0xb17b

"P2", part 1 of 3:                          0x17e
  P2-1                         0x20000000   0x17e  <Init block>
    .data             inited   0x20000000     0x4  system_stm32f4xx.o [1]
    .data             inited   0x20000004     0x4  variable.o [1]
    .data             inited   0x20000008     0x4  variable.o [1]
    .data             inited   0x2000000c     0x4  variable.o [1]
    .data             inited   0x20000010     0x4  variable.o [1]
    .data             inited   0x20000014     0x4  variable.o [1]
    .data             inited   0x20000018     0x4  variable.o [1]
    .data             inited   0x2000001c     0x4  variable.o [1]
    .data             inited   0x20000020     0x8  variable.o [1]
    .data             inited   0x20000028     0x8  variable.o [1]
    .data             inited   0x20000030     0x8  variable.o [1]
    .data             inited   0x20000038    0x40  xfiles.o [3]
    __DLIB_PERTHREAD  inited   0x20000078     0x4  strtok.o [3]
    __DLIB_PERTHREAD  inited   0x2000007c     0x4  errno.o [3]
    __DLIB_PERTHREAD  inited   0x20000080    0x74  setlocale.o [3]
    __DLIB_PERTHREAD  inited   0x200000f4    0x88  localeconv.o [3]
    .data             inited   0x2000017c     0x2  variable.o [1]
                             - 0x2000017e   0x17e

"P2", part 2 of 3:                         0x2000
  CSTACK                       0x20000180  0x1000  <Block>
    CSTACK            uninit   0x20000180  0x1000  <Block tail>
  HEAP                         0x20001180  0x1000  <Block>
    HEAP              uninit   0x20001180  0x1000  <Block tail>
                             - 0x20002180  0x2000

"P2", part 3 of 3:                          0xf9c
  .bss                zero     0x20002180   0x3e8  variable.o [1]
  .bss                zero     0x20002568   0x3e8  variable.o [1]
  .bss                zero     0x20002950   0x1d8  dlmalloc.o [3]
  .bss                zero     0x20002b28   0x1a0  variable.o [1]
  .bss                zero     0x20002cc8   0x118  variable.o [1]
  .bss                zero     0x20002de0    0xc8  variable.o [1]
  .bss                zero     0x20002ea8    0x58  bsp_spiflash.o [1]
  .bss                zero     0x20002f00    0x50  xfiles.o [3]
  .bss                zero     0x20002f50    0x40  bsp_debug_usart.o [1]
  .bss                zero     0x20002f90    0x40  bsp_debug_usart.o [1]
  .bss                zero     0x20002fd0    0x40  bsp_usartx_RS485.o [1]
  .bss                zero     0x20003010    0x3c  bsp_BasicTIM.o [1]
  .bss                zero     0x2000304c    0x34  variable.o [1]
  .bss                zero     0x20003080    0x34  variable.o [1]
  .bss                zero     0x200030b4    0x20  bsp_rtc.o [1]
  .bss                zero     0x200030d4    0x18  dlmalloc.o [3]
  .bss                zero     0x200030ec     0x4  stm32f4xx_hal.o [1]
  .bss                zero     0x200030f0     0x4  variable.o [1]
  .bss                zero     0x200030f4     0x4  variable.o [1]
  .bss                zero     0x200030f8     0x4  variable.o [1]
  .bss                zero     0x200030fc     0x4  variable.o [1]
  .bss                zero     0x20003100     0x4  xgetmemchunk.o [3]
  .bss                zero     0x20003104     0x2  main.o [1]
  .bss                zero     0x20003106     0x2  main.o [1]
  .bss                zero     0x20003108     0x2  variable.o [1]
  .bss                zero     0x2000310a     0x2  variable.o [1]
  .bss                zero     0x2000310c     0x1  main.o [1]
  .bss                zero     0x2000310d     0x1  main.o [1]
  .bss                zero     0x2000310e     0x1  main.o [1]
  .bss                zero     0x2000310f     0x1  main.o [1]
  .bss                zero     0x20003110     0x1  variable.o [1]
  .bss                zero     0x20003111     0x1  variable.o [1]
  .bss                zero     0x20003112     0x1  variable.o [1]
  .bss                zero     0x20003113     0x1  variable.o [1]
  .bss                zero     0x20003114     0x1  variable.o [1]
  .bss                zero     0x20003115     0x1  variable.o [1]
  .bss                zero     0x20003116     0x1  variable.o [1]
  .bss                zero     0x20003117     0x1  variable.o [1]
  .bss                zero     0x20003118     0x1  variable.o [1]
  .bss                zero     0x20003119     0x1  variable.o [1]
  .bss                zero     0x2000311a     0x1  variable.o [1]
  .bss                zero     0x2000311b     0x1  variable.o [1]
                             - 0x2000311c   0xf9c


*******************************************************************************
*** INIT TABLE
***

          Address     Size
          -------     ----
Zero (__iar_zero_init3)
    1 destination range, total size 0xf9c:
          0x20002180  0xf9c

Copy/packbits (__iar_packbits_init_single3)
    1 source range, total size 0x67 (26% of destination):
          0x0800b29c   0x67
    1 destination range, total size 0x17e:
          0x20000000  0x17e



*******************************************************************************
*** MODULE SUMMARY
***

    Module                  ro code  ro data  rw data
    ------                  -------  -------  -------
G:\STM32F407-RS485数据采集-V2\RS485-主机端 - 删减版 - dev\EWARM\YS-F4Pro\Obj: [1]
    bsp_BasicTIM.o              124                60
    bsp_debug_usart.o           620               128
    bsp_gpio.o                1 048
    bsp_led.o                   200
    bsp_rtc.o                   280       44       32
    bsp_spiflash.o            1 020                88
    bsp_usartx_RS485.o          328       80       64
    crc16.o                     206
    function.o                8 016    1 992
    main.o                    1 824      156        8
    sample.o                    476       36
    startup_stm32f407xx.o       704
    stm32f4xx_hal.o             156                 4
    stm32f4xx_hal_cortex.o      338
    stm32f4xx_hal_dma.o          38
    stm32f4xx_hal_gpio.o        600
    stm32f4xx_hal_msp.o         110
    stm32f4xx_hal_pwr.o          24
    stm32f4xx_hal_rcc.o       1 724
    stm32f4xx_hal_rcc_ex.o      380
    stm32f4xx_hal_rtc.o       1 032
    stm32f4xx_hal_rtc_ex.o       32
    stm32f4xx_hal_spi.o         876
    stm32f4xx_hal_tim.o         792
    stm32f4xx_hal_tim_ex.o       92
    stm32f4xx_hal_uart.o      1 992
    stm32f4xx_it.o              176
    system_stm32f4xx.o          112       25        4
    variable.o                            14    3 086
    -------------------------------------------------
    Total:                   23 320    2 347    3 474

command line: [2]
    -------------------------------------------------
    Total:

dl7M_tlf.a: [3]
    abort.o                       6
    abs.o                         8
    atoi.o                        8
    div.o                        14
    dlmalloc.o                5 360               496
    errno.o                      12        1        4
    exit.o                        4
    isxxx.o                      40
    localeconv.o                108       37      136
    low_level_init.o              4
    printf.o                     36
    putchar.o                    12
    setlocale.o                  36       31      116
    sprintf.o                    52
    strcspn.o                    34
    strspn.o                     34
    strtok.o                     76        1        4
    tolower.o                    20
    xencoding_sb.o               96
    xfiles.o                              17      144
    xgetmemchunk.o               44                 4
    xlocale_c.o                  54
    xmbcurmax.o                  10
    xmbtowc.o                    32
    xprintffull.o             4 454
    xprout.o                     22
    xsprout.o                    10
    xstoflt.o                   440
    xstopfx.o                   292
    xstoul.o                    408
    xstoxflt.o                  536
    xtls.o                        2
    xwctomb.o                    26
    -------------------------------------------------
    Total:                   12 290       87      904

m7M_tls.a: [4]
    DblAdd.o                    232
    DblCmpEq.o                   32
    DblCmpGe.o                   46
    DblCmpLe.o                   46
    DblDiv.o                    598
    DblMul.o                    418
    DblSub.o                    384
    DblToFlt.o                  144
    DblToI32.o                   88
    FltToDbl.o                   78
    I32ToDbl.o                   48
    fpinit_M.o                   34
    pow.o                     2 240
    strtod.o                     14
    xdint.o                     122
    xdnorm.o                     66
    xdscale.o                   276
    xdtento.o                   512
    xdtest.o                     64
    xdunscal.o                   82
    xexp.o                      710
    xlog.o                      176
    xstod.o                     360
    -------------------------------------------------
    Total:                    6 770

rt7M_tl.a: [5]
    ABImemclr4.o                  6
    ABImemcpy_unaligned.o       118
    ABImemset48.o                50
    I64DivMod.o                 238
    I64DivZer.o                   2
    cexit.o                      10
    cmain.o                      26
    cstartup_M.o                 12
    data_init.o                  40
    memchr.o                     88
    packbits_init_single.o       56
    strchr.o                     22
    strcmp_unaligned.o           66
    strcpy_unaligned.o           68
    strlen.o                     54
    zero_init3.o                 64
    -------------------------------------------------
    Total:                      920

shb_l.a: [6]
    exit.o                       20
    -------------------------------------------------
    Total:                       20

    Gaps                         36        4
    Linker created                        33    8 192
-----------------------------------------------------
    Grand Total:             43 356    2 471   12 570


*******************************************************************************
*** ENTRY LIST
***

Entry                      Address   Size  Type      Object
-----                      -------   ----  ----      ------
.iar.init_table$$Base   0x0800ac14          --   Gb  - Linker created -
.iar.init_table$$Limit  0x0800ac34          --   Gb  - Linker created -
?main                   0x0800aeb1         Code  Gb  cmain.o [5]
AHBPrescTable           0x0800b0a4   0x10  Data  Gb  system_stm32f4xx.o [1]
APBPrescTable           0x0800b16c    0x8  Data  Gb  system_stm32f4xx.o [1]
Android_Rx_Count        0x20003108    0x2  Data  Gb  variable.o [1]
Android_Rx_buf          0x20002180  0x3e8  Data  Gb  variable.o [1]
BASIC_TIMx_Init         0x08009619   0x36  Code  Gb  bsp_BasicTIM.o [1]
Backups_Data            0x080001ab   0x28  Code  Gb  function.o [1]
BitToFloat              0x08001be1  0x17e  Code  Gb  function.o [1]
BitToInt                0x08001bc5   0x18  Code  Gb  function.o [1]
BusFault_Handler        0x0800a631    0x8  Code  Gb  stm32f4xx_it.o [1]
CRC16_MODBUS            0x080048d9   0x7e  Code  Gb  crc16.o [1]
CSTACK$$Base            0x20000180          --   Gb  - Linker created -
CSTACK$$Limit           0x20001180          --   Gb  - Linker created -
Chang_Start_time        0x08000f4d  0x114  Code  Gb  function.o [1]
Clean_Data              0x080003c5  0x16a  Code  Gb  function.o [1]
Clear_RS485Buf          0x08001647   0x1a  Code  Gb  function.o [1]
Close_Beep              0x08001f97    0xc  Code  Gb  function.o [1]
Close_Delay             0x08001071  0x160  Code  Gb  function.o [1]
Close_Light             0x08001fc5    0xc  Code  Gb  function.o [1]
Command_Data            0x080001d3   0x70  Code  Gb  function.o [1]
Control                 0x080015c5   0x82  Code  Gb  function.o [1]
Control_flag            0x20003114    0x1  Data  Gb  variable.o [1]
Control_max_from_min    0x080012f5   0xac  Code  Gb  function.o [1]
Control_min_from_max    0x08001241   0xac  Code  Gb  function.o [1]
Control_sys_temer       0x080014c9   0xf6  Code  Gb  function.o [1]
Control_temer           0x080013ad  0x112  Code  Gb  function.o [1]
D0_Open                 0x20000020    0x8  Data  Gb  variable.o [1]
D1_Close                0x20000030    0x8  Data  Gb  variable.o [1]
D1_Open                 0x20000028    0x8  Data  Gb  variable.o [1]
DebugMon_Handler        0x0800a649    0x8  Code  Gb  stm32f4xx_it.o [1]
Debug_flag              0x20003115    0x1  Data  Gb  variable.o [1]
Delay_Cfg_Mode          0x20003111    0x1  Data  Gb  variable.o [1]
Detection               0x08000cd1   0xf0  Code  Gb  function.o [1]
EXTI15_10_IRQHandler    0x0800a6a1   0x14  Code  Gb  stm32f4xx_it.o [1]
EXTI9_5_IRQHandler      0x0800a6b5   0x14  Code  Gb  stm32f4xx_it.o [1]
Get_Average             0x08000679  0x138  Code  Gb  function.o [1]
Get_Data                0x080007bd  0x514  Code  Gb  function.o [1]
Get_Device_Data         0x08001e95   0xc2  Code  Gb  function.o [1]
HAL_DMA_Abort_IT        0x080071e1   0x26  Code  Gb  stm32f4xx_hal_dma.o [1]
HAL_Delay               0x08003fc9   0x1e  Code  Wk  stm32f4xx_hal.o [1]
HAL_GPIO_EXTI_Callback  0x08007741  0x12a  Code  Gb  main.o [1]
HAL_GPIO_EXTI_IRQHandler
                        0x080041f5   0x1a  Code  Gb  stm32f4xx_hal_gpio.o [1]
HAL_GPIO_Init           0x08003ff5  0x1da  Code  Gb  stm32f4xx_hal_gpio.o [1]
HAL_GPIO_ReadPin        0x080041cf   0x12  Code  Gb  stm32f4xx_hal_gpio.o [1]
HAL_GPIO_WritePin       0x080041e1   0x14  Code  Gb  stm32f4xx_hal_gpio.o [1]
HAL_GetTick             0x08003fc3    0x6  Code  Wk  stm32f4xx_hal.o [1]
HAL_IncTick             0x08003fb7    0xc  Code  Wk  stm32f4xx_hal.o [1]
HAL_Init                0x08003f59   0x3a  Code  Gb  stm32f4xx_hal.o [1]
HAL_InitTick            0x08003f93   0x24  Code  Wk  stm32f4xx_hal.o [1]
HAL_MspInit             0x08008437   0x6e  Code  Gb  stm32f4xx_hal_msp.o [1]
HAL_NVIC_EnableIRQ      0x080083d7    0xa  Code  Gb  stm32f4xx_hal_cortex.o [1]
HAL_NVIC_SetPriority    0x080083b5   0x22  Code  Gb  stm32f4xx_hal_cortex.o [1]
HAL_NVIC_SetPriorityGrouping
                        0x080083ad    0x8  Code  Gb  stm32f4xx_hal_cortex.o [1]
HAL_PWR_EnableBkUpAccess
                        0x0800a2d9   0x12  Code  Gb  stm32f4xx_hal_pwr.o [1]
HAL_RCCEx_PeriphCLKConfig
                        0x0800a2f1  0x154  Code  Gb  stm32f4xx_hal_rcc_ex.o [1]
HAL_RCC_ClockConfig     0x08007d11  0x1b2  Code  Gb  stm32f4xx_hal_rcc.o [1]
HAL_RCC_EnableCSS       0x08007ec3    0x8  Code  Gb  stm32f4xx_hal_rcc.o [1]
HAL_RCC_GetHCLKFreq     0x08007f57    0x6  Code  Gb  stm32f4xx_hal_rcc.o [1]
HAL_RCC_GetPCLK1Freq    0x08007f5d   0x20  Code  Gb  stm32f4xx_hal_rcc.o [1]
HAL_RCC_GetPCLK2Freq    0x08007f7d   0x20  Code  Gb  stm32f4xx_hal_rcc.o [1]
HAL_RCC_GetSysClockFreq
                        0x08007ecb   0x8c  Code  Wk  stm32f4xx_hal_rcc.o [1]
HAL_RCC_OscConfig       0x08007929  0x3e8  Code  Wk  stm32f4xx_hal_rcc.o [1]
HAL_RTCEx_BKUPRead      0x0800a2c9   0x10  Code  Gb  stm32f4xx_hal_rtc_ex.o [1]
HAL_RTCEx_BKUPWrite     0x0800a2b9   0x10  Code  Gb  stm32f4xx_hal_rtc_ex.o [1]
HAL_RTC_GetDate         0x08004563   0x4a  Code  Gb  stm32f4xx_hal_rtc.o [1]
HAL_RTC_GetTime         0x0800440d   0x5e  Code  Gb  stm32f4xx_hal_rtc.o [1]
HAL_RTC_Init            0x0800424d   0xae  Code  Gb  stm32f4xx_hal_rtc.o [1]
HAL_RTC_MspInit         0x08008569   0x3c  Code  Gb  bsp_rtc.o [1]
HAL_RTC_SetDate         0x0800446b   0xf8  Code  Gb  stm32f4xx_hal_rtc.o [1]
HAL_RTC_SetTime         0x080042fb  0x112  Code  Gb  stm32f4xx_hal_rtc.o [1]
HAL_RTC_WaitForSynchro  0x080045b9   0x34  Code  Gb  stm32f4xx_hal_rtc.o [1]
HAL_SPI_Init            0x08008e25   0x8e  Code  Gb  stm32f4xx_hal_spi.o [1]
HAL_SPI_MspInit         0x0800547b   0xc8  Code  Gb  bsp_spiflash.o [1]
HAL_SPI_TransmitReceive
                        0x08008eb3  0x214  Code  Gb  stm32f4xx_hal_spi.o [1]
HAL_SYSTICK_CLKSourceConfig
                        0x080083e9   0x20  Code  Gb  stm32f4xx_hal_cortex.o [1]
HAL_SYSTICK_Callback    0x08008435    0x2  Code  Wk  stm32f4xx_hal_cortex.o [1]
HAL_SYSTICK_Config      0x080083e1    0x8  Code  Gb  stm32f4xx_hal_cortex.o [1]
HAL_SYSTICK_IRQHandler  0x0800842d    0x8  Code  Gb  stm32f4xx_hal_cortex.o [1]
HAL_TIMEx_BreakCallback
                        0x0800a58f    0x2  Code  Wk  stm32f4xx_hal_tim_ex.o [1]
HAL_TIMEx_CommutationCallback
                        0x0800a58d    0x2  Code  Wk  stm32f4xx_hal_tim_ex.o [1]
HAL_TIMEx_MasterConfigSynchronization
                        0x0800a535   0x58  Code  Gb  stm32f4xx_hal_tim_ex.o [1]
HAL_TIM_Base_Init       0x08009695   0x38  Code  Gb  stm32f4xx_hal_tim.o [1]
HAL_TIM_Base_MspInit    0x0800964f   0x38  Code  Gb  bsp_BasicTIM.o [1]
HAL_TIM_Base_Start_IT   0x08009701   0x1c  Code  Gb  stm32f4xx_hal_tim.o [1]
HAL_TIM_Base_Stop       0x080096cd   0x34  Code  Gb  stm32f4xx_hal_tim.o [1]
HAL_TIM_IC_CaptureCallback
                        0x08009895    0x2  Code  Wk  stm32f4xx_hal_tim.o [1]
HAL_TIM_IRQHandler      0x0800971d  0x176  Code  Gb  stm32f4xx_hal_tim.o [1]
HAL_TIM_OC_DelayElapsedCallback
                        0x08009893    0x2  Code  Wk  stm32f4xx_hal_tim.o [1]
HAL_TIM_PWM_PulseFinishedCallback
                        0x08009897    0x2  Code  Wk  stm32f4xx_hal_tim.o [1]
HAL_TIM_PeriodElapsedCallback
                        0x08007663   0xde  Code  Gb  main.o [1]
HAL_TIM_TriggerCallback
                        0x08009899    0x2  Code  Wk  stm32f4xx_hal_tim.o [1]
HAL_UART_ErrorCallback  0x08003a2f    0x2  Code  Wk  stm32f4xx_hal_uart.o [1]
HAL_UART_IRQHandler     0x080038f9  0x134  Code  Gb  stm32f4xx_hal_uart.o [1]
HAL_UART_Init           0x08003749   0x76  Code  Gb  stm32f4xx_hal_uart.o [1]
HAL_UART_MspInit        0x08006f9d  0x148  Code  Gb  bsp_debug_usart.o [1]
HAL_UART_Receive_IT     0x0800389b   0x5e  Code  Gb  stm32f4xx_hal_uart.o [1]
HAL_UART_RxCpltCallback
                        0x0800757d   0xe6  Code  Gb  main.o [1]
HAL_UART_Transmit       0x080037bf   0xdc  Code  Gb  stm32f4xx_hal_uart.o [1]
HAL_UART_TxCpltCallback
                        0x08003a2d    0x2  Code  Wk  stm32f4xx_hal_uart.o [1]
HEAP$$Base              0x20001180          --   Gb  - Linker created -
HEAP$$Limit             0x20002180          --   Gb  - Linker created -
HardFault_Handler       0x0800a621    0x8  Code  Gb  stm32f4xx_it.o [1]
INPUT_GPIO_Init         0x08005805  0x290  Code  Gb  bsp_gpio.o [1]
INPUT_StateRead         0x08005a95   0xa6  Code  Gb  bsp_gpio.o [1]
InvertUint16            0x080048b1   0x28  Code  Gb  crc16.o [1]
InvertUint8             0x08004889   0x28  Code  Gb  crc16.o [1]
LED_GPIO_Init           0x08009551   0xba  Code  Gb  bsp_led.o [1]
LEVEL_High              0x20000004    0x4  Data  Gb  variable.o [1]
LEVEL_Low               0x200030f0    0x4  Data  Gb  variable.o [1]
LoadInt                 0x080063b3   0x6e  Code  Lc  xprintffull.o [3]
MX_DEBUG_USART_Init     0x08007141   0x5c  Code  Gb  bsp_debug_usart.o [1]
MX_NVIC_USART1_Init     0x08006f75   0x14  Code  Lc  bsp_debug_usart.o [1]
MX_NVIC_USART3_Init     0x08005c1d   0x14  Code  Lc  bsp_usartx_RS485.o [1]
MX_NVIC_USART5_Init     0x08006f89   0x14  Code  Lc  bsp_debug_usart.o [1]
MX_RTC_Init             0x080084f7   0x72  Code  Gb  bsp_rtc.o [1]
MX_SPIFlash_Init        0x08005409   0x72  Code  Gb  bsp_spiflash.o [1]
MX_USARTx_Init          0x080070e5   0x5c  Code  Gb  bsp_debug_usart.o [1]
MemManage_Handler       0x0800a629    0x8  Code  Gb  stm32f4xx_it.o [1]
Modbusprocess           0x08001815  0x3a0  Code  Gb  function.o [1]
NMI_Handler             0x0800a619    0x8  Code  Gb  stm32f4xx_it.o [1]
NVIC_EnableIRQ          0x0800830b   0x14  Code  Lc  stm32f4xx_hal_cortex.o [1]
NVIC_EncodePriority     0x08008341   0x3e  Code  Lc  stm32f4xx_hal_cortex.o [1]
NVIC_GetPriorityGrouping
                        0x08008301    0xa  Code  Lc  stm32f4xx_hal_cortex.o [1]
NVIC_SetPriority        0x0800831f   0x22  Code  Lc  stm32f4xx_hal_cortex.o [1]
NVIC_SetPriorityGrouping
                        0x080082e5   0x1c  Code  Lc  stm32f4xx_hal_cortex.o [1]
NVIC_SystemReset        0x08000189   0x22  Code  Lc  function.o [1]
OUTPUT_GPIO_Init        0x08005b3b   0xd0  Code  Gb  bsp_gpio.o [1]
Open_Beep               0x08001f8b    0xc  Code  Gb  function.o [1]
Open_Delay              0x08000de1  0x15c  Code  Gb  function.o [1]
Open_Light              0x08001fa3    0xc  Code  Gb  function.o [1]
PendSV_Handler          0x0800a651    0x8  Code  Gb  stm32f4xx_it.o [1]
RCC_IRQHandler          0x0800a665    0x2  Code  Gb  stm32f4xx_it.o [1]
RS232_Rx_buf            0x20003080   0x34  Data  Gb  variable.o [1]
RS485_Receive_Data      0x08005ce5   0x50  Code  Gb  bsp_usartx_RS485.o [1]
RS485_Rx_Count          0x2000310a    0x2  Data  Gb  variable.o [1]
RS485_Rx_Count_Old      0x2000017c    0x2  Data  Gb  variable.o [1]
RS485_Rx_buf            0x2000304c   0x34  Data  Gb  variable.o [1]
RS485_Send_Data         0x08005c8d   0x58  Code  Gb  bsp_usartx_RS485.o [1]
RS485_USARTx_Init       0x08005c31   0x5c  Code  Gb  bsp_usartx_RS485.o [1]
RTC_Bcd2ToByte          0x0800463b   0x1a  Code  Gb  stm32f4xx_hal_rtc.o [1]
RTC_ByteToBcd2          0x08004625   0x16  Code  Gb  stm32f4xx_hal_rtc.o [1]
RTC_CalendarConfig      0x080084a5   0x52  Code  Lc  bsp_rtc.o [1]
RTC_CalendarShow        0x080011dd   0x4c  Code  Gb  function.o [1]
RTC_EnterInitMode       0x080045ed   0x38  Code  Gb  stm32f4xx_hal_rtc.o [1]
Reboot                  0x08001f7d    0xe  Code  Gb  function.o [1]
Reboot_flag             0x2000311b    0x1  Data  Gb  variable.o [1]
Region$$Table$$Base     0x0800ac14          --   Gb  - Linker created -
Region$$Table$$Limit    0x0800ac34          --   Gb  - Linker created -
RevCommand              0x2000310f    0x1  Data  Gb  main.o [1]
RevDevicesData          0x2000310e    0x1  Data  Gb  main.o [1]
Rx_buf                  0x20002568  0x3e8  Data  Gb  variable.o [1]
SCM_state               0x2000001c    0x4  Data  Gb  variable.o [1]
SPI_CheckFlag_BSY       0x08009169   0x28  Code  Lc  stm32f4xx_hal_spi.o [1]
SPI_FLASH_BufferRead    0x08005723   0x52  Code  Gb  bsp_spiflash.o [1]
SPI_FLASH_BufferWrite   0x080055eb  0x138  Code  Gb  bsp_spiflash.o [1]
SPI_FLASH_PageWrite     0x08005587   0x64  Code  Gb  bsp_spiflash.o [1]
SPI_FLASH_SectorErase   0x08005543   0x44  Code  Gb  bsp_spiflash.o [1]
SPI_FLASH_SendByte      0x08005775   0x2c  Code  Gb  bsp_spiflash.o [1]
SPI_FLASH_WaitForWriteEnd
                        0x080057bf   0x2c  Code  Gb  bsp_spiflash.o [1]
SPI_FLASH_WriteEnable   0x080057a1   0x1e  Code  Gb  bsp_spiflash.o [1]
SPI_WaitFlagStateUntilTimeout
                        0x080090c7   0xa2  Code  Lc  stm32f4xx_hal_spi.o [1]
STREES_High             0x20000008    0x4  Data  Gb  variable.o [1]
STREES_Low              0x200030f4    0x4  Data  Gb  variable.o [1]
SVC_Handler             0x0800a641    0x8  Code  Gb  stm32f4xx_it.o [1]
Sample_RS485            0x08009a4f  0x124  Code  Gb  sample.o [1]
Sample_flag             0x20003112    0x1  Data  Gb  variable.o [1]
Save_Data               0x08000243  0x17e  Code  Gb  function.o [1]
Save_Device_Data        0x08001d89   0x96  Code  Gb  function.o [1]
Save_flag               0x20003118    0x1  Data  Gb  variable.o [1]
Sensor_Cfg_Mode         0x20003110    0x1  Data  Gb  variable.o [1]
Show_Data               0x08001d5f   0x20  Code  Gb  function.o [1]
Simulation_Level        0x08001f57   0x1e  Code  Gb  function.o [1]
SysTick_Config          0x0800837f   0x2e  Code  Lc  stm32f4xx_hal_cortex.o [1]
SysTick_Handler         0x0800a659    0xc  Code  Gb  stm32f4xx_it.o [1]
SystemClock_Config      0x08007209   0xbe  Code  Gb  main.o [1]
SystemCoreClock         0x20000000    0x4  Data  Gb  system_stm32f4xx.o [1]
SystemInit              0x0800a6c9   0x4a  Code  Gb  system_stm32f4xx.o [1]
TEMP_High               0x20000018    0x4  Data  Gb  variable.o [1]
TEMP_Low                0x20000014    0x4  Data  Gb  variable.o [1]
TIM6_DAC_IRQHandler     0x0800a685    0xa  Code  Gb  stm32f4xx_it.o [1]
TIM_Base_SetConfig      0x0800989b   0xe4  Code  Gb  stm32f4xx_hal_tim.o [1]
UART5_IRQHandler        0x0800a67b    0xa  Code  Gb  stm32f4xx_it.o [1]
UART_DMAAbortOnError    0x08003ac5   0x12  Code  Lc  stm32f4xx_hal_uart.o [1]
UART_EndRxTransfer      0x08003aa1   0x20  Code  Lc  stm32f4xx_hal_uart.o [1]
UART_EndTransmit_IT     0x08003b43   0x1c  Code  Lc  stm32f4xx_hal_uart.o [1]
UART_Receive_IT         0x08003b5f   0x9a  Code  Lc  stm32f4xx_hal_uart.o [1]
UART_SetConfig          0x08003bf9  0x30c  Code  Lc  stm32f4xx_hal_uart.o [1]
UART_Transmit_IT        0x08003ad9   0x6a  Code  Lc  stm32f4xx_hal_uart.o [1]
UART_WaitOnFlagUntilTimeout
                        0x08003a31   0x70  Code  Lc  stm32f4xx_hal_uart.o [1]
USART1_IRQHandler       0x0800a667    0xa  Code  Gb  stm32f4xx_it.o [1]
USART3_IRQHandler       0x0800a671    0xa  Code  Gb  stm32f4xx_it.o [1]
UpData                  0x08000535  0x144  Code  Gb  function.o [1]
UpData_flag             0x20003113    0x1  Data  Gb  variable.o [1]
UsageFault_Handler      0x0800a639    0x8  Code  Gb  stm32f4xx_it.o [1]
WCOND_High              0x20000010    0x4  Data  Gb  variable.o [1]
WCOND_Low               0x200030fc    0x4  Data  Gb  variable.o [1]
WPH_High                0x2000000c    0x4  Data  Gb  variable.o [1]
WPH_Low                 0x200030f8    0x4  Data  Gb  variable.o [1]
YiYe_pump_control_flag  0x2000311a    0x1  Data  Gb  variable.o [1]
YiYe_pump_flag          0x20003119    0x1  Data  Gb  variable.o [1]
_EncodingSb_Mbtowc      0x0800a4eb   0x30  Code  Gb  xencoding_sb.o [3]
_EncodingSb_Wctomb      0x0800a4d1   0x1a  Code  Gb  xencoding_sb.o [3]
_GenldFull              0x08006c37  0x24c  Code  Lc  xprintffull.o [3]
_IsdstStr               0x20000084    0x4  Data  Gb  setlocale.o [3]
_LdtobFull              0x08006835  0x3fc  Code  Lc  xprintffull.o [3]
_LitobFull              0x0800672d  0x106  Code  Lc  xprintffull.o [3]
_LocaleC_isalpha        0x0800a591   0x16  Code  Gb  xlocale_c.o [3]
_LocaleC_isspace        0x0800a5a7   0x14  Code  Gb  xlocale_c.o [3]
_LocaleC_tolower        0x0800a5bb    0xc  Code  Gb  xlocale_c.o [3]
_LocaleEncoding         0x0800a4bf    0xe  Code  Gb  setlocale.o [3]
_LocaleForCat           0x0800a4ad   0x12  Code  Gb  setlocale.o [3]
_LocaleReturnString     0x200000a4   0x50  Data  Lc  setlocale.o [3]
_Locale_Profile         0x20000088   0x1c  Data  Gb  setlocale.o [3]
_Locale_aeabi_lconv     0x20000144   0x38  Data  Gb  localeconv.o [3]
_Locale_lconv           0x200000f4   0x50  Data  Gb  localeconv.o [3]
_Mbtowc                 0x08009191   0x20  Code  Gb  xmbtowc.o [3]
_PrintfFull             0x08005d65  0x638  Code  Gb  xprintffull.o [3]
_Prout                  0x0800af89   0x16  Code  Gb  xprout.o [3]
_PutcharsFull           0x08006e83   0x2e  Code  Lc  xprintffull.o [3]
_PutstrFull             0x08006421  0x306  Code  Lc  xprintffull.o [3]
_SProut                 0x08002193    0xa  Code  Gb  xsprout.o [3]
_Stoflt                 0x08009ce9  0x1b8  Code  Gb  xstoflt.o [3]
_Stopfx                 0x08009bc5  0x124  Code  Gb  xstopfx.o [3]
_Stoxflt                0x0800a0a1  0x1e2  Code  Gb  xstoxflt.o [3]
_Strtok_ssave           0x20000078    0x4  Data  Lc  strtok.o [3]
_TzoneStr               0x20000080    0x4  Data  Gb  setlocale.o [3]
_Wctomb                 0x0800922b   0x1a  Code  Gb  xwctomb.o [3]
__aeabi_cdcmpeq         0x080087f9         Code  Gb  DblCmpEq.o [4]
__aeabi_cdcmple         0x08003f29         Code  Gb  DblCmpLe.o [4]
__aeabi_cdrcmple        0x08008825         Code  Gb  DblCmpGe.o [4]
__aeabi_d2f             0x080047f9         Code  Gb  DblToFlt.o [4]
__aeabi_d2iz            0x08004abd         Code  Gb  DblToI32.o [4]
__aeabi_d2uiz           0x08004ae9         Code  Gb  DblToI32.o [4]
__aeabi_dadd            0x080049d5         Code  Gb  DblAdd.o [4]
__aeabi_ddiv            0x08008855         Code  Gb  DblDiv.o [4]
__aeabi_dmul            0x08004655         Code  Gb  DblMul.o [4]
__aeabi_dsub            0x080085bd         Code  Gb  DblSub.o [4]
__aeabi_errno_addr      0x08008819    0x6  Code  Gb  errno.o [3]
__aeabi_f2d             0x080036c5         Code  Gb  FltToDbl.o [4]
__aeabi_i2d             0x080049a5         Code  Gb  I32ToDbl.o [4]
__aeabi_ldiv0           0x0800a531         Code  Gb  I64DivZer.o [5]
__aeabi_memclr4         0x0800218d         Code  Gb  ABImemclr4.o [5]
__aeabi_ui2d            0x080049b9         Code  Gb  I32ToDbl.o [4]
__aeabi_uldivmod        0x080092bd         Code  Gb  I64DivMod.o [5]
__cmain                 0x0800aeb1         Code  Gb  cmain.o [5]
__data_GetMemChunk      0x08006f49   0x2c  Code  Gb  xgetmemchunk.o [3]
__exit                  0x0800953d   0x14  Code  Gb  exit.o [6]
__iar_Dint              0x0800877f   0x7a  Code  Gb  xdint.o [4]
__iar_Dnorm             0x0800873d   0x42  Code  Gb  xdnorm.o [4]
__iar_Dscale            0x080093ad  0x114  Code  Gb  xdscale.o [4]
__iar_Dtentox           0x08009efd  0x13e  Code  Gb  xdtento.o [4]
__iar_Dtest             0x0800a46d   0x30  Code  Gb  xdtest.o [4]
__iar_Dunscale          0x0800a5c7   0x52  Code  Gb  xdunscal.o [4]
__iar_Errno             0x2000007c    0x4  Data  Gb  errno.o [3]
__iar_Exp               0x08008b5d  0x2be  Code  Gb  xexp.o [4]
__iar_Locale_lconv_init
                        0x080094c1   0x3a  Code  Gb  localeconv.o [3]
__iar_Logpoly           0x08008aad   0x76  Code  Gb  xlog.o [4]
__iar_Mbcurmax          0x08009221    0xa  Code  Gb  xmbcurmax.o [3]
__iar_Memchr            0x080091c9         Code  Gb  memchr.o [5]
__iar_Memset4_word      0x08006f11         Code  Gb  ABImemset48.o [5]
__iar_Memset8_word      0x08006f11         Code  Gb  ABImemset48.o [5]
__iar_Stdout            0x20000038   0x40  Data  Gb  xfiles.o [3]
__iar_Stod              0x080082e1    0x4  Code  Gb  xstod.o [4]
__iar_Stodx             0x0800817d  0x14e  Code  Gb  xstod.o [4]
__iar_Stoul             0x08008129    0x4  Code  Gb  xstoul.o [3]
__iar_Stoulx            0x08007fe5  0x13e  Code  Gb  xstoul.o [3]
__iar_Strchr            0x080091b1         Code  Gb  strchr.o [5]
__iar_d2uiz             0x08004af5         Code  Gb  DblToI32.o [4]
__iar_dadd              0x080049e9         Code  Gb  DblAdd.o [4]
__iar_data_init3        0x0800aa85   0x28  Code  Gb  data_init.o [5]
__iar_dlfree            0x080031ab  0x510  Code  Gb  dlmalloc.o [3]
__iar_dlib_perthread_access
                        0x08006ecb    0x2  Code  Gb  xtls.o [3]
__iar_dlmalloc          0x08002ef5  0x2aa  Code  Gb  dlmalloc.o [3]
__iar_dsub              0x080085d1         Code  Gb  DblSub.o [4]
__iar_dsubStart         0x080085e3         Code  Gb  DblSub.o [4]
__iar_init_vfp          0x0800abf1         Code  Gb  fpinit_M.o [4]
__iar_packbits_init_single3
                        0x0800a779   0x38  Code  Gb  packbits_init_single.o [5]
__iar_program_start     0x0800b131         Code  Gb  cstartup_M.o [5]
__iar_ui2d              0x080049bd         Code  Gb  I32ToDbl.o [4]
__iar_unaligned___aeabi_memcpy
                        0x08009245         Code  Gb  ABImemcpy_unaligned.o [5]
__iar_unaligned___aeabi_memcpy4
                        0x08009265         Code  Gb  ABImemcpy_unaligned.o [5]
__iar_unaligned___aeabi_memcpy8
                        0x08009265         Code  Gb  ABImemcpy_unaligned.o [5]
__iar_unaligned_strcmp  0x08004959         Code  Gb  strcmp_unaligned.o [5]
__iar_unaligned_strcpy  0x080020fd         Code  Gb  strcpy_unaligned.o [5]
__iar_vfp_pow           0x08004fcb   0x18  Code  Gb  pow.o [4]
__iar_vfp_strtod        0x08003f19    0xe  Code  Gb  strtod.o [4]
__iar_zero_init3        0x0800a739   0x40  Code  Gb  zero_init3.o [5]
__low_level_init        0x0800aecb    0x4  Code  Gb  low_level_init.o [3]
__vector_table          0x08000000         Data  Gb  startup_stm32f407xx.o [1]
_call_main              0x0800aebd         Code  Gb  cmain.o [5]
_exit                   0x0800aed5         Code  Gb  cexit.o [5]
_gm_                    0x20002950  0x1d8  Data  Lc  dlmalloc.o [3]
_main                   0x0800aec7         Code  Gb  cmain.o [5]
aRxBuffer               0x2000310c    0x1  Data  Gb  main.o [1]
abort                   0x08006f43    0x6  Code  Gb  abort.o [3]
abs                     0x0800499b    0x8  Code  Gb  abs.o [3]
atoi                    0x08003f11    0x8  Code  Gb  atoi.o [3]
delay                   0x20002b28  0x1a0  Data  Gb  variable.o [1]
digits                  0x0800812c   0x28  Data  Lc  xstoul.o [3]
div                     0x0800952d    0xe  Code  Gb  div.o [3]
dmul                    0x08009ea1   0x5a  Code  Lc  xdtento.o [4]
exit                    0x0800aecf    0x4  Code  Gb  exit.o [3]
fputc                   0x0800719d   0x14  Code  Gb  bsp_debug_usart.o [1]
frist                   0x2000310d    0x1  Data  Gb  main.o [1]
hrtc                    0x200030b4   0x20  Data  Gb  bsp_rtc.o [1]
hspiflash               0x20002ea8   0x58  Data  Gb  bsp_spiflash.o [1]
htimx                   0x20003010   0x3c  Data  Gb  bsp_BasicTIM.o [1]
htoi                    0x080099e1   0x6e  Code  Gb  sample.o [1]
husart_debug            0x20002f50   0x40  Data  Gb  bsp_debug_usart.o [1]
husartx                 0x20002f90   0x40  Data  Gb  bsp_debug_usart.o [1]
husartx_rs485           0x20002fd0   0x40  Data  Gb  bsp_usartx_RS485.o [1]
init_mparams            0x080021ef   0x32  Code  Lc  dlmalloc.o [3]
init_top                0x08002221   0x34  Code  Lc  dlmalloc.o [3]
internal_Pow            0x08004b49  0x478  Code  Lc  pow.o [4]
isalpha                 0x08009b89   0x14  Code  Gb  isxxx.o [3]
isspace                 0x08009b9d   0x14  Code  Gb  isxxx.o [3]
itoa                    0x08001e31   0x64  Code  Gb  function.o [1]
lnbias                  0x08004fe8  0x420  Data  Lc  pow.o [4]
localeconv              0x080094fb   0x16  Code  Gb  localeconv.o [3]
main                    0x080072c7  0x2b6  Code  Gb  main.o [1]
memchr                  0x080091c9         Code  Gb  memchr.o [5]
minute_timer_count      0x20003104    0x2  Data  Gb  main.o [1]
movedigit               0x08001679  0x152  Code  Gb  function.o [1]
mparams                 0x200030d4   0x18  Data  Lc  dlmalloc.o [3]
ndigs                   0x08008154   0x28  Data  Lc  xstoul.o [3]
obuf                    0x20002f00   0x50  Data  Lc  xfiles.o [3]
pows                    0x0800a058   0x48  Data  Lc  xdtento.o [4]
prepend_alloc           0x08002255  0x36c  Code  Lc  dlmalloc.o [3]
printf                  0x080020d9   0x24  Code  Gb  printf.o [3]
putchar                 0x0800afa1    0xc  Code  Gb  putchar.o [3]
second_timer_count      0x20003106    0x2  Data  Gb  main.o [1]
segment_holding         0x080021d5   0x1a  Code  Lc  dlmalloc.o [3]
sensor_array            0x20002cc8  0x118  Data  Gb  variable.o [1]
sensor_data             0x20002de0   0xc8  Data  Gb  variable.o [1]
split                   0x080099ad   0x34  Code  Gb  sample.o [1]
sprintf                 0x08003715   0x34  Code  Gb  sprintf.o [3]
strchr                  0x080091b1         Code  Gb  strchr.o [5]
strcspn                 0x08006eef   0x22  Code  Gb  strcspn.o [3]
strlen                  0x0800219d         Code  Gb  strlen.o [5]
strspn                  0x08006ecd   0x22  Code  Gb  strspn.o [3]
strtok                  0x08002141   0x4c  Code  Gb  strtok.o [3]
sys_alloc               0x080025c1  0x386  Code  Lc  dlmalloc.o [3]
sys_time_Control_flag   0x20003117    0x1  Data  Gb  variable.o [1]
time_Control_flag       0x20003116    0x1  Data  Gb  variable.o [1]
tmalloc_large           0x08002955  0x390  Code  Lc  dlmalloc.o [3]
tmalloc_small           0x08002ce5  0x210  Code  Lc  dlmalloc.o [3]
tolower                 0x08009bb1   0x14  Code  Gb  tolower.o [3]
uwTick                  0x200030ec    0x4  Data  Gb  stm32f4xx_hal.o [1]


[1] = G:\STM32F407-RS485数据采集-V2\RS485-主机端 - 删减版 - dev\EWARM\YS-F4Pro\Obj
[2] = command line
[3] = dl7M_tlf.a
[4] = m7M_tls.a
[5] = rt7M_tl.a
[6] = shb_l.a

  43 356 bytes of readonly  code memory
   2 471 bytes of readonly  data memory
  12 570 bytes of readwrite data memory

Errors: none
Warnings: none
