###############################################################################
#
# IAR ELF Linker V7.50.2.10312/W32 for ARM                05/Nov/2018  17:34:33
# Copyright 2007-2015 IAR Systems AB.
#
#    Output file  =  
#        G:\STM32F407-RS485数据采集-V2\RS485-主机端\EWARM\YS-F4Pro\Exe\YS-F4Pro.out
#    Map file     =  
#        G:\STM32F407-RS485数据采集-V2\RS485-主机端\EWARM\YS-F4Pro\List\YS-F4Pro.map
#    Command line =  
#        G:\STM32F407-RS485数据采集-V2\RS485-主机端\EWARM\YS-F4Pro\Obj\bsp_BasicTIM.o
#        G:\STM32F407-RS485数据采集-V2\RS485-主机端\EWARM\YS-F4Pro\Obj\bsp_beep.o
#        G:\STM32F407-RS485数据采集-V2\RS485-主机端\EWARM\YS-F4Pro\Obj\bsp_calendar.o
#        G:\STM32F407-RS485数据采集-V2\RS485-主机端\EWARM\YS-F4Pro\Obj\bsp_debug_usart.o
#        G:\STM32F407-RS485数据采集-V2\RS485-主机端\EWARM\YS-F4Pro\Obj\bsp_gpio.o
#        G:\STM32F407-RS485数据采集-V2\RS485-主机端\EWARM\YS-F4Pro\Obj\bsp_led.o
#        G:\STM32F407-RS485数据采集-V2\RS485-主机端\EWARM\YS-F4Pro\Obj\bsp_rtc.o
#        G:\STM32F407-RS485数据采集-V2\RS485-主机端\EWARM\YS-F4Pro\Obj\bsp_spiflash.o
#        G:\STM32F407-RS485数据采集-V2\RS485-主机端\EWARM\YS-F4Pro\Obj\bsp_STEPMOTOR.o
#        G:\STM32F407-RS485数据采集-V2\RS485-主机端\EWARM\YS-F4Pro\Obj\bsp_usartx_RS485.o
#        G:\STM32F407-RS485数据采集-V2\RS485-主机端\EWARM\YS-F4Pro\Obj\crc16.o
#        G:\STM32F407-RS485数据采集-V2\RS485-主机端\EWARM\YS-F4Pro\Obj\function.o
#        G:\STM32F407-RS485数据采集-V2\RS485-主机端\EWARM\YS-F4Pro\Obj\main.o
#        G:\STM32F407-RS485数据采集-V2\RS485-主机端\EWARM\YS-F4Pro\Obj\sample.o
#        G:\STM32F407-RS485数据采集-V2\RS485-主机端\EWARM\YS-F4Pro\Obj\startup_stm32f407xx.o
#        G:\STM32F407-RS485数据采集-V2\RS485-主机端\EWARM\YS-F4Pro\Obj\stm32f4xx_assert.o
#        G:\STM32F407-RS485数据采集-V2\RS485-主机端\EWARM\YS-F4Pro\Obj\stm32f4xx_hal.o
#        G:\STM32F407-RS485数据采集-V2\RS485-主机端\EWARM\YS-F4Pro\Obj\stm32f4xx_hal_adc.o
#        G:\STM32F407-RS485数据采集-V2\RS485-主机端\EWARM\YS-F4Pro\Obj\stm32f4xx_hal_adc_ex.o
#        G:\STM32F407-RS485数据采集-V2\RS485-主机端\EWARM\YS-F4Pro\Obj\stm32f4xx_hal_can.o
#        G:\STM32F407-RS485数据采集-V2\RS485-主机端\EWARM\YS-F4Pro\Obj\stm32f4xx_hal_cec.o
#        G:\STM32F407-RS485数据采集-V2\RS485-主机端\EWARM\YS-F4Pro\Obj\stm32f4xx_hal_cortex.o
#        G:\STM32F407-RS485数据采集-V2\RS485-主机端\EWARM\YS-F4Pro\Obj\stm32f4xx_hal_crc.o
#        G:\STM32F407-RS485数据采集-V2\RS485-主机端\EWARM\YS-F4Pro\Obj\stm32f4xx_hal_cryp.o
#        G:\STM32F407-RS485数据采集-V2\RS485-主机端\EWARM\YS-F4Pro\Obj\stm32f4xx_hal_cryp_ex.o
#        G:\STM32F407-RS485数据采集-V2\RS485-主机端\EWARM\YS-F4Pro\Obj\stm32f4xx_hal_dac.o
#        G:\STM32F407-RS485数据采集-V2\RS485-主机端\EWARM\YS-F4Pro\Obj\stm32f4xx_hal_dac_ex.o
#        G:\STM32F407-RS485数据采集-V2\RS485-主机端\EWARM\YS-F4Pro\Obj\stm32f4xx_hal_dcmi.o
#        G:\STM32F407-RS485数据采集-V2\RS485-主机端\EWARM\YS-F4Pro\Obj\stm32f4xx_hal_dcmi_ex.o
#        G:\STM32F407-RS485数据采集-V2\RS485-主机端\EWARM\YS-F4Pro\Obj\stm32f4xx_hal_dfsdm.o
#        G:\STM32F407-RS485数据采集-V2\RS485-主机端\EWARM\YS-F4Pro\Obj\stm32f4xx_hal_dma.o
#        G:\STM32F407-RS485数据采集-V2\RS485-主机端\EWARM\YS-F4Pro\Obj\stm32f4xx_hal_dma2d.o
#        G:\STM32F407-RS485数据采集-V2\RS485-主机端\EWARM\YS-F4Pro\Obj\stm32f4xx_hal_dma_ex.o
#        G:\STM32F407-RS485数据采集-V2\RS485-主机端\EWARM\YS-F4Pro\Obj\stm32f4xx_hal_dsi.o
#        G:\STM32F407-RS485数据采集-V2\RS485-主机端\EWARM\YS-F4Pro\Obj\stm32f4xx_hal_eth.o
#        G:\STM32F407-RS485数据采集-V2\RS485-主机端\EWARM\YS-F4Pro\Obj\stm32f4xx_hal_flash.o
#        G:\STM32F407-RS485数据采集-V2\RS485-主机端\EWARM\YS-F4Pro\Obj\stm32f4xx_hal_flash_ex.o
#        G:\STM32F407-RS485数据采集-V2\RS485-主机端\EWARM\YS-F4Pro\Obj\stm32f4xx_hal_flash_ramfunc.o
#        G:\STM32F407-RS485数据采集-V2\RS485-主机端\EWARM\YS-F4Pro\Obj\stm32f4xx_hal_fmpi2c.o
#        G:\STM32F407-RS485数据采集-V2\RS485-主机端\EWARM\YS-F4Pro\Obj\stm32f4xx_hal_fmpi2c_ex.o
#        G:\STM32F407-RS485数据采集-V2\RS485-主机端\EWARM\YS-F4Pro\Obj\stm32f4xx_hal_gpio.o
#        G:\STM32F407-RS485数据采集-V2\RS485-主机端\EWARM\YS-F4Pro\Obj\stm32f4xx_hal_hash.o
#        G:\STM32F407-RS485数据采集-V2\RS485-主机端\EWARM\YS-F4Pro\Obj\stm32f4xx_hal_hash_ex.o
#        G:\STM32F407-RS485数据采集-V2\RS485-主机端\EWARM\YS-F4Pro\Obj\stm32f4xx_hal_hcd.o
#        G:\STM32F407-RS485数据采集-V2\RS485-主机端\EWARM\YS-F4Pro\Obj\stm32f4xx_hal_i2c.o
#        G:\STM32F407-RS485数据采集-V2\RS485-主机端\EWARM\YS-F4Pro\Obj\stm32f4xx_hal_i2c_ex.o
#        G:\STM32F407-RS485数据采集-V2\RS485-主机端\EWARM\YS-F4Pro\Obj\stm32f4xx_hal_i2s.o
#        G:\STM32F407-RS485数据采集-V2\RS485-主机端\EWARM\YS-F4Pro\Obj\stm32f4xx_hal_i2s_ex.o
#        G:\STM32F407-RS485数据采集-V2\RS485-主机端\EWARM\YS-F4Pro\Obj\stm32f4xx_hal_irda.o
#        G:\STM32F407-RS485数据采集-V2\RS485-主机端\EWARM\YS-F4Pro\Obj\stm32f4xx_hal_iwdg.o
#        G:\STM32F407-RS485数据采集-V2\RS485-主机端\EWARM\YS-F4Pro\Obj\stm32f4xx_hal_lptim.o
#        G:\STM32F407-RS485数据采集-V2\RS485-主机端\EWARM\YS-F4Pro\Obj\stm32f4xx_hal_ltdc.o
#        G:\STM32F407-RS485数据采集-V2\RS485-主机端\EWARM\YS-F4Pro\Obj\stm32f4xx_hal_ltdc_ex.o
#        G:\STM32F407-RS485数据采集-V2\RS485-主机端\EWARM\YS-F4Pro\Obj\stm32f4xx_hal_mmc.o
#        G:\STM32F407-RS485数据采集-V2\RS485-主机端\EWARM\YS-F4Pro\Obj\stm32f4xx_hal_msp.o
#        G:\STM32F407-RS485数据采集-V2\RS485-主机端\EWARM\YS-F4Pro\Obj\stm32f4xx_hal_nand.o
#        G:\STM32F407-RS485数据采集-V2\RS485-主机端\EWARM\YS-F4Pro\Obj\stm32f4xx_hal_nor.o
#        G:\STM32F407-RS485数据采集-V2\RS485-主机端\EWARM\YS-F4Pro\Obj\stm32f4xx_hal_pccard.o
#        G:\STM32F407-RS485数据采集-V2\RS485-主机端\EWARM\YS-F4Pro\Obj\stm32f4xx_hal_pcd.o
#        G:\STM32F407-RS485数据采集-V2\RS485-主机端\EWARM\YS-F4Pro\Obj\stm32f4xx_hal_pcd_ex.o
#        G:\STM32F407-RS485数据采集-V2\RS485-主机端\EWARM\YS-F4Pro\Obj\stm32f4xx_hal_pwr.o
#        G:\STM32F407-RS485数据采集-V2\RS485-主机端\EWARM\YS-F4Pro\Obj\stm32f4xx_hal_pwr_ex.o
#        G:\STM32F407-RS485数据采集-V2\RS485-主机端\EWARM\YS-F4Pro\Obj\stm32f4xx_hal_qspi.o
#        G:\STM32F407-RS485数据采集-V2\RS485-主机端\EWARM\YS-F4Pro\Obj\stm32f4xx_hal_rcc.o
#        G:\STM32F407-RS485数据采集-V2\RS485-主机端\EWARM\YS-F4Pro\Obj\stm32f4xx_hal_rcc_ex.o
#        G:\STM32F407-RS485数据采集-V2\RS485-主机端\EWARM\YS-F4Pro\Obj\stm32f4xx_hal_rng.o
#        G:\STM32F407-RS485数据采集-V2\RS485-主机端\EWARM\YS-F4Pro\Obj\stm32f4xx_hal_rtc.o
#        G:\STM32F407-RS485数据采集-V2\RS485-主机端\EWARM\YS-F4Pro\Obj\stm32f4xx_hal_rtc_ex.o
#        G:\STM32F407-RS485数据采集-V2\RS485-主机端\EWARM\YS-F4Pro\Obj\stm32f4xx_hal_sai.o
#        G:\STM32F407-RS485数据采集-V2\RS485-主机端\EWARM\YS-F4Pro\Obj\stm32f4xx_hal_sai_ex.o
#        G:\STM32F407-RS485数据采集-V2\RS485-主机端\EWARM\YS-F4Pro\Obj\stm32f4xx_hal_sd.o
#        G:\STM32F407-RS485数据采集-V2\RS485-主机端\EWARM\YS-F4Pro\Obj\stm32f4xx_hal_sdram.o
#        G:\STM32F407-RS485数据采集-V2\RS485-主机端\EWARM\YS-F4Pro\Obj\stm32f4xx_hal_smartcard.o
#        G:\STM32F407-RS485数据采集-V2\RS485-主机端\EWARM\YS-F4Pro\Obj\stm32f4xx_hal_spdifrx.o
#        G:\STM32F407-RS485数据采集-V2\RS485-主机端\EWARM\YS-F4Pro\Obj\stm32f4xx_hal_spi.o
#        G:\STM32F407-RS485数据采集-V2\RS485-主机端\EWARM\YS-F4Pro\Obj\stm32f4xx_hal_sram.o
#        G:\STM32F407-RS485数据采集-V2\RS485-主机端\EWARM\YS-F4Pro\Obj\stm32f4xx_hal_tim.o
#        G:\STM32F407-RS485数据采集-V2\RS485-主机端\EWARM\YS-F4Pro\Obj\stm32f4xx_hal_tim_ex.o
#        G:\STM32F407-RS485数据采集-V2\RS485-主机端\EWARM\YS-F4Pro\Obj\stm32f4xx_hal_uart.o
#        G:\STM32F407-RS485数据采集-V2\RS485-主机端\EWARM\YS-F4Pro\Obj\stm32f4xx_hal_usart.o
#        G:\STM32F407-RS485数据采集-V2\RS485-主机端\EWARM\YS-F4Pro\Obj\stm32f4xx_hal_wwdg.o
#        G:\STM32F407-RS485数据采集-V2\RS485-主机端\EWARM\YS-F4Pro\Obj\stm32f4xx_it.o
#        G:\STM32F407-RS485数据采集-V2\RS485-主机端\EWARM\YS-F4Pro\Obj\stm32f4xx_ll_adc.o
#        G:\STM32F407-RS485数据采集-V2\RS485-主机端\EWARM\YS-F4Pro\Obj\stm32f4xx_ll_crc.o
#        G:\STM32F407-RS485数据采集-V2\RS485-主机端\EWARM\YS-F4Pro\Obj\stm32f4xx_ll_dac.o
#        G:\STM32F407-RS485数据采集-V2\RS485-主机端\EWARM\YS-F4Pro\Obj\stm32f4xx_ll_dma.o
#        G:\STM32F407-RS485数据采集-V2\RS485-主机端\EWARM\YS-F4Pro\Obj\stm32f4xx_ll_dma2d.o
#        G:\STM32F407-RS485数据采集-V2\RS485-主机端\EWARM\YS-F4Pro\Obj\stm32f4xx_ll_exti.o
#        G:\STM32F407-RS485数据采集-V2\RS485-主机端\EWARM\YS-F4Pro\Obj\stm32f4xx_ll_fmc.o
#        G:\STM32F407-RS485数据采集-V2\RS485-主机端\EWARM\YS-F4Pro\Obj\stm32f4xx_ll_fsmc.o
#        G:\STM32F407-RS485数据采集-V2\RS485-主机端\EWARM\YS-F4Pro\Obj\stm32f4xx_ll_gpio.o
#        G:\STM32F407-RS485数据采集-V2\RS485-主机端\EWARM\YS-F4Pro\Obj\stm32f4xx_ll_i2c.o
#        G:\STM32F407-RS485数据采集-V2\RS485-主机端\EWARM\YS-F4Pro\Obj\stm32f4xx_ll_lptim.o
#        G:\STM32F407-RS485数据采集-V2\RS485-主机端\EWARM\YS-F4Pro\Obj\stm32f4xx_ll_pwr.o
#        G:\STM32F407-RS485数据采集-V2\RS485-主机端\EWARM\YS-F4Pro\Obj\stm32f4xx_ll_rcc.o
#        G:\STM32F407-RS485数据采集-V2\RS485-主机端\EWARM\YS-F4Pro\Obj\stm32f4xx_ll_rng.o
#        G:\STM32F407-RS485数据采集-V2\RS485-主机端\EWARM\YS-F4Pro\Obj\stm32f4xx_ll_rtc.o
#        G:\STM32F407-RS485数据采集-V2\RS485-主机端\EWARM\YS-F4Pro\Obj\stm32f4xx_ll_sdmmc.o
#        G:\STM32F407-RS485数据采集-V2\RS485-主机端\EWARM\YS-F4Pro\Obj\stm32f4xx_ll_spi.o
#        G:\STM32F407-RS485数据采集-V2\RS485-主机端\EWARM\YS-F4Pro\Obj\stm32f4xx_ll_tim.o
#        G:\STM32F407-RS485数据采集-V2\RS485-主机端\EWARM\YS-F4Pro\Obj\stm32f4xx_ll_usart.o
#        G:\STM32F407-RS485数据采集-V2\RS485-主机端\EWARM\YS-F4Pro\Obj\stm32f4xx_ll_usb.o
#        G:\STM32F407-RS485数据采集-V2\RS485-主机端\EWARM\YS-F4Pro\Obj\stm32f4xx_ll_utils.o
#        G:\STM32F407-RS485数据采集-V2\RS485-主机端\EWARM\YS-F4Pro\Obj\system_stm32f4xx.o
#        G:\STM32F407-RS485数据采集-V2\RS485-主机端\EWARM\YS-F4Pro\Obj\variable.o
#        --redirect _Printf=_PrintfFull --redirect _Scanf=_ScanfFull -o
#        G:\STM32F407-RS485数据采集-V2\RS485-主机端\EWARM\YS-F4Pro\Exe\YS-F4Pro.out
#        --map
#        G:\STM32F407-RS485数据采集-V2\RS485-主机端\EWARM\YS-F4Pro\List\YS-F4Pro.map
#        --config
#        G:\STM32F407-RS485数据采集-V2\RS485-主机端\EWARM\stm32f407xx_flash.icf
#        --semihosting --entry __iar_program_start --vfe
#
###############################################################################

*******************************************************************************
*** RUNTIME MODEL ATTRIBUTES
***

CppFlavor                     = *
__Heap_Handler                = DLMalloc
__SystemLibrary               = DLib
__dlib_dynamic_initialization = normal


*******************************************************************************
*** PLACEMENT SUMMARY
***

"A1":  place at 0x08000000 { ro section .intvec };
"P1":  place in [from 0x08000000 to 0x080fffff] { ro };
"P2":  place in [from 0x20000000 to 0x2001ffff] { rw, block CSTACK, block HEAP };

  Section             Kind        Address    Size  Object
  -------             ----        -------    ----  ------
"A1":                                       0x188
  .intvec             ro code  0x08000000   0x188  startup_stm32f407xx.o [1]
                             - 0x08000188   0x188

"P1":                                      0xbf4f
  .text               ro code  0x08000188  0x1f64  function.o [1]
  .text               ro code  0x080020ec    0x24  printf.o [3]
  .text               ro code  0x08002110    0x4c  strtok.o [3]
  .text               ro code  0x0800215c     0x6  ABImemclr4.o [5]
  .text               ro code  0x08002162     0xa  xsprout.o [3]
  .text               ro code  0x0800216c    0x44  strcpy_unaligned.o [5]
  .text               ro code  0x080021b0  0x14f0  dlmalloc.o [3]
  .text               ro code  0x080036a0    0x4e  FltToDbl.o [4]
  .text               ro code  0x080036f0    0x34  sprintf.o [3]
  .text               ro code  0x08003724    0x36  strlen.o [5]
  .text               ro code  0x0800375c   0x7c8  stm32f4xx_hal_uart.o [1]
  .text               ro code  0x08003f24     0x8  atoi.o [3]
  .text               ro code  0x08003f2c     0xe  strtod.o [4]
  .text               ro code  0x08003f3c    0x2e  DblCmpLe.o [4]
  .text               ro code  0x08003f6c   0x258  stm32f4xx_hal_gpio.o [1]
  .text               ro code  0x080041c4    0x9c  stm32f4xx_hal.o [1]
  .text               ro code  0x08004260   0x408  stm32f4xx_hal_rtc.o [1]
  .text               ro code  0x08004668   0x1a2  DblMul.o [4]
  .text               ro code  0x0800480c    0x90  DblToFlt.o [4]
  .text               ro code  0x0800489c    0xce  crc16.o [1]
  .text               ro code  0x0800496c    0x42  strcmp_unaligned.o [5]
  .text               ro code  0x080049b0    0x30  I32ToDbl.o [4]
  .text               ro code  0x080049e0    0xe8  DblAdd.o [4]
  .text               ro code  0x08004ac8    0x58  DblToI32.o [4]
  .text               ro code  0x08004b20   0x8c0  pow.o [4]
  .text               ro code  0x080053e0   0x3fc  bsp_spiflash.o [1]
  .text               ro code  0x080057dc   0x7d2  stm32f4xx_hal_tim.o [1]
  .text               ro code  0x08005fb0   0x588  bsp_STEPMOTOR.o [1]
  .text               ro code  0x08006538   0x404  bsp_gpio.o [1]
  .text               ro code  0x0800693c  0x1166  xprintffull.o [3]
  .text               ro code  0x08007aa2     0x2  xtls.o [3]
  .text               ro code  0x08007aa4    0x22  strspn.o [3]
  .text               ro code  0x08007ac6    0x22  strcspn.o [3]
  .text               ro code  0x08007ae8    0x32  ABImemset48.o [5]
  .text               ro code  0x08007b1a     0x6  abort.o [3]
  .text               ro code  0x08007b20    0x2c  xgetmemchunk.o [3]
  .text               ro code  0x08007b4c   0x26c  bsp_debug_usart.o [1]
  .text               ro code  0x08007db8    0x26  stm32f4xx_hal_dma.o [1]
  .text               ro code  0x08007de0   0x910  main.o [1]
  .text               ro code  0x080086f0   0x6bc  stm32f4xx_hal_rcc.o [1]
  .text               ro code  0x08008dac   0x198  xstoul.o [3]
  .text               ro code  0x08008f44   0x168  xstod.o [4]
  .text               ro code  0x080090ac   0x152  stm32f4xx_hal_cortex.o [1]
  .text               ro code  0x080091fe    0x6e  stm32f4xx_hal_msp.o [1]
  .text               ro code  0x0800926c   0x118  bsp_rtc.o [1]
  .text               ro code  0x08009384   0x180  DblSub.o [4]
  .text               ro code  0x08009504    0x42  xdnorm.o [4]
  .text               ro code  0x08009546    0x7a  xdint.o [4]
  .text               ro code  0x080095c0    0x20  DblCmpEq.o [4]
  .text               ro code  0x080095e0     0xc  errno.o [3]
  .text               ro code  0x080095ec    0x2e  DblCmpGe.o [4]
  .text               ro code  0x0800961c   0x256  DblDiv.o [4]
  .text               ro code  0x08009874    0xb0  xlog.o [4]
  .text               ro code  0x08009924   0x2c6  xexp.o [4]
  .text               ro code  0x08009bec   0x36c  stm32f4xx_hal_spi.o [1]
  .text               ro code  0x08009f58    0xa8  bsp_BasicTIM.o [1]
  .text               ro code  0x0800a000    0xbe  stm32f4xx_hal_tim_ex.o [1]
  .text               ro code  0x0800a0be    0x20  xmbtowc.o [3]
  .text               ro code  0x0800a0e0    0x16  strchr.o [5]
  .text               ro code  0x0800a0f8    0x58  memchr.o [5]
  .text               ro code  0x0800a150     0xa  xmbcurmax.o [3]
  .text               ro code  0x0800a15a    0x1a  xwctomb.o [3]
  .text               ro code  0x0800a174    0x76  ABImemcpy_unaligned.o [5]
  .text               ro code  0x0800a1ec    0xee  I64DivMod.o [5]
  .text               ro code  0x0800a2dc   0x114  xdscale.o [4]
  .text               ro code  0x0800a3f0    0x6c  localeconv.o [3]
  .text               ro code  0x0800a45c     0xe  div.o [3]
  .text               ro code  0x0800a46c    0x14  exit.o [6]
  .text               ro code  0x0800a480   0x148  bsp_usartx_RS485.o [1]
  .text               ro code  0x0800a5c8    0xc8  bsp_led.o [1]
  .text               ro code  0x0800a690   0x1b8  sample.o [1]
  .text               ro code  0x0800a848    0x28  isxxx.o [3]
  .text               ro code  0x0800a870    0x14  tolower.o [3]
  .text               ro code  0x0800a884   0x124  xstopfx.o [3]
  .text               ro code  0x0800a9a8   0x1b8  xstoflt.o [3]
  .text               ro code  0x0800ab60   0x200  xdtento.o [4]
  .text               ro code  0x0800ad60   0x218  xstoxflt.o [3]
  .text               ro code  0x0800af78    0x20  stm32f4xx_hal_rtc_ex.o [1]
  .text               ro code  0x0800af98    0x18  stm32f4xx_hal_pwr.o [1]
  .text               ro code  0x0800afb0   0x17c  stm32f4xx_hal_rcc_ex.o [1]
  .text               ro code  0x0800b12c    0x40  xdtest.o [4]
  .text               ro code  0x0800b16c    0x24  setlocale.o [3]
  .text               ro code  0x0800b190    0x60  xencoding_sb.o [3]
  .text               ro code  0x0800b1f0     0x2  I64DivZer.o [5]
  .text               ro code  0x0800b1f2    0x16  xlocale_c.o [3]
  .text               ro code  0x0800b208    0x14  xlocale_c.o [3]
  .text               ro code  0x0800b21c     0xc  xlocale_c.o [3]
  .text               ro code  0x0800b228    0x52  xdunscal.o [4]
  .text               ro code  0x0800b27c    0x78  stm32f4xx_it.o [1]
  .text               ro code  0x0800b2f4    0x6c  system_stm32f4xx.o [1]
  .text               ro code  0x0800b360    0x40  zero_init3.o [5]
  .text               ro code  0x0800b3a0    0x38  packbits_init_single.o [5]
  .rodata             const    0x0800b3d8    0x34  function.o [1]
  .rodata             const    0x0800b40c    0x34  function.o [1]
  .rodata             const    0x0800b440    0x34  function.o [1]
  .rodata             const    0x0800b474    0x34  function.o [1]
  .rodata             const    0x0800b4a8    0x34  function.o [1]
  .rodata             const    0x0800b4dc    0x34  function.o [1]
  .rodata             const    0x0800b510    0x34  function.o [1]
  .rodata             const    0x0800b544    0x34  function.o [1]
  .rodata             const    0x0800b578    0x30  function.o [1]
  .rodata             const    0x0800b5a8    0x2c  function.o [1]
  .rodata             const    0x0800b5d4    0x28  function.o [1]
  .rodata             const    0x0800b5fc    0x28  function.o [1]
  .rodata             const    0x0800b624    0x28  function.o [1]
  .rodata             const    0x0800b64c    0x28  function.o [1]
  .rodata             const    0x0800b674    0x28  function.o [1]
  .rodata             const    0x0800b69c    0x28  function.o [1]
  .rodata             const    0x0800b6c4    0x28  function.o [1]
  .rodata             const    0x0800b6ec    0x28  function.o [1]
  .text               ro code  0x0800b714    0x28  data_init.o [5]
  .rodata             const    0x0800b73c    0x24  function.o [1]
  .rodata             const    0x0800b760    0x24  function.o [1]
  .rodata             const    0x0800b784    0x24  function.o [1]
  .rodata             const    0x0800b7a8    0x24  function.o [1]
  .rodata             const    0x0800b7cc    0x24  function.o [1]
  .rodata             const    0x0800b7f0    0x24  function.o [1]
  .rodata             const    0x0800b814    0x24  function.o [1]
  .rodata             const    0x0800b838    0x24  function.o [1]
  .rodata             const    0x0800b85c    0x24  function.o [1]
  .rodata             const    0x0800b880    0x24  function.o [1]
  .rodata             const    0x0800b8a4    0x24  function.o [1]
  .rodata             const    0x0800b8c8    0x24  function.o [1]
  .rodata             const    0x0800b8ec    0x24  function.o [1]
  .rodata             const    0x0800b910    0x24  function.o [1]
  .text               ro code  0x0800b934    0x22  fpinit_M.o [4]
  .iar.init_table     const    0x0800b958    0x20  - Linker created -
  .rodata             const    0x0800b978    0x20  function.o [1]
  .rodata             const    0x0800b998    0x20  function.o [1]
  .rodata             const    0x0800b9b8    0x20  function.o [1]
  .rodata             const    0x0800b9d8    0x20  function.o [1]
  .rodata             const    0x0800b9f8    0x20  function.o [1]
  .rodata             const    0x0800ba18    0x20  function.o [1]
  .rodata             const    0x0800ba38    0x20  function.o [1]
  .rodata             const    0x0800ba58    0x20  function.o [1]
  .rodata             const    0x0800ba78    0x1c  function.o [1]
  .rodata             const    0x0800ba94    0x1c  function.o [1]
  .rodata             const    0x0800bab0    0x1c  function.o [1]
  .rodata             const    0x0800bacc    0x1c  function.o [1]
  .rodata             const    0x0800bae8    0x1c  function.o [1]
  .rodata             const    0x0800bb04    0x1c  function.o [1]
  .rodata             const    0x0800bb20    0x1c  main.o [1]
  .rodata             const    0x0800bb3c    0x1c  main.o [1]
  .rodata             const    0x0800bb58    0x1c  main.o [1]
  .text               ro code  0x0800bb74    0x1a  cmain.o [5]
  .text               ro code  0x0800bb8e     0x4  low_level_init.o [3]
  .text               ro code  0x0800bb92     0x4  exit.o [3]
  .text               ro code  0x0800bb98     0xa  cexit.o [5]
  .rodata             const    0x0800bba4    0x18  bsp_rtc.o [1]
  .rodata             const    0x0800bbbc    0x18  function.o [1]
  .rodata             const    0x0800bbd4    0x18  function.o [1]
  .rodata             const    0x0800bbec    0x18  function.o [1]
  .rodata             const    0x0800bc04    0x18  function.o [1]
  .rodata             const    0x0800bc1c    0x18  main.o [1]
  .rodata             const    0x0800bc34    0x18  main.o [1]
  .text               ro code  0x0800bc4c    0x16  xprout.o [3]
  .text               ro code  0x0800bc64     0xc  putchar.o [3]
  .rodata             const    0x0800bc70    0x14  bsp_rtc.o [1]
  .rodata             const    0x0800bc84    0x14  bsp_usartx_RS485.o [1]
  .rodata             const    0x0800bc98    0x14  function.o [1]
  .rodata             const    0x0800bcac    0x14  function.o [1]
  .rodata             const    0x0800bcc0    0x14  function.o [1]
  .rodata             const    0x0800bcd4    0x14  function.o [1]
  .rodata             const    0x0800bce8    0x14  function.o [1]
  .rodata             const    0x0800bcfc    0x14  function.o [1]
  .rodata             const    0x0800bd10    0x14  function.o [1]
  .rodata             const    0x0800bd24    0x14  function.o [1]
  .rodata             const    0x0800bd38    0x14  main.o [1]
  .rodata             const    0x0800bd4c    0x14  sample.o [1]
  .rodata             const    0x0800bd60    0x10  bsp_usartx_RS485.o [1]
  .rodata             const    0x0800bd70    0x10  bsp_usartx_RS485.o [1]
  .rodata             const    0x0800bd80    0x10  bsp_usartx_RS485.o [1]
  .rodata             const    0x0800bd90    0x10  function.o [1]
  .rodata             const    0x0800bda0    0x10  function.o [1]
  .rodata             const    0x0800bdb0    0x10  function.o [1]
  .rodata             const    0x0800bdc0    0x10  function.o [1]
  .rodata             const    0x0800bdd0    0x10  function.o [1]
  .rodata             const    0x0800bde0    0x10  sample.o [1]
  .rodata             const    0x0800bdf0    0x10  system_stm32f4xx.o [1]
  .text               ro code  0x0800be00    0x10  startup_stm32f407xx.o [1]
  .rodata             const    0x0800be10     0xc  bsp_usartx_RS485.o [1]
  .rodata             const    0x0800be1c     0xc  function.o [1]
  .rodata             const    0x0800be28     0xc  function.o [1]
  .rodata             const    0x0800be34     0xc  function.o [1]
  .rodata             const    0x0800be40     0xc  function.o [1]
  .rodata             const    0x0800be4c     0xc  main.o [1]
  .text               ro code  0x0800be58     0xc  cstartup_M.o [5]
  .rodata             const    0x0800be64     0x8  function.o [1]
  .rodata             const    0x0800be6c     0x8  function.o [1]
  .rodata             const    0x0800be74     0x8  function.o [1]
  .rodata             const    0x0800be7c     0x8  function.o [1]
  .rodata             const    0x0800be84     0x8  function.o [1]
  .rodata             const    0x0800be8c     0x8  function.o [1]
  .rodata             const    0x0800be94     0x8  function.o [1]
  .rodata             const    0x0800be9c     0x8  main.o [1]
  .rodata             const    0x0800bea4     0x8  main.o [1]
  .rodata             const    0x0800beac     0x8  main.o [1]
  .rodata             const    0x0800beb4     0x8  main.o [1]
  .rodata             const    0x0800bebc     0x8  system_stm32f4xx.o [1]
  .rodata             const    0x0800bec4     0x4  bsp_calendar.o [1]
  .rodata             const    0x0800bec8     0x4  bsp_calendar.o [1]
  .rodata             const    0x0800becc     0x4  bsp_calendar.o [1]
  .rodata             const    0x0800bed0     0x4  bsp_calendar.o [1]
  .rodata             const    0x0800bed4     0x4  bsp_calendar.o [1]
  .rodata             const    0x0800bed8     0x4  bsp_calendar.o [1]
  .rodata             const    0x0800bedc     0x4  bsp_calendar.o [1]
  .rodata             const    0x0800bee0     0x4  bsp_calendar.o [1]
  .rodata             const    0x0800bee4     0x4  bsp_calendar.o [1]
  .rodata             const    0x0800bee8     0x4  bsp_calendar.o [1]
  .rodata             const    0x0800beec     0x4  bsp_calendar.o [1]
  .rodata             const    0x0800bef0     0x4  bsp_calendar.o [1]
  .rodata             const    0x0800bef4     0x4  bsp_calendar.o [1]
  .rodata             const    0x0800bef8     0x4  bsp_calendar.o [1]
  .rodata             const    0x0800befc     0x4  bsp_calendar.o [1]
  .rodata             const    0x0800bf00     0x4  bsp_calendar.o [1]
  .rodata             const    0x0800bf04     0x4  bsp_calendar.o [1]
  .rodata             const    0x0800bf08     0x4  bsp_calendar.o [1]
  .rodata             const    0x0800bf0c     0x4  bsp_calendar.o [1]
  .text               ro code  0x0800bf10     0x4  startup_stm32f407xx.o [1]
  .text               ro code  0x0800bf14     0x4  startup_stm32f407xx.o [1]
  .text               ro code  0x0800bf18     0x4  startup_stm32f407xx.o [1]
  .text               ro code  0x0800bf1c     0x4  startup_stm32f407xx.o [1]
  .text               ro code  0x0800bf20     0x4  startup_stm32f407xx.o [1]
  .text               ro code  0x0800bf24     0x4  startup_stm32f407xx.o [1]
  .text               ro code  0x0800bf28     0x4  startup_stm32f407xx.o [1]
  .text               ro code  0x0800bf2c     0x4  startup_stm32f407xx.o [1]
  .text               ro code  0x0800bf30     0x4  startup_stm32f407xx.o [1]
  .text               ro code  0x0800bf34     0x4  startup_stm32f407xx.o [1]
  .text               ro code  0x0800bf38     0x4  startup_stm32f407xx.o [1]
  .text               ro code  0x0800bf3c     0x4  startup_stm32f407xx.o [1]
  .text               ro code  0x0800bf40     0x4  startup_stm32f407xx.o [1]
  .text               ro code  0x0800bf44     0x4  startup_stm32f407xx.o [1]
  .text               ro code  0x0800bf48     0x4  startup_stm32f407xx.o [1]
  .text               ro code  0x0800bf4c     0x4  startup_stm32f407xx.o [1]
  .text               ro code  0x0800bf50     0x4  startup_stm32f407xx.o [1]
  .text               ro code  0x0800bf54     0x4  startup_stm32f407xx.o [1]
  .text               ro code  0x0800bf58     0x4  startup_stm32f407xx.o [1]
  .text               ro code  0x0800bf5c     0x4  startup_stm32f407xx.o [1]
  .text               ro code  0x0800bf60     0x4  startup_stm32f407xx.o [1]
  .text               ro code  0x0800bf64     0x4  startup_stm32f407xx.o [1]
  .text               ro code  0x0800bf68     0x4  startup_stm32f407xx.o [1]
  .text               ro code  0x0800bf6c     0x4  startup_stm32f407xx.o [1]
  .text               ro code  0x0800bf70     0x4  startup_stm32f407xx.o [1]
  .text               ro code  0x0800bf74     0x4  startup_stm32f407xx.o [1]
  .text               ro code  0x0800bf78     0x4  startup_stm32f407xx.o [1]
  .text               ro code  0x0800bf7c     0x4  startup_stm32f407xx.o [1]
  .text               ro code  0x0800bf80     0x4  startup_stm32f407xx.o [1]
  .text               ro code  0x0800bf84     0x4  startup_stm32f407xx.o [1]
  .text               ro code  0x0800bf88     0x4  startup_stm32f407xx.o [1]
  .text               ro code  0x0800bf8c     0x4  startup_stm32f407xx.o [1]
  .text               ro code  0x0800bf90     0x4  startup_stm32f407xx.o [1]
  .text               ro code  0x0800bf94     0x4  startup_stm32f407xx.o [1]
  .text               ro code  0x0800bf98     0x4  startup_stm32f407xx.o [1]
  .text               ro code  0x0800bf9c     0x4  startup_stm32f407xx.o [1]
  .text               ro code  0x0800bfa0     0x4  startup_stm32f407xx.o [1]
  .text               ro code  0x0800bfa4     0x4  startup_stm32f407xx.o [1]
  .text               ro code  0x0800bfa8     0x4  startup_stm32f407xx.o [1]
  .text               ro code  0x0800bfac     0x4  startup_stm32f407xx.o [1]
  .text               ro code  0x0800bfb0     0x4  startup_stm32f407xx.o [1]
  .text               ro code  0x0800bfb4     0x4  startup_stm32f407xx.o [1]
  .text               ro code  0x0800bfb8     0x4  startup_stm32f407xx.o [1]
  .text               ro code  0x0800bfbc     0x4  startup_stm32f407xx.o [1]
  .text               ro code  0x0800bfc0     0x4  startup_stm32f407xx.o [1]
  .text               ro code  0x0800bfc4     0x4  startup_stm32f407xx.o [1]
  .text               ro code  0x0800bfc8     0x4  startup_stm32f407xx.o [1]
  .text               ro code  0x0800bfcc     0x4  startup_stm32f407xx.o [1]
  .text               ro code  0x0800bfd0     0x4  startup_stm32f407xx.o [1]
  .text               ro code  0x0800bfd4     0x4  startup_stm32f407xx.o [1]
  .text               ro code  0x0800bfd8     0x4  startup_stm32f407xx.o [1]
  .text               ro code  0x0800bfdc     0x4  startup_stm32f407xx.o [1]
  .text               ro code  0x0800bfe0     0x4  startup_stm32f407xx.o [1]
  .text               ro code  0x0800bfe4     0x4  startup_stm32f407xx.o [1]
  .text               ro code  0x0800bfe8     0x4  startup_stm32f407xx.o [1]
  .text               ro code  0x0800bfec     0x4  startup_stm32f407xx.o [1]
  .text               ro code  0x0800bff0     0x4  startup_stm32f407xx.o [1]
  .text               ro code  0x0800bff4     0x4  startup_stm32f407xx.o [1]
  .text               ro code  0x0800bff8     0x4  startup_stm32f407xx.o [1]
  .text               ro code  0x0800bffc     0x4  startup_stm32f407xx.o [1]
  .text               ro code  0x0800c000     0x4  startup_stm32f407xx.o [1]
  .text               ro code  0x0800c004     0x4  startup_stm32f407xx.o [1]
  .text               ro code  0x0800c008     0x4  startup_stm32f407xx.o [1]
  .text               ro code  0x0800c00c     0x4  startup_stm32f407xx.o [1]
  .text               ro code  0x0800c010     0x4  startup_stm32f407xx.o [1]
  .text               ro code  0x0800c014     0x4  startup_stm32f407xx.o [1]
  .text               ro code  0x0800c018     0x4  startup_stm32f407xx.o [1]
  .text               ro code  0x0800c01c     0x4  startup_stm32f407xx.o [1]
  .text               ro code  0x0800c020     0x4  startup_stm32f407xx.o [1]
  .text               ro code  0x0800c024     0x4  startup_stm32f407xx.o [1]
  .text               ro code  0x0800c028     0x4  startup_stm32f407xx.o [1]
  .text               ro code  0x0800c02c     0x4  startup_stm32f407xx.o [1]
  .text               ro code  0x0800c030     0x4  startup_stm32f407xx.o [1]
  .text               ro code  0x0800c034     0x4  startup_stm32f407xx.o [1]
  .rodata             const    0x0800c038     0x0  zero_init3.o [5]
  .rodata             const    0x0800c038     0x0  packbits_init_single.o [5]
  Initializer bytes   const    0x0800c038    0x9f  <for P2-1>
                             - 0x0800c0d7  0xbf4f

"P2", part 1 of 3:                          0x1b6
  P2-1                         0x20000000   0x1b6  <Init block>
    .data             inited   0x20000000    0x1c  bsp_calendar.o [1]
    .data             inited   0x2000001c    0x30  bsp_calendar.o [1]
    .data             inited   0x2000004c     0x4  system_stm32f4xx.o [1]
    .data             inited   0x20000050     0x4  variable.o [1]
    .data             inited   0x20000054     0x4  variable.o [1]
    .data             inited   0x20000058     0x4  variable.o [1]
    .data             inited   0x2000005c     0x4  variable.o [1]
    .data             inited   0x20000060     0x4  variable.o [1]
    .data             inited   0x20000064     0x4  variable.o [1]
    .data             inited   0x20000068     0x4  variable.o [1]
    .data             inited   0x2000006c     0x4  variable.o [1]
    .data             inited   0x20000070    0x40  xfiles.o [3]
    __DLIB_PERTHREAD  inited   0x200000b0     0x4  strtok.o [3]
    __DLIB_PERTHREAD  inited   0x200000b4     0x4  errno.o [3]
    __DLIB_PERTHREAD  inited   0x200000b8    0x74  setlocale.o [3]
    __DLIB_PERTHREAD  inited   0x2000012c    0x88  localeconv.o [3]
    .data             inited   0x200001b4     0x2  variable.o [1]
                             - 0x200001b6   0x1b6

"P2", part 2 of 3:                         0x2000
  CSTACK                       0x200001b8  0x1000  <Block>
    CSTACK            uninit   0x200001b8  0x1000  <Block tail>
  HEAP                         0x200011b8  0x1000  <Block>
    HEAP              uninit   0x200011b8  0x1000  <Block tail>
                             - 0x200021b8  0x2000

"P2", part 3 of 3:                         0x1404
  .bss                zero     0x200021b8   0x3e8  variable.o [1]
  .bss                zero     0x200025a0   0x3e8  variable.o [1]
  .bss                zero     0x20002988   0x1f4  variable.o [1]
  .bss                zero     0x20002b7c   0x1f4  variable.o [1]
  .bss                zero     0x20002d70   0x1d8  dlmalloc.o [3]
  .bss                zero     0x20002f48   0x1a0  variable.o [1]
  .bss                zero     0x200030e8   0x118  variable.o [1]
  .bss                zero     0x20003200    0xc8  variable.o [1]
  .bss                zero     0x200032c8    0xb0  variable.o [1]
  .bss                zero     0x20003378    0x58  bsp_spiflash.o [1]
  .bss                zero     0x200033d0    0x50  xfiles.o [3]
  .bss                zero     0x20003420    0x40  bsp_debug_usart.o [1]
  .bss                zero     0x20003460    0x40  bsp_debug_usart.o [1]
  .bss                zero     0x200034a0    0x40  bsp_usartx_RS485.o [1]
  .bss                zero     0x200034e0    0x3c  bsp_BasicTIM.o [1]
  .bss                zero     0x2000351c    0x3c  bsp_STEPMOTOR.o [1]
  .bss                zero     0x20003558    0x20  bsp_rtc.o [1]
  .bss                zero     0x20003578    0x18  dlmalloc.o [3]
  .bss                zero     0x20003590     0x4  stm32f4xx_hal.o [1]
  .bss                zero     0x20003594     0x4  variable.o [1]
  .bss                zero     0x20003598     0x4  variable.o [1]
  .bss                zero     0x2000359c     0x4  variable.o [1]
  .bss                zero     0x200035a0     0x4  xgetmemchunk.o [3]
  .bss                zero     0x200035a4     0x2  main.o [1]
  .bss                zero     0x200035a6     0x2  main.o [1]
  .bss                zero     0x200035a8     0x2  variable.o [1]
  .bss                zero     0x200035aa     0x2  variable.o [1]
  .bss                zero     0x200035ac     0x2  variable.o [1]
  .bss                zero     0x200035ae     0x2  variable.o [1]
  .bss                zero     0x200035b0     0x1  main.o [1]
  .bss                zero     0x200035b1     0x1  main.o [1]
  .bss                zero     0x200035b2     0x1  main.o [1]
  .bss                zero     0x200035b3     0x1  main.o [1]
  .bss                zero     0x200035b4     0x1  variable.o [1]
  .bss                zero     0x200035b5     0x1  variable.o [1]
  .bss                zero     0x200035b6     0x1  variable.o [1]
  .bss                zero     0x200035b7     0x1  variable.o [1]
  .bss                zero     0x200035b8     0x1  variable.o [1]
  .bss                zero     0x200035b9     0x1  variable.o [1]
  .bss                zero     0x200035ba     0x1  variable.o [1]
  .bss                zero     0x200035bb     0x1  variable.o [1]
                             - 0x200035bc  0x1404


*******************************************************************************
*** INIT TABLE
***

          Address     Size
          -------     ----
Zero (__iar_zero_init3)
    1 destination range, total size 0x1404:
          0x200021b8  0x1404

Copy/packbits (__iar_packbits_init_single3)
    1 source range, total size 0x9f (36% of destination):
          0x0800c038    0x9f
    1 destination range, total size 0x1b6:
          0x20000000   0x1b6



*******************************************************************************
*** MODULE SUMMARY
***

    Module                  ro code  ro data  rw data
    ------                  -------  -------  -------
G:\STM32F407-RS485数据采集-V2\RS485-主机端\EWARM\YS-F4Pro\Obj: [1]
    bsp_BasicTIM.o              168                60
    bsp_STEPMOTOR.o           1 416                60
    bsp_calendar.o                       103       76
    bsp_debug_usart.o           620               128
    bsp_gpio.o                1 028
    bsp_led.o                   200
    bsp_rtc.o                   280       44       32
    bsp_spiflash.o            1 020                88
    bsp_usartx_RS485.o          328       80       64
    crc16.o                     206
    function.o                8 036    2 196
    main.o                    2 320      196        8
    sample.o                    440       36
    startup_stm32f407xx.o       704
    stm32f4xx_hal.o             156                 4
    stm32f4xx_hal_cortex.o      338
    stm32f4xx_hal_dma.o          38
    stm32f4xx_hal_gpio.o        600
    stm32f4xx_hal_msp.o         110
    stm32f4xx_hal_pwr.o          24
    stm32f4xx_hal_rcc.o       1 724
    stm32f4xx_hal_rcc_ex.o      380
    stm32f4xx_hal_rtc.o       1 032
    stm32f4xx_hal_rtc_ex.o       32
    stm32f4xx_hal_spi.o         876
    stm32f4xx_hal_tim.o       2 002
    stm32f4xx_hal_tim_ex.o      190
    stm32f4xx_hal_uart.o      1 992
    stm32f4xx_it.o              120
    system_stm32f4xx.o          108       26        4
    variable.o                            12    4 134
    -------------------------------------------------
    Total:                   26 488    2 693    4 658

command line: [2]
    -------------------------------------------------
    Total:

dl7M_tlf.a: [3]
    abort.o                       6
    atoi.o                        8
    div.o                        14
    dlmalloc.o                5 360               496
    errno.o                      12        1        4
    exit.o                        4
    isxxx.o                      40
    localeconv.o                108       50      136
    low_level_init.o              4
    printf.o                     36
    putchar.o                    12
    setlocale.o                  36       42      116
    sprintf.o                    52
    strcspn.o                    34
    strspn.o                     34
    strtok.o                     76        2        4
    tolower.o                    20
    xencoding_sb.o               96
    xfiles.o                              23      144
    xgetmemchunk.o               44                 4
    xlocale_c.o                  54
    xmbcurmax.o                  10
    xmbtowc.o                    32
    xprintffull.o             4 454
    xprout.o                     22
    xsprout.o                    10
    xstoflt.o                   440
    xstopfx.o                   292
    xstoul.o                    408
    xstoxflt.o                  536
    xtls.o                        2
    xwctomb.o                    26
    -------------------------------------------------
    Total:                   12 282      118      904

m7M_tls.a: [4]
    DblAdd.o                    232
    DblCmpEq.o                   32
    DblCmpGe.o                   46
    DblCmpLe.o                   46
    DblDiv.o                    598
    DblMul.o                    418
    DblSub.o                    384
    DblToFlt.o                  144
    DblToI32.o                   88
    FltToDbl.o                   78
    I32ToDbl.o                   48
    fpinit_M.o                   34
    pow.o                     2 240
    strtod.o                     14
    xdint.o                     122
    xdnorm.o                     66
    xdscale.o                   276
    xdtento.o                   512
    xdtest.o                     64
    xdunscal.o                   82
    xexp.o                      710
    xlog.o                      176
    xstod.o                     360
    -------------------------------------------------
    Total:                    6 770

rt7M_tl.a: [5]
    ABImemclr4.o                  6
    ABImemcpy_unaligned.o       118
    ABImemset48.o                50
    I64DivMod.o                 238
    I64DivZer.o                   2
    cexit.o                      10
    cmain.o                      26
    cstartup_M.o                 12
    data_init.o                  40
    memchr.o                     88
    packbits_init_single.o       56
    strchr.o                     22
    strcmp_unaligned.o           66
    strcpy_unaligned.o           68
    strlen.o                     54
    zero_init3.o                 64
    -------------------------------------------------
    Total:                      920

shb_l.a: [6]
    exit.o                       20
    -------------------------------------------------
    Total:                       20

    Gaps                         40        4
    Linker created                        32    8 192
-----------------------------------------------------
    Grand Total:             46 520    2 847   13 754


*******************************************************************************
*** ENTRY LIST
***

Entry                      Address   Size  Type      Object
-----                      -------   ----  ----      ------
.iar.init_table$$Base   0x0800b958          --   Gb  - Linker created -
.iar.init_table$$Limit  0x0800b978          --   Gb  - Linker created -
?main                   0x0800bb75         Code  Gb  cmain.o [5]
AHBPrescTable           0x0800bdf0   0x10  Data  Gb  system_stm32f4xx.o [1]
APBPrescTable           0x0800bebc    0x8  Data  Gb  system_stm32f4xx.o [1]
Android_Rx_Count        0x200035aa    0x2  Data  Gb  variable.o [1]
Android_Rx_buf          0x200021b8  0x3e8  Data  Gb  variable.o [1]
BASIC_TIMx_Init         0x08009f59   0x36  Code  Gb  bsp_BasicTIM.o [1]
BitToFloat              0x080018b5  0x17e  Code  Gb  function.o [1]
BitToInt                0x08001899   0x18  Code  Gb  function.o [1]
BusFault_Handler        0x0800b283    0x2  Code  Gb  stm32f4xx_it.o [1]
CRC16_MODBUS            0x080048ed   0x7e  Code  Gb  crc16.o [1]
CSTACK$$Base            0x200001b8          --   Gb  - Linker created -
CSTACK$$Limit           0x200011b8          --   Gb  - Linker created -
Chang_Start_time        0x08000d01  0x100  Code  Gb  function.o [1]
Clean_Data              0x08000353  0x16a  Code  Gb  function.o [1]
Clear_RS485Buf          0x08001337   0x1a  Code  Gb  function.o [1]
Close_Delay             0x08000e0d  0x132  Code  Gb  function.o [1]
Close_Motor             0x08001d59   0xf4  Code  Gb  function.o [1]
Command_Data            0x08000189   0x70  Code  Gb  function.o [1]
Control                 0x080012b9   0x7e  Code  Gb  function.o [1]
Control_flag            0x200035b8    0x1  Data  Gb  variable.o [1]
Control_max_from_min    0x08001079   0x9c  Code  Gb  function.o [1]
Control_min_from_max    0x08000fd5   0x9c  Code  Gb  function.o [1]
Control_sys_temer       0x08001201   0xb0  Code  Gb  function.o [1]
Control_temer           0x0800112d   0xcc  Code  Gb  function.o [1]
DebugMon_Handler        0x0800b289    0x2  Code  Gb  stm32f4xx_it.o [1]
Debug_flag              0x200035b9    0x1  Data  Gb  variable.o [1]
Delay_Cfg_Mode          0x200035b5    0x1  Data  Gb  variable.o [1]
Detection               0x08000a9d  0x116  Code  Gb  function.o [1]
EXTI15_10_IRQHandler    0x0800b2e1   0x14  Code  Gb  stm32f4xx_it.o [1]
Get_Average             0x080005ed  0x10a  Code  Gb  function.o [1]
Get_Data                0x08000701  0x398  Code  Gb  function.o [1]
Get_Device_Data         0x08001b51   0xbe  Code  Gb  function.o [1]
HAL_DMA_Abort_IT        0x08007db9   0x26  Code  Gb  stm32f4xx_hal_dma.o [1]
HAL_Delay               0x08004235   0x1e  Code  Wk  stm32f4xx_hal.o [1]
HAL_GPIO_EXTI_Callback  0x08008575   0xac  Code  Gb  main.o [1]
HAL_GPIO_EXTI_IRQHandler
                        0x0800416d   0x1a  Code  Gb  stm32f4xx_hal_gpio.o [1]
HAL_GPIO_Init           0x08003f6d  0x1da  Code  Gb  stm32f4xx_hal_gpio.o [1]
HAL_GPIO_ReadPin        0x08004147   0x12  Code  Gb  stm32f4xx_hal_gpio.o [1]
HAL_GPIO_WritePin       0x08004159   0x14  Code  Gb  stm32f4xx_hal_gpio.o [1]
HAL_GetTick             0x0800422f    0x6  Code  Wk  stm32f4xx_hal.o [1]
HAL_IncTick             0x08004223    0xc  Code  Wk  stm32f4xx_hal.o [1]
HAL_Init                0x080041c5   0x3a  Code  Gb  stm32f4xx_hal.o [1]
HAL_InitTick            0x080041ff   0x24  Code  Wk  stm32f4xx_hal.o [1]
HAL_MspInit             0x080091ff   0x6e  Code  Gb  stm32f4xx_hal_msp.o [1]
HAL_NVIC_EnableIRQ      0x0800919f    0xa  Code  Gb  stm32f4xx_hal_cortex.o [1]
HAL_NVIC_SetPriority    0x0800917d   0x22  Code  Gb  stm32f4xx_hal_cortex.o [1]
HAL_NVIC_SetPriorityGrouping
                        0x08009175    0x8  Code  Gb  stm32f4xx_hal_cortex.o [1]
HAL_PWR_EnableBkUpAccess
                        0x0800af99   0x12  Code  Gb  stm32f4xx_hal_pwr.o [1]
HAL_RCCEx_PeriphCLKConfig
                        0x0800afb1  0x154  Code  Gb  stm32f4xx_hal_rcc_ex.o [1]
HAL_RCC_ClockConfig     0x08008ad9  0x1b2  Code  Gb  stm32f4xx_hal_rcc.o [1]
HAL_RCC_EnableCSS       0x08008c8b    0x8  Code  Gb  stm32f4xx_hal_rcc.o [1]
HAL_RCC_GetHCLKFreq     0x08008d1f    0x6  Code  Gb  stm32f4xx_hal_rcc.o [1]
HAL_RCC_GetPCLK1Freq    0x08008d25   0x20  Code  Gb  stm32f4xx_hal_rcc.o [1]
HAL_RCC_GetPCLK2Freq    0x08008d45   0x20  Code  Gb  stm32f4xx_hal_rcc.o [1]
HAL_RCC_GetSysClockFreq
                        0x08008c93   0x8c  Code  Wk  stm32f4xx_hal_rcc.o [1]
HAL_RCC_OscConfig       0x080086f1  0x3e8  Code  Wk  stm32f4xx_hal_rcc.o [1]
HAL_RTCEx_BKUPRead      0x0800af89   0x10  Code  Gb  stm32f4xx_hal_rtc_ex.o [1]
HAL_RTCEx_BKUPWrite     0x0800af79   0x10  Code  Gb  stm32f4xx_hal_rtc_ex.o [1]
HAL_RTC_GetDate         0x08004577   0x4a  Code  Gb  stm32f4xx_hal_rtc.o [1]
HAL_RTC_GetTime         0x08004421   0x5e  Code  Gb  stm32f4xx_hal_rtc.o [1]
HAL_RTC_Init            0x08004261   0xae  Code  Gb  stm32f4xx_hal_rtc.o [1]
HAL_RTC_MspInit         0x08009331   0x3c  Code  Gb  bsp_rtc.o [1]
HAL_RTC_SetDate         0x0800447f   0xf8  Code  Gb  stm32f4xx_hal_rtc.o [1]
HAL_RTC_SetTime         0x0800430f  0x112  Code  Gb  stm32f4xx_hal_rtc.o [1]
HAL_RTC_WaitForSynchro  0x080045cd   0x34  Code  Gb  stm32f4xx_hal_rtc.o [1]
HAL_SPI_Init            0x08009bed   0x8e  Code  Gb  stm32f4xx_hal_spi.o [1]
HAL_SPI_MspInit         0x08005453   0xc8  Code  Gb  bsp_spiflash.o [1]
HAL_SPI_TransmitReceive
                        0x08009c7b  0x214  Code  Gb  stm32f4xx_hal_spi.o [1]
HAL_SYSTICK_CLKSourceConfig
                        0x080091b1   0x20  Code  Gb  stm32f4xx_hal_cortex.o [1]
HAL_SYSTICK_Callback    0x080091fd    0x2  Code  Wk  stm32f4xx_hal_cortex.o [1]
HAL_SYSTICK_Config      0x080091a9    0x8  Code  Gb  stm32f4xx_hal_cortex.o [1]
HAL_SYSTICK_IRQHandler  0x080091f5    0x8  Code  Gb  stm32f4xx_hal_cortex.o [1]
HAL_TIMEx_BreakCallback
                        0x0800a0bd    0x2  Code  Wk  stm32f4xx_hal_tim_ex.o [1]
HAL_TIMEx_CommutationCallback
                        0x0800a0bb    0x2  Code  Wk  stm32f4xx_hal_tim_ex.o [1]
HAL_TIMEx_ConfigBreakDeadTime
                        0x0800a059   0x62  Code  Gb  stm32f4xx_hal_tim_ex.o [1]
HAL_TIMEx_MasterConfigSynchronization
                        0x0800a001   0x58  Code  Gb  stm32f4xx_hal_tim_ex.o [1]
HAL_TIM_Base_Init       0x080057dd   0x38  Code  Gb  stm32f4xx_hal_tim.o [1]
HAL_TIM_Base_MspInit    0x08009f8f   0x5e  Code  Gb  bsp_BasicTIM.o [1]
HAL_TIM_Base_Start      0x08005815   0x1c  Code  Gb  stm32f4xx_hal_tim.o [1]
HAL_TIM_Base_Start_IT   0x08005865   0x1c  Code  Gb  stm32f4xx_hal_tim.o [1]
HAL_TIM_Base_Stop       0x08005831   0x34  Code  Gb  stm32f4xx_hal_tim.o [1]
HAL_TIM_ConfigClockSource
                        0x08005b2d  0x118  Code  Gb  stm32f4xx_hal_tim.o [1]
HAL_TIM_IC_CaptureCallback
                        0x08005c45    0x2  Code  Wk  stm32f4xx_hal_tim.o [1]
HAL_TIM_IRQHandler      0x08005959  0x176  Code  Gb  stm32f4xx_hal_tim.o [1]
HAL_TIM_OC_ConfigChannel
                        0x08005acf   0x5e  Code  Gb  stm32f4xx_hal_tim.o [1]
HAL_TIM_OC_DelayElapsedCallback
                        0x080084d1   0xa0  Code  Gb  main.o [1]
HAL_TIM_OC_Init         0x08005881   0x38  Code  Gb  stm32f4xx_hal_tim.o [1]
HAL_TIM_OC_MspInit      0x080058b9    0x2  Code  Wk  stm32f4xx_hal_tim.o [1]
HAL_TIM_OC_Start_IT     0x080058bb   0x94  Code  Gb  stm32f4xx_hal_tim.o [1]
HAL_TIM_PWM_PulseFinishedCallback
                        0x08005c47    0x2  Code  Wk  stm32f4xx_hal_tim.o [1]
HAL_TIM_PeriodElapsedCallback
                        0x08008425   0xac  Code  Gb  main.o [1]
HAL_TIM_TriggerCallback
                        0x08005c49    0x2  Code  Wk  stm32f4xx_hal_tim.o [1]
HAL_UART_ErrorCallback  0x08003a43    0x2  Code  Wk  stm32f4xx_hal_uart.o [1]
HAL_UART_IRQHandler     0x0800390d  0x134  Code  Gb  stm32f4xx_hal_uart.o [1]
HAL_UART_Init           0x0800375d   0x76  Code  Gb  stm32f4xx_hal_uart.o [1]
HAL_UART_MspInit        0x08007b75  0x148  Code  Gb  bsp_debug_usart.o [1]
HAL_UART_Receive_IT     0x080038af   0x5e  Code  Gb  stm32f4xx_hal_uart.o [1]
HAL_UART_RxCpltCallback
                        0x08008167  0x2be  Code  Gb  main.o [1]
HAL_UART_Transmit       0x080037d3   0xdc  Code  Gb  stm32f4xx_hal_uart.o [1]
HAL_UART_TxCpltCallback
                        0x08003a41    0x2  Code  Wk  stm32f4xx_hal_uart.o [1]
HEAP$$Base              0x200011b8          --   Gb  - Linker created -
HEAP$$Limit             0x200021b8          --   Gb  - Linker created -
HardFault_Handler       0x0800b27f    0x2  Code  Gb  stm32f4xx_it.o [1]
INPUT_GPIO_Init         0x08006539  0x27c  Code  Gb  bsp_gpio.o [1]
INPUT_StateRead         0x080067b5   0xa6  Code  Gb  bsp_gpio.o [1]
InvertUint16            0x080048c5   0x28  Code  Gb  crc16.o [1]
InvertUint8             0x0800489d   0x28  Code  Gb  crc16.o [1]
LED_GPIO_Init           0x0800a5c9   0xba  Code  Gb  bsp_led.o [1]
LEVEL_High              0x20000050    0x4  Data  Gb  variable.o [1]
LEVEL_Low               0x20003594    0x4  Data  Gb  variable.o [1]
LoadInt                 0x08006f8b   0x6e  Code  Lc  xprintffull.o [3]
MX_DEBUG_USART_Init     0x08007d19   0x5c  Code  Gb  bsp_debug_usart.o [1]
MX_NVIC_USART1_Init     0x08007b4d   0x14  Code  Lc  bsp_debug_usart.o [1]
MX_NVIC_USART3_Init     0x0800a481   0x14  Code  Lc  bsp_usartx_RS485.o [1]
MX_NVIC_USART5_Init     0x08007b61   0x14  Code  Lc  bsp_debug_usart.o [1]
MX_RTC_Init             0x080092bf   0x72  Code  Gb  bsp_rtc.o [1]
MX_SPIFlash_Init        0x080053e1   0x72  Code  Gb  bsp_spiflash.o [1]
MX_USARTx_Init          0x08007cbd   0x5c  Code  Gb  bsp_debug_usart.o [1]
MemManage_Handler       0x0800b281    0x2  Code  Gb  stm32f4xx_it.o [1]
Modbusprocess           0x08001501  0x380  Code  Gb  function.o [1]
NMI_Handler             0x0800b27d    0x2  Code  Gb  stm32f4xx_it.o [1]
NVIC_EnableIRQ          0x080090d3   0x14  Code  Lc  stm32f4xx_hal_cortex.o [1]
NVIC_EncodePriority     0x08009109   0x3e  Code  Lc  stm32f4xx_hal_cortex.o [1]
NVIC_GetPriorityGrouping
                        0x080090c9    0xa  Code  Lc  stm32f4xx_hal_cortex.o [1]
NVIC_SetPriority        0x080090e7   0x22  Code  Lc  stm32f4xx_hal_cortex.o [1]
NVIC_SetPriorityGrouping
                        0x080090ad   0x1c  Code  Lc  stm32f4xx_hal_cortex.o [1]
OUTPUT_GPIO_Init        0x0800685b   0xd0  Code  Gb  bsp_gpio.o [1]
Open_Delay              0x08000bb5  0x13a  Code  Gb  function.o [1]
Open_Motor              0x08001c21  0x126  Code  Gb  function.o [1]
PendSV_Handler          0x0800b28b    0x2  Code  Gb  stm32f4xx_it.o [1]
RCC_IRQHandler          0x0800b299    0x2  Code  Gb  stm32f4xx_it.o [1]
RS232_Rx_Count          0x200035ae    0x2  Data  Gb  variable.o [1]
RS232_Rx_buf            0x20002b7c  0x1f4  Data  Gb  variable.o [1]
RS485_Receive_Data      0x0800a549   0x50  Code  Gb  bsp_usartx_RS485.o [1]
RS485_Rx_Count          0x200035ac    0x2  Data  Gb  variable.o [1]
RS485_Rx_Count_Old      0x200001b4    0x2  Data  Gb  variable.o [1]
RS485_Rx_buf            0x20002988  0x1f4  Data  Gb  variable.o [1]
RS485_Send_Data         0x0800a4f1   0x58  Code  Gb  bsp_usartx_RS485.o [1]
RS485_USARTx_Init       0x0800a495   0x5c  Code  Gb  bsp_usartx_RS485.o [1]
RTC_Bcd2ToByte          0x0800464f   0x1a  Code  Gb  stm32f4xx_hal_rtc.o [1]
RTC_ByteToBcd2          0x08004639   0x16  Code  Gb  stm32f4xx_hal_rtc.o [1]
RTC_CalendarConfig      0x0800926d   0x52  Code  Lc  bsp_rtc.o [1]
RTC_CalendarShow        0x08000f51   0x76  Code  Gb  function.o [1]
RTC_EnterInitMode       0x08004601   0x38  Code  Gb  stm32f4xx_hal_rtc.o [1]
Region$$Table$$Base     0x0800b958          --   Gb  - Linker created -
Region$$Table$$Limit    0x0800b978          --   Gb  - Linker created -
RevCommand              0x200035b3    0x1  Data  Gb  main.o [1]
RevComplete             0x200035a8    0x2  Data  Gb  variable.o [1]
RevDevicesData          0x200035b2    0x1  Data  Gb  main.o [1]
Reversed_Motor          0x08001e8d  0x116  Code  Gb  function.o [1]
Rx_buf                  0x200025a0  0x3e8  Data  Gb  variable.o [1]
SCM_state               0x2000006c    0x4  Data  Gb  variable.o [1]
SPI_CheckFlag_BSY       0x08009f31   0x28  Code  Lc  stm32f4xx_hal_spi.o [1]
SPI_FLASH_BufferRead    0x080056fb   0x52  Code  Gb  bsp_spiflash.o [1]
SPI_FLASH_BufferWrite   0x080055c3  0x138  Code  Gb  bsp_spiflash.o [1]
SPI_FLASH_PageWrite     0x0800555f   0x64  Code  Gb  bsp_spiflash.o [1]
SPI_FLASH_SectorErase   0x0800551b   0x44  Code  Gb  bsp_spiflash.o [1]
SPI_FLASH_SendByte      0x0800574d   0x2c  Code  Gb  bsp_spiflash.o [1]
SPI_FLASH_WaitForWriteEnd
                        0x08005797   0x2c  Code  Gb  bsp_spiflash.o [1]
SPI_FLASH_WriteEnable   0x08005779   0x1e  Code  Gb  bsp_spiflash.o [1]
SPI_WaitFlagStateUntilTimeout
                        0x08009e8f   0xa2  Code  Lc  stm32f4xx_hal_spi.o [1]
STEPMOTOR_GPIO_Init     0x08005fb1  0x324  Code  Lc  bsp_STEPMOTOR.o [1]
STEPMOTOR_TIMx_Init     0x080062d5   0xf6  Code  Gb  bsp_STEPMOTOR.o [1]
STREES_High             0x20000054    0x4  Data  Gb  variable.o [1]
STREES_Low              0x20003598    0x4  Data  Gb  variable.o [1]
SVC_Handler             0x0800b287    0x2  Code  Gb  stm32f4xx_it.o [1]
Sample_RS485            0x0800a731  0x104  Code  Gb  sample.o [1]
Sample_flag             0x200035b6    0x1  Data  Gb  variable.o [1]
Save_Data               0x080001f9  0x15a  Code  Gb  function.o [1]
Save_Device_Data        0x08001a55   0x94  Code  Gb  function.o [1]
Sensor_Cfg_Mode         0x200035b4    0x1  Data  Gb  variable.o [1]
Show_Data               0x08001a33   0x22  Code  Gb  function.o [1]
Simulation_Level        0x08001fb5   0x1e  Code  Gb  function.o [1]
Step_Motor_Init         0x080063cb  0x14e  Code  Gb  bsp_STEPMOTOR.o [1]
Stepper_Motor           0x200032c8   0xb0  Data  Gb  variable.o [1]
SysTick_Config          0x08009147   0x2e  Code  Lc  stm32f4xx_hal_cortex.o [1]
SysTick_Handler         0x0800b28d    0xc  Code  Gb  stm32f4xx_it.o [1]
SystemClock_Config      0x08007de1   0xbe  Code  Gb  main.o [1]
SystemCoreClock         0x2000004c    0x4  Data  Gb  system_stm32f4xx.o [1]
SystemInit              0x0800b2f5   0x4c  Code  Gb  system_stm32f4xx.o [1]
TEMP_High               0x20000068    0x4  Data  Gb  variable.o [1]
TEMP_Low                0x20000064    0x4  Data  Gb  variable.o [1]
TIM6_DAC_IRQHandler     0x0800b2b9    0xa  Code  Gb  stm32f4xx_it.o [1]
TIM8_CC_IRQHandler      0x0800b2c3    0xa  Code  Gb  stm32f4xx_it.o [1]
TIM_Base_SetConfig      0x08005c4b   0xe4  Code  Gb  stm32f4xx_hal_tim.o [1]
TIM_CCxChannelCmd       0x08005da5   0x1e  Code  Gb  stm32f4xx_hal_tim.o [1]
TIM_ETR_SetConfig       0x08005f97   0x18  Code  Lc  stm32f4xx_hal_tim.o [1]
TIM_ITRx_SetConfig      0x08005f83   0x14  Code  Lc  stm32f4xx_hal_tim.o [1]
TIM_OC1_SetConfig       0x08005dc5   0x6c  Code  Lc  stm32f4xx_hal_tim.o [1]
TIM_OC2_SetConfig       0x08005d2f   0x76  Code  Gb  stm32f4xx_hal_tim.o [1]
TIM_OC3_SetConfig       0x08005e31   0x74  Code  Lc  stm32f4xx_hal_tim.o [1]
TIM_OC4_SetConfig       0x08005ea5   0x5e  Code  Lc  stm32f4xx_hal_tim.o [1]
TIM_TI1_ConfigInputStage
                        0x08005f31   0x28  Code  Lc  stm32f4xx_hal_tim.o [1]
TIM_TI2_ConfigInputStage
                        0x08005f59   0x2a  Code  Lc  stm32f4xx_hal_tim.o [1]
UART5_IRQHandler        0x0800b2af    0xa  Code  Gb  stm32f4xx_it.o [1]
UART_DMAAbortOnError    0x08003ad9   0x12  Code  Lc  stm32f4xx_hal_uart.o [1]
UART_EndRxTransfer      0x08003ab5   0x20  Code  Lc  stm32f4xx_hal_uart.o [1]
UART_EndTransmit_IT     0x08003b57   0x1c  Code  Lc  stm32f4xx_hal_uart.o [1]
UART_Receive_IT         0x08003b73   0x9a  Code  Lc  stm32f4xx_hal_uart.o [1]
UART_SetConfig          0x08003c0d  0x30c  Code  Lc  stm32f4xx_hal_uart.o [1]
UART_Transmit_IT        0x08003aed   0x6a  Code  Lc  stm32f4xx_hal_uart.o [1]
UART_WaitOnFlagUntilTimeout
                        0x08003a45   0x70  Code  Lc  stm32f4xx_hal_uart.o [1]
USART1_IRQHandler       0x0800b29b    0xa  Code  Gb  stm32f4xx_it.o [1]
USART3_IRQHandler       0x0800b2a5    0xa  Code  Gb  stm32f4xx_it.o [1]
UpData                  0x080004c5  0x126  Code  Gb  function.o [1]
UpData_flag             0x200035b7    0x1  Data  Gb  variable.o [1]
UsageFault_Handler      0x0800b285    0x2  Code  Gb  stm32f4xx_it.o [1]
WCOND_High              0x20000060    0x4  Data  Gb  variable.o [1]
WCOND_Low               0x2000359c    0x4  Data  Gb  variable.o [1]
WEEK_STR                0x20000000   0x1c  Data  Gb  bsp_calendar.o [1]
WPH_High                0x2000005c    0x4  Data  Gb  variable.o [1]
WPH_Low                 0x20000058    0x4  Data  Gb  variable.o [1]
_EncodingSb_Mbtowc      0x0800b1ab   0x30  Code  Gb  xencoding_sb.o [3]
_EncodingSb_Wctomb      0x0800b191   0x1a  Code  Gb  xencoding_sb.o [3]
_GenldFull              0x0800780f  0x24c  Code  Lc  xprintffull.o [3]
_IsdstStr               0x200000bc    0x4  Data  Gb  setlocale.o [3]
_LdtobFull              0x0800740d  0x3fc  Code  Lc  xprintffull.o [3]
_LitobFull              0x08007305  0x106  Code  Lc  xprintffull.o [3]
_LocaleC_isalpha        0x0800b1f3   0x16  Code  Gb  xlocale_c.o [3]
_LocaleC_isspace        0x0800b209   0x14  Code  Gb  xlocale_c.o [3]
_LocaleC_tolower        0x0800b21d    0xc  Code  Gb  xlocale_c.o [3]
_LocaleEncoding         0x0800b17f    0xe  Code  Gb  setlocale.o [3]
_LocaleForCat           0x0800b16d   0x12  Code  Gb  setlocale.o [3]
_LocaleReturnString     0x200000dc   0x50  Data  Lc  setlocale.o [3]
_Locale_Profile         0x200000c0   0x1c  Data  Gb  setlocale.o [3]
_Locale_aeabi_lconv     0x2000017c   0x38  Data  Gb  localeconv.o [3]
_Locale_lconv           0x2000012c   0x50  Data  Gb  localeconv.o [3]
_Mbtowc                 0x0800a0bf   0x20  Code  Gb  xmbtowc.o [3]
_PrintfFull             0x0800693d  0x638  Code  Gb  xprintffull.o [3]
_Prout                  0x0800bc4d   0x16  Code  Gb  xprout.o [3]
_PutcharsFull           0x08007a5b   0x2e  Code  Lc  xprintffull.o [3]
_PutstrFull             0x08006ff9  0x306  Code  Lc  xprintffull.o [3]
_SProut                 0x08002163    0xa  Code  Gb  xsprout.o [3]
_Stoflt                 0x0800a9a9  0x1b8  Code  Gb  xstoflt.o [3]
_Stopfx                 0x0800a885  0x124  Code  Gb  xstopfx.o [3]
_Stoxflt                0x0800ad61  0x1e2  Code  Gb  xstoxflt.o [3]
_Strtok_ssave           0x200000b0    0x4  Data  Lc  strtok.o [3]
_TzoneStr               0x200000b8    0x4  Data  Gb  setlocale.o [3]
_Wctomb                 0x0800a15b   0x1a  Code  Gb  xwctomb.o [3]
__aeabi_cdcmpeq         0x080095c1         Code  Gb  DblCmpEq.o [4]
__aeabi_cdcmple         0x08003f3d         Code  Gb  DblCmpLe.o [4]
__aeabi_cdrcmple        0x080095ed         Code  Gb  DblCmpGe.o [4]
__aeabi_d2f             0x0800480d         Code  Gb  DblToFlt.o [4]
__aeabi_d2iz            0x08004ac9         Code  Gb  DblToI32.o [4]
__aeabi_d2uiz           0x08004af5         Code  Gb  DblToI32.o [4]
__aeabi_dadd            0x080049e1         Code  Gb  DblAdd.o [4]
__aeabi_ddiv            0x0800961d         Code  Gb  DblDiv.o [4]
__aeabi_dmul            0x08004669         Code  Gb  DblMul.o [4]
__aeabi_dsub            0x08009385         Code  Gb  DblSub.o [4]
__aeabi_errno_addr      0x080095e1    0x6  Code  Gb  errno.o [3]
__aeabi_f2d             0x080036a1         Code  Gb  FltToDbl.o [4]
__aeabi_i2d             0x080049b1         Code  Gb  I32ToDbl.o [4]
__aeabi_ldiv0           0x0800b1f1         Code  Gb  I64DivZer.o [5]
__aeabi_memclr4         0x0800215d         Code  Gb  ABImemclr4.o [5]
__aeabi_ui2d            0x080049c5         Code  Gb  I32ToDbl.o [4]
__aeabi_uldivmod        0x0800a1ed         Code  Gb  I64DivMod.o [5]
__cmain                 0x0800bb75         Code  Gb  cmain.o [5]
__data_GetMemChunk      0x08007b21   0x2c  Code  Gb  xgetmemchunk.o [3]
__exit                  0x0800a46d   0x14  Code  Gb  exit.o [6]
__iar_Dint              0x08009547   0x7a  Code  Gb  xdint.o [4]
__iar_Dnorm             0x08009505   0x42  Code  Gb  xdnorm.o [4]
__iar_Dscale            0x0800a2dd  0x114  Code  Gb  xdscale.o [4]
__iar_Dtentox           0x0800abbd  0x13e  Code  Gb  xdtento.o [4]
__iar_Dtest             0x0800b12d   0x30  Code  Gb  xdtest.o [4]
__iar_Dunscale          0x0800b229   0x52  Code  Gb  xdunscal.o [4]
__iar_Errno             0x200000b4    0x4  Data  Gb  errno.o [3]
__iar_Exp               0x08009925  0x2be  Code  Gb  xexp.o [4]
__iar_Locale_lconv_init
                        0x0800a3f1   0x3a  Code  Gb  localeconv.o [3]
__iar_Logpoly           0x08009875   0x76  Code  Gb  xlog.o [4]
__iar_Mbcurmax          0x0800a151    0xa  Code  Gb  xmbcurmax.o [3]
__iar_Memchr            0x0800a0f9         Code  Gb  memchr.o [5]
__iar_Memset4_word      0x08007ae9         Code  Gb  ABImemset48.o [5]
__iar_Memset8_word      0x08007ae9         Code  Gb  ABImemset48.o [5]
__iar_Stdout            0x20000070   0x40  Data  Gb  xfiles.o [3]
__iar_Stod              0x080090a9    0x4  Code  Gb  xstod.o [4]
__iar_Stodx             0x08008f45  0x14e  Code  Gb  xstod.o [4]
__iar_Stoul             0x08008ef1    0x4  Code  Gb  xstoul.o [3]
__iar_Stoulx            0x08008dad  0x13e  Code  Gb  xstoul.o [3]
__iar_Strchr            0x0800a0e1         Code  Gb  strchr.o [5]
__iar_d2uiz             0x08004b01         Code  Gb  DblToI32.o [4]
__iar_dadd              0x080049f5         Code  Gb  DblAdd.o [4]
__iar_data_init3        0x0800b715   0x28  Code  Gb  data_init.o [5]
__iar_dlfree            0x08003187  0x510  Code  Gb  dlmalloc.o [3]
__iar_dlib_perthread_access
                        0x08007aa3    0x2  Code  Gb  xtls.o [3]
__iar_dlmalloc          0x08002ed1  0x2aa  Code  Gb  dlmalloc.o [3]
__iar_dsub              0x08009399         Code  Gb  DblSub.o [4]
__iar_dsubStart         0x080093ab         Code  Gb  DblSub.o [4]
__iar_init_vfp          0x0800b935         Code  Gb  fpinit_M.o [4]
__iar_packbits_init_single3
                        0x0800b3a1   0x38  Code  Gb  packbits_init_single.o [5]
__iar_program_start     0x0800be59         Code  Gb  cstartup_M.o [5]
__iar_ui2d              0x080049c9         Code  Gb  I32ToDbl.o [4]
__iar_unaligned___aeabi_memcpy
                        0x0800a175         Code  Gb  ABImemcpy_unaligned.o [5]
__iar_unaligned___aeabi_memcpy4
                        0x0800a195         Code  Gb  ABImemcpy_unaligned.o [5]
__iar_unaligned___aeabi_memcpy8
                        0x0800a195         Code  Gb  ABImemcpy_unaligned.o [5]
__iar_unaligned_strcmp  0x0800496d         Code  Gb  strcmp_unaligned.o [5]
__iar_unaligned_strcpy  0x0800216d         Code  Gb  strcpy_unaligned.o [5]
__iar_vfp_pow           0x08004fa3   0x18  Code  Gb  pow.o [4]
__iar_vfp_strtod        0x08003f2d    0xe  Code  Gb  strtod.o [4]
__iar_zero_init3        0x0800b361   0x40  Code  Gb  zero_init3.o [5]
__low_level_init        0x0800bb8f    0x4  Code  Gb  low_level_init.o [3]
__vector_table          0x08000000         Data  Gb  startup_stm32f407xx.o [1]
_call_main              0x0800bb81         Code  Gb  cmain.o [5]
_exit                   0x0800bb99         Code  Gb  cexit.o [5]
_gm_                    0x20002d70  0x1d8  Data  Lc  dlmalloc.o [3]
_main                   0x0800bb8b         Code  Gb  cmain.o [5]
aRxBuffer               0x200035b0    0x1  Data  Gb  main.o [1]
abort                   0x08007b1b    0x6  Code  Gb  abort.o [3]
atoi                    0x08003f25    0x8  Code  Gb  atoi.o [3]
delay                   0x20002f48  0x1a0  Data  Gb  variable.o [1]
digits                  0x08008ef4   0x28  Data  Lc  xstoul.o [3]
div                     0x0800a45d    0xe  Code  Gb  div.o [3]
dmul                    0x0800ab61   0x5a  Code  Lc  xdtento.o [4]
exit                    0x0800bb93    0x4  Code  Gb  exit.o [3]
fputc                   0x08007d75   0x14  Code  Gb  bsp_debug_usart.o [1]
frist                   0x200035b1    0x1  Data  Gb  main.o [1]
hrtc                    0x20003558   0x20  Data  Gb  bsp_rtc.o [1]
hspiflash               0x20003378   0x58  Data  Gb  bsp_spiflash.o [1]
htimx                   0x200034e0   0x3c  Data  Gb  bsp_BasicTIM.o [1]
htimx_STEPMOTOR         0x2000351c   0x3c  Data  Gb  bsp_STEPMOTOR.o [1]
htoi                    0x0800a6c5   0x6c  Code  Gb  sample.o [1]
husart_debug            0x20003420   0x40  Data  Gb  bsp_debug_usart.o [1]
husartx                 0x20003460   0x40  Data  Gb  bsp_debug_usart.o [1]
husartx_rs485           0x200034a0   0x40  Data  Gb  bsp_usartx_RS485.o [1]
init_mparams            0x080021cb   0x32  Code  Lc  dlmalloc.o [3]
init_top                0x080021fd   0x34  Code  Lc  dlmalloc.o [3]
internal_Pow            0x08004b21  0x478  Code  Lc  pow.o [4]
isalpha                 0x0800a849   0x14  Code  Gb  isxxx.o [3]
isspace                 0x0800a85d   0x14  Code  Gb  isxxx.o [3]
itoa                    0x08001afd   0x54  Code  Gb  function.o [1]
lnbias                  0x08004fc0  0x420  Data  Lc  pow.o [4]
localeconv              0x0800a42b   0x16  Code  Gb  localeconv.o [3]
main                    0x08007e9f  0x2c8  Code  Gb  main.o [1]
memchr                  0x0800a0f9         Code  Gb  memchr.o [5]
minute_timer_count      0x200035a4    0x2  Data  Gb  main.o [1]
movedigit               0x08001361  0x17c  Code  Gb  function.o [1]
mparams                 0x20003578   0x18  Data  Lc  dlmalloc.o [3]
ndigs                   0x08008f1c   0x28  Data  Lc  xstoul.o [3]
obuf                    0x200033d0   0x50  Data  Lc  xfiles.o [3]
pows                    0x0800ad18   0x48  Data  Lc  xdtento.o [4]
prepend_alloc           0x08002231  0x36c  Code  Lc  dlmalloc.o [3]
printf                  0x080020ed   0x24  Code  Gb  printf.o [3]
putchar                 0x0800bc65    0xc  Code  Gb  putchar.o [3]
second_timer_count      0x200035a6    0x2  Data  Gb  main.o [1]
segment_holding         0x080021b1   0x1a  Code  Lc  dlmalloc.o [3]
sensor_array            0x200030e8  0x118  Data  Gb  variable.o [1]
sensor_data             0x20003200   0xc8  Data  Gb  variable.o [1]
split                   0x0800a691   0x34  Code  Gb  sample.o [1]
sprintf                 0x080036f1   0x34  Code  Gb  sprintf.o [3]
strchr                  0x0800a0e1         Code  Gb  strchr.o [5]
strcspn                 0x08007ac7   0x22  Code  Gb  strcspn.o [3]
strlen                  0x08003725         Code  Gb  strlen.o [5]
strspn                  0x08007aa5   0x22  Code  Gb  strspn.o [3]
strtok                  0x08002111   0x4c  Code  Gb  strtok.o [3]
sys_alloc               0x0800259d  0x386  Code  Lc  dlmalloc.o [3]
sys_time_Control_flag   0x200035bb    0x1  Data  Gb  variable.o [1]
time_Control_flag       0x200035ba    0x1  Data  Gb  variable.o [1]
tmalloc_large           0x08002931  0x390  Code  Lc  dlmalloc.o [3]
tmalloc_small           0x08002cc1  0x210  Code  Lc  dlmalloc.o [3]
tolower                 0x0800a871   0x14  Code  Gb  tolower.o [3]
uwTick                  0x20003590    0x4  Data  Gb  stm32f4xx_hal.o [1]
zodiac_sign             0x2000001c   0x30  Data  Gb  bsp_calendar.o [1]


[1] = G:\STM32F407-RS485数据采集-V2\RS485-主机端\EWARM\YS-F4Pro\Obj
[2] = command line
[3] = dl7M_tlf.a
[4] = m7M_tls.a
[5] = rt7M_tl.a
[6] = shb_l.a

  46 520 bytes of readonly  code memory
   2 847 bytes of readonly  data memory
  13 754 bytes of readwrite data memory

Errors: none
Warnings: none
