###############################################################################
#
# IAR ELF Linker V7.50.2.10312/W32 for ARM                15/Oct/2018  11:31:35
# Copyright 2007-2015 IAR Systems AB.
#
#    Output file  =  
#        G:\STM32F407-RS485数据采集-V2\RS485-主机端\EWARM\YS-F4Pro\Exe\YS-F4Pro.out
#    Map file     =  
#        G:\STM32F407-RS485数据采集-V2\RS485-主机端\EWARM\YS-F4Pro\List\YS-F4Pro.map
#    Command line =  
#        G:\STM32F407-RS485数据采集-V2\RS485-主机端\EWARM\YS-F4Pro\Obj\bsp_BasicTIM.o
#        G:\STM32F407-RS485数据采集-V2\RS485-主机端\EWARM\YS-F4Pro\Obj\bsp_calendar.o
#        G:\STM32F407-RS485数据采集-V2\RS485-主机端\EWARM\YS-F4Pro\Obj\bsp_debug_usart.o
#        G:\STM32F407-RS485数据采集-V2\RS485-主机端\EWARM\YS-F4Pro\Obj\bsp_gpio.o
#        G:\STM32F407-RS485数据采集-V2\RS485-主机端\EWARM\YS-F4Pro\Obj\bsp_led.o
#        G:\STM32F407-RS485数据采集-V2\RS485-主机端\EWARM\YS-F4Pro\Obj\bsp_rtc.o
#        G:\STM32F407-RS485数据采集-V2\RS485-主机端\EWARM\YS-F4Pro\Obj\bsp_spiflash.o
#        G:\STM32F407-RS485数据采集-V2\RS485-主机端\EWARM\YS-F4Pro\Obj\bsp_usartx_RS485.o
#        G:\STM32F407-RS485数据采集-V2\RS485-主机端\EWARM\YS-F4Pro\Obj\crc16.o
#        G:\STM32F407-RS485数据采集-V2\RS485-主机端\EWARM\YS-F4Pro\Obj\function.o
#        G:\STM32F407-RS485数据采集-V2\RS485-主机端\EWARM\YS-F4Pro\Obj\main.o
#        G:\STM32F407-RS485数据采集-V2\RS485-主机端\EWARM\YS-F4Pro\Obj\sample.o
#        G:\STM32F407-RS485数据采集-V2\RS485-主机端\EWARM\YS-F4Pro\Obj\startup_stm32f407xx.o
#        G:\STM32F407-RS485数据采集-V2\RS485-主机端\EWARM\YS-F4Pro\Obj\stm32f4xx_assert.o
#        G:\STM32F407-RS485数据采集-V2\RS485-主机端\EWARM\YS-F4Pro\Obj\stm32f4xx_hal.o
#        G:\STM32F407-RS485数据采集-V2\RS485-主机端\EWARM\YS-F4Pro\Obj\stm32f4xx_hal_adc.o
#        G:\STM32F407-RS485数据采集-V2\RS485-主机端\EWARM\YS-F4Pro\Obj\stm32f4xx_hal_adc_ex.o
#        G:\STM32F407-RS485数据采集-V2\RS485-主机端\EWARM\YS-F4Pro\Obj\stm32f4xx_hal_can.o
#        G:\STM32F407-RS485数据采集-V2\RS485-主机端\EWARM\YS-F4Pro\Obj\stm32f4xx_hal_cec.o
#        G:\STM32F407-RS485数据采集-V2\RS485-主机端\EWARM\YS-F4Pro\Obj\stm32f4xx_hal_cortex.o
#        G:\STM32F407-RS485数据采集-V2\RS485-主机端\EWARM\YS-F4Pro\Obj\stm32f4xx_hal_crc.o
#        G:\STM32F407-RS485数据采集-V2\RS485-主机端\EWARM\YS-F4Pro\Obj\stm32f4xx_hal_cryp.o
#        G:\STM32F407-RS485数据采集-V2\RS485-主机端\EWARM\YS-F4Pro\Obj\stm32f4xx_hal_cryp_ex.o
#        G:\STM32F407-RS485数据采集-V2\RS485-主机端\EWARM\YS-F4Pro\Obj\stm32f4xx_hal_dac.o
#        G:\STM32F407-RS485数据采集-V2\RS485-主机端\EWARM\YS-F4Pro\Obj\stm32f4xx_hal_dac_ex.o
#        G:\STM32F407-RS485数据采集-V2\RS485-主机端\EWARM\YS-F4Pro\Obj\stm32f4xx_hal_dcmi.o
#        G:\STM32F407-RS485数据采集-V2\RS485-主机端\EWARM\YS-F4Pro\Obj\stm32f4xx_hal_dcmi_ex.o
#        G:\STM32F407-RS485数据采集-V2\RS485-主机端\EWARM\YS-F4Pro\Obj\stm32f4xx_hal_dfsdm.o
#        G:\STM32F407-RS485数据采集-V2\RS485-主机端\EWARM\YS-F4Pro\Obj\stm32f4xx_hal_dma.o
#        G:\STM32F407-RS485数据采集-V2\RS485-主机端\EWARM\YS-F4Pro\Obj\stm32f4xx_hal_dma2d.o
#        G:\STM32F407-RS485数据采集-V2\RS485-主机端\EWARM\YS-F4Pro\Obj\stm32f4xx_hal_dma_ex.o
#        G:\STM32F407-RS485数据采集-V2\RS485-主机端\EWARM\YS-F4Pro\Obj\stm32f4xx_hal_dsi.o
#        G:\STM32F407-RS485数据采集-V2\RS485-主机端\EWARM\YS-F4Pro\Obj\stm32f4xx_hal_eth.o
#        G:\STM32F407-RS485数据采集-V2\RS485-主机端\EWARM\YS-F4Pro\Obj\stm32f4xx_hal_flash.o
#        G:\STM32F407-RS485数据采集-V2\RS485-主机端\EWARM\YS-F4Pro\Obj\stm32f4xx_hal_flash_ex.o
#        G:\STM32F407-RS485数据采集-V2\RS485-主机端\EWARM\YS-F4Pro\Obj\stm32f4xx_hal_flash_ramfunc.o
#        G:\STM32F407-RS485数据采集-V2\RS485-主机端\EWARM\YS-F4Pro\Obj\stm32f4xx_hal_fmpi2c.o
#        G:\STM32F407-RS485数据采集-V2\RS485-主机端\EWARM\YS-F4Pro\Obj\stm32f4xx_hal_fmpi2c_ex.o
#        G:\STM32F407-RS485数据采集-V2\RS485-主机端\EWARM\YS-F4Pro\Obj\stm32f4xx_hal_gpio.o
#        G:\STM32F407-RS485数据采集-V2\RS485-主机端\EWARM\YS-F4Pro\Obj\stm32f4xx_hal_hash.o
#        G:\STM32F407-RS485数据采集-V2\RS485-主机端\EWARM\YS-F4Pro\Obj\stm32f4xx_hal_hash_ex.o
#        G:\STM32F407-RS485数据采集-V2\RS485-主机端\EWARM\YS-F4Pro\Obj\stm32f4xx_hal_hcd.o
#        G:\STM32F407-RS485数据采集-V2\RS485-主机端\EWARM\YS-F4Pro\Obj\stm32f4xx_hal_i2c.o
#        G:\STM32F407-RS485数据采集-V2\RS485-主机端\EWARM\YS-F4Pro\Obj\stm32f4xx_hal_i2c_ex.o
#        G:\STM32F407-RS485数据采集-V2\RS485-主机端\EWARM\YS-F4Pro\Obj\stm32f4xx_hal_i2s.o
#        G:\STM32F407-RS485数据采集-V2\RS485-主机端\EWARM\YS-F4Pro\Obj\stm32f4xx_hal_i2s_ex.o
#        G:\STM32F407-RS485数据采集-V2\RS485-主机端\EWARM\YS-F4Pro\Obj\stm32f4xx_hal_irda.o
#        G:\STM32F407-RS485数据采集-V2\RS485-主机端\EWARM\YS-F4Pro\Obj\stm32f4xx_hal_iwdg.o
#        G:\STM32F407-RS485数据采集-V2\RS485-主机端\EWARM\YS-F4Pro\Obj\stm32f4xx_hal_lptim.o
#        G:\STM32F407-RS485数据采集-V2\RS485-主机端\EWARM\YS-F4Pro\Obj\stm32f4xx_hal_ltdc.o
#        G:\STM32F407-RS485数据采集-V2\RS485-主机端\EWARM\YS-F4Pro\Obj\stm32f4xx_hal_ltdc_ex.o
#        G:\STM32F407-RS485数据采集-V2\RS485-主机端\EWARM\YS-F4Pro\Obj\stm32f4xx_hal_mmc.o
#        G:\STM32F407-RS485数据采集-V2\RS485-主机端\EWARM\YS-F4Pro\Obj\stm32f4xx_hal_msp.o
#        G:\STM32F407-RS485数据采集-V2\RS485-主机端\EWARM\YS-F4Pro\Obj\stm32f4xx_hal_nand.o
#        G:\STM32F407-RS485数据采集-V2\RS485-主机端\EWARM\YS-F4Pro\Obj\stm32f4xx_hal_nor.o
#        G:\STM32F407-RS485数据采集-V2\RS485-主机端\EWARM\YS-F4Pro\Obj\stm32f4xx_hal_pccard.o
#        G:\STM32F407-RS485数据采集-V2\RS485-主机端\EWARM\YS-F4Pro\Obj\stm32f4xx_hal_pcd.o
#        G:\STM32F407-RS485数据采集-V2\RS485-主机端\EWARM\YS-F4Pro\Obj\stm32f4xx_hal_pcd_ex.o
#        G:\STM32F407-RS485数据采集-V2\RS485-主机端\EWARM\YS-F4Pro\Obj\stm32f4xx_hal_pwr.o
#        G:\STM32F407-RS485数据采集-V2\RS485-主机端\EWARM\YS-F4Pro\Obj\stm32f4xx_hal_pwr_ex.o
#        G:\STM32F407-RS485数据采集-V2\RS485-主机端\EWARM\YS-F4Pro\Obj\stm32f4xx_hal_qspi.o
#        G:\STM32F407-RS485数据采集-V2\RS485-主机端\EWARM\YS-F4Pro\Obj\stm32f4xx_hal_rcc.o
#        G:\STM32F407-RS485数据采集-V2\RS485-主机端\EWARM\YS-F4Pro\Obj\stm32f4xx_hal_rcc_ex.o
#        G:\STM32F407-RS485数据采集-V2\RS485-主机端\EWARM\YS-F4Pro\Obj\stm32f4xx_hal_rng.o
#        G:\STM32F407-RS485数据采集-V2\RS485-主机端\EWARM\YS-F4Pro\Obj\stm32f4xx_hal_rtc.o
#        G:\STM32F407-RS485数据采集-V2\RS485-主机端\EWARM\YS-F4Pro\Obj\stm32f4xx_hal_rtc_ex.o
#        G:\STM32F407-RS485数据采集-V2\RS485-主机端\EWARM\YS-F4Pro\Obj\stm32f4xx_hal_sai.o
#        G:\STM32F407-RS485数据采集-V2\RS485-主机端\EWARM\YS-F4Pro\Obj\stm32f4xx_hal_sai_ex.o
#        G:\STM32F407-RS485数据采集-V2\RS485-主机端\EWARM\YS-F4Pro\Obj\stm32f4xx_hal_sd.o
#        G:\STM32F407-RS485数据采集-V2\RS485-主机端\EWARM\YS-F4Pro\Obj\stm32f4xx_hal_sdram.o
#        G:\STM32F407-RS485数据采集-V2\RS485-主机端\EWARM\YS-F4Pro\Obj\stm32f4xx_hal_smartcard.o
#        G:\STM32F407-RS485数据采集-V2\RS485-主机端\EWARM\YS-F4Pro\Obj\stm32f4xx_hal_spdifrx.o
#        G:\STM32F407-RS485数据采集-V2\RS485-主机端\EWARM\YS-F4Pro\Obj\stm32f4xx_hal_spi.o
#        G:\STM32F407-RS485数据采集-V2\RS485-主机端\EWARM\YS-F4Pro\Obj\stm32f4xx_hal_sram.o
#        G:\STM32F407-RS485数据采集-V2\RS485-主机端\EWARM\YS-F4Pro\Obj\stm32f4xx_hal_tim.o
#        G:\STM32F407-RS485数据采集-V2\RS485-主机端\EWARM\YS-F4Pro\Obj\stm32f4xx_hal_tim_ex.o
#        G:\STM32F407-RS485数据采集-V2\RS485-主机端\EWARM\YS-F4Pro\Obj\stm32f4xx_hal_uart.o
#        G:\STM32F407-RS485数据采集-V2\RS485-主机端\EWARM\YS-F4Pro\Obj\stm32f4xx_hal_usart.o
#        G:\STM32F407-RS485数据采集-V2\RS485-主机端\EWARM\YS-F4Pro\Obj\stm32f4xx_hal_wwdg.o
#        G:\STM32F407-RS485数据采集-V2\RS485-主机端\EWARM\YS-F4Pro\Obj\stm32f4xx_it.o
#        G:\STM32F407-RS485数据采集-V2\RS485-主机端\EWARM\YS-F4Pro\Obj\stm32f4xx_ll_adc.o
#        G:\STM32F407-RS485数据采集-V2\RS485-主机端\EWARM\YS-F4Pro\Obj\stm32f4xx_ll_crc.o
#        G:\STM32F407-RS485数据采集-V2\RS485-主机端\EWARM\YS-F4Pro\Obj\stm32f4xx_ll_dac.o
#        G:\STM32F407-RS485数据采集-V2\RS485-主机端\EWARM\YS-F4Pro\Obj\stm32f4xx_ll_dma.o
#        G:\STM32F407-RS485数据采集-V2\RS485-主机端\EWARM\YS-F4Pro\Obj\stm32f4xx_ll_dma2d.o
#        G:\STM32F407-RS485数据采集-V2\RS485-主机端\EWARM\YS-F4Pro\Obj\stm32f4xx_ll_exti.o
#        G:\STM32F407-RS485数据采集-V2\RS485-主机端\EWARM\YS-F4Pro\Obj\stm32f4xx_ll_fmc.o
#        G:\STM32F407-RS485数据采集-V2\RS485-主机端\EWARM\YS-F4Pro\Obj\stm32f4xx_ll_fsmc.o
#        G:\STM32F407-RS485数据采集-V2\RS485-主机端\EWARM\YS-F4Pro\Obj\stm32f4xx_ll_gpio.o
#        G:\STM32F407-RS485数据采集-V2\RS485-主机端\EWARM\YS-F4Pro\Obj\stm32f4xx_ll_i2c.o
#        G:\STM32F407-RS485数据采集-V2\RS485-主机端\EWARM\YS-F4Pro\Obj\stm32f4xx_ll_lptim.o
#        G:\STM32F407-RS485数据采集-V2\RS485-主机端\EWARM\YS-F4Pro\Obj\stm32f4xx_ll_pwr.o
#        G:\STM32F407-RS485数据采集-V2\RS485-主机端\EWARM\YS-F4Pro\Obj\stm32f4xx_ll_rcc.o
#        G:\STM32F407-RS485数据采集-V2\RS485-主机端\EWARM\YS-F4Pro\Obj\stm32f4xx_ll_rng.o
#        G:\STM32F407-RS485数据采集-V2\RS485-主机端\EWARM\YS-F4Pro\Obj\stm32f4xx_ll_rtc.o
#        G:\STM32F407-RS485数据采集-V2\RS485-主机端\EWARM\YS-F4Pro\Obj\stm32f4xx_ll_sdmmc.o
#        G:\STM32F407-RS485数据采集-V2\RS485-主机端\EWARM\YS-F4Pro\Obj\stm32f4xx_ll_spi.o
#        G:\STM32F407-RS485数据采集-V2\RS485-主机端\EWARM\YS-F4Pro\Obj\stm32f4xx_ll_tim.o
#        G:\STM32F407-RS485数据采集-V2\RS485-主机端\EWARM\YS-F4Pro\Obj\stm32f4xx_ll_usart.o
#        G:\STM32F407-RS485数据采集-V2\RS485-主机端\EWARM\YS-F4Pro\Obj\stm32f4xx_ll_usb.o
#        G:\STM32F407-RS485数据采集-V2\RS485-主机端\EWARM\YS-F4Pro\Obj\stm32f4xx_ll_utils.o
#        G:\STM32F407-RS485数据采集-V2\RS485-主机端\EWARM\YS-F4Pro\Obj\system_stm32f4xx.o
#        G:\STM32F407-RS485数据采集-V2\RS485-主机端\EWARM\YS-F4Pro\Obj\variable.o
#        --redirect _Printf=_PrintfFull --redirect _Scanf=_ScanfFull -o
#        G:\STM32F407-RS485数据采集-V2\RS485-主机端\EWARM\YS-F4Pro\Exe\YS-F4Pro.out
#        --map
#        G:\STM32F407-RS485数据采集-V2\RS485-主机端\EWARM\YS-F4Pro\List\YS-F4Pro.map
#        --config
#        G:\STM32F407-RS485数据采集-V2\RS485-主机端\EWARM\stm32f407xx_flash.icf
#        --semihosting --entry __iar_program_start --vfe
#
###############################################################################

*******************************************************************************
*** RUNTIME MODEL ATTRIBUTES
***

CppFlavor                     = *
__Heap_Handler                = DLMalloc
__SystemLibrary               = DLib
__dlib_dynamic_initialization = normal


*******************************************************************************
*** PLACEMENT SUMMARY
***

"A1":  place at 0x08000000 { ro section .intvec };
"P1":  place in [from 0x08000000 to 0x080fffff] { ro };
"P2":  place in [from 0x20000000 to 0x2001ffff] { rw, block CSTACK, block HEAP };

  Section             Kind        Address    Size  Object
  -------             ----        -------    ----  ------
"A1":                                       0x188
  .intvec             ro code  0x08000000   0x188  startup_stm32f407xx.o [1]
                             - 0x08000188   0x188

"P1":                                      0xa164
  .text               ro code  0x08000188  0x18bc  function.o [1]
  .text               ro code  0x08001a44    0x24  printf.o [3]
  .text               ro code  0x08001a68    0x4c  strtok.o [3]
  .text               ro code  0x08001ab4     0x6  ABImemclr4.o [5]
  .text               ro code  0x08001aba     0xa  xsprout.o [3]
  .text               ro code  0x08001ac4    0x44  strcpy_unaligned.o [5]
  .text               ro code  0x08001b08  0x14f0  dlmalloc.o [3]
  .text               ro code  0x08002ff8    0x4e  FltToDbl.o [4]
  .text               ro code  0x08003048    0x34  sprintf.o [3]
  .text               ro code  0x0800307c    0x36  strlen.o [5]
  .text               ro code  0x080030b4   0x7c8  stm32f4xx_hal_uart.o [1]
  .text               ro code  0x0800387c     0x8  atoi.o [3]
  .text               ro code  0x08003884     0xe  strtod.o [4]
  .text               ro code  0x08003894   0x230  stm32f4xx_hal_gpio.o [1]
  .text               ro code  0x08003ac4   0x408  stm32f4xx_hal_rtc.o [1]
  .text               ro code  0x08003ecc    0x2e  DblCmpLe.o [4]
  .text               ro code  0x08003efc   0x1a2  DblMul.o [4]
  .text               ro code  0x080040a0    0x90  DblToFlt.o [4]
  .text               ro code  0x08004130    0xce  crc16.o [1]
  .text               ro code  0x08004200    0x42  strcmp_unaligned.o [5]
  .text               ro code  0x08004244    0x30  I32ToDbl.o [4]
  .text               ro code  0x08004274    0xe8  DblAdd.o [4]
  .text               ro code  0x0800435c    0x58  DblToI32.o [4]
  .text               ro code  0x080043b4    0x6c  system_stm32f4xx.o [1]
  .text               ro code  0x08004420   0x8c0  pow.o [4]
  .text               ro code  0x08004ce0   0x3fc  bsp_spiflash.o [1]
  .text               ro code  0x080050dc  0x1166  xprintffull.o [3]
  .text               ro code  0x08006242     0x2  xtls.o [3]
  .text               ro code  0x08006244    0x22  strspn.o [3]
  .text               ro code  0x08006266    0x22  strcspn.o [3]
  .text               ro code  0x08006288    0x32  ABImemset48.o [5]
  .text               ro code  0x080062ba     0x6  abort.o [3]
  .text               ro code  0x080062c0    0x2c  xgetmemchunk.o [3]
  .text               ro code  0x080062ec   0x26c  bsp_debug_usart.o [1]
  .text               ro code  0x08006558    0x9c  stm32f4xx_hal.o [1]
  .text               ro code  0x080065f4    0x26  stm32f4xx_hal_dma.o [1]
  .text               ro code  0x0800661c   0x5d0  main.o [1]
  .text               ro code  0x08006bec   0x6bc  stm32f4xx_hal_rcc.o [1]
  .text               ro code  0x080072a8   0x198  xstoul.o [3]
  .text               ro code  0x08007440   0x168  xstod.o [4]
  .text               ro code  0x080075a8   0x118  bsp_rtc.o [1]
  .text               ro code  0x080076c0   0x180  DblSub.o [4]
  .text               ro code  0x08007840    0x42  xdnorm.o [4]
  .text               ro code  0x08007882    0x7a  xdint.o [4]
  .text               ro code  0x080078fc    0x20  DblCmpEq.o [4]
  .text               ro code  0x0800791c     0xc  errno.o [3]
  .text               ro code  0x08007928    0x2e  DblCmpGe.o [4]
  .text               ro code  0x08007958   0x256  DblDiv.o [4]
  .text               ro code  0x08007bb0    0xb0  xlog.o [4]
  .text               ro code  0x08007c60   0x2c6  xexp.o [4]
  .text               ro code  0x08007f28   0x36c  stm32f4xx_hal_spi.o [1]
  .text               ro code  0x08008294    0x20  xmbtowc.o [3]
  .text               ro code  0x080082b4    0x16  strchr.o [5]
  .text               ro code  0x080082cc    0x58  memchr.o [5]
  .text               ro code  0x08008324     0xa  xmbcurmax.o [3]
  .text               ro code  0x0800832e    0x1a  xwctomb.o [3]
  .text               ro code  0x08008348    0x76  ABImemcpy_unaligned.o [5]
  .text               ro code  0x080083c0    0xee  I64DivMod.o [5]
  .text               ro code  0x080084b0   0x114  xdscale.o [4]
  .text               ro code  0x080085c4    0x6c  localeconv.o [3]
  .text               ro code  0x08008630     0xe  div.o [3]
  .text               ro code  0x08008640    0x14  exit.o [6]
  .text               ro code  0x08008654   0x152  stm32f4xx_hal_cortex.o [1]
  .text               ro code  0x080087a6    0x6e  stm32f4xx_hal_msp.o [1]
  .text               ro code  0x08008814   0x148  bsp_usartx_RS485.o [1]
  .text               ro code  0x0800895c    0xc8  bsp_led.o [1]
  .text               ro code  0x08008a24    0xd8  bsp_gpio.o [1]
  .text               ro code  0x08008afc    0x7c  bsp_BasicTIM.o [1]
  .text               ro code  0x08008b78   0x2e4  stm32f4xx_hal_tim.o [1]
  .text               ro code  0x08008e5c   0x180  sample.o [1]
  .text               ro code  0x08008fdc    0x28  isxxx.o [3]
  .text               ro code  0x08009004    0x14  tolower.o [3]
  .text               ro code  0x08009018   0x124  xstopfx.o [3]
  .text               ro code  0x0800913c   0x1b8  xstoflt.o [3]
  .rodata             const    0x080092f4    0x2c  function.o [1]
  .text               ro code  0x08009320   0x200  xdtento.o [4]
  .text               ro code  0x08009520   0x218  xstoxflt.o [3]
  .text               ro code  0x08009738    0x20  stm32f4xx_hal_rtc_ex.o [1]
  .text               ro code  0x08009758    0x18  stm32f4xx_hal_pwr.o [1]
  .text               ro code  0x08009770   0x17c  stm32f4xx_hal_rcc_ex.o [1]
  .text               ro code  0x080098ec    0x40  xdtest.o [4]
  .text               ro code  0x0800992c    0x24  setlocale.o [3]
  .text               ro code  0x08009950    0x60  xencoding_sb.o [3]
  .text               ro code  0x080099b0     0x2  I64DivZer.o [5]
  .text               ro code  0x080099b4    0x5c  stm32f4xx_hal_tim_ex.o [1]
  .text               ro code  0x08009a10    0x16  xlocale_c.o [3]
  .text               ro code  0x08009a26    0x14  xlocale_c.o [3]
  .text               ro code  0x08009a3a     0xc  xlocale_c.o [3]
  .text               ro code  0x08009a46    0x52  xdunscal.o [4]
  .text               ro code  0x08009a98    0x58  stm32f4xx_it.o [1]
  .text               ro code  0x08009af0    0x40  zero_init3.o [5]
  .text               ro code  0x08009b30    0x38  packbits_init_single.o [5]
  .rodata             const    0x08009b68    0x30  function.o [1]
  .text               ro code  0x08009b98    0x28  data_init.o [5]
  .rodata             const    0x08009bc0    0x24  function.o [1]
  .rodata             const    0x08009be4    0x24  function.o [1]
  .rodata             const    0x08009c08    0x24  function.o [1]
  .text               ro code  0x08009c2c    0x22  fpinit_M.o [4]
  .iar.init_table     const    0x08009c50    0x20  - Linker created -
  .rodata             const    0x08009c70    0x20  function.o [1]
  .rodata             const    0x08009c90    0x20  function.o [1]
  .rodata             const    0x08009cb0    0x20  function.o [1]
  .rodata             const    0x08009cd0    0x20  function.o [1]
  .rodata             const    0x08009cf0    0x20  function.o [1]
  .rodata             const    0x08009d10    0x1c  function.o [1]
  .rodata             const    0x08009d2c    0x1c  function.o [1]
  .rodata             const    0x08009d48    0x1c  function.o [1]
  .rodata             const    0x08009d64    0x1c  function.o [1]
  .rodata             const    0x08009d80    0x1c  function.o [1]
  .rodata             const    0x08009d9c    0x1c  function.o [1]
  .rodata             const    0x08009db8    0x1c  main.o [1]
  .rodata             const    0x08009dd4    0x1c  main.o [1]
  .text               ro code  0x08009df0    0x1a  cmain.o [5]
  .text               ro code  0x08009e0a     0x4  low_level_init.o [3]
  .text               ro code  0x08009e0e     0x4  exit.o [3]
  .text               ro code  0x08009e14     0xa  cexit.o [5]
  .rodata             const    0x08009e20    0x18  bsp_rtc.o [1]
  .rodata             const    0x08009e38    0x18  function.o [1]
  .rodata             const    0x08009e50    0x18  function.o [1]
  .rodata             const    0x08009e68    0x18  function.o [1]
  .rodata             const    0x08009e80    0x18  function.o [1]
  .rodata             const    0x08009e98    0x18  main.o [1]
  .rodata             const    0x08009eb0    0x18  main.o [1]
  .text               ro code  0x08009ec8    0x16  xprout.o [3]
  .text               ro code  0x08009ee0     0xc  putchar.o [3]
  .rodata             const    0x08009eec    0x14  bsp_rtc.o [1]
  .rodata             const    0x08009f00    0x14  bsp_usartx_RS485.o [1]
  .rodata             const    0x08009f14    0x14  function.o [1]
  .rodata             const    0x08009f28    0x14  function.o [1]
  .rodata             const    0x08009f3c    0x14  function.o [1]
  .rodata             const    0x08009f50    0x14  main.o [1]
  .rodata             const    0x08009f64    0x14  sample.o [1]
  .rodata             const    0x08009f78    0x10  bsp_usartx_RS485.o [1]
  .rodata             const    0x08009f88    0x10  bsp_usartx_RS485.o [1]
  .rodata             const    0x08009f98    0x10  bsp_usartx_RS485.o [1]
  .rodata             const    0x08009fa8    0x10  function.o [1]
  .rodata             const    0x08009fb8    0x10  function.o [1]
  .rodata             const    0x08009fc8    0x10  function.o [1]
  .rodata             const    0x08009fd8    0x10  function.o [1]
  .rodata             const    0x08009fe8    0x10  function.o [1]
  .rodata             const    0x08009ff8    0x10  sample.o [1]
  .rodata             const    0x0800a008    0x10  system_stm32f4xx.o [1]
  .text               ro code  0x0800a018    0x10  startup_stm32f407xx.o [1]
  .rodata             const    0x0800a028     0xc  bsp_usartx_RS485.o [1]
  .rodata             const    0x0800a034     0xc  function.o [1]
  .rodata             const    0x0800a040     0xc  function.o [1]
  .rodata             const    0x0800a04c     0xc  function.o [1]
  .rodata             const    0x0800a058     0xc  function.o [1]
  .rodata             const    0x0800a064     0xc  main.o [1]
  .text               ro code  0x0800a070     0xc  cstartup_M.o [5]
  .rodata             const    0x0800a07c     0x8  function.o [1]
  .rodata             const    0x0800a084     0x8  function.o [1]
  .rodata             const    0x0800a08c     0x8  function.o [1]
  .rodata             const    0x0800a094     0x8  function.o [1]
  .rodata             const    0x0800a09c     0x8  function.o [1]
  .rodata             const    0x0800a0a4     0x8  function.o [1]
  .rodata             const    0x0800a0ac     0x8  function.o [1]
  .rodata             const    0x0800a0b4     0x8  main.o [1]
  .rodata             const    0x0800a0bc     0x8  main.o [1]
  .rodata             const    0x0800a0c4     0x8  system_stm32f4xx.o [1]
  .rodata             const    0x0800a0cc     0x4  bsp_calendar.o [1]
  .rodata             const    0x0800a0d0     0x4  bsp_calendar.o [1]
  .rodata             const    0x0800a0d4     0x4  bsp_calendar.o [1]
  .rodata             const    0x0800a0d8     0x4  bsp_calendar.o [1]
  .rodata             const    0x0800a0dc     0x4  bsp_calendar.o [1]
  .rodata             const    0x0800a0e0     0x4  bsp_calendar.o [1]
  .rodata             const    0x0800a0e4     0x4  bsp_calendar.o [1]
  .rodata             const    0x0800a0e8     0x4  bsp_calendar.o [1]
  .rodata             const    0x0800a0ec     0x4  bsp_calendar.o [1]
  .rodata             const    0x0800a0f0     0x4  bsp_calendar.o [1]
  .rodata             const    0x0800a0f4     0x4  bsp_calendar.o [1]
  .rodata             const    0x0800a0f8     0x4  bsp_calendar.o [1]
  .rodata             const    0x0800a0fc     0x4  bsp_calendar.o [1]
  .rodata             const    0x0800a100     0x4  bsp_calendar.o [1]
  .rodata             const    0x0800a104     0x4  bsp_calendar.o [1]
  .rodata             const    0x0800a108     0x4  bsp_calendar.o [1]
  .rodata             const    0x0800a10c     0x4  bsp_calendar.o [1]
  .rodata             const    0x0800a110     0x4  bsp_calendar.o [1]
  .rodata             const    0x0800a114     0x4  bsp_calendar.o [1]
  .text               ro code  0x0800a118     0x4  startup_stm32f407xx.o [1]
  .text               ro code  0x0800a11c     0x4  startup_stm32f407xx.o [1]
  .text               ro code  0x0800a120     0x4  startup_stm32f407xx.o [1]
  .text               ro code  0x0800a124     0x4  startup_stm32f407xx.o [1]
  .text               ro code  0x0800a128     0x4  startup_stm32f407xx.o [1]
  .text               ro code  0x0800a12c     0x4  startup_stm32f407xx.o [1]
  .text               ro code  0x0800a130     0x4  startup_stm32f407xx.o [1]
  .text               ro code  0x0800a134     0x4  startup_stm32f407xx.o [1]
  .text               ro code  0x0800a138     0x4  startup_stm32f407xx.o [1]
  .text               ro code  0x0800a13c     0x4  startup_stm32f407xx.o [1]
  .text               ro code  0x0800a140     0x4  startup_stm32f407xx.o [1]
  .text               ro code  0x0800a144     0x4  startup_stm32f407xx.o [1]
  .text               ro code  0x0800a148     0x4  startup_stm32f407xx.o [1]
  .text               ro code  0x0800a14c     0x4  startup_stm32f407xx.o [1]
  .text               ro code  0x0800a150     0x4  startup_stm32f407xx.o [1]
  .text               ro code  0x0800a154     0x4  startup_stm32f407xx.o [1]
  .text               ro code  0x0800a158     0x4  startup_stm32f407xx.o [1]
  .text               ro code  0x0800a15c     0x4  startup_stm32f407xx.o [1]
  .text               ro code  0x0800a160     0x4  startup_stm32f407xx.o [1]
  .text               ro code  0x0800a164     0x4  startup_stm32f407xx.o [1]
  .text               ro code  0x0800a168     0x4  startup_stm32f407xx.o [1]
  .text               ro code  0x0800a16c     0x4  startup_stm32f407xx.o [1]
  .text               ro code  0x0800a170     0x4  startup_stm32f407xx.o [1]
  .text               ro code  0x0800a174     0x4  startup_stm32f407xx.o [1]
  .text               ro code  0x0800a178     0x4  startup_stm32f407xx.o [1]
  .text               ro code  0x0800a17c     0x4  startup_stm32f407xx.o [1]
  .text               ro code  0x0800a180     0x4  startup_stm32f407xx.o [1]
  .text               ro code  0x0800a184     0x4  startup_stm32f407xx.o [1]
  .text               ro code  0x0800a188     0x4  startup_stm32f407xx.o [1]
  .text               ro code  0x0800a18c     0x4  startup_stm32f407xx.o [1]
  .text               ro code  0x0800a190     0x4  startup_stm32f407xx.o [1]
  .text               ro code  0x0800a194     0x4  startup_stm32f407xx.o [1]
  .text               ro code  0x0800a198     0x4  startup_stm32f407xx.o [1]
  .text               ro code  0x0800a19c     0x4  startup_stm32f407xx.o [1]
  .text               ro code  0x0800a1a0     0x4  startup_stm32f407xx.o [1]
  .text               ro code  0x0800a1a4     0x4  startup_stm32f407xx.o [1]
  .text               ro code  0x0800a1a8     0x4  startup_stm32f407xx.o [1]
  .text               ro code  0x0800a1ac     0x4  startup_stm32f407xx.o [1]
  .text               ro code  0x0800a1b0     0x4  startup_stm32f407xx.o [1]
  .text               ro code  0x0800a1b4     0x4  startup_stm32f407xx.o [1]
  .text               ro code  0x0800a1b8     0x4  startup_stm32f407xx.o [1]
  .text               ro code  0x0800a1bc     0x4  startup_stm32f407xx.o [1]
  .text               ro code  0x0800a1c0     0x4  startup_stm32f407xx.o [1]
  .text               ro code  0x0800a1c4     0x4  startup_stm32f407xx.o [1]
  .text               ro code  0x0800a1c8     0x4  startup_stm32f407xx.o [1]
  .text               ro code  0x0800a1cc     0x4  startup_stm32f407xx.o [1]
  .text               ro code  0x0800a1d0     0x4  startup_stm32f407xx.o [1]
  .text               ro code  0x0800a1d4     0x4  startup_stm32f407xx.o [1]
  .text               ro code  0x0800a1d8     0x4  startup_stm32f407xx.o [1]
  .text               ro code  0x0800a1dc     0x4  startup_stm32f407xx.o [1]
  .text               ro code  0x0800a1e0     0x4  startup_stm32f407xx.o [1]
  .text               ro code  0x0800a1e4     0x4  startup_stm32f407xx.o [1]
  .text               ro code  0x0800a1e8     0x4  startup_stm32f407xx.o [1]
  .text               ro code  0x0800a1ec     0x4  startup_stm32f407xx.o [1]
  .text               ro code  0x0800a1f0     0x4  startup_stm32f407xx.o [1]
  .text               ro code  0x0800a1f4     0x4  startup_stm32f407xx.o [1]
  .text               ro code  0x0800a1f8     0x4  startup_stm32f407xx.o [1]
  .text               ro code  0x0800a1fc     0x4  startup_stm32f407xx.o [1]
  .text               ro code  0x0800a200     0x4  startup_stm32f407xx.o [1]
  .text               ro code  0x0800a204     0x4  startup_stm32f407xx.o [1]
  .text               ro code  0x0800a208     0x4  startup_stm32f407xx.o [1]
  .text               ro code  0x0800a20c     0x4  startup_stm32f407xx.o [1]
  .text               ro code  0x0800a210     0x4  startup_stm32f407xx.o [1]
  .text               ro code  0x0800a214     0x4  startup_stm32f407xx.o [1]
  .text               ro code  0x0800a218     0x4  startup_stm32f407xx.o [1]
  .text               ro code  0x0800a21c     0x4  startup_stm32f407xx.o [1]
  .text               ro code  0x0800a220     0x4  startup_stm32f407xx.o [1]
  .text               ro code  0x0800a224     0x4  startup_stm32f407xx.o [1]
  .text               ro code  0x0800a228     0x4  startup_stm32f407xx.o [1]
  .text               ro code  0x0800a22c     0x4  startup_stm32f407xx.o [1]
  .text               ro code  0x0800a230     0x4  startup_stm32f407xx.o [1]
  .text               ro code  0x0800a234     0x4  startup_stm32f407xx.o [1]
  .text               ro code  0x0800a238     0x4  startup_stm32f407xx.o [1]
  .text               ro code  0x0800a23c     0x4  startup_stm32f407xx.o [1]
  .text               ro code  0x0800a240     0x4  startup_stm32f407xx.o [1]
  .text               ro code  0x0800a244     0x4  startup_stm32f407xx.o [1]
  .rodata             const    0x0800a248     0x0  zero_init3.o [5]
  .rodata             const    0x0800a248     0x0  packbits_init_single.o [5]
  Initializer bytes   const    0x0800a248    0xa4  <for P2-1>
                             - 0x0800a2ec  0xa164

"P2", part 1 of 3:                          0x1be
  P2-1                         0x20000000   0x1be  <Init block>
    .data             inited   0x20000000    0x1c  bsp_calendar.o [1]
    .data             inited   0x2000001c    0x30  bsp_calendar.o [1]
    .data             inited   0x2000004c     0x4  system_stm32f4xx.o [1]
    .data             inited   0x20000050     0xc  variable.o [1]
    .data             inited   0x2000005c     0x4  variable.o [1]
    .data             inited   0x20000060     0x4  variable.o [1]
    .data             inited   0x20000064     0x4  variable.o [1]
    .data             inited   0x20000068     0x4  variable.o [1]
    .data             inited   0x2000006c     0x4  variable.o [1]
    .data             inited   0x20000070     0x4  variable.o [1]
    .data             inited   0x20000074     0x4  variable.o [1]
    .data             inited   0x20000078    0x40  xfiles.o [3]
    __DLIB_PERTHREAD  inited   0x200000b8     0x4  strtok.o [3]
    __DLIB_PERTHREAD  inited   0x200000bc     0x4  errno.o [3]
    __DLIB_PERTHREAD  inited   0x200000c0    0x74  setlocale.o [3]
    __DLIB_PERTHREAD  inited   0x20000134    0x88  localeconv.o [3]
    .data             inited   0x200001bc     0x2  variable.o [1]
                             - 0x200001be   0x1be

"P2", part 2 of 3:                         0x2000
  CSTACK                       0x200001c0  0x1000  <Block>
    CSTACK            uninit   0x200001c0  0x1000  <Block tail>
  HEAP                         0x200011c0  0x1000  <Block>
    HEAP              uninit   0x200011c0  0x1000  <Block tail>
                             - 0x200021c0  0x2000

"P2", part 3 of 3:                          0xee0
  .bss                zero     0x200021c0   0x3e8  variable.o [1]
  .bss                zero     0x200025a8   0x1f4  variable.o [1]
  .bss                zero     0x2000279c   0x1f4  variable.o [1]
  .bss                zero     0x20002990   0x1d8  dlmalloc.o [3]
  .bss                zero     0x20002b68   0x1a0  variable.o [1]
  .bss                zero     0x20002d08    0xc8  variable.o [1]
  .bss                zero     0x20002dd0    0xc8  variable.o [1]
  .bss                zero     0x20002e98    0x58  bsp_spiflash.o [1]
  .bss                zero     0x20002ef0    0x50  xfiles.o [3]
  .bss                zero     0x20002f40    0x40  bsp_debug_usart.o [1]
  .bss                zero     0x20002f80    0x40  bsp_debug_usart.o [1]
  .bss                zero     0x20002fc0    0x40  bsp_usartx_RS485.o [1]
  .bss                zero     0x20003000    0x3c  bsp_BasicTIM.o [1]
  .bss                zero     0x2000303c    0x20  bsp_rtc.o [1]
  .bss                zero     0x2000305c    0x18  dlmalloc.o [3]
  .bss                zero     0x20003074     0x4  stm32f4xx_hal.o [1]
  .bss                zero     0x20003078     0x4  variable.o [1]
  .bss                zero     0x2000307c     0x4  variable.o [1]
  .bss                zero     0x20003080     0x4  variable.o [1]
  .bss                zero     0x20003084     0x4  xgetmemchunk.o [3]
  .bss                zero     0x20003088     0x2  main.o [1]
  .bss                zero     0x2000308a     0x2  main.o [1]
  .bss                zero     0x2000308c     0x2  variable.o [1]
  .bss                zero     0x2000308e     0x2  variable.o [1]
  .bss                zero     0x20003090     0x2  variable.o [1]
  .bss                zero     0x20003092     0x2  variable.o [1]
  .bss                zero     0x20003094     0x1  main.o [1]
  .bss                zero     0x20003095     0x1  main.o [1]
  .bss                zero     0x20003096     0x1  main.o [1]
  .bss                zero     0x20003097     0x1  main.o [1]
  .bss                zero     0x20003098     0x1  variable.o [1]
  .bss                zero     0x20003099     0x1  variable.o [1]
  .bss                zero     0x2000309a     0x1  variable.o [1]
  .bss                zero     0x2000309b     0x1  variable.o [1]
  .bss                zero     0x2000309c     0x1  variable.o [1]
  .bss                zero     0x2000309d     0x1  variable.o [1]
  .bss                zero     0x2000309e     0x1  variable.o [1]
  .bss                zero     0x2000309f     0x1  variable.o [1]
                             - 0x200030a0   0xee0


*******************************************************************************
*** INIT TABLE
***

          Address     Size
          -------     ----
Zero (__iar_zero_init3)
    1 destination range, total size 0xee0:
          0x200021c0  0xee0

Copy/packbits (__iar_packbits_init_single3)
    1 source range, total size 0xa4 (36% of destination):
          0x0800a248   0xa4
    1 destination range, total size 0x1be:
          0x20000000  0x1be



*******************************************************************************
*** MODULE SUMMARY
***

    Module                  ro code  ro data  rw data
    ------                  -------  -------  -------
G:\STM32F407-RS485数据采集-V2\RS485-主机端\EWARM\YS-F4Pro\Obj: [1]
    bsp_BasicTIM.o              124                60
    bsp_calendar.o                       103       76
    bsp_debug_usart.o           620               128
    bsp_gpio.o                  216
    bsp_led.o                   200
    bsp_rtc.o                   280       44       32
    bsp_spiflash.o            1 020                88
    bsp_usartx_RS485.o          328       80       64
    crc16.o                     206
    function.o                6 332      868
    main.o                    1 488      152        8
    sample.o                    384       36
    startup_stm32f407xx.o       712
    stm32f4xx_hal.o             156                 4
    stm32f4xx_hal_cortex.o      338
    stm32f4xx_hal_dma.o          38
    stm32f4xx_hal_gpio.o        560
    stm32f4xx_hal_msp.o         110
    stm32f4xx_hal_pwr.o          24
    stm32f4xx_hal_rcc.o       1 724
    stm32f4xx_hal_rcc_ex.o      380
    stm32f4xx_hal_rtc.o       1 032
    stm32f4xx_hal_rtc_ex.o       32
    stm32f4xx_hal_spi.o         876
    stm32f4xx_hal_tim.o         740
    stm32f4xx_hal_tim_ex.o       92
    stm32f4xx_hal_uart.o      1 992
    stm32f4xx_it.o               88
    system_stm32f4xx.o          108       26        4
    variable.o                            16    2 886
    -------------------------------------------------
    Total:                   20 200    1 325    3 350

command line: [2]
    -------------------------------------------------
    Total:

dl7M_tlf.a: [3]
    abort.o                       6
    atoi.o                        8
    div.o                        14
    dlmalloc.o                5 360               496
    errno.o                      12        1        4
    exit.o                        4
    isxxx.o                      40
    localeconv.o                108       50      136
    low_level_init.o              4
    printf.o                     36
    putchar.o                    12
    setlocale.o                  36       43      116
    sprintf.o                    52
    strcspn.o                    34
    strspn.o                     34
    strtok.o                     76        2        4
    tolower.o                    20
    xencoding_sb.o               96
    xfiles.o                              23      144
    xgetmemchunk.o               44                 4
    xlocale_c.o                  54
    xmbcurmax.o                  10
    xmbtowc.o                    32
    xprintffull.o             4 454
    xprout.o                     22
    xsprout.o                    10
    xstoflt.o                   440
    xstopfx.o                   292
    xstoul.o                    408
    xstoxflt.o                  536
    xtls.o                        2
    xwctomb.o                    26
    -------------------------------------------------
    Total:                   12 282      119      904

m7M_tls.a: [4]
    DblAdd.o                    232
    DblCmpEq.o                   32
    DblCmpGe.o                   46
    DblCmpLe.o                   46
    DblDiv.o                    598
    DblMul.o                    418
    DblSub.o                    384
    DblToFlt.o                  144
    DblToI32.o                   88
    FltToDbl.o                   78
    I32ToDbl.o                   48
    fpinit_M.o                   34
    pow.o                     2 240
    strtod.o                     14
    xdint.o                     122
    xdnorm.o                     66
    xdscale.o                   276
    xdtento.o                   512
    xdtest.o                     64
    xdunscal.o                   82
    xexp.o                      710
    xlog.o                      176
    xstod.o                     360
    -------------------------------------------------
    Total:                    6 770

rt7M_tl.a: [5]
    ABImemclr4.o                  6
    ABImemcpy_unaligned.o       118
    ABImemset48.o                50
    I64DivMod.o                 238
    I64DivZer.o                   2
    cexit.o                      10
    cmain.o                      26
    cstartup_M.o                 12
    data_init.o                  40
    memchr.o                     88
    packbits_init_single.o       56
    strchr.o                     22
    strcmp_unaligned.o           66
    strcpy_unaligned.o           68
    strlen.o                     54
    zero_init3.o                 64
    -------------------------------------------------
    Total:                      920

shb_l.a: [6]
    exit.o                       20
    -------------------------------------------------
    Total:                       20

    Gaps                         36        4
    Linker created                        32    8 192
-----------------------------------------------------
    Grand Total:             40 228    1 480   12 446


*******************************************************************************
*** ENTRY LIST
***

Entry                      Address   Size  Type      Object
-----                      -------   ----  ----      ------
.iar.init_table$$Base   0x08009c50          --   Gb  - Linker created -
.iar.init_table$$Limit  0x08009c70          --   Gb  - Linker created -
?main                   0x08009df1         Code  Gb  cmain.o [5]
AHBPrescTable           0x0800a008   0x10  Data  Gb  system_stm32f4xx.o [1]
APBPrescTable           0x0800a0c4    0x8  Data  Gb  system_stm32f4xx.o [1]
Android_Rx_Count        0x2000308e    0x2  Data  Gb  variable.o [1]
Android_Rx_buf          0x200021c0  0x3e8  Data  Gb  variable.o [1]
BASIC_TIMx_Init         0x08008afd   0x36  Code  Gb  bsp_BasicTIM.o [1]
BHZY_Conductivity       0x20000050    0xc  Data  Gb  variable.o [1]
BitToFloat              0x080016c1  0x172  Code  Gb  function.o [1]
BitToInt                0x080016a5   0x18  Code  Gb  function.o [1]
BusFault_Handler        0x08009a9f    0x2  Code  Gb  stm32f4xx_it.o [1]
CRC16_MODBUS            0x08004181   0x7e  Code  Gb  crc16.o [1]
CSTACK$$Base            0x200001c0          --   Gb  - Linker created -
CSTACK$$Limit           0x200011c0          --   Gb  - Linker created -
Chang_Start_time        0x08000b61  0x100  Code  Gb  function.o [1]
Clean_Data              0x08000353  0x138  Code  Gb  function.o [1]
Clear_RS485Buf          0x08001189   0x1a  Code  Gb  function.o [1]
Close_Delay             0x08000c71  0x132  Code  Gb  function.o [1]
Command_Data            0x08000189   0x70  Code  Gb  function.o [1]
Control                 0x08001105   0x7e  Code  Gb  function.o [1]
Control_flag            0x2000309c    0x1  Data  Gb  variable.o [1]
Control_max_from_min    0x08000ecd   0x94  Code  Gb  function.o [1]
Control_min_from_max    0x08000e29   0x94  Code  Gb  function.o [1]
Control_sys_temer       0x08001049   0xb0  Code  Gb  function.o [1]
Control_temer           0x08000f69   0xcc  Code  Gb  function.o [1]
DebugMon_Handler        0x08009aa5    0x2  Code  Gb  stm32f4xx_it.o [1]
Debug_flag              0x2000309d    0x1  Data  Gb  variable.o [1]
Delay_Cfg_Mode          0x20003099    0x1  Data  Gb  variable.o [1]
Get_Average             0x080005cd   0xe6  Code  Gb  function.o [1]
Get_Data                0x080006bd  0x354  Code  Gb  function.o [1]
Get_Device_Data         0x08001903   0x4c  Code  Gb  function.o [1]
HAL_DMA_Abort_IT        0x080065f5   0x26  Code  Gb  stm32f4xx_hal_dma.o [1]
HAL_Delay               0x080065c9   0x1e  Code  Wk  stm32f4xx_hal.o [1]
HAL_GPIO_Init           0x08003895  0x1da  Code  Gb  stm32f4xx_hal_gpio.o [1]
HAL_GPIO_TogglePin      0x08003a83    0xa  Code  Gb  stm32f4xx_hal_gpio.o [1]
HAL_GPIO_WritePin       0x08003a6f   0x14  Code  Gb  stm32f4xx_hal_gpio.o [1]
HAL_GetTick             0x080065c3    0x6  Code  Wk  stm32f4xx_hal.o [1]
HAL_IncTick             0x080065b7    0xc  Code  Wk  stm32f4xx_hal.o [1]
HAL_Init                0x08006559   0x3a  Code  Gb  stm32f4xx_hal.o [1]
HAL_InitTick            0x08006593   0x24  Code  Wk  stm32f4xx_hal.o [1]
HAL_MspInit             0x080087a7   0x6e  Code  Gb  stm32f4xx_hal_msp.o [1]
HAL_NVIC_EnableIRQ      0x08008747    0xa  Code  Gb  stm32f4xx_hal_cortex.o [1]
HAL_NVIC_SetPriority    0x08008725   0x22  Code  Gb  stm32f4xx_hal_cortex.o [1]
HAL_NVIC_SetPriorityGrouping
                        0x0800871d    0x8  Code  Gb  stm32f4xx_hal_cortex.o [1]
HAL_PWR_EnableBkUpAccess
                        0x08009759   0x12  Code  Gb  stm32f4xx_hal_pwr.o [1]
HAL_RCCEx_PeriphCLKConfig
                        0x08009771  0x154  Code  Gb  stm32f4xx_hal_rcc_ex.o [1]
HAL_RCC_ClockConfig     0x08006fd5  0x1b2  Code  Gb  stm32f4xx_hal_rcc.o [1]
HAL_RCC_EnableCSS       0x08007187    0x8  Code  Gb  stm32f4xx_hal_rcc.o [1]
HAL_RCC_GetHCLKFreq     0x0800721b    0x6  Code  Gb  stm32f4xx_hal_rcc.o [1]
HAL_RCC_GetPCLK1Freq    0x08007221   0x20  Code  Gb  stm32f4xx_hal_rcc.o [1]
HAL_RCC_GetPCLK2Freq    0x08007241   0x20  Code  Gb  stm32f4xx_hal_rcc.o [1]
HAL_RCC_GetSysClockFreq
                        0x0800718f   0x8c  Code  Wk  stm32f4xx_hal_rcc.o [1]
HAL_RCC_OscConfig       0x08006bed  0x3e8  Code  Wk  stm32f4xx_hal_rcc.o [1]
HAL_RTCEx_BKUPRead      0x08009749   0x10  Code  Gb  stm32f4xx_hal_rtc_ex.o [1]
HAL_RTCEx_BKUPWrite     0x08009739   0x10  Code  Gb  stm32f4xx_hal_rtc_ex.o [1]
HAL_RTC_GetDate         0x08003ddb   0x4a  Code  Gb  stm32f4xx_hal_rtc.o [1]
HAL_RTC_GetTime         0x08003c85   0x5e  Code  Gb  stm32f4xx_hal_rtc.o [1]
HAL_RTC_Init            0x08003ac5   0xae  Code  Gb  stm32f4xx_hal_rtc.o [1]
HAL_RTC_MspInit         0x0800766d   0x3c  Code  Gb  bsp_rtc.o [1]
HAL_RTC_SetDate         0x08003ce3   0xf8  Code  Gb  stm32f4xx_hal_rtc.o [1]
HAL_RTC_SetTime         0x08003b73  0x112  Code  Gb  stm32f4xx_hal_rtc.o [1]
HAL_RTC_WaitForSynchro  0x08003e31   0x34  Code  Gb  stm32f4xx_hal_rtc.o [1]
HAL_SPI_Init            0x08007f29   0x8e  Code  Gb  stm32f4xx_hal_spi.o [1]
HAL_SPI_MspInit         0x08004d53   0xc8  Code  Gb  bsp_spiflash.o [1]
HAL_SPI_TransmitReceive
                        0x08007fb7  0x214  Code  Gb  stm32f4xx_hal_spi.o [1]
HAL_SYSTICK_CLKSourceConfig
                        0x08008759   0x20  Code  Gb  stm32f4xx_hal_cortex.o [1]
HAL_SYSTICK_Callback    0x080087a5    0x2  Code  Wk  stm32f4xx_hal_cortex.o [1]
HAL_SYSTICK_Config      0x08008751    0x8  Code  Gb  stm32f4xx_hal_cortex.o [1]
HAL_SYSTICK_IRQHandler  0x0800879d    0x8  Code  Gb  stm32f4xx_hal_cortex.o [1]
HAL_TIMEx_BreakCallback
                        0x08009a0f    0x2  Code  Wk  stm32f4xx_hal_tim_ex.o [1]
HAL_TIMEx_CommutationCallback
                        0x08009a0d    0x2  Code  Wk  stm32f4xx_hal_tim_ex.o [1]
HAL_TIMEx_MasterConfigSynchronization
                        0x080099b5   0x58  Code  Gb  stm32f4xx_hal_tim_ex.o [1]
HAL_TIM_Base_Init       0x08008b79   0x38  Code  Gb  stm32f4xx_hal_tim.o [1]
HAL_TIM_Base_MspInit    0x08008b33   0x38  Code  Gb  bsp_BasicTIM.o [1]
HAL_TIM_Base_Start_IT   0x08008bb1   0x1c  Code  Gb  stm32f4xx_hal_tim.o [1]
HAL_TIM_IC_CaptureCallback
                        0x08008d45    0x2  Code  Wk  stm32f4xx_hal_tim.o [1]
HAL_TIM_IRQHandler      0x08008bcd  0x176  Code  Gb  stm32f4xx_hal_tim.o [1]
HAL_TIM_OC_DelayElapsedCallback
                        0x08008d43    0x2  Code  Wk  stm32f4xx_hal_tim.o [1]
HAL_TIM_PWM_PulseFinishedCallback
                        0x08008d47    0x2  Code  Wk  stm32f4xx_hal_tim.o [1]
HAL_TIM_PeriodElapsedCallback
                        0x08006a73   0xc8  Code  Gb  main.o [1]
HAL_TIM_TriggerCallback
                        0x08008d49    0x2  Code  Wk  stm32f4xx_hal_tim.o [1]
HAL_UART_ErrorCallback  0x0800339b    0x2  Code  Wk  stm32f4xx_hal_uart.o [1]
HAL_UART_IRQHandler     0x08003265  0x134  Code  Gb  stm32f4xx_hal_uart.o [1]
HAL_UART_Init           0x080030b5   0x76  Code  Gb  stm32f4xx_hal_uart.o [1]
HAL_UART_MspInit        0x08006315  0x148  Code  Gb  bsp_debug_usart.o [1]
HAL_UART_Receive_IT     0x08003207   0x5e  Code  Gb  stm32f4xx_hal_uart.o [1]
HAL_UART_RxCpltCallback
                        0x080068f1  0x182  Code  Gb  main.o [1]
HAL_UART_Transmit       0x0800312b   0xdc  Code  Gb  stm32f4xx_hal_uart.o [1]
HAL_UART_TxCpltCallback
                        0x08003399    0x2  Code  Wk  stm32f4xx_hal_uart.o [1]
HEAP$$Base              0x200011c0          --   Gb  - Linker created -
HEAP$$Limit             0x200021c0          --   Gb  - Linker created -
HardFault_Handler       0x08009a9b    0x2  Code  Gb  stm32f4xx_it.o [1]
InvertUint16            0x08004159   0x28  Code  Gb  crc16.o [1]
InvertUint8             0x08004131   0x28  Code  Gb  crc16.o [1]
LED_GPIO_Init           0x0800895d   0xba  Code  Gb  bsp_led.o [1]
LEVEL_High              0x2000005c    0x4  Data  Gb  variable.o [1]
LEVEL_Low               0x20003078    0x4  Data  Gb  variable.o [1]
LoadInt                 0x0800572b   0x6e  Code  Lc  xprintffull.o [3]
MX_DEBUG_USART_Init     0x080064b9   0x5c  Code  Gb  bsp_debug_usart.o [1]
MX_NVIC_USART1_Init     0x080062ed   0x14  Code  Lc  bsp_debug_usart.o [1]
MX_NVIC_USART3_Init     0x08008815   0x14  Code  Lc  bsp_usartx_RS485.o [1]
MX_NVIC_USART5_Init     0x08006301   0x14  Code  Lc  bsp_debug_usart.o [1]
MX_RTC_Init             0x080075fb   0x72  Code  Gb  bsp_rtc.o [1]
MX_SPIFlash_Init        0x08004ce1   0x72  Code  Gb  bsp_spiflash.o [1]
MX_USARTx_Init          0x0800645d   0x5c  Code  Gb  bsp_debug_usart.o [1]
MemManage_Handler       0x08009a9d    0x2  Code  Gb  stm32f4xx_it.o [1]
Modbusprocess           0x08001349  0x338  Code  Gb  function.o [1]
NMI_Handler             0x08009a99    0x2  Code  Gb  stm32f4xx_it.o [1]
NVIC_EnableIRQ          0x0800867b   0x14  Code  Lc  stm32f4xx_hal_cortex.o [1]
NVIC_EncodePriority     0x080086b1   0x3e  Code  Lc  stm32f4xx_hal_cortex.o [1]
NVIC_GetPriorityGrouping
                        0x08008671    0xa  Code  Lc  stm32f4xx_hal_cortex.o [1]
NVIC_SetPriority        0x0800868f   0x22  Code  Lc  stm32f4xx_hal_cortex.o [1]
NVIC_SetPriorityGrouping
                        0x08008655   0x1c  Code  Lc  stm32f4xx_hal_cortex.o [1]
OUTPUT_GPIO_Init        0x08008a25   0xd8  Code  Gb  bsp_gpio.o [1]
Open_Delay              0x08000a15  0x14c  Code  Gb  function.o [1]
PendSV_Handler          0x08009aa7    0x2  Code  Gb  stm32f4xx_it.o [1]
RCC_IRQHandler          0x08009ab5    0x2  Code  Gb  stm32f4xx_it.o [1]
RS232_Rx_Count          0x20003092    0x2  Data  Gb  variable.o [1]
RS232_Rx_buf            0x2000279c  0x1f4  Data  Gb  variable.o [1]
RS485_Receive_Data      0x080088dd   0x4e  Code  Gb  bsp_usartx_RS485.o [1]
RS485_Rx_Count          0x20003090    0x2  Data  Gb  variable.o [1]
RS485_Rx_Count_Old      0x200001bc    0x2  Data  Gb  variable.o [1]
RS485_Rx_buf            0x200025a8  0x1f4  Data  Gb  variable.o [1]
RS485_Send_Data         0x08008885   0x58  Code  Gb  bsp_usartx_RS485.o [1]
RS485_USARTx_Init       0x08008829   0x5c  Code  Gb  bsp_usartx_RS485.o [1]
RTC_Bcd2ToByte          0x08003eb3   0x1a  Code  Gb  stm32f4xx_hal_rtc.o [1]
RTC_ByteToBcd2          0x08003e9d   0x16  Code  Gb  stm32f4xx_hal_rtc.o [1]
RTC_CalendarConfig      0x080075a9   0x52  Code  Lc  bsp_rtc.o [1]
RTC_CalendarShow        0x08000da9   0x76  Code  Gb  function.o [1]
RTC_EnterInitMode       0x08003e65   0x38  Code  Gb  stm32f4xx_hal_rtc.o [1]
Region$$Table$$Base     0x08009c50          --   Gb  - Linker created -
Region$$Table$$Limit    0x08009c70          --   Gb  - Linker created -
RevCommand              0x20003097    0x1  Data  Gb  main.o [1]
RevComplete             0x2000308c    0x2  Data  Gb  variable.o [1]
RevDevicesData          0x20003096    0x1  Data  Gb  main.o [1]
SPI_CheckFlag_BSY       0x0800826d   0x28  Code  Lc  stm32f4xx_hal_spi.o [1]
SPI_FLASH_BufferRead    0x08004ffb   0x52  Code  Gb  bsp_spiflash.o [1]
SPI_FLASH_BufferWrite   0x08004ec3  0x138  Code  Gb  bsp_spiflash.o [1]
SPI_FLASH_PageWrite     0x08004e5f   0x64  Code  Gb  bsp_spiflash.o [1]
SPI_FLASH_SectorErase   0x08004e1b   0x44  Code  Gb  bsp_spiflash.o [1]
SPI_FLASH_SendByte      0x0800504d   0x2c  Code  Gb  bsp_spiflash.o [1]
SPI_FLASH_WaitForWriteEnd
                        0x08005097   0x2c  Code  Gb  bsp_spiflash.o [1]
SPI_FLASH_WriteEnable   0x08005079   0x1e  Code  Gb  bsp_spiflash.o [1]
SPI_WaitFlagStateUntilTimeout
                        0x080081cb   0xa2  Code  Lc  stm32f4xx_hal_spi.o [1]
STREES_High             0x20000060    0x4  Data  Gb  variable.o [1]
STREES_Low              0x2000307c    0x4  Data  Gb  variable.o [1]
SVC_Handler             0x08009aa3    0x2  Code  Gb  stm32f4xx_it.o [1]
Sample_RS485            0x08008efd   0xcc  Code  Gb  sample.o [1]
Sample_flag             0x2000309a    0x1  Data  Gb  variable.o [1]
Save_Data               0x080001f9  0x15a  Code  Gb  function.o [1]
Save_Device_Data        0x08001853   0x5c  Code  Gb  function.o [1]
Sensor_Cfg_Mode         0x20003098    0x1  Data  Gb  variable.o [1]
Show_Data               0x08001833   0x20  Code  Gb  function.o [1]
SysTick_Config          0x080086ef   0x2e  Code  Lc  stm32f4xx_hal_cortex.o [1]
SysTick_Handler         0x08009aa9    0xc  Code  Gb  stm32f4xx_it.o [1]
SystemClock_Config      0x0800661d   0xbe  Code  Gb  main.o [1]
SystemCoreClock         0x2000004c    0x4  Data  Gb  system_stm32f4xx.o [1]
SystemInit              0x080043b5   0x4c  Code  Gb  system_stm32f4xx.o [1]
TEMP_High               0x20000074    0x4  Data  Gb  variable.o [1]
TEMP_Low                0x20000070    0x4  Data  Gb  variable.o [1]
TIM6_DAC_IRQHandler     0x08009ad5    0xa  Code  Gb  stm32f4xx_it.o [1]
TIM_Base_SetConfig      0x08008d4b   0xe4  Code  Gb  stm32f4xx_hal_tim.o [1]
UART5_IRQHandler        0x08009acb    0xa  Code  Gb  stm32f4xx_it.o [1]
UART_DMAAbortOnError    0x08003431   0x12  Code  Lc  stm32f4xx_hal_uart.o [1]
UART_EndRxTransfer      0x0800340d   0x20  Code  Lc  stm32f4xx_hal_uart.o [1]
UART_EndTransmit_IT     0x080034af   0x1c  Code  Lc  stm32f4xx_hal_uart.o [1]
UART_Receive_IT         0x080034cb   0x9a  Code  Lc  stm32f4xx_hal_uart.o [1]
UART_SetConfig          0x08003565  0x30c  Code  Lc  stm32f4xx_hal_uart.o [1]
UART_Transmit_IT        0x08003445   0x6a  Code  Lc  stm32f4xx_hal_uart.o [1]
UART_WaitOnFlagUntilTimeout
                        0x0800339d   0x70  Code  Lc  stm32f4xx_hal_uart.o [1]
USART1_IRQHandler       0x08009ab7    0xa  Code  Gb  stm32f4xx_it.o [1]
USART3_IRQHandler       0x08009ac1    0xa  Code  Gb  stm32f4xx_it.o [1]
UpData                  0x08000495  0x136  Code  Gb  function.o [1]
UpData_flag             0x2000309b    0x1  Data  Gb  variable.o [1]
UsageFault_Handler      0x08009aa1    0x2  Code  Gb  stm32f4xx_it.o [1]
WCOND_High              0x2000006c    0x4  Data  Gb  variable.o [1]
WCOND_Low               0x20003080    0x4  Data  Gb  variable.o [1]
WEEK_STR                0x20000000   0x1c  Data  Gb  bsp_calendar.o [1]
WPH_High                0x20000068    0x4  Data  Gb  variable.o [1]
WPH_Low                 0x20000064    0x4  Data  Gb  variable.o [1]
_EncodingSb_Mbtowc      0x0800996b   0x30  Code  Gb  xencoding_sb.o [3]
_EncodingSb_Wctomb      0x08009951   0x1a  Code  Gb  xencoding_sb.o [3]
_GenldFull              0x08005faf  0x24c  Code  Lc  xprintffull.o [3]
_IsdstStr               0x200000c4    0x4  Data  Gb  setlocale.o [3]
_LdtobFull              0x08005bad  0x3fc  Code  Lc  xprintffull.o [3]
_LitobFull              0x08005aa5  0x106  Code  Lc  xprintffull.o [3]
_LocaleC_isalpha        0x08009a11   0x16  Code  Gb  xlocale_c.o [3]
_LocaleC_isspace        0x08009a27   0x14  Code  Gb  xlocale_c.o [3]
_LocaleC_tolower        0x08009a3b    0xc  Code  Gb  xlocale_c.o [3]
_LocaleEncoding         0x0800993f    0xe  Code  Gb  setlocale.o [3]
_LocaleForCat           0x0800992d   0x12  Code  Gb  setlocale.o [3]
_LocaleReturnString     0x200000e4   0x50  Data  Lc  setlocale.o [3]
_Locale_Profile         0x200000c8   0x1c  Data  Gb  setlocale.o [3]
_Locale_aeabi_lconv     0x20000184   0x38  Data  Gb  localeconv.o [3]
_Locale_lconv           0x20000134   0x50  Data  Gb  localeconv.o [3]
_Mbtowc                 0x08008295   0x20  Code  Gb  xmbtowc.o [3]
_PrintfFull             0x080050dd  0x638  Code  Gb  xprintffull.o [3]
_Prout                  0x08009ec9   0x16  Code  Gb  xprout.o [3]
_PutcharsFull           0x080061fb   0x2e  Code  Lc  xprintffull.o [3]
_PutstrFull             0x08005799  0x306  Code  Lc  xprintffull.o [3]
_SProut                 0x08001abb    0xa  Code  Gb  xsprout.o [3]
_Stoflt                 0x0800913d  0x1b8  Code  Gb  xstoflt.o [3]
_Stopfx                 0x08009019  0x124  Code  Gb  xstopfx.o [3]
_Stoxflt                0x08009521  0x1e2  Code  Gb  xstoxflt.o [3]
_Strtok_ssave           0x200000b8    0x4  Data  Lc  strtok.o [3]
_TzoneStr               0x200000c0    0x4  Data  Gb  setlocale.o [3]
_Wctomb                 0x0800832f   0x1a  Code  Gb  xwctomb.o [3]
__aeabi_cdcmpeq         0x080078fd         Code  Gb  DblCmpEq.o [4]
__aeabi_cdcmple         0x08003ecd         Code  Gb  DblCmpLe.o [4]
__aeabi_cdrcmple        0x08007929         Code  Gb  DblCmpGe.o [4]
__aeabi_d2f             0x080040a1         Code  Gb  DblToFlt.o [4]
__aeabi_d2iz            0x0800435d         Code  Gb  DblToI32.o [4]
__aeabi_d2uiz           0x08004389         Code  Gb  DblToI32.o [4]
__aeabi_dadd            0x08004275         Code  Gb  DblAdd.o [4]
__aeabi_ddiv            0x08007959         Code  Gb  DblDiv.o [4]
__aeabi_dmul            0x08003efd         Code  Gb  DblMul.o [4]
__aeabi_dsub            0x080076c1         Code  Gb  DblSub.o [4]
__aeabi_errno_addr      0x0800791d    0x6  Code  Gb  errno.o [3]
__aeabi_f2d             0x08002ff9         Code  Gb  FltToDbl.o [4]
__aeabi_i2d             0x08004245         Code  Gb  I32ToDbl.o [4]
__aeabi_ldiv0           0x080099b1         Code  Gb  I64DivZer.o [5]
__aeabi_memclr4         0x08001ab5         Code  Gb  ABImemclr4.o [5]
__aeabi_ui2d            0x08004259         Code  Gb  I32ToDbl.o [4]
__aeabi_uldivmod        0x080083c1         Code  Gb  I64DivMod.o [5]
__cmain                 0x08009df1         Code  Gb  cmain.o [5]
__data_GetMemChunk      0x080062c1   0x2c  Code  Gb  xgetmemchunk.o [3]
__exit                  0x08008641   0x14  Code  Gb  exit.o [6]
__iar_Dint              0x08007883   0x7a  Code  Gb  xdint.o [4]
__iar_Dnorm             0x08007841   0x42  Code  Gb  xdnorm.o [4]
__iar_Dscale            0x080084b1  0x114  Code  Gb  xdscale.o [4]
__iar_Dtentox           0x0800937d  0x13e  Code  Gb  xdtento.o [4]
__iar_Dtest             0x080098ed   0x30  Code  Gb  xdtest.o [4]
__iar_Dunscale          0x08009a47   0x52  Code  Gb  xdunscal.o [4]
__iar_Errno             0x200000bc    0x4  Data  Gb  errno.o [3]
__iar_Exp               0x08007c61  0x2be  Code  Gb  xexp.o [4]
__iar_Locale_lconv_init
                        0x080085c5   0x3a  Code  Gb  localeconv.o [3]
__iar_Logpoly           0x08007bb1   0x76  Code  Gb  xlog.o [4]
__iar_Mbcurmax          0x08008325    0xa  Code  Gb  xmbcurmax.o [3]
__iar_Memchr            0x080082cd         Code  Gb  memchr.o [5]
__iar_Memset4_word      0x08006289         Code  Gb  ABImemset48.o [5]
__iar_Memset8_word      0x08006289         Code  Gb  ABImemset48.o [5]
__iar_Stdout            0x20000078   0x40  Data  Gb  xfiles.o [3]
__iar_Stod              0x080075a5    0x4  Code  Gb  xstod.o [4]
__iar_Stodx             0x08007441  0x14e  Code  Gb  xstod.o [4]
__iar_Stoul             0x080073ed    0x4  Code  Gb  xstoul.o [3]
__iar_Stoulx            0x080072a9  0x13e  Code  Gb  xstoul.o [3]
__iar_Strchr            0x080082b5         Code  Gb  strchr.o [5]
__iar_d2uiz             0x08004395         Code  Gb  DblToI32.o [4]
__iar_dadd              0x08004289         Code  Gb  DblAdd.o [4]
__iar_data_init3        0x08009b99   0x28  Code  Gb  data_init.o [5]
__iar_dlfree            0x08002adf  0x510  Code  Gb  dlmalloc.o [3]
__iar_dlib_perthread_access
                        0x08006243    0x2  Code  Gb  xtls.o [3]
__iar_dlmalloc          0x08002829  0x2aa  Code  Gb  dlmalloc.o [3]
__iar_dsub              0x080076d5         Code  Gb  DblSub.o [4]
__iar_dsubStart         0x080076e7         Code  Gb  DblSub.o [4]
__iar_init_vfp          0x08009c2d         Code  Gb  fpinit_M.o [4]
__iar_packbits_init_single3
                        0x08009b31   0x38  Code  Gb  packbits_init_single.o [5]
__iar_program_start     0x0800a071         Code  Gb  cstartup_M.o [5]
__iar_ui2d              0x0800425d         Code  Gb  I32ToDbl.o [4]
__iar_unaligned___aeabi_memcpy
                        0x08008349         Code  Gb  ABImemcpy_unaligned.o [5]
__iar_unaligned___aeabi_memcpy4
                        0x08008369         Code  Gb  ABImemcpy_unaligned.o [5]
__iar_unaligned___aeabi_memcpy8
                        0x08008369         Code  Gb  ABImemcpy_unaligned.o [5]
__iar_unaligned_strcmp  0x08004201         Code  Gb  strcmp_unaligned.o [5]
__iar_unaligned_strcpy  0x08001ac5         Code  Gb  strcpy_unaligned.o [5]
__iar_vfp_pow           0x080048a3   0x18  Code  Gb  pow.o [4]
__iar_vfp_strtod        0x08003885    0xe  Code  Gb  strtod.o [4]
__iar_zero_init3        0x08009af1   0x40  Code  Gb  zero_init3.o [5]
__low_level_init        0x08009e0b    0x4  Code  Gb  low_level_init.o [3]
__vector_table          0x08000000         Data  Gb  startup_stm32f407xx.o [1]
_call_main              0x08009dfd         Code  Gb  cmain.o [5]
_exit                   0x08009e15         Code  Gb  cexit.o [5]
_gm_                    0x20002990  0x1d8  Data  Lc  dlmalloc.o [3]
_main                   0x08009e07         Code  Gb  cmain.o [5]
aRxBuffer               0x20003094    0x1  Data  Gb  main.o [1]
abort                   0x080062bb    0x6  Code  Gb  abort.o [3]
atoi                    0x0800387d    0x8  Code  Gb  atoi.o [3]
delay                   0x20002b68  0x1a0  Data  Gb  variable.o [1]
digits                  0x080073f0   0x28  Data  Lc  xstoul.o [3]
div                     0x08008631    0xe  Code  Gb  div.o [3]
dmul                    0x08009321   0x5a  Code  Lc  xdtento.o [4]
exit                    0x08009e0f    0x4  Code  Gb  exit.o [3]
fputc                   0x08006515   0x14  Code  Gb  bsp_debug_usart.o [1]
frist                   0x20003095    0x1  Data  Gb  main.o [1]
hrtc                    0x2000303c   0x20  Data  Gb  bsp_rtc.o [1]
hspiflash               0x20002e98   0x58  Data  Gb  bsp_spiflash.o [1]
htimx                   0x20003000   0x3c  Data  Gb  bsp_BasicTIM.o [1]
htoi                    0x08008e91   0x6c  Code  Gb  sample.o [1]
husart_debug            0x20002f40   0x40  Data  Gb  bsp_debug_usart.o [1]
husartx                 0x20002f80   0x40  Data  Gb  bsp_debug_usart.o [1]
husartx_rs485           0x20002fc0   0x40  Data  Gb  bsp_usartx_RS485.o [1]
init_mparams            0x08001b23   0x32  Code  Lc  dlmalloc.o [3]
init_top                0x08001b55   0x34  Code  Lc  dlmalloc.o [3]
internal_Pow            0x08004421  0x478  Code  Lc  pow.o [4]
isalpha                 0x08008fdd   0x14  Code  Gb  isxxx.o [3]
isspace                 0x08008ff1   0x14  Code  Gb  isxxx.o [3]
itoa                    0x080018af   0x54  Code  Gb  function.o [1]
lnbias                  0x080048c0  0x420  Data  Lc  pow.o [4]
localeconv              0x080085ff   0x16  Code  Gb  localeconv.o [3]
main                    0x080066db  0x216  Code  Gb  main.o [1]
memchr                  0x080082cd         Code  Gb  memchr.o [5]
minute_timer_count      0x20003088    0x2  Data  Gb  main.o [1]
movedigit               0x080011b9  0x17c  Code  Gb  function.o [1]
mparams                 0x2000305c   0x18  Data  Lc  dlmalloc.o [3]
ndigs                   0x08007418   0x28  Data  Lc  xstoul.o [3]
obuf                    0x20002ef0   0x50  Data  Lc  xfiles.o [3]
pows                    0x080094d8   0x48  Data  Lc  xdtento.o [4]
prepend_alloc           0x08001b89  0x36c  Code  Lc  dlmalloc.o [3]
printf                  0x08001a45   0x24  Code  Gb  printf.o [3]
putchar                 0x08009ee1    0xc  Code  Gb  putchar.o [3]
second_timer_count      0x2000308a    0x2  Data  Gb  main.o [1]
segment_holding         0x08001b09   0x1a  Code  Lc  dlmalloc.o [3]
sensor_array            0x20002dd0   0xc8  Data  Gb  variable.o [1]
sensor_data             0x20002d08   0xc8  Data  Gb  variable.o [1]
split                   0x08008e5d   0x34  Code  Gb  sample.o [1]
sprintf                 0x08003049   0x34  Code  Gb  sprintf.o [3]
strchr                  0x080082b5         Code  Gb  strchr.o [5]
strcspn                 0x08006267   0x22  Code  Gb  strcspn.o [3]
strlen                  0x0800307d         Code  Gb  strlen.o [5]
strspn                  0x08006245   0x22  Code  Gb  strspn.o [3]
strtok                  0x08001a69   0x4c  Code  Gb  strtok.o [3]
sys_alloc               0x08001ef5  0x386  Code  Lc  dlmalloc.o [3]
sys_time_Control_flag   0x2000309f    0x1  Data  Gb  variable.o [1]
time_Control_flag       0x2000309e    0x1  Data  Gb  variable.o [1]
tmalloc_large           0x08002289  0x390  Code  Lc  dlmalloc.o [3]
tmalloc_small           0x08002619  0x210  Code  Lc  dlmalloc.o [3]
tolower                 0x08009005   0x14  Code  Gb  tolower.o [3]
uwTick                  0x20003074    0x4  Data  Gb  stm32f4xx_hal.o [1]
zodiac_sign             0x2000001c   0x30  Data  Gb  bsp_calendar.o [1]


[1] = G:\STM32F407-RS485数据采集-V2\RS485-主机端\EWARM\YS-F4Pro\Obj
[2] = command line
[3] = dl7M_tlf.a
[4] = m7M_tls.a
[5] = rt7M_tl.a
[6] = shb_l.a

  40 228 bytes of readonly  code memory
   1 480 bytes of readonly  data memory
  12 446 bytes of readwrite data memory

Errors: none
Warnings: none
