###############################################################################
#
# IAR ELF Linker V7.50.2.10312/W32 for ARM                15/Jan/2019  15:22:43
# Copyright 2007-2015 IAR Systems AB.
#
#    Output file  =  
#        F:\STM32F407-RS485数据采集-V2\RS485-主机端 - 删减版 - dev -
#        副本\EWARM\YS-F4Pro\Exe\YS-F4Pro.out
#    Map file     =  
#        F:\STM32F407-RS485数据采集-V2\RS485-主机端 - 删减版 - dev -
#        副本\EWARM\YS-F4Pro\List\YS-F4Pro.map
#    Command line =  
#        "F:\STM32F407-RS485数据采集-V2\RS485-主机端 - 删减版 - dev -
#        副本\EWARM\YS-F4Pro\Obj\bsp_BasicTIM.o"
#        "F:\STM32F407-RS485数据采集-V2\RS485-主机端 - 删减版 - dev -
#        副本\EWARM\YS-F4Pro\Obj\bsp_debug_usart.o"
#        "F:\STM32F407-RS485数据采集-V2\RS485-主机端 - 删减版 - dev -
#        副本\EWARM\YS-F4Pro\Obj\bsp_gpio.o"
#        "F:\STM32F407-RS485数据采集-V2\RS485-主机端 - 删减版 - dev -
#        副本\EWARM\YS-F4Pro\Obj\bsp_led.o"
#        "F:\STM32F407-RS485数据采集-V2\RS485-主机端 - 删减版 - dev -
#        副本\EWARM\YS-F4Pro\Obj\bsp_rtc.o"
#        "F:\STM32F407-RS485数据采集-V2\RS485-主机端 - 删减版 - dev -
#        副本\EWARM\YS-F4Pro\Obj\bsp_spiflash.o"
#        "F:\STM32F407-RS485数据采集-V2\RS485-主机端 - 删减版 - dev -
#        副本\EWARM\YS-F4Pro\Obj\bsp_usartx_RS485.o"
#        "F:\STM32F407-RS485数据采集-V2\RS485-主机端 - 删减版 - dev -
#        副本\EWARM\YS-F4Pro\Obj\crc16.o"
#        "F:\STM32F407-RS485数据采集-V2\RS485-主机端 - 删减版 - dev -
#        副本\EWARM\YS-F4Pro\Obj\function.o"
#        "F:\STM32F407-RS485数据采集-V2\RS485-主机端 - 删减版 - dev -
#        副本\EWARM\YS-F4Pro\Obj\main.o"
#        "F:\STM32F407-RS485数据采集-V2\RS485-主机端 - 删减版 - dev -
#        副本\EWARM\YS-F4Pro\Obj\sample.o"
#        "F:\STM32F407-RS485数据采集-V2\RS485-主机端 - 删减版 - dev -
#        副本\EWARM\YS-F4Pro\Obj\startup_stm32f407xx.o"
#        "F:\STM32F407-RS485数据采集-V2\RS485-主机端 - 删减版 - dev -
#        副本\EWARM\YS-F4Pro\Obj\stm32f4xx_assert.o"
#        "F:\STM32F407-RS485数据采集-V2\RS485-主机端 - 删减版 - dev -
#        副本\EWARM\YS-F4Pro\Obj\stm32f4xx_hal.o"
#        "F:\STM32F407-RS485数据采集-V2\RS485-主机端 - 删减版 - dev -
#        副本\EWARM\YS-F4Pro\Obj\stm32f4xx_hal_adc.o"
#        "F:\STM32F407-RS485数据采集-V2\RS485-主机端 - 删减版 - dev -
#        副本\EWARM\YS-F4Pro\Obj\stm32f4xx_hal_adc_ex.o"
#        "F:\STM32F407-RS485数据采集-V2\RS485-主机端 - 删减版 - dev -
#        副本\EWARM\YS-F4Pro\Obj\stm32f4xx_hal_can.o"
#        "F:\STM32F407-RS485数据采集-V2\RS485-主机端 - 删减版 - dev -
#        副本\EWARM\YS-F4Pro\Obj\stm32f4xx_hal_cec.o"
#        "F:\STM32F407-RS485数据采集-V2\RS485-主机端 - 删减版 - dev -
#        副本\EWARM\YS-F4Pro\Obj\stm32f4xx_hal_cortex.o"
#        "F:\STM32F407-RS485数据采集-V2\RS485-主机端 - 删减版 - dev -
#        副本\EWARM\YS-F4Pro\Obj\stm32f4xx_hal_crc.o"
#        "F:\STM32F407-RS485数据采集-V2\RS485-主机端 - 删减版 - dev -
#        副本\EWARM\YS-F4Pro\Obj\stm32f4xx_hal_cryp.o"
#        "F:\STM32F407-RS485数据采集-V2\RS485-主机端 - 删减版 - dev -
#        副本\EWARM\YS-F4Pro\Obj\stm32f4xx_hal_cryp_ex.o"
#        "F:\STM32F407-RS485数据采集-V2\RS485-主机端 - 删减版 - dev -
#        副本\EWARM\YS-F4Pro\Obj\stm32f4xx_hal_dac.o"
#        "F:\STM32F407-RS485数据采集-V2\RS485-主机端 - 删减版 - dev -
#        副本\EWARM\YS-F4Pro\Obj\stm32f4xx_hal_dac_ex.o"
#        "F:\STM32F407-RS485数据采集-V2\RS485-主机端 - 删减版 - dev -
#        副本\EWARM\YS-F4Pro\Obj\stm32f4xx_hal_dcmi.o"
#        "F:\STM32F407-RS485数据采集-V2\RS485-主机端 - 删减版 - dev -
#        副本\EWARM\YS-F4Pro\Obj\stm32f4xx_hal_dcmi_ex.o"
#        "F:\STM32F407-RS485数据采集-V2\RS485-主机端 - 删减版 - dev -
#        副本\EWARM\YS-F4Pro\Obj\stm32f4xx_hal_dfsdm.o"
#        "F:\STM32F407-RS485数据采集-V2\RS485-主机端 - 删减版 - dev -
#        副本\EWARM\YS-F4Pro\Obj\stm32f4xx_hal_dma.o"
#        "F:\STM32F407-RS485数据采集-V2\RS485-主机端 - 删减版 - dev -
#        副本\EWARM\YS-F4Pro\Obj\stm32f4xx_hal_dma2d.o"
#        "F:\STM32F407-RS485数据采集-V2\RS485-主机端 - 删减版 - dev -
#        副本\EWARM\YS-F4Pro\Obj\stm32f4xx_hal_dma_ex.o"
#        "F:\STM32F407-RS485数据采集-V2\RS485-主机端 - 删减版 - dev -
#        副本\EWARM\YS-F4Pro\Obj\stm32f4xx_hal_dsi.o"
#        "F:\STM32F407-RS485数据采集-V2\RS485-主机端 - 删减版 - dev -
#        副本\EWARM\YS-F4Pro\Obj\stm32f4xx_hal_eth.o"
#        "F:\STM32F407-RS485数据采集-V2\RS485-主机端 - 删减版 - dev -
#        副本\EWARM\YS-F4Pro\Obj\stm32f4xx_hal_flash.o"
#        "F:\STM32F407-RS485数据采集-V2\RS485-主机端 - 删减版 - dev -
#        副本\EWARM\YS-F4Pro\Obj\stm32f4xx_hal_flash_ex.o"
#        "F:\STM32F407-RS485数据采集-V2\RS485-主机端 - 删减版 - dev -
#        副本\EWARM\YS-F4Pro\Obj\stm32f4xx_hal_flash_ramfunc.o"
#        "F:\STM32F407-RS485数据采集-V2\RS485-主机端 - 删减版 - dev -
#        副本\EWARM\YS-F4Pro\Obj\stm32f4xx_hal_fmpi2c.o"
#        "F:\STM32F407-RS485数据采集-V2\RS485-主机端 - 删减版 - dev -
#        副本\EWARM\YS-F4Pro\Obj\stm32f4xx_hal_fmpi2c_ex.o"
#        "F:\STM32F407-RS485数据采集-V2\RS485-主机端 - 删减版 - dev -
#        副本\EWARM\YS-F4Pro\Obj\stm32f4xx_hal_gpio.o"
#        "F:\STM32F407-RS485数据采集-V2\RS485-主机端 - 删减版 - dev -
#        副本\EWARM\YS-F4Pro\Obj\stm32f4xx_hal_hash.o"
#        "F:\STM32F407-RS485数据采集-V2\RS485-主机端 - 删减版 - dev -
#        副本\EWARM\YS-F4Pro\Obj\stm32f4xx_hal_hash_ex.o"
#        "F:\STM32F407-RS485数据采集-V2\RS485-主机端 - 删减版 - dev -
#        副本\EWARM\YS-F4Pro\Obj\stm32f4xx_hal_hcd.o"
#        "F:\STM32F407-RS485数据采集-V2\RS485-主机端 - 删减版 - dev -
#        副本\EWARM\YS-F4Pro\Obj\stm32f4xx_hal_i2c.o"
#        "F:\STM32F407-RS485数据采集-V2\RS485-主机端 - 删减版 - dev -
#        副本\EWARM\YS-F4Pro\Obj\stm32f4xx_hal_i2c_ex.o"
#        "F:\STM32F407-RS485数据采集-V2\RS485-主机端 - 删减版 - dev -
#        副本\EWARM\YS-F4Pro\Obj\stm32f4xx_hal_i2s.o"
#        "F:\STM32F407-RS485数据采集-V2\RS485-主机端 - 删减版 - dev -
#        副本\EWARM\YS-F4Pro\Obj\stm32f4xx_hal_i2s_ex.o"
#        "F:\STM32F407-RS485数据采集-V2\RS485-主机端 - 删减版 - dev -
#        副本\EWARM\YS-F4Pro\Obj\stm32f4xx_hal_irda.o"
#        "F:\STM32F407-RS485数据采集-V2\RS485-主机端 - 删减版 - dev -
#        副本\EWARM\YS-F4Pro\Obj\stm32f4xx_hal_iwdg.o"
#        "F:\STM32F407-RS485数据采集-V2\RS485-主机端 - 删减版 - dev -
#        副本\EWARM\YS-F4Pro\Obj\stm32f4xx_hal_lptim.o"
#        "F:\STM32F407-RS485数据采集-V2\RS485-主机端 - 删减版 - dev -
#        副本\EWARM\YS-F4Pro\Obj\stm32f4xx_hal_ltdc.o"
#        "F:\STM32F407-RS485数据采集-V2\RS485-主机端 - 删减版 - dev -
#        副本\EWARM\YS-F4Pro\Obj\stm32f4xx_hal_ltdc_ex.o"
#        "F:\STM32F407-RS485数据采集-V2\RS485-主机端 - 删减版 - dev -
#        副本\EWARM\YS-F4Pro\Obj\stm32f4xx_hal_mmc.o"
#        "F:\STM32F407-RS485数据采集-V2\RS485-主机端 - 删减版 - dev -
#        副本\EWARM\YS-F4Pro\Obj\stm32f4xx_hal_msp.o"
#        "F:\STM32F407-RS485数据采集-V2\RS485-主机端 - 删减版 - dev -
#        副本\EWARM\YS-F4Pro\Obj\stm32f4xx_hal_nand.o"
#        "F:\STM32F407-RS485数据采集-V2\RS485-主机端 - 删减版 - dev -
#        副本\EWARM\YS-F4Pro\Obj\stm32f4xx_hal_nor.o"
#        "F:\STM32F407-RS485数据采集-V2\RS485-主机端 - 删减版 - dev -
#        副本\EWARM\YS-F4Pro\Obj\stm32f4xx_hal_pccard.o"
#        "F:\STM32F407-RS485数据采集-V2\RS485-主机端 - 删减版 - dev -
#        副本\EWARM\YS-F4Pro\Obj\stm32f4xx_hal_pcd.o"
#        "F:\STM32F407-RS485数据采集-V2\RS485-主机端 - 删减版 - dev -
#        副本\EWARM\YS-F4Pro\Obj\stm32f4xx_hal_pcd_ex.o"
#        "F:\STM32F407-RS485数据采集-V2\RS485-主机端 - 删减版 - dev -
#        副本\EWARM\YS-F4Pro\Obj\stm32f4xx_hal_pwr.o"
#        "F:\STM32F407-RS485数据采集-V2\RS485-主机端 - 删减版 - dev -
#        副本\EWARM\YS-F4Pro\Obj\stm32f4xx_hal_pwr_ex.o"
#        "F:\STM32F407-RS485数据采集-V2\RS485-主机端 - 删减版 - dev -
#        副本\EWARM\YS-F4Pro\Obj\stm32f4xx_hal_qspi.o"
#        "F:\STM32F407-RS485数据采集-V2\RS485-主机端 - 删减版 - dev -
#        副本\EWARM\YS-F4Pro\Obj\stm32f4xx_hal_rcc.o"
#        "F:\STM32F407-RS485数据采集-V2\RS485-主机端 - 删减版 - dev -
#        副本\EWARM\YS-F4Pro\Obj\stm32f4xx_hal_rcc_ex.o"
#        "F:\STM32F407-RS485数据采集-V2\RS485-主机端 - 删减版 - dev -
#        副本\EWARM\YS-F4Pro\Obj\stm32f4xx_hal_rng.o"
#        "F:\STM32F407-RS485数据采集-V2\RS485-主机端 - 删减版 - dev -
#        副本\EWARM\YS-F4Pro\Obj\stm32f4xx_hal_rtc.o"
#        "F:\STM32F407-RS485数据采集-V2\RS485-主机端 - 删减版 - dev -
#        副本\EWARM\YS-F4Pro\Obj\stm32f4xx_hal_rtc_ex.o"
#        "F:\STM32F407-RS485数据采集-V2\RS485-主机端 - 删减版 - dev -
#        副本\EWARM\YS-F4Pro\Obj\stm32f4xx_hal_sai.o"
#        "F:\STM32F407-RS485数据采集-V2\RS485-主机端 - 删减版 - dev -
#        副本\EWARM\YS-F4Pro\Obj\stm32f4xx_hal_sai_ex.o"
#        "F:\STM32F407-RS485数据采集-V2\RS485-主机端 - 删减版 - dev -
#        副本\EWARM\YS-F4Pro\Obj\stm32f4xx_hal_sd.o"
#        "F:\STM32F407-RS485数据采集-V2\RS485-主机端 - 删减版 - dev -
#        副本\EWARM\YS-F4Pro\Obj\stm32f4xx_hal_sdram.o"
#        "F:\STM32F407-RS485数据采集-V2\RS485-主机端 - 删减版 - dev -
#        副本\EWARM\YS-F4Pro\Obj\stm32f4xx_hal_smartcard.o"
#        "F:\STM32F407-RS485数据采集-V2\RS485-主机端 - 删减版 - dev -
#        副本\EWARM\YS-F4Pro\Obj\stm32f4xx_hal_spdifrx.o"
#        "F:\STM32F407-RS485数据采集-V2\RS485-主机端 - 删减版 - dev -
#        副本\EWARM\YS-F4Pro\Obj\stm32f4xx_hal_spi.o"
#        "F:\STM32F407-RS485数据采集-V2\RS485-主机端 - 删减版 - dev -
#        副本\EWARM\YS-F4Pro\Obj\stm32f4xx_hal_sram.o"
#        "F:\STM32F407-RS485数据采集-V2\RS485-主机端 - 删减版 - dev -
#        副本\EWARM\YS-F4Pro\Obj\stm32f4xx_hal_tim.o"
#        "F:\STM32F407-RS485数据采集-V2\RS485-主机端 - 删减版 - dev -
#        副本\EWARM\YS-F4Pro\Obj\stm32f4xx_hal_tim_ex.o"
#        "F:\STM32F407-RS485数据采集-V2\RS485-主机端 - 删减版 - dev -
#        副本\EWARM\YS-F4Pro\Obj\stm32f4xx_hal_uart.o"
#        "F:\STM32F407-RS485数据采集-V2\RS485-主机端 - 删减版 - dev -
#        副本\EWARM\YS-F4Pro\Obj\stm32f4xx_hal_usart.o"
#        "F:\STM32F407-RS485数据采集-V2\RS485-主机端 - 删减版 - dev -
#        副本\EWARM\YS-F4Pro\Obj\stm32f4xx_hal_wwdg.o"
#        "F:\STM32F407-RS485数据采集-V2\RS485-主机端 - 删减版 - dev -
#        副本\EWARM\YS-F4Pro\Obj\stm32f4xx_it.o"
#        "F:\STM32F407-RS485数据采集-V2\RS485-主机端 - 删减版 - dev -
#        副本\EWARM\YS-F4Pro\Obj\stm32f4xx_ll_adc.o"
#        "F:\STM32F407-RS485数据采集-V2\RS485-主机端 - 删减版 - dev -
#        副本\EWARM\YS-F4Pro\Obj\stm32f4xx_ll_crc.o"
#        "F:\STM32F407-RS485数据采集-V2\RS485-主机端 - 删减版 - dev -
#        副本\EWARM\YS-F4Pro\Obj\stm32f4xx_ll_dac.o"
#        "F:\STM32F407-RS485数据采集-V2\RS485-主机端 - 删减版 - dev -
#        副本\EWARM\YS-F4Pro\Obj\stm32f4xx_ll_dma.o"
#        "F:\STM32F407-RS485数据采集-V2\RS485-主机端 - 删减版 - dev -
#        副本\EWARM\YS-F4Pro\Obj\stm32f4xx_ll_dma2d.o"
#        "F:\STM32F407-RS485数据采集-V2\RS485-主机端 - 删减版 - dev -
#        副本\EWARM\YS-F4Pro\Obj\stm32f4xx_ll_exti.o"
#        "F:\STM32F407-RS485数据采集-V2\RS485-主机端 - 删减版 - dev -
#        副本\EWARM\YS-F4Pro\Obj\stm32f4xx_ll_fmc.o"
#        "F:\STM32F407-RS485数据采集-V2\RS485-主机端 - 删减版 - dev -
#        副本\EWARM\YS-F4Pro\Obj\stm32f4xx_ll_fsmc.o"
#        "F:\STM32F407-RS485数据采集-V2\RS485-主机端 - 删减版 - dev -
#        副本\EWARM\YS-F4Pro\Obj\stm32f4xx_ll_gpio.o"
#        "F:\STM32F407-RS485数据采集-V2\RS485-主机端 - 删减版 - dev -
#        副本\EWARM\YS-F4Pro\Obj\stm32f4xx_ll_i2c.o"
#        "F:\STM32F407-RS485数据采集-V2\RS485-主机端 - 删减版 - dev -
#        副本\EWARM\YS-F4Pro\Obj\stm32f4xx_ll_lptim.o"
#        "F:\STM32F407-RS485数据采集-V2\RS485-主机端 - 删减版 - dev -
#        副本\EWARM\YS-F4Pro\Obj\stm32f4xx_ll_pwr.o"
#        "F:\STM32F407-RS485数据采集-V2\RS485-主机端 - 删减版 - dev -
#        副本\EWARM\YS-F4Pro\Obj\stm32f4xx_ll_rcc.o"
#        "F:\STM32F407-RS485数据采集-V2\RS485-主机端 - 删减版 - dev -
#        副本\EWARM\YS-F4Pro\Obj\stm32f4xx_ll_rng.o"
#        "F:\STM32F407-RS485数据采集-V2\RS485-主机端 - 删减版 - dev -
#        副本\EWARM\YS-F4Pro\Obj\stm32f4xx_ll_rtc.o"
#        "F:\STM32F407-RS485数据采集-V2\RS485-主机端 - 删减版 - dev -
#        副本\EWARM\YS-F4Pro\Obj\stm32f4xx_ll_sdmmc.o"
#        "F:\STM32F407-RS485数据采集-V2\RS485-主机端 - 删减版 - dev -
#        副本\EWARM\YS-F4Pro\Obj\stm32f4xx_ll_spi.o"
#        "F:\STM32F407-RS485数据采集-V2\RS485-主机端 - 删减版 - dev -
#        副本\EWARM\YS-F4Pro\Obj\stm32f4xx_ll_tim.o"
#        "F:\STM32F407-RS485数据采集-V2\RS485-主机端 - 删减版 - dev -
#        副本\EWARM\YS-F4Pro\Obj\stm32f4xx_ll_usart.o"
#        "F:\STM32F407-RS485数据采集-V2\RS485-主机端 - 删减版 - dev -
#        副本\EWARM\YS-F4Pro\Obj\stm32f4xx_ll_usb.o"
#        "F:\STM32F407-RS485数据采集-V2\RS485-主机端 - 删减版 - dev -
#        副本\EWARM\YS-F4Pro\Obj\stm32f4xx_ll_utils.o"
#        "F:\STM32F407-RS485数据采集-V2\RS485-主机端 - 删减版 - dev -
#        副本\EWARM\YS-F4Pro\Obj\system_stm32f4xx.o"
#        "F:\STM32F407-RS485数据采集-V2\RS485-主机端 - 删减版 - dev -
#        副本\EWARM\YS-F4Pro\Obj\variable.o" --redirect _Printf=_PrintfFull
#        --redirect _Scanf=_ScanfFull -o
#        "F:\STM32F407-RS485数据采集-V2\RS485-主机端 - 删减版 - dev -
#        副本\EWARM\YS-F4Pro\Exe\YS-F4Pro.out" --map
#        "F:\STM32F407-RS485数据采集-V2\RS485-主机端 - 删减版 - dev -
#        副本\EWARM\YS-F4Pro\List\YS-F4Pro.map" --config
#        "F:\STM32F407-RS485数据采集-V2\RS485-主机端 - 删减版 - dev -
#        副本\EWARM\stm32f407xx_flash.icf" --semihosting --entry
#        __iar_program_start --vfe
#
###############################################################################

*******************************************************************************
*** RUNTIME MODEL ATTRIBUTES
***

CppFlavor                     = *
__Heap_Handler                = DLMalloc
__SystemLibrary               = DLib
__dlib_dynamic_initialization = normal


*******************************************************************************
*** PLACEMENT SUMMARY
***

"A1":  place at 0x08000000 { ro section .intvec };
"P1":  place in [from 0x08000000 to 0x080fffff] { ro };
"P2":  place in [from 0x20000000 to 0x2001ffff] { rw, block CSTACK, block HEAP };

  Section             Kind        Address    Size  Object
  -------             ----        -------    ----  ------
"A1":                                       0x188
  .intvec             ro code  0x08000000   0x188  startup_stm32f407xx.o [1]
                             - 0x08000188   0x188

"P1":                                      0xd826
  .text               ro code  0x08000188  0x3258  function.o [1]
  .text               ro code  0x080033e0    0x24  printf.o [3]
  .text               ro code  0x08003404   0x7c8  stm32f4xx_hal_uart.o [1]
  .text               ro code  0x08003bcc    0x4c  strtok.o [3]
  .text               ro code  0x08003c18    0x42  strcmp_unaligned.o [5]
  .text               ro code  0x08003c5a     0xa  xsprout.o [3]
  .text               ro code  0x08003c64     0x6  ABImemclr4.o [5]
  .text               ro code  0x08003c6c    0x44  strcpy_unaligned.o [5]
  .text               ro code  0x08003cb0    0x36  strlen.o [5]
  .text               ro code  0x08003ce8    0x66  ABImemset.o [5]
  .text               ro code  0x08003d50  0x14f0  dlmalloc.o [3]
  .text               ro code  0x08005240    0x4e  FltToDbl.o [4]
  .text               ro code  0x08005290    0x34  sprintf.o [3]
  .text               ro code  0x080052c4    0x2e  DblCmpGe.o [4]
  .text               ro code  0x080052f2    0x10  atof.o [4]
  .text               ro code  0x08005304    0x90  DblToFlt.o [4]
  .text               ro code  0x08005394    0x2e  DblCmpLe.o [4]
  .text               ro code  0x080053c2     0x8  atoi.o [3]
  .text               ro code  0x080053ca     0xe  strtod.o [4]
  .text               ro code  0x080053d8   0x164  bsp_usartx_RS485.o [1]
  .text               ro code  0x0800553c   0x408  stm32f4xx_hal_rtc.o [1]
  .text               ro code  0x08005944    0x58  DblToI32.o [4]
  .text               ro code  0x0800599c   0x180  DblSub.o [4]
  .text               ro code  0x08005b1c   0x1a2  DblMul.o [4]
  .text               ro code  0x08005cc0   0x256  DblDiv.o [4]
  .text               ro code  0x08005f16    0xce  crc16.o [1]
  .text               ro code  0x08005fe4    0xe8  DblAdd.o [4]
  .text               ro code  0x080060cc    0x30  I32ToDbl.o [4]
  .text               ro code  0x080060fc    0x6c  system_stm32f4xx.o [1]
  .text               ro code  0x08006168   0x8c0  pow.o [4]
  .text               ro code  0x08006a28   0x3fc  bsp_spiflash.o [1]
  .text               ro code  0x08006e24  0x1166  xprintffull.o [3]
  .text               ro code  0x08007f8c   0x26c  bsp_debug_usart.o [1]
  .text               ro code  0x080081f8    0x7c  stm32f4xx_hal.o [1]
  .text               ro code  0x08008274    0x26  stm32f4xx_hal_dma.o [1]
  .text               ro code  0x0800829c   0xdb0  main.o [1]
  .text               ro code  0x0800904c   0x6bc  stm32f4xx_hal_rcc.o [1]
  .text               ro code  0x08009708     0x2  xtls.o [3]
  .text               ro code  0x0800970a    0x22  strspn.o [3]
  .text               ro code  0x0800972c    0x22  strcspn.o [3]
  .text               ro code  0x08009750    0x32  ABImemset48.o [5]
  .text               ro code  0x08009782     0x6  abort.o [3]
  .text               ro code  0x08009788    0x2c  xgetmemchunk.o [3]
  .text               ro code  0x080097b4   0x168  xstod.o [4]
  .text               ro code  0x0800991c   0x198  xstoul.o [3]
  .text               ro code  0x08009ab4   0x152  stm32f4xx_hal_cortex.o [1]
  .text               ro code  0x08009c08   0x250  stm32f4xx_hal_gpio.o [1]
  .text               ro code  0x08009e58   0x304  bsp_rtc.o [1]
  .text               ro code  0x0800a15c    0x42  xdnorm.o [4]
  .text               ro code  0x0800a19e    0x7a  xdint.o [4]
  .text               ro code  0x0800a218    0x20  DblCmpEq.o [4]
  .text               ro code  0x0800a238     0xc  errno.o [3]
  .text               ro code  0x0800a244    0xb0  xlog.o [4]
  .text               ro code  0x0800a2f4   0x2c6  xexp.o [4]
  .text               ro code  0x0800a5bc   0x36c  stm32f4xx_hal_spi.o [1]
  .text               ro code  0x0800a928    0x20  xmbtowc.o [3]
  .text               ro code  0x0800a948    0x16  strchr.o [5]
  .text               ro code  0x0800a960    0x58  memchr.o [5]
  .text               ro code  0x0800a9b8     0xa  xmbcurmax.o [3]
  .text               ro code  0x0800a9c2    0x1a  xwctomb.o [3]
  .text               ro code  0x0800a9dc    0x76  ABImemcpy_unaligned.o [5]
  .text               ro code  0x0800aa54    0xee  I64DivMod.o [5]
  .text               ro code  0x0800ab44   0x114  xdscale.o [4]
  .text               ro code  0x0800ac58    0x6c  localeconv.o [3]
  .text               ro code  0x0800acc4     0xe  div.o [3]
  .text               ro code  0x0800acd2    0x6e  stm32f4xx_hal_msp.o [1]
  .text               ro code  0x0800ad40    0xc8  bsp_led.o [1]
  .text               ro code  0x0800ae08   0x374  bsp_gpio.o [1]
  .text               ro code  0x0800b17c    0x7c  bsp_BasicTIM.o [1]
  .text               ro code  0x0800b1f8   0x318  stm32f4xx_hal_tim.o [1]
  .text               ro code  0x0800b510   0x18c  sample.o [1]
  .text               ro code  0x0800b69c    0x14  exit.o [6]
  .text               ro code  0x0800b6b0   0x124  xstopfx.o [3]
  .text               ro code  0x0800b7d4   0x1b8  xstoflt.o [3]
  .rodata             const    0x0800b98c    0x44  function.o [1]
  .text               ro code  0x0800b9d0   0x200  xdtento.o [4]
  .text               ro code  0x0800bbd0   0x218  xstoxflt.o [3]
  .text               ro code  0x0800bde8    0x28  isxxx.o [3]
  .text               ro code  0x0800be10    0x14  tolower.o [3]
  .text               ro code  0x0800be24    0x20  stm32f4xx_hal_rtc_ex.o [1]
  .text               ro code  0x0800be44    0x18  stm32f4xx_hal_pwr.o [1]
  .text               ro code  0x0800be5c   0x17c  stm32f4xx_hal_rcc_ex.o [1]
  .text               ro code  0x0800bfd8    0x40  xdtest.o [4]
  .text               ro code  0x0800c018    0x24  setlocale.o [3]
  .text               ro code  0x0800c03c    0x60  xencoding_sb.o [3]
  .text               ro code  0x0800c09c     0x2  I64DivZer.o [5]
  .text               ro code  0x0800c0a0    0x5c  stm32f4xx_hal_tim_ex.o [1]
  .text               ro code  0x0800c0fc    0x52  xdunscal.o [4]
  .text               ro code  0x0800c14e    0x16  xlocale_c.o [3]
  .text               ro code  0x0800c164    0x14  xlocale_c.o [3]
  .text               ro code  0x0800c178     0xc  xlocale_c.o [3]
  .text               ro code  0x0800c184    0xc0  stm32f4xx_it.o [1]
  .rodata             const    0x0800c244    0x40  function.o [1]
  .rodata             const    0x0800c284    0x40  function.o [1]
  .rodata             const    0x0800c2c4    0x40  function.o [1]
  .rodata             const    0x0800c304    0x40  function.o [1]
  .rodata             const    0x0800c344    0x40  function.o [1]
  .rodata             const    0x0800c384    0x40  function.o [1]
  .rodata             const    0x0800c3c4    0x40  function.o [1]
  .rodata             const    0x0800c404    0x40  function.o [1]
  .rodata             const    0x0800c444    0x40  function.o [1]
  .rodata             const    0x0800c484    0x40  function.o [1]
  .text               ro code  0x0800c4c4    0x40  zero_init3.o [5]
  .rodata             const    0x0800c504    0x3c  bsp_rtc.o [1]
  .rodata             const    0x0800c540    0x3c  function.o [1]
  .rodata             const    0x0800c57c    0x3c  function.o [1]
  .rodata             const    0x0800c5b8    0x38  function.o [1]
  .rodata             const    0x0800c5f0    0x38  function.o [1]
  .text               ro code  0x0800c628    0x38  packbits_init_single.o [5]
  .rodata             const    0x0800c660    0x34  function.o [1]
  .rodata             const    0x0800c694    0x34  function.o [1]
  .rodata             const    0x0800c6c8    0x34  function.o [1]
  .rodata             const    0x0800c6fc    0x34  function.o [1]
  .rodata             const    0x0800c730    0x30  bsp_rtc.o [1]
  .rodata             const    0x0800c760    0x30  bsp_rtc.o [1]
  .rodata             const    0x0800c790    0x30  bsp_rtc.o [1]
  .rodata             const    0x0800c7c0    0x30  bsp_rtc.o [1]
  .rodata             const    0x0800c7f0    0x30  bsp_rtc.o [1]
  .rodata             const    0x0800c820    0x30  bsp_rtc.o [1]
  .rodata             const    0x0800c850    0x30  bsp_rtc.o [1]
  .rodata             const    0x0800c880    0x30  function.o [1]
  .rodata             const    0x0800c8b0    0x30  function.o [1]
  .rodata             const    0x0800c8e0    0x30  function.o [1]
  .rodata             const    0x0800c910    0x30  function.o [1]
  .rodata             const    0x0800c940    0x30  function.o [1]
  .rodata             const    0x0800c970    0x30  function.o [1]
  .rodata             const    0x0800c9a0    0x30  function.o [1]
  .rodata             const    0x0800c9d0    0x30  function.o [1]
  .rodata             const    0x0800ca00    0x30  function.o [1]
  .rodata             const    0x0800ca30    0x30  function.o [1]
  .rodata             const    0x0800ca60    0x30  function.o [1]
  .rodata             const    0x0800ca90    0x30  function.o [1]
  .rodata             const    0x0800cac0    0x2c  function.o [1]
  .rodata             const    0x0800caec    0x2c  function.o [1]
  .rodata             const    0x0800cb18    0x2c  function.o [1]
  .rodata             const    0x0800cb44    0x2c  function.o [1]
  .rodata             const    0x0800cb70    0x2c  function.o [1]
  .rodata             const    0x0800cb9c    0x2c  function.o [1]
  .rodata             const    0x0800cbc8    0x2c  function.o [1]
  .rodata             const    0x0800cbf4    0x2c  function.o [1]
  .rodata             const    0x0800cc20    0x28  function.o [1]
  .rodata             const    0x0800cc48    0x28  function.o [1]
  .rodata             const    0x0800cc70    0x28  function.o [1]
  .rodata             const    0x0800cc98    0x28  function.o [1]
  .rodata             const    0x0800ccc0    0x28  function.o [1]
  .rodata             const    0x0800cce8    0x28  main.o [1]
  .rodata             const    0x0800cd10    0x28  main.o [1]
  .text               ro code  0x0800cd38    0x28  data_init.o [5]
  .rodata             const    0x0800cd60    0x24  bsp_usartx_RS485.o [1]
  .rodata             const    0x0800cd84    0x24  bsp_usartx_RS485.o [1]
  .rodata             const    0x0800cda8    0x24  bsp_usartx_RS485.o [1]
  .rodata             const    0x0800cdcc    0x24  function.o [1]
  .rodata             const    0x0800cdf0    0x24  function.o [1]
  .rodata             const    0x0800ce14    0x24  function.o [1]
  .rodata             const    0x0800ce38    0x24  function.o [1]
  .rodata             const    0x0800ce5c    0x24  function.o [1]
  .rodata             const    0x0800ce80    0x24  function.o [1]
  .rodata             const    0x0800cea4    0x24  function.o [1]
  .rodata             const    0x0800cec8    0x24  function.o [1]
  .rodata             const    0x0800ceec    0x24  function.o [1]
  .rodata             const    0x0800cf10    0x24  function.o [1]
  .rodata             const    0x0800cf34    0x24  function.o [1]
  .rodata             const    0x0800cf58    0x24  function.o [1]
  .rodata             const    0x0800cf7c    0x24  function.o [1]
  .rodata             const    0x0800cfa0    0x24  function.o [1]
  .rodata             const    0x0800cfc4    0x24  function.o [1]
  .rodata             const    0x0800cfe8    0x24  main.o [1]
  .rodata             const    0x0800d00c    0x24  sample.o [1]
  .rodata             const    0x0800d030    0x24  stm32f4xx_it.o [1]
  .rodata             const    0x0800d054    0x24  stm32f4xx_it.o [1]
  .rodata             const    0x0800d078    0x24  stm32f4xx_it.o [1]
  .rodata             const    0x0800d09c    0x24  stm32f4xx_it.o [1]
  .text               ro code  0x0800d0c0    0x22  fpinit_M.o [4]
  .iar.init_table     const    0x0800d0e4    0x20  - Linker created -
  .rodata             const    0x0800d104    0x20  bsp_usartx_RS485.o [1]
  .rodata             const    0x0800d124    0x20  function.o [1]
  .rodata             const    0x0800d144    0x20  function.o [1]
  .rodata             const    0x0800d164    0x20  function.o [1]
  .rodata             const    0x0800d184    0x20  function.o [1]
  .rodata             const    0x0800d1a4    0x20  function.o [1]
  .rodata             const    0x0800d1c4    0x20  function.o [1]
  .rodata             const    0x0800d1e4    0x20  function.o [1]
  .rodata             const    0x0800d204    0x20  function.o [1]
  .rodata             const    0x0800d224    0x20  function.o [1]
  .rodata             const    0x0800d244    0x20  function.o [1]
  .rodata             const    0x0800d264    0x20  function.o [1]
  .rodata             const    0x0800d284    0x20  function.o [1]
  .rodata             const    0x0800d2a4    0x20  function.o [1]
  .rodata             const    0x0800d2c4    0x20  function.o [1]
  .rodata             const    0x0800d2e4    0x20  function.o [1]
  .rodata             const    0x0800d304    0x20  function.o [1]
  .rodata             const    0x0800d324    0x20  main.o [1]
  .rodata             const    0x0800d344    0x1c  function.o [1]
  .rodata             const    0x0800d360    0x1c  function.o [1]
  .rodata             const    0x0800d37c    0x1c  function.o [1]
  .rodata             const    0x0800d398    0x1c  function.o [1]
  .rodata             const    0x0800d3b4    0x1c  function.o [1]
  .rodata             const    0x0800d3d0    0x1c  function.o [1]
  .rodata             const    0x0800d3ec    0x1c  function.o [1]
  .rodata             const    0x0800d408    0x1c  function.o [1]
  .rodata             const    0x0800d424    0x1c  function.o [1]
  .rodata             const    0x0800d440    0x1c  function.o [1]
  .rodata             const    0x0800d45c    0x1c  function.o [1]
  .rodata             const    0x0800d478    0x1c  function.o [1]
  .rodata             const    0x0800d494    0x1c  main.o [1]
  .rodata             const    0x0800d4b0    0x1c  main.o [1]
  .text               ro code  0x0800d4cc    0x1a  cmain.o [5]
  .text               ro code  0x0800d4e6     0x4  low_level_init.o [3]
  .text               ro code  0x0800d4ea     0x4  exit.o [3]
  .text               ro code  0x0800d4f0     0xa  cexit.o [5]
  .rodata             const    0x0800d4fc    0x18  bsp_rtc.o [1]
  .rodata             const    0x0800d514    0x18  function.o [1]
  .rodata             const    0x0800d52c    0x18  function.o [1]
  .rodata             const    0x0800d544    0x18  function.o [1]
  .rodata             const    0x0800d55c    0x18  main.o [1]
  .rodata             const    0x0800d574    0x18  main.o [1]
  .rodata             const    0x0800d58c    0x18  main.o [1]
  .rodata             const    0x0800d5a4    0x18  main.o [1]
  .rodata             const    0x0800d5bc    0x18  main.o [1]
  .rodata             const    0x0800d5d4    0x18  main.o [1]
  .rodata             const    0x0800d5ec    0x18  main.o [1]
  .rodata             const    0x0800d604    0x18  main.o [1]
  .text               ro code  0x0800d61c    0x16  xprout.o [3]
  .text               ro code  0x0800d634     0xc  putchar.o [3]
  .rodata             const    0x0800d640    0x14  bsp_rtc.o [1]
  .rodata             const    0x0800d654    0x14  main.o [1]
  .rodata             const    0x0800d668    0x14  main.o [1]
  .rodata             const    0x0800d67c    0x14  main.o [1]
  .rodata             const    0x0800d690    0x10  function.o [1]
  .rodata             const    0x0800d6a0    0x10  function.o [1]
  .rodata             const    0x0800d6b0    0x10  function.o [1]
  .rodata             const    0x0800d6c0    0x10  main.o [1]
  .rodata             const    0x0800d6d0    0x10  main.o [1]
  .rodata             const    0x0800d6e0    0x10  main.o [1]
  .rodata             const    0x0800d6f0    0x10  system_stm32f4xx.o [1]
  .text               ro code  0x0800d700    0x10  startup_stm32f407xx.o [1]
  .rodata             const    0x0800d710     0xc  function.o [1]
  .rodata             const    0x0800d71c     0xc  function.o [1]
  .rodata             const    0x0800d728     0xc  function.o [1]
  .rodata             const    0x0800d734     0xc  function.o [1]
  .rodata             const    0x0800d740     0xc  main.o [1]
  .rodata             const    0x0800d74c     0xc  main.o [1]
  .text               ro code  0x0800d758     0xc  cstartup_M.o [5]
  .rodata             const    0x0800d764     0x8  function.o [1]
  .rodata             const    0x0800d76c     0x8  function.o [1]
  .rodata             const    0x0800d774     0x8  function.o [1]
  .rodata             const    0x0800d77c     0x8  function.o [1]
  .rodata             const    0x0800d784     0x8  function.o [1]
  .rodata             const    0x0800d78c     0x8  function.o [1]
  .rodata             const    0x0800d794     0x8  main.o [1]
  .rodata             const    0x0800d79c     0x8  main.o [1]
  .rodata             const    0x0800d7a4     0x8  system_stm32f4xx.o [1]
  .text               ro code  0x0800d7ac     0x4  startup_stm32f407xx.o [1]
  .text               ro code  0x0800d7b0     0x4  startup_stm32f407xx.o [1]
  .text               ro code  0x0800d7b4     0x4  startup_stm32f407xx.o [1]
  .text               ro code  0x0800d7b8     0x4  startup_stm32f407xx.o [1]
  .text               ro code  0x0800d7bc     0x4  startup_stm32f407xx.o [1]
  .text               ro code  0x0800d7c0     0x4  startup_stm32f407xx.o [1]
  .text               ro code  0x0800d7c4     0x4  startup_stm32f407xx.o [1]
  .text               ro code  0x0800d7c8     0x4  startup_stm32f407xx.o [1]
  .text               ro code  0x0800d7cc     0x4  startup_stm32f407xx.o [1]
  .text               ro code  0x0800d7d0     0x4  startup_stm32f407xx.o [1]
  .text               ro code  0x0800d7d4     0x4  startup_stm32f407xx.o [1]
  .text               ro code  0x0800d7d8     0x4  startup_stm32f407xx.o [1]
  .text               ro code  0x0800d7dc     0x4  startup_stm32f407xx.o [1]
  .text               ro code  0x0800d7e0     0x4  startup_stm32f407xx.o [1]
  .text               ro code  0x0800d7e4     0x4  startup_stm32f407xx.o [1]
  .text               ro code  0x0800d7e8     0x4  startup_stm32f407xx.o [1]
  .text               ro code  0x0800d7ec     0x4  startup_stm32f407xx.o [1]
  .text               ro code  0x0800d7f0     0x4  startup_stm32f407xx.o [1]
  .text               ro code  0x0800d7f4     0x4  startup_stm32f407xx.o [1]
  .text               ro code  0x0800d7f8     0x4  startup_stm32f407xx.o [1]
  .text               ro code  0x0800d7fc     0x4  startup_stm32f407xx.o [1]
  .text               ro code  0x0800d800     0x4  startup_stm32f407xx.o [1]
  .text               ro code  0x0800d804     0x4  startup_stm32f407xx.o [1]
  .text               ro code  0x0800d808     0x4  startup_stm32f407xx.o [1]
  .text               ro code  0x0800d80c     0x4  startup_stm32f407xx.o [1]
  .text               ro code  0x0800d810     0x4  startup_stm32f407xx.o [1]
  .text               ro code  0x0800d814     0x4  startup_stm32f407xx.o [1]
  .text               ro code  0x0800d818     0x4  startup_stm32f407xx.o [1]
  .text               ro code  0x0800d81c     0x4  startup_stm32f407xx.o [1]
  .text               ro code  0x0800d820     0x4  startup_stm32f407xx.o [1]
  .text               ro code  0x0800d824     0x4  startup_stm32f407xx.o [1]
  .text               ro code  0x0800d828     0x4  startup_stm32f407xx.o [1]
  .text               ro code  0x0800d82c     0x4  startup_stm32f407xx.o [1]
  .text               ro code  0x0800d830     0x4  startup_stm32f407xx.o [1]
  .text               ro code  0x0800d834     0x4  startup_stm32f407xx.o [1]
  .text               ro code  0x0800d838     0x4  startup_stm32f407xx.o [1]
  .text               ro code  0x0800d83c     0x4  startup_stm32f407xx.o [1]
  .text               ro code  0x0800d840     0x4  startup_stm32f407xx.o [1]
  .text               ro code  0x0800d844     0x4  startup_stm32f407xx.o [1]
  .text               ro code  0x0800d848     0x4  startup_stm32f407xx.o [1]
  .text               ro code  0x0800d84c     0x4  startup_stm32f407xx.o [1]
  .text               ro code  0x0800d850     0x4  startup_stm32f407xx.o [1]
  .text               ro code  0x0800d854     0x4  startup_stm32f407xx.o [1]
  .text               ro code  0x0800d858     0x4  startup_stm32f407xx.o [1]
  .text               ro code  0x0800d85c     0x4  startup_stm32f407xx.o [1]
  .text               ro code  0x0800d860     0x4  startup_stm32f407xx.o [1]
  .text               ro code  0x0800d864     0x4  startup_stm32f407xx.o [1]
  .text               ro code  0x0800d868     0x4  startup_stm32f407xx.o [1]
  .text               ro code  0x0800d86c     0x4  startup_stm32f407xx.o [1]
  .text               ro code  0x0800d870     0x4  startup_stm32f407xx.o [1]
  .text               ro code  0x0800d874     0x4  startup_stm32f407xx.o [1]
  .text               ro code  0x0800d878     0x4  startup_stm32f407xx.o [1]
  .text               ro code  0x0800d87c     0x4  startup_stm32f407xx.o [1]
  .text               ro code  0x0800d880     0x4  startup_stm32f407xx.o [1]
  .text               ro code  0x0800d884     0x4  startup_stm32f407xx.o [1]
  .text               ro code  0x0800d888     0x4  startup_stm32f407xx.o [1]
  .text               ro code  0x0800d88c     0x4  startup_stm32f407xx.o [1]
  .text               ro code  0x0800d890     0x4  startup_stm32f407xx.o [1]
  .text               ro code  0x0800d894     0x4  startup_stm32f407xx.o [1]
  .text               ro code  0x0800d898     0x4  startup_stm32f407xx.o [1]
  .text               ro code  0x0800d89c     0x4  startup_stm32f407xx.o [1]
  .text               ro code  0x0800d8a0     0x4  startup_stm32f407xx.o [1]
  .text               ro code  0x0800d8a4     0x4  startup_stm32f407xx.o [1]
  .text               ro code  0x0800d8a8     0x4  startup_stm32f407xx.o [1]
  .text               ro code  0x0800d8ac     0x4  startup_stm32f407xx.o [1]
  .text               ro code  0x0800d8b0     0x4  startup_stm32f407xx.o [1]
  .text               ro code  0x0800d8b4     0x4  startup_stm32f407xx.o [1]
  .text               ro code  0x0800d8b8     0x4  startup_stm32f407xx.o [1]
  .text               ro code  0x0800d8bc     0x4  startup_stm32f407xx.o [1]
  .text               ro code  0x0800d8c0     0x4  startup_stm32f407xx.o [1]
  .text               ro code  0x0800d8c4     0x4  startup_stm32f407xx.o [1]
  .text               ro code  0x0800d8c8     0x4  startup_stm32f407xx.o [1]
  .text               ro code  0x0800d8cc     0x4  startup_stm32f407xx.o [1]
  .text               ro code  0x0800d8d0     0x4  startup_stm32f407xx.o [1]
  .text               ro code  0x0800d8d4     0x4  startup_stm32f407xx.o [1]
  .rodata             const    0x0800d8d8     0x0  zero_init3.o [5]
  .rodata             const    0x0800d8d8     0x0  packbits_init_single.o [5]
  Initializer bytes   const    0x0800d8d8    0xd6  <for P2-1>
                             - 0x0800d9ae  0xd826

"P2", part 1 of 3:                          0x1eb
  P2-1                         0x20000000   0x1eb  <Init block>
    .data             inited   0x20000000     0x4  system_stm32f4xx.o [1]
    .data             inited   0x20000004     0x4  variable.o [1]
    .data             inited   0x20000008     0x4  variable.o [1]
    .data             inited   0x2000000c     0x4  variable.o [1]
    .data             inited   0x20000010     0x4  variable.o [1]
    .data             inited   0x20000014     0x4  variable.o [1]
    .data             inited   0x20000018     0x4  variable.o [1]
    .data             inited   0x2000001c     0x4  variable.o [1]
    .data             inited   0x20000020     0x4  variable.o [1]
    .data             inited   0x20000024     0x8  variable.o [1]
    .data             inited   0x2000002c     0x8  variable.o [1]
    .data             inited   0x20000034     0x8  variable.o [1]
    .data             inited   0x2000003c     0x8  variable.o [1]
    .data             inited   0x20000044     0x8  variable.o [1]
    .data             inited   0x2000004c     0x8  variable.o [1]
    .data             inited   0x20000054     0x8  variable.o [1]
    .data             inited   0x2000005c     0x8  variable.o [1]
    .data             inited   0x20000064     0x8  variable.o [1]
    .data             inited   0x2000006c     0x8  variable.o [1]
    .data             inited   0x20000074     0x8  variable.o [1]
    .data             inited   0x2000007c     0x8  variable.o [1]
    .data             inited   0x20000084     0x8  variable.o [1]
    .data             inited   0x2000008c     0x8  variable.o [1]
    .data             inited   0x20000094     0x8  variable.o [1]
    .data             inited   0x2000009c     0x8  variable.o [1]
    .data             inited   0x200000a4    0x40  xfiles.o [3]
    __DLIB_PERTHREAD  inited   0x200000e4     0x4  strtok.o [3]
    __DLIB_PERTHREAD  inited   0x200000e8     0x4  errno.o [3]
    __DLIB_PERTHREAD  inited   0x200000ec    0x74  setlocale.o [3]
    __DLIB_PERTHREAD  inited   0x20000160    0x88  localeconv.o [3]
    .data             inited   0x200001e8     0x2  variable.o [1]
    .data             inited   0x200001ea     0x1  main.o [1]
                             - 0x200001eb   0x1eb

"P2", part 2 of 3:                         0x2000
  CSTACK                       0x200001f0  0x1000  <Block>
    CSTACK            uninit   0x200001f0  0x1000  <Block tail>
  HEAP                         0x200011f0  0x1000  <Block>
    HEAP              uninit   0x200011f0  0x1000  <Block tail>
                             - 0x200021f0  0x2000

"P2", part 3 of 3:                         0x128c
  .bss                zero     0x200021f0   0x758  variable.o [1]
  .bss                zero     0x20002948   0x3e8  variable.o [1]
  .bss                zero     0x20002d30   0x1f8  variable.o [1]
  .bss                zero     0x20002f28   0x1d8  dlmalloc.o [3]
  .bss                zero     0x20003100   0x118  variable.o [1]
  .bss                zero     0x20003218    0x58  bsp_spiflash.o [1]
  .bss                zero     0x20003270    0x50  xfiles.o [3]
  .bss                zero     0x200032c0    0x40  bsp_debug_usart.o [1]
  .bss                zero     0x20003300    0x40  bsp_debug_usart.o [1]
  .bss                zero     0x20003340    0x40  bsp_usartx_RS485.o [1]
  .bss                zero     0x20003380    0x3c  bsp_BasicTIM.o [1]
  .bss                zero     0x200033bc    0x34  variable.o [1]
  .bss                zero     0x200033f0    0x20  bsp_rtc.o [1]
  .bss                zero     0x20003410    0x18  dlmalloc.o [3]
  .bss                zero     0x20003428     0x4  stm32f4xx_hal.o [1]
  .bss                zero     0x2000342c     0x4  variable.o [1]
  .bss                zero     0x20003430     0x4  variable.o [1]
  .bss                zero     0x20003434     0x4  variable.o [1]
  .bss                zero     0x20003438     0x4  variable.o [1]
  .bss                zero     0x2000343c     0x4  variable.o [1]
  .bss                zero     0x20003440     0x4  variable.o [1]
  .bss                zero     0x20003444     0x4  variable.o [1]
  .bss                zero     0x20003448     0x4  variable.o [1]
  .bss                zero     0x2000344c     0x4  xgetmemchunk.o [3]
  .bss                zero     0x20003450     0x2  main.o [1]
  .bss                zero     0x20003452     0x2  main.o [1]
  .bss                zero     0x20003454     0x2  variable.o [1]
  .bss                zero     0x20003456     0x2  variable.o [1]
  .bss                zero     0x20003458     0x2  variable.o [1]
  .bss                zero     0x2000345a     0x1  main.o [1]
  .bss                zero     0x2000345b     0x1  main.o [1]
  .bss                zero     0x2000345c     0x1  main.o [1]
  .bss                zero     0x2000345d     0x1  main.o [1]
  .bss                zero     0x2000345e     0x1  main.o [1]
  .bss                zero     0x2000345f     0x1  main.o [1]
  .bss                zero     0x20003460     0x1  main.o [1]
  .bss                zero     0x20003461     0x1  main.o [1]
  .bss                zero     0x20003462     0x1  main.o [1]
  .bss                zero     0x20003463     0x1  main.o [1]
  .bss                zero     0x20003464     0x1  main.o [1]
  .bss                zero     0x20003465     0x1  main.o [1]
  .bss                zero     0x20003466     0x1  variable.o [1]
  .bss                zero     0x20003467     0x1  variable.o [1]
  .bss                zero     0x20003468     0x1  variable.o [1]
  .bss                zero     0x20003469     0x1  variable.o [1]
  .bss                zero     0x2000346a     0x1  variable.o [1]
  .bss                zero     0x2000346b     0x1  variable.o [1]
  .bss                zero     0x2000346c     0x1  variable.o [1]
  .bss                zero     0x2000346d     0x1  variable.o [1]
  .bss                zero     0x2000346e     0x1  variable.o [1]
  .bss                zero     0x2000346f     0x1  variable.o [1]
  .bss                zero     0x20003470     0x1  variable.o [1]
  .bss                zero     0x20003471     0x1  variable.o [1]
  .bss                zero     0x20003472     0x1  variable.o [1]
  .bss                zero     0x20003473     0x1  variable.o [1]
  .bss                zero     0x20003474     0x1  variable.o [1]
  .bss                zero     0x20003475     0x1  variable.o [1]
  .bss                zero     0x20003476     0x1  variable.o [1]
  .bss                zero     0x20003477     0x1  variable.o [1]
  .bss                zero     0x20003478     0x1  variable.o [1]
                             - 0x20003479  0x1289


*******************************************************************************
*** INIT TABLE
***

          Address     Size
          -------     ----
Zero (__iar_zero_init3)
    1 destination range, total size 0x1289:
          0x200021f0  0x1289

Copy/packbits (__iar_packbits_init_single3)
    1 source range, total size 0xd6 (43% of destination):
          0x0800d8d8    0xd6
    1 destination range, total size 0x1eb:
          0x20000000   0x1eb



*******************************************************************************
*** MODULE SUMMARY
***

    Module                  ro code  ro data  rw data
    ------                  -------  -------  -------
F:\STM32F407-RS485数据采集-V2\RS485-主机端 - 删减版 - dev - 副本\EWARM\YS-F4Pro\Obj: [1]
    bsp_BasicTIM.o              124                60
    bsp_debug_usart.o           620               128
    bsp_gpio.o                  884
    bsp_led.o                   200
    bsp_rtc.o                   772      440       32
    bsp_spiflash.o            1 020                88
    bsp_usartx_RS485.o          356      140       64
    crc16.o                     206
    function.o               12 888    3 880
    main.o                    3 504      545       17
    sample.o                    396       36
    startup_stm32f407xx.o       708
    stm32f4xx_hal.o             124                 4
    stm32f4xx_hal_cortex.o      338
    stm32f4xx_hal_dma.o          38
    stm32f4xx_hal_gpio.o        592
    stm32f4xx_hal_msp.o         110
    stm32f4xx_hal_pwr.o          24
    stm32f4xx_hal_rcc.o       1 724
    stm32f4xx_hal_rcc_ex.o      380
    stm32f4xx_hal_rtc.o       1 032
    stm32f4xx_hal_rtc_ex.o       32
    stm32f4xx_hal_spi.o         876
    stm32f4xx_hal_tim.o         792
    stm32f4xx_hal_tim_ex.o       92
    stm32f4xx_hal_uart.o      1 992
    stm32f4xx_it.o              192      144
    system_stm32f4xx.o          108       25        4
    variable.o                            71    3 935
    -------------------------------------------------
    Total:                   30 124    5 281    4 332

command line: [2]
    -------------------------------------------------
    Total:

dl7M_tlf.a: [3]
    abort.o                       6
    atoi.o                        8
    div.o                        14
    dlmalloc.o                5 360               496
    errno.o                      12        1        4
    exit.o                        4
    isxxx.o                      40
    localeconv.o                108       59      136
    low_level_init.o              4
    printf.o                     36
    putchar.o                    12
    setlocale.o                  36       51      116
    sprintf.o                    52
    strcspn.o                    34
    strspn.o                     34
    strtok.o                     76        2        4
    tolower.o                    20
    xencoding_sb.o               96
    xfiles.o                              28      144
    xgetmemchunk.o               44                 4
    xlocale_c.o                  54
    xmbcurmax.o                  10
    xmbtowc.o                    32
    xprintffull.o             4 454
    xprout.o                     22
    xsprout.o                    10
    xstoflt.o                   440
    xstopfx.o                   292
    xstoul.o                    408
    xstoxflt.o                  536
    xtls.o                        2
    xwctomb.o                    26
    -------------------------------------------------
    Total:                   12 282      141      904

m7M_tls.a: [4]
    DblAdd.o                    232
    DblCmpEq.o                   32
    DblCmpGe.o                   46
    DblCmpLe.o                   46
    DblDiv.o                    598
    DblMul.o                    418
    DblSub.o                    384
    DblToFlt.o                  144
    DblToI32.o                   88
    FltToDbl.o                   78
    I32ToDbl.o                   48
    atof.o                       16
    fpinit_M.o                   34
    pow.o                     2 240
    strtod.o                     14
    xdint.o                     122
    xdnorm.o                     66
    xdscale.o                   276
    xdtento.o                   512
    xdtest.o                     64
    xdunscal.o                   82
    xexp.o                      710
    xlog.o                      176
    xstod.o                     360
    -------------------------------------------------
    Total:                    6 786

rt7M_tl.a: [5]
    ABImemclr4.o                  6
    ABImemcpy_unaligned.o       118
    ABImemset.o                 102
    ABImemset48.o                50
    I64DivMod.o                 238
    I64DivZer.o                   2
    cexit.o                      10
    cmain.o                      26
    cstartup_M.o                 12
    data_init.o                  40
    memchr.o                     88
    packbits_init_single.o       56
    strchr.o                     22
    strcmp_unaligned.o           66
    strcpy_unaligned.o           68
    strlen.o                     54
    zero_init3.o                 64
    -------------------------------------------------
    Total:                    1 022

shb_l.a: [6]
    exit.o                       20
    -------------------------------------------------
    Total:                       20

    Gaps                         34        4
    Linker created                        32    8 192
-----------------------------------------------------
    Grand Total:             50 268    5 458   13 428


*******************************************************************************
*** ENTRY LIST
***

Entry                      Address   Size  Type      Object
-----                      -------   ----  ----      ------
.iar.init_table$$Base   0x0800d0e4          --   Gb  - Linker created -
.iar.init_table$$Limit  0x0800d104          --   Gb  - Linker created -
?main                   0x0800d4cd         Code  Gb  cmain.o [5]
AHBPrescTable           0x0800d6f0   0x10  Data  Gb  system_stm32f4xx.o [1]
APBPrescTable           0x0800d7a4    0x8  Data  Gb  system_stm32f4xx.o [1]
Alarm                   0x0800177d   0x28  Code  Gb  function.o [1]
Android_Rx_Count        0x20003454    0x2  Data  Gb  variable.o [1]
Android_Rx_buf          0x20002948  0x3e8  Data  Gb  variable.o [1]
BASIC_TIMx_Init         0x0800b17d   0x36  Code  Gb  bsp_BasicTIM.o [1]
Backups_Data            0x080001ab   0x6c  Code  Gb  function.o [1]
BitToFloat              0x08002da9  0x17e  Code  Gb  function.o [1]
BitToInt                0x08002d91   0x18  Code  Gb  function.o [1]
BusFault_Handler        0x0800c1a3    0xe  Code  Gb  stm32f4xx_it.o [1]
CRC16_MODBUS            0x08005f67   0x7e  Code  Gb  crc16.o [1]
CSTACK$$Base            0x200001f0          --   Gb  - Linker created -
CSTACK$$Limit           0x200011f0          --   Gb  - Linker created -
Chang_Start_time        0x08001991  0x12c  Code  Gb  function.o [1]
Clean_Data              0x080004a1  0x280  Code  Gb  function.o [1]
Clear_FLASH_Data        0x08003259   0x16  Code  Gb  function.o [1]
Clear_RS485Buf          0x08002725   0x22  Code  Gb  function.o [1]
Close_Beep              0x080031fb   0x12  Code  Gb  function.o [1]
Close_Delay             0x08001ac5  0x114  Code  Gb  function.o [1]
Close_Error             0x08001823   0x42  Code  Gb  function.o [1]
Close_Light             0x08003225   0x10  Code  Gb  function.o [1]
Close_YiYe_pupm         0x08003245   0x10  Code  Gb  function.o [1]
Command_Data            0x08000217   0x7e  Code  Gb  function.o [1]
Control                 0x08002655   0xd0  Code  Gb  function.o [1]
Control_flag            0x2000346a    0x1  Data  Gb  variable.o [1]
Control_index_time      0x0800234d  0x2f4  Code  Gb  function.o [1]
Control_max_from_min    0x08001d11   0xd8  Code  Gb  function.o [1]
Control_min_from_max    0x08001c39   0xd8  Code  Gb  function.o [1]
Control_sys_temer       0x08001f5d  0x39c  Code  Gb  function.o [1]
Control_temer           0x08001df1  0x134  Code  Gb  function.o [1]
D0_Close                0x2000002c    0x8  Data  Gb  variable.o [1]
D0_Open                 0x20000024    0x8  Data  Gb  variable.o [1]
D1_Close                0x2000003c    0x8  Data  Gb  variable.o [1]
D1_Open                 0x20000034    0x8  Data  Gb  variable.o [1]
D2_Close                0x2000004c    0x8  Data  Gb  variable.o [1]
D2_Open                 0x20000044    0x8  Data  Gb  variable.o [1]
D3_Close                0x2000005c    0x8  Data  Gb  variable.o [1]
D3_Open                 0x20000054    0x8  Data  Gb  variable.o [1]
D4_Close                0x2000006c    0x8  Data  Gb  variable.o [1]
D4_Open                 0x20000064    0x8  Data  Gb  variable.o [1]
D5_Close                0x2000007c    0x8  Data  Gb  variable.o [1]
D5_Open                 0x20000074    0x8  Data  Gb  variable.o [1]
D6_Close                0x2000008c    0x8  Data  Gb  variable.o [1]
D6_Open                 0x20000084    0x8  Data  Gb  variable.o [1]
D7_Close                0x2000009c    0x8  Data  Gb  variable.o [1]
D7_Open                 0x20000094    0x8  Data  Gb  variable.o [1]
DebugMon_Handler        0x0800c1c1    0x2  Code  Gb  stm32f4xx_it.o [1]
Delay_Cfg_Mode          0x20003467    0x1  Data  Gb  variable.o [1]
Detection               0x0800161d  0x15c  Code  Gb  function.o [1]
EXTI15_10_IRQHandler    0x0800c21d   0x14  Code  Gb  stm32f4xx_it.o [1]
EXTI9_5_IRQHandler      0x0800c231   0x14  Code  Gb  stm32f4xx_it.o [1]
Error_flag              0x20003471    0x1  Data  Gb  variable.o [1]
FLAG                    0x20003476    0x1  Data  Gb  variable.o [1]
Get_Average             0x080008fd  0x36c  Code  Gb  function.o [1]
Get_Data                0x08000ce9  0x920  Code  Gb  function.o [1]
Get_Device_Data         0x080030ed   0xda  Code  Gb  function.o [1]
HAL_DMA_Abort_IT        0x08008275   0x26  Code  Gb  stm32f4xx_hal_dma.o [1]
HAL_GPIO_EXTI_Callback  0x08008dbd   0xe8  Code  Gb  main.o [1]
HAL_GPIO_EXTI_IRQHandler
                        0x08009e01   0x1a  Code  Gb  stm32f4xx_hal_gpio.o [1]
HAL_GPIO_Init           0x08009c09  0x1da  Code  Gb  stm32f4xx_hal_gpio.o [1]
HAL_GPIO_TogglePin      0x08009df7    0xa  Code  Gb  stm32f4xx_hal_gpio.o [1]
HAL_GPIO_WritePin       0x08009de3   0x14  Code  Gb  stm32f4xx_hal_gpio.o [1]
HAL_GetTick             0x08008263    0x6  Code  Wk  stm32f4xx_hal.o [1]
HAL_IncTick             0x08008257    0xc  Code  Wk  stm32f4xx_hal.o [1]
HAL_Init                0x080081f9   0x3a  Code  Gb  stm32f4xx_hal.o [1]
HAL_InitTick            0x08008233   0x24  Code  Wk  stm32f4xx_hal.o [1]
HAL_MspInit             0x0800acd3   0x6e  Code  Gb  stm32f4xx_hal_msp.o [1]
HAL_NVIC_EnableIRQ      0x08009ba7    0xa  Code  Gb  stm32f4xx_hal_cortex.o [1]
HAL_NVIC_SetPriority    0x08009b85   0x22  Code  Gb  stm32f4xx_hal_cortex.o [1]
HAL_NVIC_SetPriorityGrouping
                        0x08009b7d    0x8  Code  Gb  stm32f4xx_hal_cortex.o [1]
HAL_PWR_EnableBkUpAccess
                        0x0800be45   0x12  Code  Gb  stm32f4xx_hal_pwr.o [1]
HAL_RCCEx_PeriphCLKConfig
                        0x0800be5d  0x154  Code  Gb  stm32f4xx_hal_rcc_ex.o [1]
HAL_RCC_ClockConfig     0x08009435  0x1b2  Code  Gb  stm32f4xx_hal_rcc.o [1]
HAL_RCC_EnableCSS       0x080095e7    0x8  Code  Gb  stm32f4xx_hal_rcc.o [1]
HAL_RCC_GetHCLKFreq     0x0800967b    0x6  Code  Gb  stm32f4xx_hal_rcc.o [1]
HAL_RCC_GetPCLK1Freq    0x08009681   0x20  Code  Gb  stm32f4xx_hal_rcc.o [1]
HAL_RCC_GetPCLK2Freq    0x080096a1   0x20  Code  Gb  stm32f4xx_hal_rcc.o [1]
HAL_RCC_GetSysClockFreq
                        0x080095ef   0x8c  Code  Wk  stm32f4xx_hal_rcc.o [1]
HAL_RCC_OscConfig       0x0800904d  0x3e8  Code  Wk  stm32f4xx_hal_rcc.o [1]
HAL_RTCEx_BKUPRead      0x0800be35   0x10  Code  Gb  stm32f4xx_hal_rtc_ex.o [1]
HAL_RTCEx_BKUPWrite     0x0800be25   0x10  Code  Gb  stm32f4xx_hal_rtc_ex.o [1]
HAL_RTC_GetDate         0x08005853   0x4a  Code  Gb  stm32f4xx_hal_rtc.o [1]
HAL_RTC_GetTime         0x080056fd   0x5e  Code  Gb  stm32f4xx_hal_rtc.o [1]
HAL_RTC_Init            0x0800553d   0xae  Code  Gb  stm32f4xx_hal_rtc.o [1]
HAL_RTC_MspInit         0x0800a0e1   0x3c  Code  Gb  bsp_rtc.o [1]
HAL_RTC_SetDate         0x0800575b   0xf8  Code  Gb  stm32f4xx_hal_rtc.o [1]
HAL_RTC_SetTime         0x080055eb  0x112  Code  Gb  stm32f4xx_hal_rtc.o [1]
HAL_RTC_WaitForSynchro  0x080058a9   0x34  Code  Gb  stm32f4xx_hal_rtc.o [1]
HAL_SPI_Init            0x0800a5bd   0x8e  Code  Gb  stm32f4xx_hal_spi.o [1]
HAL_SPI_MspInit         0x08006a9b   0xc8  Code  Gb  bsp_spiflash.o [1]
HAL_SPI_TransmitReceive
                        0x0800a64b  0x214  Code  Gb  stm32f4xx_hal_spi.o [1]
HAL_SYSTICK_CLKSourceConfig
                        0x08009bb9   0x20  Code  Gb  stm32f4xx_hal_cortex.o [1]
HAL_SYSTICK_Callback    0x08009c05    0x2  Code  Wk  stm32f4xx_hal_cortex.o [1]
HAL_SYSTICK_Config      0x08009bb1    0x8  Code  Gb  stm32f4xx_hal_cortex.o [1]
HAL_SYSTICK_IRQHandler  0x08009bfd    0x8  Code  Gb  stm32f4xx_hal_cortex.o [1]
HAL_TIMEx_BreakCallback
                        0x0800c0fb    0x2  Code  Wk  stm32f4xx_hal_tim_ex.o [1]
HAL_TIMEx_CommutationCallback
                        0x0800c0f9    0x2  Code  Wk  stm32f4xx_hal_tim_ex.o [1]
HAL_TIMEx_MasterConfigSynchronization
                        0x0800c0a1   0x58  Code  Gb  stm32f4xx_hal_tim_ex.o [1]
HAL_TIM_Base_Init       0x0800b1f9   0x38  Code  Gb  stm32f4xx_hal_tim.o [1]
HAL_TIM_Base_MspInit    0x0800b1b3   0x38  Code  Gb  bsp_BasicTIM.o [1]
HAL_TIM_Base_Start_IT   0x0800b265   0x1c  Code  Gb  stm32f4xx_hal_tim.o [1]
HAL_TIM_Base_Stop       0x0800b231   0x34  Code  Gb  stm32f4xx_hal_tim.o [1]
HAL_TIM_IC_CaptureCallback
                        0x0800b3f9    0x2  Code  Wk  stm32f4xx_hal_tim.o [1]
HAL_TIM_IRQHandler      0x0800b281  0x176  Code  Gb  stm32f4xx_hal_tim.o [1]
HAL_TIM_OC_DelayElapsedCallback
                        0x0800b3f7    0x2  Code  Wk  stm32f4xx_hal_tim.o [1]
HAL_TIM_PWM_PulseFinishedCallback
                        0x0800b3fb    0x2  Code  Wk  stm32f4xx_hal_tim.o [1]
HAL_TIM_PeriodElapsedCallback
                        0x08008cb5   0xd0  Code  Gb  main.o [1]
HAL_TIM_TriggerCallback
                        0x0800b3fd    0x2  Code  Wk  stm32f4xx_hal_tim.o [1]
HAL_UART_ErrorCallback  0x080036eb    0x2  Code  Wk  stm32f4xx_hal_uart.o [1]
HAL_UART_IRQHandler     0x080035b5  0x134  Code  Gb  stm32f4xx_hal_uart.o [1]
HAL_UART_Init           0x08003405   0x76  Code  Gb  stm32f4xx_hal_uart.o [1]
HAL_UART_MspInit        0x08007fb5  0x148  Code  Gb  bsp_debug_usart.o [1]
HAL_UART_Receive_IT     0x08003557   0x5e  Code  Gb  stm32f4xx_hal_uart.o [1]
HAL_UART_RxCpltCallback
                        0x080089ad  0x2f2  Code  Gb  main.o [1]
HAL_UART_Transmit       0x0800347b   0xdc  Code  Gb  stm32f4xx_hal_uart.o [1]
HAL_UART_TxCpltCallback
                        0x080036e9    0x2  Code  Wk  stm32f4xx_hal_uart.o [1]
HEAP$$Base              0x200011f0          --   Gb  - Linker created -
HEAP$$Limit             0x200021f0          --   Gb  - Linker created -
HardFault_Handler       0x0800c187    0xe  Code  Gb  stm32f4xx_it.o [1]
INPUT_GPIO_Init         0x0800ae09  0x290  Code  Gb  bsp_gpio.o [1]
InvertUint16            0x08005f3f   0x28  Code  Gb  crc16.o [1]
InvertUint8             0x08005f17   0x28  Code  Gb  crc16.o [1]
LED_GPIO_Init           0x0800ad41   0xba  Code  Gb  bsp_led.o [1]
LEVEL_High              0x20000004    0x4  Data  Gb  variable.o [1]
LEVEL_Low               0x2000342c    0x4  Data  Gb  variable.o [1]
LoadInt                 0x08007473   0x6e  Code  Lc  xprintffull.o [3]
MX_DEBUG_USART_Init     0x08008159   0x5c  Code  Gb  bsp_debug_usart.o [1]
MX_NVIC_USART1_Init     0x08007f8d   0x14  Code  Lc  bsp_debug_usart.o [1]
MX_NVIC_USART3_Init     0x080053d9   0x14  Code  Lc  bsp_usartx_RS485.o [1]
MX_NVIC_USART5_Init     0x08007fa1   0x14  Code  Lc  bsp_debug_usart.o [1]
MX_RTC_Init             0x0800a075   0x6c  Code  Gb  bsp_rtc.o [1]
MX_SPIFlash_Init        0x08006a29   0x72  Code  Gb  bsp_spiflash.o [1]
MX_USARTx_Init          0x080080fd   0x5c  Code  Gb  bsp_debug_usart.o [1]
MemManage_Handler       0x0800c195    0xe  Code  Gb  stm32f4xx_it.o [1]
Modbusprocess           0x080028ed  0x49c  Code  Gb  function.o [1]
NMI_Handler             0x0800c185    0x2  Code  Gb  stm32f4xx_it.o [1]
NVIC_EnableIRQ          0x08009adb   0x14  Code  Lc  stm32f4xx_hal_cortex.o [1]
NVIC_EncodePriority     0x08009b11   0x3e  Code  Lc  stm32f4xx_hal_cortex.o [1]
NVIC_GetPriorityGrouping
                        0x08009ad1    0xa  Code  Lc  stm32f4xx_hal_cortex.o [1]
NVIC_SetPriority        0x08009aef   0x22  Code  Lc  stm32f4xx_hal_cortex.o [1]
NVIC_SetPriorityGrouping
                        0x08009ab5   0x1c  Code  Lc  stm32f4xx_hal_cortex.o [1]
NVIC_SystemReset        0x08000189   0x22  Code  Lc  function.o [1]
OUTPUT_GPIO_Init        0x0800b099   0xd0  Code  Gb  bsp_gpio.o [1]
Open_Beep               0x080031e9   0x12  Code  Gb  function.o [1]
Open_Delay              0x08001879  0x110  Code  Gb  function.o [1]
Open_Error              0x080017b1   0x72  Code  Gb  function.o [1]
Open_Light              0x0800320d   0x10  Code  Gb  function.o [1]
Open_YiYe_pupm          0x08003235   0x10  Code  Gb  function.o [1]
PendSV_Handler          0x0800c1c3    0xe  Code  Gb  stm32f4xx_it.o [1]
RCC_IRQHandler          0x0800c1dd    0x2  Code  Gb  stm32f4xx_it.o [1]
RS485_Receive_Data      0x080054bb   0x4c  Code  Gb  bsp_usartx_RS485.o [1]
RS485_Rx_Count          0x20003456    0x2  Data  Gb  variable.o [1]
RS485_Rx_Count_Old      0x200001e8    0x2  Data  Gb  variable.o [1]
RS485_Rx_buf            0x200033bc   0x34  Data  Gb  variable.o [1]
RS485_Send_Data         0x08005449   0x72  Code  Gb  bsp_usartx_RS485.o [1]
RS485_USARTx_Init       0x080053ed   0x5c  Code  Gb  bsp_usartx_RS485.o [1]
RTC_Bcd2ToByte          0x0800592b   0x1a  Code  Gb  stm32f4xx_hal_rtc.o [1]
RTC_ByteToBcd2          0x08005915   0x16  Code  Gb  stm32f4xx_hal_rtc.o [1]
RTC_CalendarConfig      0x08009eeb  0x18a  Code  Gb  bsp_rtc.o [1]
RTC_CalendarShow        0x08001be5   0x4c  Code  Gb  function.o [1]
RTC_Config_flag         0x20003472    0x1  Data  Gb  variable.o [1]
RTC_EnterInitMode       0x080058dd   0x38  Code  Gb  stm32f4xx_hal_rtc.o [1]
Reboot                  0x080031cd   0x1c  Code  Gb  function.o [1]
Reboot_flag             0x20003470    0x1  Data  Gb  variable.o [1]
Region$$Table$$Base     0x0800d0e4          --   Gb  - Linker created -
Region$$Table$$Limit    0x0800d104          --   Gb  - Linker created -
RevCommand              0x20003461    0x1  Data  Gb  main.o [1]
RevDevicesData          0x20003460    0x1  Data  Gb  main.o [1]
Rx_Count                0x20003463    0x1  Data  Gb  main.o [1]
SCM_state               0x20000020    0x4  Data  Gb  variable.o [1]
SPI_CheckFlag_BSY       0x0800a901   0x28  Code  Lc  stm32f4xx_hal_spi.o [1]
SPI_FLASH_BufferRead    0x08006d43   0x52  Code  Gb  bsp_spiflash.o [1]
SPI_FLASH_BufferWrite   0x08006c0b  0x138  Code  Gb  bsp_spiflash.o [1]
SPI_FLASH_PageWrite     0x08006ba7   0x64  Code  Gb  bsp_spiflash.o [1]
SPI_FLASH_SectorErase   0x08006b63   0x44  Code  Gb  bsp_spiflash.o [1]
SPI_FLASH_SendByte      0x08006d95   0x2c  Code  Gb  bsp_spiflash.o [1]
SPI_FLASH_WaitForWriteEnd
                        0x08006ddf   0x2c  Code  Gb  bsp_spiflash.o [1]
SPI_FLASH_WriteEnable   0x08006dc1   0x1e  Code  Gb  bsp_spiflash.o [1]
SPI_WaitFlagStateUntilTimeout
                        0x0800a85f   0xa2  Code  Lc  stm32f4xx_hal_spi.o [1]
STREES_High             0x20000008    0x4  Data  Gb  variable.o [1]
STREES_Low              0x20003430    0x4  Data  Gb  variable.o [1]
SVC_Handler             0x0800c1bf    0x2  Code  Gb  stm32f4xx_it.o [1]
Sample_RS485            0x0800b5b3   0xd6  Code  Gb  sample.o [1]
Sample_flag             0x20003468    0x1  Data  Gb  variable.o [1]
Save_Data               0x08000295  0x1f6  Code  Gb  function.o [1]
Save_Device_Data        0x08002f5d  0x10a  Code  Gb  function.o [1]
Save_flag               0x2000346d    0x1  Data  Gb  variable.o [1]
Sensor_Cfg_Mode         0x20003466    0x1  Data  Gb  variable.o [1]
Show_Data               0x08002f27   0x22  Code  Gb  function.o [1]
StringToArray           0x08009e59   0x92  Code  Gb  bsp_rtc.o [1]
SysTick_Config          0x08009b4f   0x2e  Code  Lc  stm32f4xx_hal_cortex.o [1]
SysTick_Handler         0x0800c1d1    0xc  Code  Gb  stm32f4xx_it.o [1]
SystemClock_Config      0x08008ebd   0xb2  Code  Gb  main.o [1]
SystemCoreClock         0x20000000    0x4  Data  Gb  system_stm32f4xx.o [1]
SystemInit              0x080060fd   0x4c  Code  Gb  system_stm32f4xx.o [1]
TEMP_High               0x20000018    0x4  Data  Gb  variable.o [1]
TEMP_Low                0x20000014    0x4  Data  Gb  variable.o [1]
TIM6_DAC_IRQHandler     0x0800c1f3    0xa  Code  Gb  stm32f4xx_it.o [1]
TIM_Base_SetConfig      0x0800b3ff   0xe4  Code  Gb  stm32f4xx_hal_tim.o [1]
UART_DMAAbortOnError    0x08003781   0x12  Code  Lc  stm32f4xx_hal_uart.o [1]
UART_EndRxTransfer      0x0800375d   0x20  Code  Lc  stm32f4xx_hal_uart.o [1]
UART_EndTransmit_IT     0x080037ff   0x1c  Code  Lc  stm32f4xx_hal_uart.o [1]
UART_Receive_IT         0x0800381b   0x9a  Code  Lc  stm32f4xx_hal_uart.o [1]
UART_SetConfig          0x080038b5  0x30c  Code  Lc  stm32f4xx_hal_uart.o [1]
UART_Transmit_IT        0x08003795   0x6a  Code  Lc  stm32f4xx_hal_uart.o [1]
UART_WaitOnFlagUntilTimeout
                        0x080036ed   0x70  Code  Lc  stm32f4xx_hal_uart.o [1]
USART1_IRQHandler       0x0800c1df    0xa  Code  Gb  stm32f4xx_it.o [1]
USART3_IRQHandler       0x0800c1e9    0xa  Code  Gb  stm32f4xx_it.o [1]
UpData                  0x08000721  0x1d0  Code  Gb  function.o [1]
UpData_flag             0x20003469    0x1  Data  Gb  variable.o [1]
UsageFault_Handler      0x0800c1b1    0xe  Code  Gb  stm32f4xx_it.o [1]
WCOND_High              0x20000010    0x4  Data  Gb  variable.o [1]
WCOND_Low               0x20003438    0x4  Data  Gb  variable.o [1]
WEIGHT_High             0x2000001c    0x4  Data  Gb  variable.o [1]
WEIGHT_Low              0x2000343c    0x4  Data  Gb  variable.o [1]
WPH_High                0x2000000c    0x4  Data  Gb  variable.o [1]
WPH_Low                 0x20003434    0x4  Data  Gb  variable.o [1]
YiYe_pump_control_flag  0x2000346f    0x1  Data  Gb  variable.o [1]
YiYe_pump_flag          0x2000346e    0x1  Data  Gb  variable.o [1]
_EncodingSb_Mbtowc      0x0800c057   0x30  Code  Gb  xencoding_sb.o [3]
_EncodingSb_Wctomb      0x0800c03d   0x1a  Code  Gb  xencoding_sb.o [3]
_GenldFull              0x08007cf7  0x24c  Code  Lc  xprintffull.o [3]
_IsdstStr               0x200000f0    0x4  Data  Gb  setlocale.o [3]
_LdtobFull              0x080078f5  0x3fc  Code  Lc  xprintffull.o [3]
_LitobFull              0x080077ed  0x106  Code  Lc  xprintffull.o [3]
_LocaleC_isalpha        0x0800c14f   0x16  Code  Gb  xlocale_c.o [3]
_LocaleC_isspace        0x0800c165   0x14  Code  Gb  xlocale_c.o [3]
_LocaleC_tolower        0x0800c179    0xc  Code  Gb  xlocale_c.o [3]
_LocaleEncoding         0x0800c02b    0xe  Code  Gb  setlocale.o [3]
_LocaleForCat           0x0800c019   0x12  Code  Gb  setlocale.o [3]
_LocaleReturnString     0x20000110   0x50  Data  Lc  setlocale.o [3]
_Locale_Profile         0x200000f4   0x1c  Data  Gb  setlocale.o [3]
_Locale_aeabi_lconv     0x200001b0   0x38  Data  Gb  localeconv.o [3]
_Locale_lconv           0x20000160   0x50  Data  Gb  localeconv.o [3]
_Mbtowc                 0x0800a929   0x20  Code  Gb  xmbtowc.o [3]
_PrintfFull             0x08006e25  0x638  Code  Gb  xprintffull.o [3]
_Prout                  0x0800d61d   0x16  Code  Gb  xprout.o [3]
_PutcharsFull           0x08007f43   0x2e  Code  Lc  xprintffull.o [3]
_PutstrFull             0x080074e1  0x306  Code  Lc  xprintffull.o [3]
_SProut                 0x08003c5b    0xa  Code  Gb  xsprout.o [3]
_Stoflt                 0x0800b7d5  0x1b8  Code  Gb  xstoflt.o [3]
_Stopfx                 0x0800b6b1  0x124  Code  Gb  xstopfx.o [3]
_Stoxflt                0x0800bbd1  0x1e2  Code  Gb  xstoxflt.o [3]
_Strtok_ssave           0x200000e4    0x4  Data  Lc  strtok.o [3]
_TzoneStr               0x200000ec    0x4  Data  Gb  setlocale.o [3]
_Wctomb                 0x0800a9c3   0x1a  Code  Gb  xwctomb.o [3]
__aeabi_cdcmpeq         0x0800a219         Code  Gb  DblCmpEq.o [4]
__aeabi_cdcmple         0x08005395         Code  Gb  DblCmpLe.o [4]
__aeabi_cdrcmple        0x080052c5         Code  Gb  DblCmpGe.o [4]
__aeabi_d2f             0x08005305         Code  Gb  DblToFlt.o [4]
__aeabi_d2iz            0x08005945         Code  Gb  DblToI32.o [4]
__aeabi_d2uiz           0x08005971         Code  Gb  DblToI32.o [4]
__aeabi_dadd            0x08005fe5         Code  Gb  DblAdd.o [4]
__aeabi_ddiv            0x08005cc1         Code  Gb  DblDiv.o [4]
__aeabi_dmul            0x08005b1d         Code  Gb  DblMul.o [4]
__aeabi_dsub            0x0800599d         Code  Gb  DblSub.o [4]
__aeabi_errno_addr      0x0800a239    0x6  Code  Gb  errno.o [3]
__aeabi_f2d             0x08005241         Code  Gb  FltToDbl.o [4]
__aeabi_i2d             0x080060cd         Code  Gb  I32ToDbl.o [4]
__aeabi_ldiv0           0x0800c09d         Code  Gb  I64DivZer.o [5]
__aeabi_memclr4         0x08003c65         Code  Gb  ABImemclr4.o [5]
__aeabi_memset          0x08003ce9         Code  Gb  ABImemset.o [5]
__aeabi_ui2d            0x080060e1         Code  Gb  I32ToDbl.o [4]
__aeabi_uldivmod        0x0800aa55         Code  Gb  I64DivMod.o [5]
__cmain                 0x0800d4cd         Code  Gb  cmain.o [5]
__data_GetMemChunk      0x08009789   0x2c  Code  Gb  xgetmemchunk.o [3]
__exit                  0x0800b69d   0x14  Code  Gb  exit.o [6]
__iar_Dint              0x0800a19f   0x7a  Code  Gb  xdint.o [4]
__iar_Dnorm             0x0800a15d   0x42  Code  Gb  xdnorm.o [4]
__iar_Dscale            0x0800ab45  0x114  Code  Gb  xdscale.o [4]
__iar_Dtentox           0x0800ba2d  0x13e  Code  Gb  xdtento.o [4]
__iar_Dtest             0x0800bfd9   0x30  Code  Gb  xdtest.o [4]
__iar_Dunscale          0x0800c0fd   0x52  Code  Gb  xdunscal.o [4]
__iar_Errno             0x200000e8    0x4  Data  Gb  errno.o [3]
__iar_Exp               0x0800a2f5  0x2be  Code  Gb  xexp.o [4]
__iar_Locale_lconv_init
                        0x0800ac59   0x3a  Code  Gb  localeconv.o [3]
__iar_Logpoly           0x0800a245   0x76  Code  Gb  xlog.o [4]
__iar_Mbcurmax          0x0800a9b9    0xa  Code  Gb  xmbcurmax.o [3]
__iar_Memchr            0x0800a961         Code  Gb  memchr.o [5]
__iar_Memset            0x08003ce9         Code  Gb  ABImemset.o [5]
__iar_Memset4_word      0x08009751         Code  Gb  ABImemset48.o [5]
__iar_Memset8_word      0x08009751         Code  Gb  ABImemset48.o [5]
__iar_Memset_word       0x08003cf1         Code  Gb  ABImemset.o [5]
__iar_Stdout            0x200000a4   0x40  Data  Gb  xfiles.o [3]
__iar_Stod              0x08009919    0x4  Code  Gb  xstod.o [4]
__iar_Stodx             0x080097b5  0x14e  Code  Gb  xstod.o [4]
__iar_Stoul             0x08009a61    0x4  Code  Gb  xstoul.o [3]
__iar_Stoulx            0x0800991d  0x13e  Code  Gb  xstoul.o [3]
__iar_Strchr            0x0800a949         Code  Gb  strchr.o [5]
__iar_d2uiz             0x0800597d         Code  Gb  DblToI32.o [4]
__iar_dadd              0x08005ff9         Code  Gb  DblAdd.o [4]
__iar_data_init3        0x0800cd39   0x28  Code  Gb  data_init.o [5]
__iar_dlfree            0x08004d27  0x510  Code  Gb  dlmalloc.o [3]
__iar_dlib_perthread_access
                        0x08009709    0x2  Code  Gb  xtls.o [3]
__iar_dlmalloc          0x08004a71  0x2aa  Code  Gb  dlmalloc.o [3]
__iar_dsub              0x080059b1         Code  Gb  DblSub.o [4]
__iar_dsubStart         0x080059c3         Code  Gb  DblSub.o [4]
__iar_init_vfp          0x0800d0c1         Code  Gb  fpinit_M.o [4]
__iar_packbits_init_single3
                        0x0800c629   0x38  Code  Gb  packbits_init_single.o [5]
__iar_program_start     0x0800d759         Code  Gb  cstartup_M.o [5]
__iar_ui2d              0x080060e5         Code  Gb  I32ToDbl.o [4]
__iar_unaligned___aeabi_memcpy
                        0x0800a9dd         Code  Gb  ABImemcpy_unaligned.o [5]
__iar_unaligned___aeabi_memcpy4
                        0x0800a9fd         Code  Gb  ABImemcpy_unaligned.o [5]
__iar_unaligned___aeabi_memcpy8
                        0x0800a9fd         Code  Gb  ABImemcpy_unaligned.o [5]
__iar_unaligned_strcmp  0x08003c19         Code  Gb  strcmp_unaligned.o [5]
__iar_unaligned_strcpy  0x08003c6d         Code  Gb  strcpy_unaligned.o [5]
__iar_vfp_atof          0x080052f3   0x10  Code  Gb  atof.o [4]
__iar_vfp_pow           0x080065eb   0x18  Code  Gb  pow.o [4]
__iar_vfp_strtod        0x080053cb    0xe  Code  Gb  strtod.o [4]
__iar_zero_init3        0x0800c4c5   0x40  Code  Gb  zero_init3.o [5]
__low_level_init        0x0800d4e7    0x4  Code  Gb  low_level_init.o [3]
__vector_table          0x08000000         Data  Gb  startup_stm32f407xx.o [1]
_call_main              0x0800d4d9         Code  Gb  cmain.o [5]
_exit                   0x0800d4f1         Code  Gb  cexit.o [5]
_gm_                    0x20002f28  0x1d8  Data  Lc  dlmalloc.o [3]
_main                   0x0800d4e3         Code  Gb  cmain.o [5]
aRxBuffer               0x2000345e    0x1  Data  Gb  main.o [1]
aRxBuffer_485           0x2000345f    0x1  Data  Gb  main.o [1]
aRxBuffer_Android       0x20003464    0x1  Data  Gb  main.o [1]
abort                   0x08009783    0x6  Code  Gb  abort.o [3]
atoi                    0x080053c3    0x8  Code  Gb  atoi.o [3]
clear_flag              0x20003475    0x1  Data  Gb  variable.o [1]
com_flag                0x20003462    0x1  Data  Gb  main.o [1]
delay                   0x200021f0  0x758  Data  Gb  variable.o [1]
delay_ms2               0x08003275   0x30  Code  Gb  function.o [1]
digits                  0x08009a64   0x28  Data  Lc  xstoul.o [3]
div                     0x0800acc5    0xe  Code  Gb  div.o [3]
dmul                    0x0800b9d1   0x5a  Code  Lc  xdtento.o [4]
error                   0x2000345a    0x1  Data  Gb  main.o [1]
error_num               0x2000345b    0x1  Data  Gb  main.o [1]
exit                    0x0800d4eb    0x4  Code  Gb  exit.o [3]
fputc                   0x080081b5   0x14  Code  Gb  bsp_debug_usart.o [1]
frist                   0x200001ea    0x1  Data  Gb  main.o [1]
hrtc                    0x200033f0   0x20  Data  Gb  bsp_rtc.o [1]
hspiflash               0x20003218   0x58  Data  Gb  bsp_spiflash.o [1]
htimx                   0x20003380   0x3c  Data  Gb  bsp_BasicTIM.o [1]
htoi                    0x0800b545   0x6e  Code  Gb  sample.o [1]
husart_debug            0x200032c0   0x40  Data  Gb  bsp_debug_usart.o [1]
husartx                 0x20003300   0x40  Data  Gb  bsp_debug_usart.o [1]
husartx_rs485           0x20003340   0x40  Data  Gb  bsp_usartx_RS485.o [1]
index_time_control_flag
                        0x20003477    0x1  Data  Gb  variable.o [1]
index_time_control_flag_assist
                        0x20003473    0x1  Data  Gb  variable.o [1]
init_mparams            0x08003d6b   0x32  Code  Lc  dlmalloc.o [3]
init_top                0x08003d9d   0x34  Code  Lc  dlmalloc.o [3]
internal_Pow            0x08006169  0x478  Code  Lc  pow.o [4]
isalpha                 0x0800bde9   0x14  Code  Gb  isxxx.o [3]
isspace                 0x0800bdfd   0x14  Code  Gb  isxxx.o [3]
itoa                    0x08003089   0x64  Code  Gb  function.o [1]
keyTimeFlag             0x2000345d    0x1  Data  Gb  main.o [1]
lnbias                  0x08006608  0x420  Data  Lc  pow.o [4]
localeconv              0x0800ac93   0x16  Code  Gb  localeconv.o [3]
main                    0x0800829d  0x70a  Code  Gb  main.o [1]
memchr                  0x0800a961         Code  Gb  memchr.o [5]
minute_timer_count      0x20003450    0x2  Data  Gb  main.o [1]
movedigit               0x08002771  0x152  Code  Gb  function.o [1]
mparams                 0x20003410   0x18  Data  Lc  dlmalloc.o [3]
ndigs                   0x08009a8c   0x28  Data  Lc  xstoul.o [3]
obuf                    0x20003270   0x50  Data  Lc  xfiles.o [3]
overWeightNum           0x20003444    0x4  Data  Gb  variable.o [1]
overWeightNumSave       0x20003448    0x4  Data  Gb  variable.o [1]
pows                    0x0800bb88   0x48  Data  Lc  xdtento.o [4]
prepend_alloc           0x08003dd1  0x36c  Code  Lc  dlmalloc.o [3]
printf                  0x080033e1   0x24  Code  Gb  printf.o [3]
putchar                 0x0800d635    0xc  Code  Gb  putchar.o [3]
recv_flag_num           0x20003465    0x1  Data  Gb  main.o [1]
recv_flag_save          0x2000345c    0x1  Data  Gb  main.o [1]
saveRS485Adder          0x20003474    0x1  Data  Gb  variable.o [1]
save_data_flag          0x20003478    0x1  Data  Gb  variable.o [1]
second_timer_count      0x20003452    0x2  Data  Gb  main.o [1]
segment_holding         0x08003d51   0x1a  Code  Lc  dlmalloc.o [3]
sensor_array            0x20002d30  0x1f8  Data  Gb  variable.o [1]
sensor_data             0x20003100  0x118  Data  Gb  variable.o [1]
split                   0x0800b511   0x34  Code  Gb  sample.o [1]
sprintf                 0x08005291   0x34  Code  Gb  sprintf.o [3]
strchr                  0x0800a949         Code  Gb  strchr.o [5]
strcspn                 0x0800972d   0x22  Code  Gb  strcspn.o [3]
strlen                  0x08003cb1         Code  Gb  strlen.o [5]
strspn                  0x0800970b   0x22  Code  Gb  strspn.o [3]
strtok                  0x08003bcd   0x4c  Code  Gb  strtok.o [3]
sys_alloc               0x0800413d  0x386  Code  Lc  dlmalloc.o [3]
sys_time_Control_flag   0x2000346c    0x1  Data  Gb  variable.o [1]
time_Control_flag       0x2000346b    0x1  Data  Gb  variable.o [1]
time_num                0x20003440    0x4  Data  Gb  variable.o [1]
tmalloc_large           0x080044d1  0x390  Code  Lc  dlmalloc.o [3]
tmalloc_small           0x08004861  0x210  Code  Lc  dlmalloc.o [3]
tolower                 0x0800be11   0x14  Code  Gb  tolower.o [3]
uwTick                  0x20003428    0x4  Data  Gb  stm32f4xx_hal.o [1]
warn_timer_count        0x20003458    0x2  Data  Gb  variable.o [1]


[1] = F:\STM32F407-RS485数据采集-V2\RS485-主机端 - 删减版 - dev - 副本\EWARM\YS-F4Pro\Obj
[2] = command line
[3] = dl7M_tlf.a
[4] = m7M_tls.a
[5] = rt7M_tl.a
[6] = shb_l.a

  50 268 bytes of readonly  code memory
   5 458 bytes of readonly  data memory
  13 428 bytes of readwrite data memory

Errors: none
Warnings: none
