###############################################################################
#
# IAR ELF Linker V7.50.2.10312/W32 for ARM                14/Jan/2019  20:49:13
# Copyright 2007-2015 IAR Systems AB.
#
#    Output file  =  
#        F:\STM32F407-RS485数据采集-V2\RS485-主机端 - 删减版 - dev -
#        副本\EWARM\YS-F4Pro\Exe\YS-F4Pro.out
#    Map file     =  
#        F:\STM32F407-RS485数据采集-V2\RS485-主机端 - 删减版 - dev -
#        副本\EWARM\YS-F4Pro\List\YS-F4Pro.map
#    Command line =  
#        "F:\STM32F407-RS485数据采集-V2\RS485-主机端 - 删减版 - dev -
#        副本\EWARM\YS-F4Pro\Obj\bsp_BasicTIM.o"
#        "F:\STM32F407-RS485数据采集-V2\RS485-主机端 - 删减版 - dev -
#        副本\EWARM\YS-F4Pro\Obj\bsp_debug_usart.o"
#        "F:\STM32F407-RS485数据采集-V2\RS485-主机端 - 删减版 - dev -
#        副本\EWARM\YS-F4Pro\Obj\bsp_gpio.o"
#        "F:\STM32F407-RS485数据采集-V2\RS485-主机端 - 删减版 - dev -
#        副本\EWARM\YS-F4Pro\Obj\bsp_led.o"
#        "F:\STM32F407-RS485数据采集-V2\RS485-主机端 - 删减版 - dev -
#        副本\EWARM\YS-F4Pro\Obj\bsp_rtc.o"
#        "F:\STM32F407-RS485数据采集-V2\RS485-主机端 - 删减版 - dev -
#        副本\EWARM\YS-F4Pro\Obj\bsp_spiflash.o"
#        "F:\STM32F407-RS485数据采集-V2\RS485-主机端 - 删减版 - dev -
#        副本\EWARM\YS-F4Pro\Obj\bsp_usartx_RS485.o"
#        "F:\STM32F407-RS485数据采集-V2\RS485-主机端 - 删减版 - dev -
#        副本\EWARM\YS-F4Pro\Obj\crc16.o"
#        "F:\STM32F407-RS485数据采集-V2\RS485-主机端 - 删减版 - dev -
#        副本\EWARM\YS-F4Pro\Obj\function.o"
#        "F:\STM32F407-RS485数据采集-V2\RS485-主机端 - 删减版 - dev -
#        副本\EWARM\YS-F4Pro\Obj\main.o"
#        "F:\STM32F407-RS485数据采集-V2\RS485-主机端 - 删减版 - dev -
#        副本\EWARM\YS-F4Pro\Obj\sample.o"
#        "F:\STM32F407-RS485数据采集-V2\RS485-主机端 - 删减版 - dev -
#        副本\EWARM\YS-F4Pro\Obj\startup_stm32f407xx.o"
#        "F:\STM32F407-RS485数据采集-V2\RS485-主机端 - 删减版 - dev -
#        副本\EWARM\YS-F4Pro\Obj\stm32f4xx_assert.o"
#        "F:\STM32F407-RS485数据采集-V2\RS485-主机端 - 删减版 - dev -
#        副本\EWARM\YS-F4Pro\Obj\stm32f4xx_hal.o"
#        "F:\STM32F407-RS485数据采集-V2\RS485-主机端 - 删减版 - dev -
#        副本\EWARM\YS-F4Pro\Obj\stm32f4xx_hal_adc.o"
#        "F:\STM32F407-RS485数据采集-V2\RS485-主机端 - 删减版 - dev -
#        副本\EWARM\YS-F4Pro\Obj\stm32f4xx_hal_adc_ex.o"
#        "F:\STM32F407-RS485数据采集-V2\RS485-主机端 - 删减版 - dev -
#        副本\EWARM\YS-F4Pro\Obj\stm32f4xx_hal_can.o"
#        "F:\STM32F407-RS485数据采集-V2\RS485-主机端 - 删减版 - dev -
#        副本\EWARM\YS-F4Pro\Obj\stm32f4xx_hal_cec.o"
#        "F:\STM32F407-RS485数据采集-V2\RS485-主机端 - 删减版 - dev -
#        副本\EWARM\YS-F4Pro\Obj\stm32f4xx_hal_cortex.o"
#        "F:\STM32F407-RS485数据采集-V2\RS485-主机端 - 删减版 - dev -
#        副本\EWARM\YS-F4Pro\Obj\stm32f4xx_hal_crc.o"
#        "F:\STM32F407-RS485数据采集-V2\RS485-主机端 - 删减版 - dev -
#        副本\EWARM\YS-F4Pro\Obj\stm32f4xx_hal_cryp.o"
#        "F:\STM32F407-RS485数据采集-V2\RS485-主机端 - 删减版 - dev -
#        副本\EWARM\YS-F4Pro\Obj\stm32f4xx_hal_cryp_ex.o"
#        "F:\STM32F407-RS485数据采集-V2\RS485-主机端 - 删减版 - dev -
#        副本\EWARM\YS-F4Pro\Obj\stm32f4xx_hal_dac.o"
#        "F:\STM32F407-RS485数据采集-V2\RS485-主机端 - 删减版 - dev -
#        副本\EWARM\YS-F4Pro\Obj\stm32f4xx_hal_dac_ex.o"
#        "F:\STM32F407-RS485数据采集-V2\RS485-主机端 - 删减版 - dev -
#        副本\EWARM\YS-F4Pro\Obj\stm32f4xx_hal_dcmi.o"
#        "F:\STM32F407-RS485数据采集-V2\RS485-主机端 - 删减版 - dev -
#        副本\EWARM\YS-F4Pro\Obj\stm32f4xx_hal_dcmi_ex.o"
#        "F:\STM32F407-RS485数据采集-V2\RS485-主机端 - 删减版 - dev -
#        副本\EWARM\YS-F4Pro\Obj\stm32f4xx_hal_dfsdm.o"
#        "F:\STM32F407-RS485数据采集-V2\RS485-主机端 - 删减版 - dev -
#        副本\EWARM\YS-F4Pro\Obj\stm32f4xx_hal_dma.o"
#        "F:\STM32F407-RS485数据采集-V2\RS485-主机端 - 删减版 - dev -
#        副本\EWARM\YS-F4Pro\Obj\stm32f4xx_hal_dma2d.o"
#        "F:\STM32F407-RS485数据采集-V2\RS485-主机端 - 删减版 - dev -
#        副本\EWARM\YS-F4Pro\Obj\stm32f4xx_hal_dma_ex.o"
#        "F:\STM32F407-RS485数据采集-V2\RS485-主机端 - 删减版 - dev -
#        副本\EWARM\YS-F4Pro\Obj\stm32f4xx_hal_dsi.o"
#        "F:\STM32F407-RS485数据采集-V2\RS485-主机端 - 删减版 - dev -
#        副本\EWARM\YS-F4Pro\Obj\stm32f4xx_hal_eth.o"
#        "F:\STM32F407-RS485数据采集-V2\RS485-主机端 - 删减版 - dev -
#        副本\EWARM\YS-F4Pro\Obj\stm32f4xx_hal_flash.o"
#        "F:\STM32F407-RS485数据采集-V2\RS485-主机端 - 删减版 - dev -
#        副本\EWARM\YS-F4Pro\Obj\stm32f4xx_hal_flash_ex.o"
#        "F:\STM32F407-RS485数据采集-V2\RS485-主机端 - 删减版 - dev -
#        副本\EWARM\YS-F4Pro\Obj\stm32f4xx_hal_flash_ramfunc.o"
#        "F:\STM32F407-RS485数据采集-V2\RS485-主机端 - 删减版 - dev -
#        副本\EWARM\YS-F4Pro\Obj\stm32f4xx_hal_fmpi2c.o"
#        "F:\STM32F407-RS485数据采集-V2\RS485-主机端 - 删减版 - dev -
#        副本\EWARM\YS-F4Pro\Obj\stm32f4xx_hal_fmpi2c_ex.o"
#        "F:\STM32F407-RS485数据采集-V2\RS485-主机端 - 删减版 - dev -
#        副本\EWARM\YS-F4Pro\Obj\stm32f4xx_hal_gpio.o"
#        "F:\STM32F407-RS485数据采集-V2\RS485-主机端 - 删减版 - dev -
#        副本\EWARM\YS-F4Pro\Obj\stm32f4xx_hal_hash.o"
#        "F:\STM32F407-RS485数据采集-V2\RS485-主机端 - 删减版 - dev -
#        副本\EWARM\YS-F4Pro\Obj\stm32f4xx_hal_hash_ex.o"
#        "F:\STM32F407-RS485数据采集-V2\RS485-主机端 - 删减版 - dev -
#        副本\EWARM\YS-F4Pro\Obj\stm32f4xx_hal_hcd.o"
#        "F:\STM32F407-RS485数据采集-V2\RS485-主机端 - 删减版 - dev -
#        副本\EWARM\YS-F4Pro\Obj\stm32f4xx_hal_i2c.o"
#        "F:\STM32F407-RS485数据采集-V2\RS485-主机端 - 删减版 - dev -
#        副本\EWARM\YS-F4Pro\Obj\stm32f4xx_hal_i2c_ex.o"
#        "F:\STM32F407-RS485数据采集-V2\RS485-主机端 - 删减版 - dev -
#        副本\EWARM\YS-F4Pro\Obj\stm32f4xx_hal_i2s.o"
#        "F:\STM32F407-RS485数据采集-V2\RS485-主机端 - 删减版 - dev -
#        副本\EWARM\YS-F4Pro\Obj\stm32f4xx_hal_i2s_ex.o"
#        "F:\STM32F407-RS485数据采集-V2\RS485-主机端 - 删减版 - dev -
#        副本\EWARM\YS-F4Pro\Obj\stm32f4xx_hal_irda.o"
#        "F:\STM32F407-RS485数据采集-V2\RS485-主机端 - 删减版 - dev -
#        副本\EWARM\YS-F4Pro\Obj\stm32f4xx_hal_iwdg.o"
#        "F:\STM32F407-RS485数据采集-V2\RS485-主机端 - 删减版 - dev -
#        副本\EWARM\YS-F4Pro\Obj\stm32f4xx_hal_lptim.o"
#        "F:\STM32F407-RS485数据采集-V2\RS485-主机端 - 删减版 - dev -
#        副本\EWARM\YS-F4Pro\Obj\stm32f4xx_hal_ltdc.o"
#        "F:\STM32F407-RS485数据采集-V2\RS485-主机端 - 删减版 - dev -
#        副本\EWARM\YS-F4Pro\Obj\stm32f4xx_hal_ltdc_ex.o"
#        "F:\STM32F407-RS485数据采集-V2\RS485-主机端 - 删减版 - dev -
#        副本\EWARM\YS-F4Pro\Obj\stm32f4xx_hal_mmc.o"
#        "F:\STM32F407-RS485数据采集-V2\RS485-主机端 - 删减版 - dev -
#        副本\EWARM\YS-F4Pro\Obj\stm32f4xx_hal_msp.o"
#        "F:\STM32F407-RS485数据采集-V2\RS485-主机端 - 删减版 - dev -
#        副本\EWARM\YS-F4Pro\Obj\stm32f4xx_hal_nand.o"
#        "F:\STM32F407-RS485数据采集-V2\RS485-主机端 - 删减版 - dev -
#        副本\EWARM\YS-F4Pro\Obj\stm32f4xx_hal_nor.o"
#        "F:\STM32F407-RS485数据采集-V2\RS485-主机端 - 删减版 - dev -
#        副本\EWARM\YS-F4Pro\Obj\stm32f4xx_hal_pccard.o"
#        "F:\STM32F407-RS485数据采集-V2\RS485-主机端 - 删减版 - dev -
#        副本\EWARM\YS-F4Pro\Obj\stm32f4xx_hal_pcd.o"
#        "F:\STM32F407-RS485数据采集-V2\RS485-主机端 - 删减版 - dev -
#        副本\EWARM\YS-F4Pro\Obj\stm32f4xx_hal_pcd_ex.o"
#        "F:\STM32F407-RS485数据采集-V2\RS485-主机端 - 删减版 - dev -
#        副本\EWARM\YS-F4Pro\Obj\stm32f4xx_hal_pwr.o"
#        "F:\STM32F407-RS485数据采集-V2\RS485-主机端 - 删减版 - dev -
#        副本\EWARM\YS-F4Pro\Obj\stm32f4xx_hal_pwr_ex.o"
#        "F:\STM32F407-RS485数据采集-V2\RS485-主机端 - 删减版 - dev -
#        副本\EWARM\YS-F4Pro\Obj\stm32f4xx_hal_qspi.o"
#        "F:\STM32F407-RS485数据采集-V2\RS485-主机端 - 删减版 - dev -
#        副本\EWARM\YS-F4Pro\Obj\stm32f4xx_hal_rcc.o"
#        "F:\STM32F407-RS485数据采集-V2\RS485-主机端 - 删减版 - dev -
#        副本\EWARM\YS-F4Pro\Obj\stm32f4xx_hal_rcc_ex.o"
#        "F:\STM32F407-RS485数据采集-V2\RS485-主机端 - 删减版 - dev -
#        副本\EWARM\YS-F4Pro\Obj\stm32f4xx_hal_rng.o"
#        "F:\STM32F407-RS485数据采集-V2\RS485-主机端 - 删减版 - dev -
#        副本\EWARM\YS-F4Pro\Obj\stm32f4xx_hal_rtc.o"
#        "F:\STM32F407-RS485数据采集-V2\RS485-主机端 - 删减版 - dev -
#        副本\EWARM\YS-F4Pro\Obj\stm32f4xx_hal_rtc_ex.o"
#        "F:\STM32F407-RS485数据采集-V2\RS485-主机端 - 删减版 - dev -
#        副本\EWARM\YS-F4Pro\Obj\stm32f4xx_hal_sai.o"
#        "F:\STM32F407-RS485数据采集-V2\RS485-主机端 - 删减版 - dev -
#        副本\EWARM\YS-F4Pro\Obj\stm32f4xx_hal_sai_ex.o"
#        "F:\STM32F407-RS485数据采集-V2\RS485-主机端 - 删减版 - dev -
#        副本\EWARM\YS-F4Pro\Obj\stm32f4xx_hal_sd.o"
#        "F:\STM32F407-RS485数据采集-V2\RS485-主机端 - 删减版 - dev -
#        副本\EWARM\YS-F4Pro\Obj\stm32f4xx_hal_sdram.o"
#        "F:\STM32F407-RS485数据采集-V2\RS485-主机端 - 删减版 - dev -
#        副本\EWARM\YS-F4Pro\Obj\stm32f4xx_hal_smartcard.o"
#        "F:\STM32F407-RS485数据采集-V2\RS485-主机端 - 删减版 - dev -
#        副本\EWARM\YS-F4Pro\Obj\stm32f4xx_hal_spdifrx.o"
#        "F:\STM32F407-RS485数据采集-V2\RS485-主机端 - 删减版 - dev -
#        副本\EWARM\YS-F4Pro\Obj\stm32f4xx_hal_spi.o"
#        "F:\STM32F407-RS485数据采集-V2\RS485-主机端 - 删减版 - dev -
#        副本\EWARM\YS-F4Pro\Obj\stm32f4xx_hal_sram.o"
#        "F:\STM32F407-RS485数据采集-V2\RS485-主机端 - 删减版 - dev -
#        副本\EWARM\YS-F4Pro\Obj\stm32f4xx_hal_tim.o"
#        "F:\STM32F407-RS485数据采集-V2\RS485-主机端 - 删减版 - dev -
#        副本\EWARM\YS-F4Pro\Obj\stm32f4xx_hal_tim_ex.o"
#        "F:\STM32F407-RS485数据采集-V2\RS485-主机端 - 删减版 - dev -
#        副本\EWARM\YS-F4Pro\Obj\stm32f4xx_hal_uart.o"
#        "F:\STM32F407-RS485数据采集-V2\RS485-主机端 - 删减版 - dev -
#        副本\EWARM\YS-F4Pro\Obj\stm32f4xx_hal_usart.o"
#        "F:\STM32F407-RS485数据采集-V2\RS485-主机端 - 删减版 - dev -
#        副本\EWARM\YS-F4Pro\Obj\stm32f4xx_hal_wwdg.o"
#        "F:\STM32F407-RS485数据采集-V2\RS485-主机端 - 删减版 - dev -
#        副本\EWARM\YS-F4Pro\Obj\stm32f4xx_it.o"
#        "F:\STM32F407-RS485数据采集-V2\RS485-主机端 - 删减版 - dev -
#        副本\EWARM\YS-F4Pro\Obj\stm32f4xx_ll_adc.o"
#        "F:\STM32F407-RS485数据采集-V2\RS485-主机端 - 删减版 - dev -
#        副本\EWARM\YS-F4Pro\Obj\stm32f4xx_ll_crc.o"
#        "F:\STM32F407-RS485数据采集-V2\RS485-主机端 - 删减版 - dev -
#        副本\EWARM\YS-F4Pro\Obj\stm32f4xx_ll_dac.o"
#        "F:\STM32F407-RS485数据采集-V2\RS485-主机端 - 删减版 - dev -
#        副本\EWARM\YS-F4Pro\Obj\stm32f4xx_ll_dma.o"
#        "F:\STM32F407-RS485数据采集-V2\RS485-主机端 - 删减版 - dev -
#        副本\EWARM\YS-F4Pro\Obj\stm32f4xx_ll_dma2d.o"
#        "F:\STM32F407-RS485数据采集-V2\RS485-主机端 - 删减版 - dev -
#        副本\EWARM\YS-F4Pro\Obj\stm32f4xx_ll_exti.o"
#        "F:\STM32F407-RS485数据采集-V2\RS485-主机端 - 删减版 - dev -
#        副本\EWARM\YS-F4Pro\Obj\stm32f4xx_ll_fmc.o"
#        "F:\STM32F407-RS485数据采集-V2\RS485-主机端 - 删减版 - dev -
#        副本\EWARM\YS-F4Pro\Obj\stm32f4xx_ll_fsmc.o"
#        "F:\STM32F407-RS485数据采集-V2\RS485-主机端 - 删减版 - dev -
#        副本\EWARM\YS-F4Pro\Obj\stm32f4xx_ll_gpio.o"
#        "F:\STM32F407-RS485数据采集-V2\RS485-主机端 - 删减版 - dev -
#        副本\EWARM\YS-F4Pro\Obj\stm32f4xx_ll_i2c.o"
#        "F:\STM32F407-RS485数据采集-V2\RS485-主机端 - 删减版 - dev -
#        副本\EWARM\YS-F4Pro\Obj\stm32f4xx_ll_lptim.o"
#        "F:\STM32F407-RS485数据采集-V2\RS485-主机端 - 删减版 - dev -
#        副本\EWARM\YS-F4Pro\Obj\stm32f4xx_ll_pwr.o"
#        "F:\STM32F407-RS485数据采集-V2\RS485-主机端 - 删减版 - dev -
#        副本\EWARM\YS-F4Pro\Obj\stm32f4xx_ll_rcc.o"
#        "F:\STM32F407-RS485数据采集-V2\RS485-主机端 - 删减版 - dev -
#        副本\EWARM\YS-F4Pro\Obj\stm32f4xx_ll_rng.o"
#        "F:\STM32F407-RS485数据采集-V2\RS485-主机端 - 删减版 - dev -
#        副本\EWARM\YS-F4Pro\Obj\stm32f4xx_ll_rtc.o"
#        "F:\STM32F407-RS485数据采集-V2\RS485-主机端 - 删减版 - dev -
#        副本\EWARM\YS-F4Pro\Obj\stm32f4xx_ll_sdmmc.o"
#        "F:\STM32F407-RS485数据采集-V2\RS485-主机端 - 删减版 - dev -
#        副本\EWARM\YS-F4Pro\Obj\stm32f4xx_ll_spi.o"
#        "F:\STM32F407-RS485数据采集-V2\RS485-主机端 - 删减版 - dev -
#        副本\EWARM\YS-F4Pro\Obj\stm32f4xx_ll_tim.o"
#        "F:\STM32F407-RS485数据采集-V2\RS485-主机端 - 删减版 - dev -
#        副本\EWARM\YS-F4Pro\Obj\stm32f4xx_ll_usart.o"
#        "F:\STM32F407-RS485数据采集-V2\RS485-主机端 - 删减版 - dev -
#        副本\EWARM\YS-F4Pro\Obj\stm32f4xx_ll_usb.o"
#        "F:\STM32F407-RS485数据采集-V2\RS485-主机端 - 删减版 - dev -
#        副本\EWARM\YS-F4Pro\Obj\stm32f4xx_ll_utils.o"
#        "F:\STM32F407-RS485数据采集-V2\RS485-主机端 - 删减版 - dev -
#        副本\EWARM\YS-F4Pro\Obj\system_stm32f4xx.o"
#        "F:\STM32F407-RS485数据采集-V2\RS485-主机端 - 删减版 - dev -
#        副本\EWARM\YS-F4Pro\Obj\variable.o" --redirect _Printf=_PrintfFull
#        --redirect _Scanf=_ScanfFull -o
#        "F:\STM32F407-RS485数据采集-V2\RS485-主机端 - 删减版 - dev -
#        副本\EWARM\YS-F4Pro\Exe\YS-F4Pro.out" --map
#        "F:\STM32F407-RS485数据采集-V2\RS485-主机端 - 删减版 - dev -
#        副本\EWARM\YS-F4Pro\List\YS-F4Pro.map" --config
#        "F:\STM32F407-RS485数据采集-V2\RS485-主机端 - 删减版 - dev -
#        副本\EWARM\stm32f407xx_flash.icf" --semihosting --entry
#        __iar_program_start --vfe
#
###############################################################################

*******************************************************************************
*** RUNTIME MODEL ATTRIBUTES
***

CppFlavor                     = *
__Heap_Handler                = DLMalloc
__SystemLibrary               = DLib
__dlib_dynamic_initialization = normal


*******************************************************************************
*** PLACEMENT SUMMARY
***

"A1":  place at 0x08000000 { ro section .intvec };
"P1":  place in [from 0x08000000 to 0x080fffff] { ro };
"P2":  place in [from 0x20000000 to 0x2001ffff] { rw, block CSTACK, block HEAP };

  Section             Kind        Address    Size  Object
  -------             ----        -------    ----  ------
"A1":                                       0x188
  .intvec             ro code  0x08000000   0x188  startup_stm32f407xx.o [1]
                             - 0x08000188   0x188

"P1":                                      0xd574
  .text               ro code  0x08000188  0x311c  function.o [1]
  .text               ro code  0x080032a4    0x24  printf.o [3]
  .text               ro code  0x080032c8   0x7c8  stm32f4xx_hal_uart.o [1]
  .text               ro code  0x08003a90    0x4c  strtok.o [3]
  .text               ro code  0x08003adc    0x42  strcmp_unaligned.o [5]
  .text               ro code  0x08003b1e     0xa  xsprout.o [3]
  .text               ro code  0x08003b28     0x6  ABImemclr4.o [5]
  .text               ro code  0x08003b30    0x44  strcpy_unaligned.o [5]
  .text               ro code  0x08003b74    0x36  strlen.o [5]
  .text               ro code  0x08003bac    0x66  ABImemset.o [5]
  .text               ro code  0x08003c14  0x14f0  dlmalloc.o [3]
  .text               ro code  0x08005104    0x4e  FltToDbl.o [4]
  .text               ro code  0x08005154    0x34  sprintf.o [3]
  .text               ro code  0x08005188    0x2e  DblCmpGe.o [4]
  .text               ro code  0x080051b6    0x10  atof.o [4]
  .text               ro code  0x080051c8    0x90  DblToFlt.o [4]
  .text               ro code  0x08005258    0x2e  DblCmpLe.o [4]
  .text               ro code  0x08005286     0x8  atoi.o [3]
  .text               ro code  0x0800528e     0xe  strtod.o [4]
  .text               ro code  0x0800529c   0x170  bsp_usartx_RS485.o [1]
  .text               ro code  0x0800540c   0x408  stm32f4xx_hal_rtc.o [1]
  .text               ro code  0x08005814    0x58  DblToI32.o [4]
  .text               ro code  0x0800586c   0x180  DblSub.o [4]
  .text               ro code  0x080059ec   0x1a2  DblMul.o [4]
  .text               ro code  0x08005b90   0x256  DblDiv.o [4]
  .text               ro code  0x08005de6    0xce  crc16.o [1]
  .text               ro code  0x08005eb4    0xe8  DblAdd.o [4]
  .text               ro code  0x08005f9c    0x30  I32ToDbl.o [4]
  .text               ro code  0x08005fcc    0x6c  system_stm32f4xx.o [1]
  .text               ro code  0x08006038   0x8c0  pow.o [4]
  .text               ro code  0x080068f8   0x3fc  bsp_spiflash.o [1]
  .text               ro code  0x08006cf4  0x1166  xprintffull.o [3]
  .text               ro code  0x08007e5c   0x26c  bsp_debug_usart.o [1]
  .text               ro code  0x080080c8    0x7c  stm32f4xx_hal.o [1]
  .text               ro code  0x08008144    0x26  stm32f4xx_hal_dma.o [1]
  .text               ro code  0x0800816c   0xd9c  main.o [1]
  .text               ro code  0x08008f08   0x6bc  stm32f4xx_hal_rcc.o [1]
  .text               ro code  0x080095c4     0x2  xtls.o [3]
  .text               ro code  0x080095c6    0x22  strspn.o [3]
  .text               ro code  0x080095e8    0x22  strcspn.o [3]
  .text               ro code  0x0800960c    0x32  ABImemset48.o [5]
  .text               ro code  0x0800963e     0x6  abort.o [3]
  .text               ro code  0x08009644    0x2c  xgetmemchunk.o [3]
  .text               ro code  0x08009670   0x168  xstod.o [4]
  .text               ro code  0x080097d8   0x198  xstoul.o [3]
  .text               ro code  0x08009970   0x152  stm32f4xx_hal_cortex.o [1]
  .text               ro code  0x08009ac4   0x250  stm32f4xx_hal_gpio.o [1]
  .text               ro code  0x08009d14   0x304  bsp_rtc.o [1]
  .text               ro code  0x0800a018    0x42  xdnorm.o [4]
  .text               ro code  0x0800a05a    0x7a  xdint.o [4]
  .text               ro code  0x0800a0d4    0x20  DblCmpEq.o [4]
  .text               ro code  0x0800a0f4     0xc  errno.o [3]
  .text               ro code  0x0800a100    0xb0  xlog.o [4]
  .text               ro code  0x0800a1b0   0x2c6  xexp.o [4]
  .text               ro code  0x0800a478   0x36c  stm32f4xx_hal_spi.o [1]
  .text               ro code  0x0800a7e4    0x20  xmbtowc.o [3]
  .text               ro code  0x0800a804    0x16  strchr.o [5]
  .text               ro code  0x0800a81c    0x58  memchr.o [5]
  .text               ro code  0x0800a874     0xa  xmbcurmax.o [3]
  .text               ro code  0x0800a87e    0x1a  xwctomb.o [3]
  .text               ro code  0x0800a898    0x76  ABImemcpy_unaligned.o [5]
  .text               ro code  0x0800a910    0xee  I64DivMod.o [5]
  .text               ro code  0x0800aa00   0x114  xdscale.o [4]
  .text               ro code  0x0800ab14    0x6c  localeconv.o [3]
  .text               ro code  0x0800ab80     0xe  div.o [3]
  .text               ro code  0x0800ab8e    0x6e  stm32f4xx_hal_msp.o [1]
  .text               ro code  0x0800abfc    0xc8  bsp_led.o [1]
  .text               ro code  0x0800acc4   0x374  bsp_gpio.o [1]
  .text               ro code  0x0800b038    0x7c  bsp_BasicTIM.o [1]
  .text               ro code  0x0800b0b4   0x318  stm32f4xx_hal_tim.o [1]
  .text               ro code  0x0800b3cc   0x18c  sample.o [1]
  .text               ro code  0x0800b558    0x14  exit.o [6]
  .text               ro code  0x0800b56c   0x124  xstopfx.o [3]
  .text               ro code  0x0800b690   0x1b8  xstoflt.o [3]
  .text               ro code  0x0800b848   0x200  xdtento.o [4]
  .text               ro code  0x0800ba48   0x218  xstoxflt.o [3]
  .text               ro code  0x0800bc60    0x28  isxxx.o [3]
  .text               ro code  0x0800bc88    0x14  tolower.o [3]
  .text               ro code  0x0800bc9c    0x20  stm32f4xx_hal_rtc_ex.o [1]
  .text               ro code  0x0800bcbc    0x18  stm32f4xx_hal_pwr.o [1]
  .text               ro code  0x0800bcd4   0x17c  stm32f4xx_hal_rcc_ex.o [1]
  .text               ro code  0x0800be50    0x40  xdtest.o [4]
  .text               ro code  0x0800be90    0x24  setlocale.o [3]
  .text               ro code  0x0800beb4    0x60  xencoding_sb.o [3]
  .text               ro code  0x0800bf14     0x2  I64DivZer.o [5]
  .text               ro code  0x0800bf18    0x5c  stm32f4xx_hal_tim_ex.o [1]
  .text               ro code  0x0800bf74    0x52  xdunscal.o [4]
  .text               ro code  0x0800bfc6    0x16  xlocale_c.o [3]
  .text               ro code  0x0800bfdc    0x14  xlocale_c.o [3]
  .text               ro code  0x0800bff0     0xc  xlocale_c.o [3]
  .text               ro code  0x0800bffc    0xc0  stm32f4xx_it.o [1]
  .rodata             const    0x0800c0bc    0x44  function.o [1]
  .rodata             const    0x0800c100    0x40  function.o [1]
  .rodata             const    0x0800c140    0x40  function.o [1]
  .rodata             const    0x0800c180    0x40  function.o [1]
  .rodata             const    0x0800c1c0    0x40  function.o [1]
  .rodata             const    0x0800c200    0x40  function.o [1]
  .rodata             const    0x0800c240    0x40  function.o [1]
  .rodata             const    0x0800c280    0x40  function.o [1]
  .rodata             const    0x0800c2c0    0x40  function.o [1]
  .rodata             const    0x0800c300    0x40  function.o [1]
  .rodata             const    0x0800c340    0x40  function.o [1]
  .text               ro code  0x0800c380    0x40  zero_init3.o [5]
  .rodata             const    0x0800c3c0    0x3c  bsp_rtc.o [1]
  .rodata             const    0x0800c3fc    0x3c  function.o [1]
  .rodata             const    0x0800c438    0x38  function.o [1]
  .text               ro code  0x0800c470    0x38  packbits_init_single.o [5]
  .rodata             const    0x0800c4a8    0x34  function.o [1]
  .rodata             const    0x0800c4dc    0x34  function.o [1]
  .rodata             const    0x0800c510    0x34  function.o [1]
  .rodata             const    0x0800c544    0x34  function.o [1]
  .rodata             const    0x0800c578    0x30  bsp_rtc.o [1]
  .rodata             const    0x0800c5a8    0x30  bsp_rtc.o [1]
  .rodata             const    0x0800c5d8    0x30  bsp_rtc.o [1]
  .rodata             const    0x0800c608    0x30  bsp_rtc.o [1]
  .rodata             const    0x0800c638    0x30  bsp_rtc.o [1]
  .rodata             const    0x0800c668    0x30  bsp_rtc.o [1]
  .rodata             const    0x0800c698    0x30  bsp_rtc.o [1]
  .rodata             const    0x0800c6c8    0x30  function.o [1]
  .rodata             const    0x0800c6f8    0x30  function.o [1]
  .rodata             const    0x0800c728    0x30  function.o [1]
  .rodata             const    0x0800c758    0x30  function.o [1]
  .rodata             const    0x0800c788    0x30  function.o [1]
  .rodata             const    0x0800c7b8    0x30  function.o [1]
  .rodata             const    0x0800c7e8    0x30  function.o [1]
  .rodata             const    0x0800c818    0x30  function.o [1]
  .rodata             const    0x0800c848    0x30  function.o [1]
  .rodata             const    0x0800c878    0x30  function.o [1]
  .rodata             const    0x0800c8a8    0x2c  function.o [1]
  .rodata             const    0x0800c8d4    0x2c  function.o [1]
  .rodata             const    0x0800c900    0x2c  function.o [1]
  .rodata             const    0x0800c92c    0x2c  function.o [1]
  .rodata             const    0x0800c958    0x2c  function.o [1]
  .rodata             const    0x0800c984    0x2c  function.o [1]
  .rodata             const    0x0800c9b0    0x28  function.o [1]
  .rodata             const    0x0800c9d8    0x28  function.o [1]
  .rodata             const    0x0800ca00    0x28  function.o [1]
  .rodata             const    0x0800ca28    0x28  function.o [1]
  .rodata             const    0x0800ca50    0x28  main.o [1]
  .rodata             const    0x0800ca78    0x28  main.o [1]
  .text               ro code  0x0800caa0    0x28  data_init.o [5]
  .rodata             const    0x0800cac8    0x24  function.o [1]
  .rodata             const    0x0800caec    0x24  function.o [1]
  .rodata             const    0x0800cb10    0x24  function.o [1]
  .rodata             const    0x0800cb34    0x24  function.o [1]
  .rodata             const    0x0800cb58    0x24  function.o [1]
  .rodata             const    0x0800cb7c    0x24  function.o [1]
  .rodata             const    0x0800cba0    0x24  function.o [1]
  .rodata             const    0x0800cbc4    0x24  function.o [1]
  .rodata             const    0x0800cbe8    0x24  function.o [1]
  .rodata             const    0x0800cc0c    0x24  function.o [1]
  .rodata             const    0x0800cc30    0x24  function.o [1]
  .rodata             const    0x0800cc54    0x24  function.o [1]
  .rodata             const    0x0800cc78    0x24  function.o [1]
  .rodata             const    0x0800cc9c    0x24  function.o [1]
  .rodata             const    0x0800ccc0    0x24  function.o [1]
  .rodata             const    0x0800cce4    0x24  function.o [1]
  .rodata             const    0x0800cd08    0x24  function.o [1]
  .rodata             const    0x0800cd2c    0x24  main.o [1]
  .rodata             const    0x0800cd50    0x24  sample.o [1]
  .rodata             const    0x0800cd74    0x24  stm32f4xx_it.o [1]
  .rodata             const    0x0800cd98    0x24  stm32f4xx_it.o [1]
  .rodata             const    0x0800cdbc    0x24  stm32f4xx_it.o [1]
  .rodata             const    0x0800cde0    0x24  stm32f4xx_it.o [1]
  .text               ro code  0x0800ce04    0x22  fpinit_M.o [4]
  .iar.init_table     const    0x0800ce28    0x20  - Linker created -
  .rodata             const    0x0800ce48    0x20  function.o [1]
  .rodata             const    0x0800ce68    0x20  function.o [1]
  .rodata             const    0x0800ce88    0x20  function.o [1]
  .rodata             const    0x0800cea8    0x20  function.o [1]
  .rodata             const    0x0800cec8    0x20  function.o [1]
  .rodata             const    0x0800cee8    0x20  function.o [1]
  .rodata             const    0x0800cf08    0x20  function.o [1]
  .rodata             const    0x0800cf28    0x20  function.o [1]
  .rodata             const    0x0800cf48    0x20  function.o [1]
  .rodata             const    0x0800cf68    0x20  function.o [1]
  .rodata             const    0x0800cf88    0x20  function.o [1]
  .rodata             const    0x0800cfa8    0x20  function.o [1]
  .rodata             const    0x0800cfc8    0x20  function.o [1]
  .rodata             const    0x0800cfe8    0x20  function.o [1]
  .rodata             const    0x0800d008    0x20  function.o [1]
  .rodata             const    0x0800d028    0x20  function.o [1]
  .rodata             const    0x0800d048    0x20  function.o [1]
  .rodata             const    0x0800d068    0x20  main.o [1]
  .rodata             const    0x0800d088    0x1c  function.o [1]
  .rodata             const    0x0800d0a4    0x1c  function.o [1]
  .rodata             const    0x0800d0c0    0x1c  function.o [1]
  .rodata             const    0x0800d0dc    0x1c  function.o [1]
  .rodata             const    0x0800d0f8    0x1c  function.o [1]
  .rodata             const    0x0800d114    0x1c  function.o [1]
  .rodata             const    0x0800d130    0x1c  function.o [1]
  .rodata             const    0x0800d14c    0x1c  function.o [1]
  .rodata             const    0x0800d168    0x1c  function.o [1]
  .rodata             const    0x0800d184    0x1c  function.o [1]
  .rodata             const    0x0800d1a0    0x1c  function.o [1]
  .rodata             const    0x0800d1bc    0x1c  main.o [1]
  .rodata             const    0x0800d1d8    0x1c  main.o [1]
  .text               ro code  0x0800d1f4    0x1a  cmain.o [5]
  .text               ro code  0x0800d20e     0x4  low_level_init.o [3]
  .text               ro code  0x0800d212     0x4  exit.o [3]
  .text               ro code  0x0800d218     0xa  cexit.o [5]
  .rodata             const    0x0800d224    0x18  bsp_rtc.o [1]
  .rodata             const    0x0800d23c    0x18  function.o [1]
  .rodata             const    0x0800d254    0x18  function.o [1]
  .rodata             const    0x0800d26c    0x18  function.o [1]
  .rodata             const    0x0800d284    0x18  main.o [1]
  .rodata             const    0x0800d29c    0x18  main.o [1]
  .rodata             const    0x0800d2b4    0x18  main.o [1]
  .rodata             const    0x0800d2cc    0x18  main.o [1]
  .rodata             const    0x0800d2e4    0x18  main.o [1]
  .rodata             const    0x0800d2fc    0x18  main.o [1]
  .rodata             const    0x0800d314    0x18  main.o [1]
  .rodata             const    0x0800d32c    0x18  main.o [1]
  .text               ro code  0x0800d344    0x16  xprout.o [3]
  .text               ro code  0x0800d35c     0xc  putchar.o [3]
  .rodata             const    0x0800d368    0x14  bsp_rtc.o [1]
  .rodata             const    0x0800d37c    0x14  main.o [1]
  .rodata             const    0x0800d390    0x14  main.o [1]
  .rodata             const    0x0800d3a4    0x14  main.o [1]
  .rodata             const    0x0800d3b8    0x10  bsp_usartx_RS485.o [1]
  .rodata             const    0x0800d3c8    0x10  bsp_usartx_RS485.o [1]
  .rodata             const    0x0800d3d8    0x10  bsp_usartx_RS485.o [1]
  .rodata             const    0x0800d3e8    0x10  function.o [1]
  .rodata             const    0x0800d3f8    0x10  function.o [1]
  .rodata             const    0x0800d408    0x10  function.o [1]
  .rodata             const    0x0800d418    0x10  main.o [1]
  .rodata             const    0x0800d428    0x10  main.o [1]
  .rodata             const    0x0800d438    0x10  main.o [1]
  .rodata             const    0x0800d448    0x10  system_stm32f4xx.o [1]
  .text               ro code  0x0800d458    0x10  startup_stm32f407xx.o [1]
  .rodata             const    0x0800d468     0xc  function.o [1]
  .rodata             const    0x0800d474     0xc  function.o [1]
  .rodata             const    0x0800d480     0xc  function.o [1]
  .rodata             const    0x0800d48c     0xc  function.o [1]
  .rodata             const    0x0800d498     0xc  main.o [1]
  .rodata             const    0x0800d4a4     0xc  main.o [1]
  .text               ro code  0x0800d4b0     0xc  cstartup_M.o [5]
  .rodata             const    0x0800d4bc     0x8  function.o [1]
  .rodata             const    0x0800d4c4     0x8  function.o [1]
  .rodata             const    0x0800d4cc     0x8  function.o [1]
  .rodata             const    0x0800d4d4     0x8  function.o [1]
  .rodata             const    0x0800d4dc     0x8  function.o [1]
  .rodata             const    0x0800d4e4     0x8  function.o [1]
  .rodata             const    0x0800d4ec     0x8  main.o [1]
  .rodata             const    0x0800d4f4     0x8  system_stm32f4xx.o [1]
  .text               ro code  0x0800d4fc     0x4  startup_stm32f407xx.o [1]
  .text               ro code  0x0800d500     0x4  startup_stm32f407xx.o [1]
  .text               ro code  0x0800d504     0x4  startup_stm32f407xx.o [1]
  .text               ro code  0x0800d508     0x4  startup_stm32f407xx.o [1]
  .text               ro code  0x0800d50c     0x4  startup_stm32f407xx.o [1]
  .text               ro code  0x0800d510     0x4  startup_stm32f407xx.o [1]
  .text               ro code  0x0800d514     0x4  startup_stm32f407xx.o [1]
  .text               ro code  0x0800d518     0x4  startup_stm32f407xx.o [1]
  .text               ro code  0x0800d51c     0x4  startup_stm32f407xx.o [1]
  .text               ro code  0x0800d520     0x4  startup_stm32f407xx.o [1]
  .text               ro code  0x0800d524     0x4  startup_stm32f407xx.o [1]
  .text               ro code  0x0800d528     0x4  startup_stm32f407xx.o [1]
  .text               ro code  0x0800d52c     0x4  startup_stm32f407xx.o [1]
  .text               ro code  0x0800d530     0x4  startup_stm32f407xx.o [1]
  .text               ro code  0x0800d534     0x4  startup_stm32f407xx.o [1]
  .text               ro code  0x0800d538     0x4  startup_stm32f407xx.o [1]
  .text               ro code  0x0800d53c     0x4  startup_stm32f407xx.o [1]
  .text               ro code  0x0800d540     0x4  startup_stm32f407xx.o [1]
  .text               ro code  0x0800d544     0x4  startup_stm32f407xx.o [1]
  .text               ro code  0x0800d548     0x4  startup_stm32f407xx.o [1]
  .text               ro code  0x0800d54c     0x4  startup_stm32f407xx.o [1]
  .text               ro code  0x0800d550     0x4  startup_stm32f407xx.o [1]
  .text               ro code  0x0800d554     0x4  startup_stm32f407xx.o [1]
  .text               ro code  0x0800d558     0x4  startup_stm32f407xx.o [1]
  .text               ro code  0x0800d55c     0x4  startup_stm32f407xx.o [1]
  .text               ro code  0x0800d560     0x4  startup_stm32f407xx.o [1]
  .text               ro code  0x0800d564     0x4  startup_stm32f407xx.o [1]
  .text               ro code  0x0800d568     0x4  startup_stm32f407xx.o [1]
  .text               ro code  0x0800d56c     0x4  startup_stm32f407xx.o [1]
  .text               ro code  0x0800d570     0x4  startup_stm32f407xx.o [1]
  .text               ro code  0x0800d574     0x4  startup_stm32f407xx.o [1]
  .text               ro code  0x0800d578     0x4  startup_stm32f407xx.o [1]
  .text               ro code  0x0800d57c     0x4  startup_stm32f407xx.o [1]
  .text               ro code  0x0800d580     0x4  startup_stm32f407xx.o [1]
  .text               ro code  0x0800d584     0x4  startup_stm32f407xx.o [1]
  .text               ro code  0x0800d588     0x4  startup_stm32f407xx.o [1]
  .text               ro code  0x0800d58c     0x4  startup_stm32f407xx.o [1]
  .text               ro code  0x0800d590     0x4  startup_stm32f407xx.o [1]
  .text               ro code  0x0800d594     0x4  startup_stm32f407xx.o [1]
  .text               ro code  0x0800d598     0x4  startup_stm32f407xx.o [1]
  .text               ro code  0x0800d59c     0x4  startup_stm32f407xx.o [1]
  .text               ro code  0x0800d5a0     0x4  startup_stm32f407xx.o [1]
  .text               ro code  0x0800d5a4     0x4  startup_stm32f407xx.o [1]
  .text               ro code  0x0800d5a8     0x4  startup_stm32f407xx.o [1]
  .text               ro code  0x0800d5ac     0x4  startup_stm32f407xx.o [1]
  .text               ro code  0x0800d5b0     0x4  startup_stm32f407xx.o [1]
  .text               ro code  0x0800d5b4     0x4  startup_stm32f407xx.o [1]
  .text               ro code  0x0800d5b8     0x4  startup_stm32f407xx.o [1]
  .text               ro code  0x0800d5bc     0x4  startup_stm32f407xx.o [1]
  .text               ro code  0x0800d5c0     0x4  startup_stm32f407xx.o [1]
  .text               ro code  0x0800d5c4     0x4  startup_stm32f407xx.o [1]
  .text               ro code  0x0800d5c8     0x4  startup_stm32f407xx.o [1]
  .text               ro code  0x0800d5cc     0x4  startup_stm32f407xx.o [1]
  .text               ro code  0x0800d5d0     0x4  startup_stm32f407xx.o [1]
  .text               ro code  0x0800d5d4     0x4  startup_stm32f407xx.o [1]
  .text               ro code  0x0800d5d8     0x4  startup_stm32f407xx.o [1]
  .text               ro code  0x0800d5dc     0x4  startup_stm32f407xx.o [1]
  .text               ro code  0x0800d5e0     0x4  startup_stm32f407xx.o [1]
  .text               ro code  0x0800d5e4     0x4  startup_stm32f407xx.o [1]
  .text               ro code  0x0800d5e8     0x4  startup_stm32f407xx.o [1]
  .text               ro code  0x0800d5ec     0x4  startup_stm32f407xx.o [1]
  .text               ro code  0x0800d5f0     0x4  startup_stm32f407xx.o [1]
  .text               ro code  0x0800d5f4     0x4  startup_stm32f407xx.o [1]
  .text               ro code  0x0800d5f8     0x4  startup_stm32f407xx.o [1]
  .text               ro code  0x0800d5fc     0x4  startup_stm32f407xx.o [1]
  .text               ro code  0x0800d600     0x4  startup_stm32f407xx.o [1]
  .text               ro code  0x0800d604     0x4  startup_stm32f407xx.o [1]
  .text               ro code  0x0800d608     0x4  startup_stm32f407xx.o [1]
  .text               ro code  0x0800d60c     0x4  startup_stm32f407xx.o [1]
  .text               ro code  0x0800d610     0x4  startup_stm32f407xx.o [1]
  .text               ro code  0x0800d614     0x4  startup_stm32f407xx.o [1]
  .text               ro code  0x0800d618     0x4  startup_stm32f407xx.o [1]
  .text               ro code  0x0800d61c     0x4  startup_stm32f407xx.o [1]
  .text               ro code  0x0800d620     0x4  startup_stm32f407xx.o [1]
  .text               ro code  0x0800d624     0x4  startup_stm32f407xx.o [1]
  .rodata             const    0x0800d628     0x0  zero_init3.o [5]
  .rodata             const    0x0800d628     0x0  packbits_init_single.o [5]
  Initializer bytes   const    0x0800d628    0xd4  <for P2-1>
                             - 0x0800d6fc  0xd574

"P2", part 1 of 3:                          0x1eb
  P2-1                         0x20000000   0x1eb  <Init block>
    .data             inited   0x20000000     0x4  system_stm32f4xx.o [1]
    .data             inited   0x20000004     0x4  variable.o [1]
    .data             inited   0x20000008     0x4  variable.o [1]
    .data             inited   0x2000000c     0x4  variable.o [1]
    .data             inited   0x20000010     0x4  variable.o [1]
    .data             inited   0x20000014     0x4  variable.o [1]
    .data             inited   0x20000018     0x4  variable.o [1]
    .data             inited   0x2000001c     0x4  variable.o [1]
    .data             inited   0x20000020     0x4  variable.o [1]
    .data             inited   0x20000024     0x8  variable.o [1]
    .data             inited   0x2000002c     0x8  variable.o [1]
    .data             inited   0x20000034     0x8  variable.o [1]
    .data             inited   0x2000003c     0x8  variable.o [1]
    .data             inited   0x20000044     0x8  variable.o [1]
    .data             inited   0x2000004c     0x8  variable.o [1]
    .data             inited   0x20000054     0x8  variable.o [1]
    .data             inited   0x2000005c     0x8  variable.o [1]
    .data             inited   0x20000064     0x8  variable.o [1]
    .data             inited   0x2000006c     0x8  variable.o [1]
    .data             inited   0x20000074     0x8  variable.o [1]
    .data             inited   0x2000007c     0x8  variable.o [1]
    .data             inited   0x20000084     0x8  variable.o [1]
    .data             inited   0x2000008c     0x8  variable.o [1]
    .data             inited   0x20000094     0x8  variable.o [1]
    .data             inited   0x2000009c     0x8  variable.o [1]
    .data             inited   0x200000a4    0x40  xfiles.o [3]
    __DLIB_PERTHREAD  inited   0x200000e4     0x4  strtok.o [3]
    __DLIB_PERTHREAD  inited   0x200000e8     0x4  errno.o [3]
    __DLIB_PERTHREAD  inited   0x200000ec    0x74  setlocale.o [3]
    __DLIB_PERTHREAD  inited   0x20000160    0x88  localeconv.o [3]
    .data             inited   0x200001e8     0x2  variable.o [1]
    .data             inited   0x200001ea     0x1  main.o [1]
                             - 0x200001eb   0x1eb

"P2", part 2 of 3:                         0x2000
  CSTACK                       0x200001f0  0x1000  <Block>
    CSTACK            uninit   0x200001f0  0x1000  <Block tail>
  HEAP                         0x200011f0  0x1000  <Block>
    HEAP              uninit   0x200011f0  0x1000  <Block tail>
                             - 0x200021f0  0x2000

"P2", part 3 of 3:                         0x128c
  .bss                zero     0x200021f0   0x758  variable.o [1]
  .bss                zero     0x20002948   0x3e8  variable.o [1]
  .bss                zero     0x20002d30   0x1f8  variable.o [1]
  .bss                zero     0x20002f28   0x1d8  dlmalloc.o [3]
  .bss                zero     0x20003100   0x118  variable.o [1]
  .bss                zero     0x20003218    0x58  bsp_spiflash.o [1]
  .bss                zero     0x20003270    0x50  xfiles.o [3]
  .bss                zero     0x200032c0    0x40  bsp_debug_usart.o [1]
  .bss                zero     0x20003300    0x40  bsp_debug_usart.o [1]
  .bss                zero     0x20003340    0x40  bsp_usartx_RS485.o [1]
  .bss                zero     0x20003380    0x3c  bsp_BasicTIM.o [1]
  .bss                zero     0x200033bc    0x34  variable.o [1]
  .bss                zero     0x200033f0    0x20  bsp_rtc.o [1]
  .bss                zero     0x20003410    0x18  dlmalloc.o [3]
  .bss                zero     0x20003428     0x4  stm32f4xx_hal.o [1]
  .bss                zero     0x2000342c     0x4  variable.o [1]
  .bss                zero     0x20003430     0x4  variable.o [1]
  .bss                zero     0x20003434     0x4  variable.o [1]
  .bss                zero     0x20003438     0x4  variable.o [1]
  .bss                zero     0x2000343c     0x4  variable.o [1]
  .bss                zero     0x20003440     0x4  variable.o [1]
  .bss                zero     0x20003444     0x4  variable.o [1]
  .bss                zero     0x20003448     0x4  variable.o [1]
  .bss                zero     0x2000344c     0x4  xgetmemchunk.o [3]
  .bss                zero     0x20003450     0x2  main.o [1]
  .bss                zero     0x20003452     0x2  main.o [1]
  .bss                zero     0x20003454     0x2  variable.o [1]
  .bss                zero     0x20003456     0x2  variable.o [1]
  .bss                zero     0x20003458     0x2  variable.o [1]
  .bss                zero     0x2000345a     0x1  main.o [1]
  .bss                zero     0x2000345b     0x1  main.o [1]
  .bss                zero     0x2000345c     0x1  main.o [1]
  .bss                zero     0x2000345d     0x1  main.o [1]
  .bss                zero     0x2000345e     0x1  main.o [1]
  .bss                zero     0x2000345f     0x1  main.o [1]
  .bss                zero     0x20003460     0x1  main.o [1]
  .bss                zero     0x20003461     0x1  main.o [1]
  .bss                zero     0x20003462     0x1  main.o [1]
  .bss                zero     0x20003463     0x1  main.o [1]
  .bss                zero     0x20003464     0x1  main.o [1]
  .bss                zero     0x20003465     0x1  main.o [1]
  .bss                zero     0x20003466     0x1  variable.o [1]
  .bss                zero     0x20003467     0x1  variable.o [1]
  .bss                zero     0x20003468     0x1  variable.o [1]
  .bss                zero     0x20003469     0x1  variable.o [1]
  .bss                zero     0x2000346a     0x1  variable.o [1]
  .bss                zero     0x2000346b     0x1  variable.o [1]
  .bss                zero     0x2000346c     0x1  variable.o [1]
  .bss                zero     0x2000346d     0x1  variable.o [1]
  .bss                zero     0x2000346e     0x1  variable.o [1]
  .bss                zero     0x2000346f     0x1  variable.o [1]
  .bss                zero     0x20003470     0x1  variable.o [1]
  .bss                zero     0x20003471     0x1  variable.o [1]
  .bss                zero     0x20003472     0x1  variable.o [1]
  .bss                zero     0x20003473     0x1  variable.o [1]
  .bss                zero     0x20003474     0x1  variable.o [1]
  .bss                zero     0x20003475     0x1  variable.o [1]
  .bss                zero     0x20003476     0x1  variable.o [1]
  .bss                zero     0x20003477     0x1  variable.o [1]
  .bss                zero     0x20003478     0x1  variable.o [1]
                             - 0x20003479  0x1289


*******************************************************************************
*** INIT TABLE
***

          Address     Size
          -------     ----
Zero (__iar_zero_init3)
    1 destination range, total size 0x1289:
          0x200021f0  0x1289

Copy/packbits (__iar_packbits_init_single3)
    1 source range, total size 0xd4 (43% of destination):
          0x0800d628    0xd4
    1 destination range, total size 0x1eb:
          0x20000000   0x1eb



*******************************************************************************
*** MODULE SUMMARY
***

    Module                  ro code  ro data  rw data
    ------                  -------  -------  -------
F:\STM32F407-RS485数据采集-V2\RS485-主机端 - 删减版 - dev - 副本\EWARM\YS-F4Pro\Obj: [1]
    bsp_BasicTIM.o              124                60
    bsp_debug_usart.o           620               128
    bsp_gpio.o                  884
    bsp_led.o                   200
    bsp_rtc.o                   772      440       32
    bsp_spiflash.o            1 020                88
    bsp_usartx_RS485.o          368       48       64
    crc16.o                     206
    function.o               12 572    3 616
    main.o                    3 484      537       17
    sample.o                    396       36
    startup_stm32f407xx.o       708
    stm32f4xx_hal.o             124                 4
    stm32f4xx_hal_cortex.o      338
    stm32f4xx_hal_dma.o          38
    stm32f4xx_hal_gpio.o        592
    stm32f4xx_hal_msp.o         110
    stm32f4xx_hal_pwr.o          24
    stm32f4xx_hal_rcc.o       1 724
    stm32f4xx_hal_rcc_ex.o      380
    stm32f4xx_hal_rtc.o       1 032
    stm32f4xx_hal_rtc_ex.o       32
    stm32f4xx_hal_spi.o         876
    stm32f4xx_hal_tim.o         792
    stm32f4xx_hal_tim_ex.o       92
    stm32f4xx_hal_uart.o      1 992
    stm32f4xx_it.o              192      144
    system_stm32f4xx.o          108       25        4
    variable.o                            70    3 935
    -------------------------------------------------
    Total:                   29 800    4 916    4 332

command line: [2]
    -------------------------------------------------
    Total:

dl7M_tlf.a: [3]
    abort.o                       6
    atoi.o                        8
    div.o                        14
    dlmalloc.o                5 360               496
    errno.o                      12        1        4
    exit.o                        4
    isxxx.o                      40
    localeconv.o                108       59      136
    low_level_init.o              4
    printf.o                     36
    putchar.o                    12
    setlocale.o                  36       50      116
    sprintf.o                    52
    strcspn.o                    34
    strspn.o                     34
    strtok.o                     76        2        4
    tolower.o                    20
    xencoding_sb.o               96
    xfiles.o                              28      144
    xgetmemchunk.o               44                 4
    xlocale_c.o                  54
    xmbcurmax.o                  10
    xmbtowc.o                    32
    xprintffull.o             4 454
    xprout.o                     22
    xsprout.o                    10
    xstoflt.o                   440
    xstopfx.o                   292
    xstoul.o                    408
    xstoxflt.o                  536
    xtls.o                        2
    xwctomb.o                    26
    -------------------------------------------------
    Total:                   12 282      140      904

m7M_tls.a: [4]
    DblAdd.o                    232
    DblCmpEq.o                   32
    DblCmpGe.o                   46
    DblCmpLe.o                   46
    DblDiv.o                    598
    DblMul.o                    418
    DblSub.o                    384
    DblToFlt.o                  144
    DblToI32.o                   88
    FltToDbl.o                   78
    I32ToDbl.o                   48
    atof.o                       16
    fpinit_M.o                   34
    pow.o                     2 240
    strtod.o                     14
    xdint.o                     122
    xdnorm.o                     66
    xdscale.o                   276
    xdtento.o                   512
    xdtest.o                     64
    xdunscal.o                   82
    xexp.o                      710
    xlog.o                      176
    xstod.o                     360
    -------------------------------------------------
    Total:                    6 786

rt7M_tl.a: [5]
    ABImemclr4.o                  6
    ABImemcpy_unaligned.o       118
    ABImemset.o                 102
    ABImemset48.o                50
    I64DivMod.o                 238
    I64DivZer.o                   2
    cexit.o                      10
    cmain.o                      26
    cstartup_M.o                 12
    data_init.o                  40
    memchr.o                     88
    packbits_init_single.o       56
    strchr.o                     22
    strcmp_unaligned.o           66
    strcpy_unaligned.o           68
    strlen.o                     54
    zero_init3.o                 64
    -------------------------------------------------
    Total:                    1 022

shb_l.a: [6]
    exit.o                       20
    -------------------------------------------------
    Total:                       20

    Gaps                         34        4
    Linker created                        32    8 192
-----------------------------------------------------
    Grand Total:             49 944    5 092   13 428


*******************************************************************************
*** ENTRY LIST
***

Entry                      Address   Size  Type      Object
-----                      -------   ----  ----      ------
.iar.init_table$$Base   0x0800ce28          --   Gb  - Linker created -
.iar.init_table$$Limit  0x0800ce48          --   Gb  - Linker created -
?main                   0x0800d1f5         Code  Gb  cmain.o [5]
AHBPrescTable           0x0800d448   0x10  Data  Gb  system_stm32f4xx.o [1]
APBPrescTable           0x0800d4f4    0x8  Data  Gb  system_stm32f4xx.o [1]
Alarm                   0x0800167b   0x28  Code  Gb  function.o [1]
Android_Rx_Count        0x20003454    0x2  Data  Gb  variable.o [1]
Android_Rx_buf          0x20002948  0x3e8  Data  Gb  variable.o [1]
BASIC_TIMx_Init         0x0800b039   0x36  Code  Gb  bsp_BasicTIM.o [1]
Backups_Data            0x080001ab   0x6c  Code  Gb  function.o [1]
BitToFloat              0x08002cad  0x17e  Code  Gb  function.o [1]
BitToInt                0x08002c95   0x18  Code  Gb  function.o [1]
BusFault_Handler        0x0800c01b    0xe  Code  Gb  stm32f4xx_it.o [1]
CRC16_MODBUS            0x08005e37   0x7e  Code  Gb  crc16.o [1]
CSTACK$$Base            0x200001f0          --   Gb  - Linker created -
CSTACK$$Limit           0x200011f0          --   Gb  - Linker created -
Chang_Start_time        0x08001891  0x12c  Code  Gb  function.o [1]
Clean_Data              0x080004a1  0x270  Code  Gb  function.o [1]
Clear_FLASH_Data        0x0800311f   0x16  Code  Gb  function.o [1]
Clear_RS485Buf          0x08002629   0x22  Code  Gb  function.o [1]
Close_Beep              0x080030bd   0x12  Code  Gb  function.o [1]
Close_Delay             0x080019c9  0x114  Code  Gb  function.o [1]
Close_Error             0x08001725   0x42  Code  Gb  function.o [1]
Close_Light             0x080030e1   0x12  Code  Gb  function.o [1]
Close_YiYe_pupm         0x0800310d   0x12  Code  Gb  function.o [1]
Command_Data            0x08000217   0x7e  Code  Gb  function.o [1]
Control                 0x08002559   0xd0  Code  Gb  function.o [1]
Control_flag            0x2000346a    0x1  Data  Gb  variable.o [1]
Control_index_time      0x08002251  0x2f4  Code  Gb  function.o [1]
Control_max_from_min    0x08001c15   0xd8  Code  Gb  function.o [1]
Control_min_from_max    0x08001b3d   0xd8  Code  Gb  function.o [1]
Control_sys_temer       0x08001e61  0x39c  Code  Gb  function.o [1]
Control_temer           0x08001cf1  0x134  Code  Gb  function.o [1]
D0_Close                0x2000002c    0x8  Data  Gb  variable.o [1]
D0_Open                 0x20000024    0x8  Data  Gb  variable.o [1]
D1_Close                0x2000003c    0x8  Data  Gb  variable.o [1]
D1_Open                 0x20000034    0x8  Data  Gb  variable.o [1]
D2_Close                0x2000004c    0x8  Data  Gb  variable.o [1]
D2_Open                 0x20000044    0x8  Data  Gb  variable.o [1]
D3_Close                0x2000005c    0x8  Data  Gb  variable.o [1]
D3_Open                 0x20000054    0x8  Data  Gb  variable.o [1]
D4_Close                0x2000006c    0x8  Data  Gb  variable.o [1]
D4_Open                 0x20000064    0x8  Data  Gb  variable.o [1]
D5_Close                0x2000007c    0x8  Data  Gb  variable.o [1]
D5_Open                 0x20000074    0x8  Data  Gb  variable.o [1]
D6_Close                0x2000008c    0x8  Data  Gb  variable.o [1]
D6_Open                 0x20000084    0x8  Data  Gb  variable.o [1]
D7_Close                0x2000009c    0x8  Data  Gb  variable.o [1]
D7_Open                 0x20000094    0x8  Data  Gb  variable.o [1]
DebugMon_Handler        0x0800c039    0x2  Code  Gb  stm32f4xx_it.o [1]
Delay_Cfg_Mode          0x20003467    0x1  Data  Gb  variable.o [1]
Detection               0x08001531  0x14a  Code  Gb  function.o [1]
EXTI15_10_IRQHandler    0x0800c095   0x14  Code  Gb  stm32f4xx_it.o [1]
EXTI9_5_IRQHandler      0x0800c0a9   0x14  Code  Gb  stm32f4xx_it.o [1]
Error_flag              0x20003471    0x1  Data  Gb  variable.o [1]
FLAG                    0x20003476    0x1  Data  Gb  variable.o [1]
Get_Average             0x080008a9  0x2f0  Code  Gb  function.o [1]
Get_Data                0x08000c05  0x90a  Code  Gb  function.o [1]
Get_Device_Data         0x08002f9d   0xe4  Code  Gb  function.o [1]
HAL_DMA_Abort_IT        0x08008145   0x26  Code  Gb  stm32f4xx_hal_dma.o [1]
HAL_GPIO_EXTI_Callback  0x08008c79   0xe8  Code  Gb  main.o [1]
HAL_GPIO_EXTI_IRQHandler
                        0x08009cbd   0x1a  Code  Gb  stm32f4xx_hal_gpio.o [1]
HAL_GPIO_Init           0x08009ac5  0x1da  Code  Gb  stm32f4xx_hal_gpio.o [1]
HAL_GPIO_TogglePin      0x08009cb3    0xa  Code  Gb  stm32f4xx_hal_gpio.o [1]
HAL_GPIO_WritePin       0x08009c9f   0x14  Code  Gb  stm32f4xx_hal_gpio.o [1]
HAL_GetTick             0x08008133    0x6  Code  Wk  stm32f4xx_hal.o [1]
HAL_IncTick             0x08008127    0xc  Code  Wk  stm32f4xx_hal.o [1]
HAL_Init                0x080080c9   0x3a  Code  Gb  stm32f4xx_hal.o [1]
HAL_InitTick            0x08008103   0x24  Code  Wk  stm32f4xx_hal.o [1]
HAL_MspInit             0x0800ab8f   0x6e  Code  Gb  stm32f4xx_hal_msp.o [1]
HAL_NVIC_EnableIRQ      0x08009a63    0xa  Code  Gb  stm32f4xx_hal_cortex.o [1]
HAL_NVIC_SetPriority    0x08009a41   0x22  Code  Gb  stm32f4xx_hal_cortex.o [1]
HAL_NVIC_SetPriorityGrouping
                        0x08009a39    0x8  Code  Gb  stm32f4xx_hal_cortex.o [1]
HAL_PWR_EnableBkUpAccess
                        0x0800bcbd   0x12  Code  Gb  stm32f4xx_hal_pwr.o [1]
HAL_RCCEx_PeriphCLKConfig
                        0x0800bcd5  0x154  Code  Gb  stm32f4xx_hal_rcc_ex.o [1]
HAL_RCC_ClockConfig     0x080092f1  0x1b2  Code  Gb  stm32f4xx_hal_rcc.o [1]
HAL_RCC_EnableCSS       0x080094a3    0x8  Code  Gb  stm32f4xx_hal_rcc.o [1]
HAL_RCC_GetHCLKFreq     0x08009537    0x6  Code  Gb  stm32f4xx_hal_rcc.o [1]
HAL_RCC_GetPCLK1Freq    0x0800953d   0x20  Code  Gb  stm32f4xx_hal_rcc.o [1]
HAL_RCC_GetPCLK2Freq    0x0800955d   0x20  Code  Gb  stm32f4xx_hal_rcc.o [1]
HAL_RCC_GetSysClockFreq
                        0x080094ab   0x8c  Code  Wk  stm32f4xx_hal_rcc.o [1]
HAL_RCC_OscConfig       0x08008f09  0x3e8  Code  Wk  stm32f4xx_hal_rcc.o [1]
HAL_RTCEx_BKUPRead      0x0800bcad   0x10  Code  Gb  stm32f4xx_hal_rtc_ex.o [1]
HAL_RTCEx_BKUPWrite     0x0800bc9d   0x10  Code  Gb  stm32f4xx_hal_rtc_ex.o [1]
HAL_RTC_GetDate         0x08005723   0x4a  Code  Gb  stm32f4xx_hal_rtc.o [1]
HAL_RTC_GetTime         0x080055cd   0x5e  Code  Gb  stm32f4xx_hal_rtc.o [1]
HAL_RTC_Init            0x0800540d   0xae  Code  Gb  stm32f4xx_hal_rtc.o [1]
HAL_RTC_MspInit         0x08009f9d   0x3c  Code  Gb  bsp_rtc.o [1]
HAL_RTC_SetDate         0x0800562b   0xf8  Code  Gb  stm32f4xx_hal_rtc.o [1]
HAL_RTC_SetTime         0x080054bb  0x112  Code  Gb  stm32f4xx_hal_rtc.o [1]
HAL_RTC_WaitForSynchro  0x08005779   0x34  Code  Gb  stm32f4xx_hal_rtc.o [1]
HAL_SPI_Init            0x0800a479   0x8e  Code  Gb  stm32f4xx_hal_spi.o [1]
HAL_SPI_MspInit         0x0800696b   0xc8  Code  Gb  bsp_spiflash.o [1]
HAL_SPI_TransmitReceive
                        0x0800a507  0x214  Code  Gb  stm32f4xx_hal_spi.o [1]
HAL_SYSTICK_CLKSourceConfig
                        0x08009a75   0x20  Code  Gb  stm32f4xx_hal_cortex.o [1]
HAL_SYSTICK_Callback    0x08009ac1    0x2  Code  Wk  stm32f4xx_hal_cortex.o [1]
HAL_SYSTICK_Config      0x08009a6d    0x8  Code  Gb  stm32f4xx_hal_cortex.o [1]
HAL_SYSTICK_IRQHandler  0x08009ab9    0x8  Code  Gb  stm32f4xx_hal_cortex.o [1]
HAL_TIMEx_BreakCallback
                        0x0800bf73    0x2  Code  Wk  stm32f4xx_hal_tim_ex.o [1]
HAL_TIMEx_CommutationCallback
                        0x0800bf71    0x2  Code  Wk  stm32f4xx_hal_tim_ex.o [1]
HAL_TIMEx_MasterConfigSynchronization
                        0x0800bf19   0x58  Code  Gb  stm32f4xx_hal_tim_ex.o [1]
HAL_TIM_Base_Init       0x0800b0b5   0x38  Code  Gb  stm32f4xx_hal_tim.o [1]
HAL_TIM_Base_MspInit    0x0800b06f   0x38  Code  Gb  bsp_BasicTIM.o [1]
HAL_TIM_Base_Start_IT   0x0800b121   0x1c  Code  Gb  stm32f4xx_hal_tim.o [1]
HAL_TIM_Base_Stop       0x0800b0ed   0x34  Code  Gb  stm32f4xx_hal_tim.o [1]
HAL_TIM_IC_CaptureCallback
                        0x0800b2b5    0x2  Code  Wk  stm32f4xx_hal_tim.o [1]
HAL_TIM_IRQHandler      0x0800b13d  0x176  Code  Gb  stm32f4xx_hal_tim.o [1]
HAL_TIM_OC_DelayElapsedCallback
                        0x0800b2b3    0x2  Code  Wk  stm32f4xx_hal_tim.o [1]
HAL_TIM_PWM_PulseFinishedCallback
                        0x0800b2b7    0x2  Code  Wk  stm32f4xx_hal_tim.o [1]
HAL_TIM_PeriodElapsedCallback
                        0x08008b6d   0xd0  Code  Gb  main.o [1]
HAL_TIM_TriggerCallback
                        0x0800b2b9    0x2  Code  Wk  stm32f4xx_hal_tim.o [1]
HAL_UART_ErrorCallback  0x080035af    0x2  Code  Wk  stm32f4xx_hal_uart.o [1]
HAL_UART_IRQHandler     0x08003479  0x134  Code  Gb  stm32f4xx_hal_uart.o [1]
HAL_UART_Init           0x080032c9   0x76  Code  Gb  stm32f4xx_hal_uart.o [1]
HAL_UART_MspInit        0x08007e85  0x148  Code  Gb  bsp_debug_usart.o [1]
HAL_UART_Receive_IT     0x0800341b   0x5e  Code  Gb  stm32f4xx_hal_uart.o [1]
HAL_UART_RxCpltCallback
                        0x08008879  0x2e8  Code  Gb  main.o [1]
HAL_UART_Transmit       0x0800333f   0xdc  Code  Gb  stm32f4xx_hal_uart.o [1]
HAL_UART_TxCpltCallback
                        0x080035ad    0x2  Code  Wk  stm32f4xx_hal_uart.o [1]
HEAP$$Base              0x200011f0          --   Gb  - Linker created -
HEAP$$Limit             0x200021f0          --   Gb  - Linker created -
HardFault_Handler       0x0800bfff    0xe  Code  Gb  stm32f4xx_it.o [1]
INPUT_GPIO_Init         0x0800acc5  0x290  Code  Gb  bsp_gpio.o [1]
InvertUint16            0x08005e0f   0x28  Code  Gb  crc16.o [1]
InvertUint8             0x08005de7   0x28  Code  Gb  crc16.o [1]
LED_GPIO_Init           0x0800abfd   0xba  Code  Gb  bsp_led.o [1]
LEVEL_High              0x20000004    0x4  Data  Gb  variable.o [1]
LEVEL_Low               0x2000342c    0x4  Data  Gb  variable.o [1]
LoadInt                 0x08007343   0x6e  Code  Lc  xprintffull.o [3]
MX_DEBUG_USART_Init     0x08008029   0x5c  Code  Gb  bsp_debug_usart.o [1]
MX_NVIC_USART1_Init     0x08007e5d   0x14  Code  Lc  bsp_debug_usart.o [1]
MX_NVIC_USART3_Init     0x0800529d   0x14  Code  Lc  bsp_usartx_RS485.o [1]
MX_NVIC_USART5_Init     0x08007e71   0x14  Code  Lc  bsp_debug_usart.o [1]
MX_RTC_Init             0x08009f31   0x6c  Code  Gb  bsp_rtc.o [1]
MX_SPIFlash_Init        0x080068f9   0x72  Code  Gb  bsp_spiflash.o [1]
MX_USARTx_Init          0x08007fcd   0x5c  Code  Gb  bsp_debug_usart.o [1]
MemManage_Handler       0x0800c00d    0xe  Code  Gb  stm32f4xx_it.o [1]
Modbusprocess           0x080027f1  0x49c  Code  Gb  function.o [1]
NMI_Handler             0x0800bffd    0x2  Code  Gb  stm32f4xx_it.o [1]
NVIC_EnableIRQ          0x08009997   0x14  Code  Lc  stm32f4xx_hal_cortex.o [1]
NVIC_EncodePriority     0x080099cd   0x3e  Code  Lc  stm32f4xx_hal_cortex.o [1]
NVIC_GetPriorityGrouping
                        0x0800998d    0xa  Code  Lc  stm32f4xx_hal_cortex.o [1]
NVIC_SetPriority        0x080099ab   0x22  Code  Lc  stm32f4xx_hal_cortex.o [1]
NVIC_SetPriorityGrouping
                        0x08009971   0x1c  Code  Lc  stm32f4xx_hal_cortex.o [1]
NVIC_SystemReset        0x08000189   0x22  Code  Lc  function.o [1]
OUTPUT_GPIO_Init        0x0800af55   0xd0  Code  Gb  bsp_gpio.o [1]
Open_Beep               0x080030a5   0x12  Code  Gb  function.o [1]
Open_Delay              0x08001779  0x110  Code  Gb  function.o [1]
Open_Error              0x080016a9   0x72  Code  Gb  function.o [1]
Open_Light              0x080030cf   0x12  Code  Gb  function.o [1]
Open_YiYe_pupm          0x080030f3   0x12  Code  Gb  function.o [1]
PendSV_Handler          0x0800c03b    0xe  Code  Gb  stm32f4xx_it.o [1]
RCC_IRQHandler          0x0800c055    0x2  Code  Gb  stm32f4xx_it.o [1]
RS485_Receive_Data      0x08005365   0x7c  Code  Gb  bsp_usartx_RS485.o [1]
RS485_Rx_Count          0x20003456    0x2  Data  Gb  variable.o [1]
RS485_Rx_Count_Old      0x200001e8    0x2  Data  Gb  variable.o [1]
RS485_Rx_buf            0x200033bc   0x34  Data  Gb  variable.o [1]
RS485_Send_Data         0x0800530d   0x58  Code  Gb  bsp_usartx_RS485.o [1]
RS485_USARTx_Init       0x080052b1   0x5c  Code  Gb  bsp_usartx_RS485.o [1]
RTC_Bcd2ToByte          0x080057fb   0x1a  Code  Gb  stm32f4xx_hal_rtc.o [1]
RTC_ByteToBcd2          0x080057e5   0x16  Code  Gb  stm32f4xx_hal_rtc.o [1]
RTC_CalendarConfig      0x08009da7  0x18a  Code  Gb  bsp_rtc.o [1]
RTC_CalendarShow        0x08001ae5   0x4c  Code  Gb  function.o [1]
RTC_Config_flag         0x20003472    0x1  Data  Gb  variable.o [1]
RTC_EnterInitMode       0x080057ad   0x38  Code  Gb  stm32f4xx_hal_rtc.o [1]
Reboot                  0x08003089   0x1c  Code  Gb  function.o [1]
Reboot_flag             0x20003470    0x1  Data  Gb  variable.o [1]
Region$$Table$$Base     0x0800ce28          --   Gb  - Linker created -
Region$$Table$$Limit    0x0800ce48          --   Gb  - Linker created -
RevCommand              0x20003461    0x1  Data  Gb  main.o [1]
RevDevicesData          0x20003460    0x1  Data  Gb  main.o [1]
Rx_Count                0x20003463    0x1  Data  Gb  main.o [1]
SCM_state               0x20000020    0x4  Data  Gb  variable.o [1]
SPI_CheckFlag_BSY       0x0800a7bd   0x28  Code  Lc  stm32f4xx_hal_spi.o [1]
SPI_FLASH_BufferRead    0x08006c13   0x52  Code  Gb  bsp_spiflash.o [1]
SPI_FLASH_BufferWrite   0x08006adb  0x138  Code  Gb  bsp_spiflash.o [1]
SPI_FLASH_PageWrite     0x08006a77   0x64  Code  Gb  bsp_spiflash.o [1]
SPI_FLASH_SectorErase   0x08006a33   0x44  Code  Gb  bsp_spiflash.o [1]
SPI_FLASH_SendByte      0x08006c65   0x2c  Code  Gb  bsp_spiflash.o [1]
SPI_FLASH_WaitForWriteEnd
                        0x08006caf   0x2c  Code  Gb  bsp_spiflash.o [1]
SPI_FLASH_WriteEnable   0x08006c91   0x1e  Code  Gb  bsp_spiflash.o [1]
SPI_WaitFlagStateUntilTimeout
                        0x0800a71b   0xa2  Code  Lc  stm32f4xx_hal_spi.o [1]
STREES_High             0x20000008    0x4  Data  Gb  variable.o [1]
STREES_Low              0x20003430    0x4  Data  Gb  variable.o [1]
SVC_Handler             0x0800c037    0x2  Code  Gb  stm32f4xx_it.o [1]
Sample_RS485            0x0800b46f   0xd6  Code  Gb  sample.o [1]
Sample_flag             0x20003468    0x1  Data  Gb  variable.o [1]
Save_Data               0x08000295  0x1f6  Code  Gb  function.o [1]
Save_Device_Data        0x08002e5d   0xc0  Code  Gb  function.o [1]
Save_flag               0x2000346d    0x1  Data  Gb  variable.o [1]
Sensor_Cfg_Mode         0x20003466    0x1  Data  Gb  variable.o [1]
Show_Data               0x08002e2b   0x22  Code  Gb  function.o [1]
StringToArray           0x08009d15   0x92  Code  Gb  bsp_rtc.o [1]
SysTick_Config          0x08009a0b   0x2e  Code  Lc  stm32f4xx_hal_cortex.o [1]
SysTick_Handler         0x0800c049    0xc  Code  Gb  stm32f4xx_it.o [1]
SystemClock_Config      0x08008d75   0xb2  Code  Gb  main.o [1]
SystemCoreClock         0x20000000    0x4  Data  Gb  system_stm32f4xx.o [1]
SystemInit              0x08005fcd   0x4c  Code  Gb  system_stm32f4xx.o [1]
TEMP_High               0x20000018    0x4  Data  Gb  variable.o [1]
TEMP_Low                0x20000014    0x4  Data  Gb  variable.o [1]
TIM6_DAC_IRQHandler     0x0800c06b    0xa  Code  Gb  stm32f4xx_it.o [1]
TIM_Base_SetConfig      0x0800b2bb   0xe4  Code  Gb  stm32f4xx_hal_tim.o [1]
UART_DMAAbortOnError    0x08003645   0x12  Code  Lc  stm32f4xx_hal_uart.o [1]
UART_EndRxTransfer      0x08003621   0x20  Code  Lc  stm32f4xx_hal_uart.o [1]
UART_EndTransmit_IT     0x080036c3   0x1c  Code  Lc  stm32f4xx_hal_uart.o [1]
UART_Receive_IT         0x080036df   0x9a  Code  Lc  stm32f4xx_hal_uart.o [1]
UART_SetConfig          0x08003779  0x30c  Code  Lc  stm32f4xx_hal_uart.o [1]
UART_Transmit_IT        0x08003659   0x6a  Code  Lc  stm32f4xx_hal_uart.o [1]
UART_WaitOnFlagUntilTimeout
                        0x080035b1   0x70  Code  Lc  stm32f4xx_hal_uart.o [1]
USART1_IRQHandler       0x0800c057    0xa  Code  Gb  stm32f4xx_it.o [1]
USART3_IRQHandler       0x0800c061    0xa  Code  Gb  stm32f4xx_it.o [1]
UpData                  0x08000711  0x18a  Code  Gb  function.o [1]
UpData_flag             0x20003469    0x1  Data  Gb  variable.o [1]
UsageFault_Handler      0x0800c029    0xe  Code  Gb  stm32f4xx_it.o [1]
WCOND_High              0x20000010    0x4  Data  Gb  variable.o [1]
WCOND_Low               0x20003438    0x4  Data  Gb  variable.o [1]
WEIGHT_High             0x2000001c    0x4  Data  Gb  variable.o [1]
WEIGHT_Low              0x2000343c    0x4  Data  Gb  variable.o [1]
WPH_High                0x2000000c    0x4  Data  Gb  variable.o [1]
WPH_Low                 0x20003434    0x4  Data  Gb  variable.o [1]
YiYe_pump_control_flag  0x2000346f    0x1  Data  Gb  variable.o [1]
YiYe_pump_flag          0x2000346e    0x1  Data  Gb  variable.o [1]
_EncodingSb_Mbtowc      0x0800becf   0x30  Code  Gb  xencoding_sb.o [3]
_EncodingSb_Wctomb      0x0800beb5   0x1a  Code  Gb  xencoding_sb.o [3]
_GenldFull              0x08007bc7  0x24c  Code  Lc  xprintffull.o [3]
_IsdstStr               0x200000f0    0x4  Data  Gb  setlocale.o [3]
_LdtobFull              0x080077c5  0x3fc  Code  Lc  xprintffull.o [3]
_LitobFull              0x080076bd  0x106  Code  Lc  xprintffull.o [3]
_LocaleC_isalpha        0x0800bfc7   0x16  Code  Gb  xlocale_c.o [3]
_LocaleC_isspace        0x0800bfdd   0x14  Code  Gb  xlocale_c.o [3]
_LocaleC_tolower        0x0800bff1    0xc  Code  Gb  xlocale_c.o [3]
_LocaleEncoding         0x0800bea3    0xe  Code  Gb  setlocale.o [3]
_LocaleForCat           0x0800be91   0x12  Code  Gb  setlocale.o [3]
_LocaleReturnString     0x20000110   0x50  Data  Lc  setlocale.o [3]
_Locale_Profile         0x200000f4   0x1c  Data  Gb  setlocale.o [3]
_Locale_aeabi_lconv     0x200001b0   0x38  Data  Gb  localeconv.o [3]
_Locale_lconv           0x20000160   0x50  Data  Gb  localeconv.o [3]
_Mbtowc                 0x0800a7e5   0x20  Code  Gb  xmbtowc.o [3]
_PrintfFull             0x08006cf5  0x638  Code  Gb  xprintffull.o [3]
_Prout                  0x0800d345   0x16  Code  Gb  xprout.o [3]
_PutcharsFull           0x08007e13   0x2e  Code  Lc  xprintffull.o [3]
_PutstrFull             0x080073b1  0x306  Code  Lc  xprintffull.o [3]
_SProut                 0x08003b1f    0xa  Code  Gb  xsprout.o [3]
_Stoflt                 0x0800b691  0x1b8  Code  Gb  xstoflt.o [3]
_Stopfx                 0x0800b56d  0x124  Code  Gb  xstopfx.o [3]
_Stoxflt                0x0800ba49  0x1e2  Code  Gb  xstoxflt.o [3]
_Strtok_ssave           0x200000e4    0x4  Data  Lc  strtok.o [3]
_TzoneStr               0x200000ec    0x4  Data  Gb  setlocale.o [3]
_Wctomb                 0x0800a87f   0x1a  Code  Gb  xwctomb.o [3]
__aeabi_cdcmpeq         0x0800a0d5         Code  Gb  DblCmpEq.o [4]
__aeabi_cdcmple         0x08005259         Code  Gb  DblCmpLe.o [4]
__aeabi_cdrcmple        0x08005189         Code  Gb  DblCmpGe.o [4]
__aeabi_d2f             0x080051c9         Code  Gb  DblToFlt.o [4]
__aeabi_d2iz            0x08005815         Code  Gb  DblToI32.o [4]
__aeabi_d2uiz           0x08005841         Code  Gb  DblToI32.o [4]
__aeabi_dadd            0x08005eb5         Code  Gb  DblAdd.o [4]
__aeabi_ddiv            0x08005b91         Code  Gb  DblDiv.o [4]
__aeabi_dmul            0x080059ed         Code  Gb  DblMul.o [4]
__aeabi_dsub            0x0800586d         Code  Gb  DblSub.o [4]
__aeabi_errno_addr      0x0800a0f5    0x6  Code  Gb  errno.o [3]
__aeabi_f2d             0x08005105         Code  Gb  FltToDbl.o [4]
__aeabi_i2d             0x08005f9d         Code  Gb  I32ToDbl.o [4]
__aeabi_ldiv0           0x0800bf15         Code  Gb  I64DivZer.o [5]
__aeabi_memclr4         0x08003b29         Code  Gb  ABImemclr4.o [5]
__aeabi_memset          0x08003bad         Code  Gb  ABImemset.o [5]
__aeabi_ui2d            0x08005fb1         Code  Gb  I32ToDbl.o [4]
__aeabi_uldivmod        0x0800a911         Code  Gb  I64DivMod.o [5]
__cmain                 0x0800d1f5         Code  Gb  cmain.o [5]
__data_GetMemChunk      0x08009645   0x2c  Code  Gb  xgetmemchunk.o [3]
__exit                  0x0800b559   0x14  Code  Gb  exit.o [6]
__iar_Dint              0x0800a05b   0x7a  Code  Gb  xdint.o [4]
__iar_Dnorm             0x0800a019   0x42  Code  Gb  xdnorm.o [4]
__iar_Dscale            0x0800aa01  0x114  Code  Gb  xdscale.o [4]
__iar_Dtentox           0x0800b8a5  0x13e  Code  Gb  xdtento.o [4]
__iar_Dtest             0x0800be51   0x30  Code  Gb  xdtest.o [4]
__iar_Dunscale          0x0800bf75   0x52  Code  Gb  xdunscal.o [4]
__iar_Errno             0x200000e8    0x4  Data  Gb  errno.o [3]
__iar_Exp               0x0800a1b1  0x2be  Code  Gb  xexp.o [4]
__iar_Locale_lconv_init
                        0x0800ab15   0x3a  Code  Gb  localeconv.o [3]
__iar_Logpoly           0x0800a101   0x76  Code  Gb  xlog.o [4]
__iar_Mbcurmax          0x0800a875    0xa  Code  Gb  xmbcurmax.o [3]
__iar_Memchr            0x0800a81d         Code  Gb  memchr.o [5]
__iar_Memset            0x08003bad         Code  Gb  ABImemset.o [5]
__iar_Memset4_word      0x0800960d         Code  Gb  ABImemset48.o [5]
__iar_Memset8_word      0x0800960d         Code  Gb  ABImemset48.o [5]
__iar_Memset_word       0x08003bb5         Code  Gb  ABImemset.o [5]
__iar_Stdout            0x200000a4   0x40  Data  Gb  xfiles.o [3]
__iar_Stod              0x080097d5    0x4  Code  Gb  xstod.o [4]
__iar_Stodx             0x08009671  0x14e  Code  Gb  xstod.o [4]
__iar_Stoul             0x0800991d    0x4  Code  Gb  xstoul.o [3]
__iar_Stoulx            0x080097d9  0x13e  Code  Gb  xstoul.o [3]
__iar_Strchr            0x0800a805         Code  Gb  strchr.o [5]
__iar_d2uiz             0x0800584d         Code  Gb  DblToI32.o [4]
__iar_dadd              0x08005ec9         Code  Gb  DblAdd.o [4]
__iar_data_init3        0x0800caa1   0x28  Code  Gb  data_init.o [5]
__iar_dlfree            0x08004beb  0x510  Code  Gb  dlmalloc.o [3]
__iar_dlib_perthread_access
                        0x080095c5    0x2  Code  Gb  xtls.o [3]
__iar_dlmalloc          0x08004935  0x2aa  Code  Gb  dlmalloc.o [3]
__iar_dsub              0x08005881         Code  Gb  DblSub.o [4]
__iar_dsubStart         0x08005893         Code  Gb  DblSub.o [4]
__iar_init_vfp          0x0800ce05         Code  Gb  fpinit_M.o [4]
__iar_packbits_init_single3
                        0x0800c471   0x38  Code  Gb  packbits_init_single.o [5]
__iar_program_start     0x0800d4b1         Code  Gb  cstartup_M.o [5]
__iar_ui2d              0x08005fb5         Code  Gb  I32ToDbl.o [4]
__iar_unaligned___aeabi_memcpy
                        0x0800a899         Code  Gb  ABImemcpy_unaligned.o [5]
__iar_unaligned___aeabi_memcpy4
                        0x0800a8b9         Code  Gb  ABImemcpy_unaligned.o [5]
__iar_unaligned___aeabi_memcpy8
                        0x0800a8b9         Code  Gb  ABImemcpy_unaligned.o [5]
__iar_unaligned_strcmp  0x08003add         Code  Gb  strcmp_unaligned.o [5]
__iar_unaligned_strcpy  0x08003b31         Code  Gb  strcpy_unaligned.o [5]
__iar_vfp_atof          0x080051b7   0x10  Code  Gb  atof.o [4]
__iar_vfp_pow           0x080064bb   0x18  Code  Gb  pow.o [4]
__iar_vfp_strtod        0x0800528f    0xe  Code  Gb  strtod.o [4]
__iar_zero_init3        0x0800c381   0x40  Code  Gb  zero_init3.o [5]
__low_level_init        0x0800d20f    0x4  Code  Gb  low_level_init.o [3]
__vector_table          0x08000000         Data  Gb  startup_stm32f407xx.o [1]
_call_main              0x0800d201         Code  Gb  cmain.o [5]
_exit                   0x0800d219         Code  Gb  cexit.o [5]
_gm_                    0x20002f28  0x1d8  Data  Lc  dlmalloc.o [3]
_main                   0x0800d20b         Code  Gb  cmain.o [5]
aRxBuffer               0x2000345e    0x1  Data  Gb  main.o [1]
aRxBuffer_485           0x2000345f    0x1  Data  Gb  main.o [1]
aRxBuffer_Android       0x20003464    0x1  Data  Gb  main.o [1]
abort                   0x0800963f    0x6  Code  Gb  abort.o [3]
atoi                    0x08005287    0x8  Code  Gb  atoi.o [3]
clear_flag              0x20003475    0x1  Data  Gb  variable.o [1]
com_flag                0x20003462    0x1  Data  Gb  main.o [1]
delay                   0x200021f0  0x758  Data  Gb  variable.o [1]
delay_ms2               0x0800313d   0x30  Code  Gb  function.o [1]
digits                  0x08009920   0x28  Data  Lc  xstoul.o [3]
div                     0x0800ab81    0xe  Code  Gb  div.o [3]
dmul                    0x0800b849   0x5a  Code  Lc  xdtento.o [4]
error                   0x2000345a    0x1  Data  Gb  main.o [1]
error_num               0x2000345b    0x1  Data  Gb  main.o [1]
exit                    0x0800d213    0x4  Code  Gb  exit.o [3]
fputc                   0x08008085   0x14  Code  Gb  bsp_debug_usart.o [1]
frist                   0x200001ea    0x1  Data  Gb  main.o [1]
hrtc                    0x200033f0   0x20  Data  Gb  bsp_rtc.o [1]
hspiflash               0x20003218   0x58  Data  Gb  bsp_spiflash.o [1]
htimx                   0x20003380   0x3c  Data  Gb  bsp_BasicTIM.o [1]
htoi                    0x0800b401   0x6e  Code  Gb  sample.o [1]
husart_debug            0x200032c0   0x40  Data  Gb  bsp_debug_usart.o [1]
husartx                 0x20003300   0x40  Data  Gb  bsp_debug_usart.o [1]
husartx_rs485           0x20003340   0x40  Data  Gb  bsp_usartx_RS485.o [1]
index_time_control_flag
                        0x20003477    0x1  Data  Gb  variable.o [1]
index_time_control_flag_assist
                        0x20003473    0x1  Data  Gb  variable.o [1]
init_mparams            0x08003c2f   0x32  Code  Lc  dlmalloc.o [3]
init_top                0x08003c61   0x34  Code  Lc  dlmalloc.o [3]
internal_Pow            0x08006039  0x478  Code  Lc  pow.o [4]
isalpha                 0x0800bc61   0x14  Code  Gb  isxxx.o [3]
isspace                 0x0800bc75   0x14  Code  Gb  isxxx.o [3]
itoa                    0x08002f39   0x64  Code  Gb  function.o [1]
keyTimeFlag             0x2000345d    0x1  Data  Gb  main.o [1]
lnbias                  0x080064d8  0x420  Data  Lc  pow.o [4]
localeconv              0x0800ab4f   0x16  Code  Gb  localeconv.o [3]
main                    0x0800816d  0x706  Code  Gb  main.o [1]
memchr                  0x0800a81d         Code  Gb  memchr.o [5]
minute_timer_count      0x20003450    0x2  Data  Gb  main.o [1]
movedigit               0x08002675  0x152  Code  Gb  function.o [1]
mparams                 0x20003410   0x18  Data  Lc  dlmalloc.o [3]
ndigs                   0x08009948   0x28  Data  Lc  xstoul.o [3]
obuf                    0x20003270   0x50  Data  Lc  xfiles.o [3]
overWeightNum           0x20003444    0x4  Data  Gb  variable.o [1]
overWeightNumSave       0x20003448    0x4  Data  Gb  variable.o [1]
pows                    0x0800ba00   0x48  Data  Lc  xdtento.o [4]
prepend_alloc           0x08003c95  0x36c  Code  Lc  dlmalloc.o [3]
printf                  0x080032a5   0x24  Code  Gb  printf.o [3]
putchar                 0x0800d35d    0xc  Code  Gb  putchar.o [3]
recv_flag_num           0x20003465    0x1  Data  Gb  main.o [1]
recv_flag_save          0x2000345c    0x1  Data  Gb  main.o [1]
saveRS485Adder          0x20003474    0x1  Data  Gb  variable.o [1]
save_data_flag          0x20003478    0x1  Data  Gb  variable.o [1]
second_timer_count      0x20003452    0x2  Data  Gb  main.o [1]
segment_holding         0x08003c15   0x1a  Code  Lc  dlmalloc.o [3]
sensor_array            0x20002d30  0x1f8  Data  Gb  variable.o [1]
sensor_data             0x20003100  0x118  Data  Gb  variable.o [1]
split                   0x0800b3cd   0x34  Code  Gb  sample.o [1]
sprintf                 0x08005155   0x34  Code  Gb  sprintf.o [3]
strchr                  0x0800a805         Code  Gb  strchr.o [5]
strcspn                 0x080095e9   0x22  Code  Gb  strcspn.o [3]
strlen                  0x08003b75         Code  Gb  strlen.o [5]
strspn                  0x080095c7   0x22  Code  Gb  strspn.o [3]
strtok                  0x08003a91   0x4c  Code  Gb  strtok.o [3]
sys_alloc               0x08004001  0x386  Code  Lc  dlmalloc.o [3]
sys_time_Control_flag   0x2000346c    0x1  Data  Gb  variable.o [1]
time_Control_flag       0x2000346b    0x1  Data  Gb  variable.o [1]
time_num                0x20003440    0x4  Data  Gb  variable.o [1]
tmalloc_large           0x08004395  0x390  Code  Lc  dlmalloc.o [3]
tmalloc_small           0x08004725  0x210  Code  Lc  dlmalloc.o [3]
tolower                 0x0800bc89   0x14  Code  Gb  tolower.o [3]
uwTick                  0x20003428    0x4  Data  Gb  stm32f4xx_hal.o [1]
warn_timer_count        0x20003458    0x2  Data  Gb  variable.o [1]


[1] = F:\STM32F407-RS485数据采集-V2\RS485-主机端 - 删减版 - dev - 副本\EWARM\YS-F4Pro\Obj
[2] = command line
[3] = dl7M_tlf.a
[4] = m7M_tls.a
[5] = rt7M_tl.a
[6] = shb_l.a

  49 944 bytes of readonly  code memory
   5 092 bytes of readonly  data memory
  13 428 bytes of readwrite data memory

Errors: none
Warnings: none
