###############################################################################
#
# IAR ELF Linker V7.50.2.10312/W32 for ARM                10/Dec/2018  13:22:25
# Copyright 2007-2015 IAR Systems AB.
#
#    Output file  =  
#        F:\STM32F407-RS485数据采集-V2\RS485-主机端 - 删减版 -
#        dev\EWARM\YS-F4Pro\Exe\YS-F4Pro.out
#    Map file     =  
#        F:\STM32F407-RS485数据采集-V2\RS485-主机端 - 删减版 -
#        dev\EWARM\YS-F4Pro\List\YS-F4Pro.map
#    Command line =  
#        "F:\STM32F407-RS485数据采集-V2\RS485-主机端 - 删减版 -
#        dev\EWARM\YS-F4Pro\Obj\bsp_BasicTIM.o"
#        "F:\STM32F407-RS485数据采集-V2\RS485-主机端 - 删减版 -
#        dev\EWARM\YS-F4Pro\Obj\bsp_debug_usart.o"
#        "F:\STM32F407-RS485数据采集-V2\RS485-主机端 - 删减版 -
#        dev\EWARM\YS-F4Pro\Obj\bsp_gpio.o"
#        "F:\STM32F407-RS485数据采集-V2\RS485-主机端 - 删减版 -
#        dev\EWARM\YS-F4Pro\Obj\bsp_led.o"
#        "F:\STM32F407-RS485数据采集-V2\RS485-主机端 - 删减版 -
#        dev\EWARM\YS-F4Pro\Obj\bsp_rtc.o"
#        "F:\STM32F407-RS485数据采集-V2\RS485-主机端 - 删减版 -
#        dev\EWARM\YS-F4Pro\Obj\bsp_spiflash.o"
#        "F:\STM32F407-RS485数据采集-V2\RS485-主机端 - 删减版 -
#        dev\EWARM\YS-F4Pro\Obj\bsp_usartx_RS485.o"
#        "F:\STM32F407-RS485数据采集-V2\RS485-主机端 - 删减版 -
#        dev\EWARM\YS-F4Pro\Obj\crc16.o"
#        "F:\STM32F407-RS485数据采集-V2\RS485-主机端 - 删减版 -
#        dev\EWARM\YS-F4Pro\Obj\function.o"
#        "F:\STM32F407-RS485数据采集-V2\RS485-主机端 - 删减版 -
#        dev\EWARM\YS-F4Pro\Obj\main.o"
#        "F:\STM32F407-RS485数据采集-V2\RS485-主机端 - 删减版 -
#        dev\EWARM\YS-F4Pro\Obj\sample.o"
#        "F:\STM32F407-RS485数据采集-V2\RS485-主机端 - 删减版 -
#        dev\EWARM\YS-F4Pro\Obj\startup_stm32f407xx.o"
#        "F:\STM32F407-RS485数据采集-V2\RS485-主机端 - 删减版 -
#        dev\EWARM\YS-F4Pro\Obj\stm32f4xx_assert.o"
#        "F:\STM32F407-RS485数据采集-V2\RS485-主机端 - 删减版 -
#        dev\EWARM\YS-F4Pro\Obj\stm32f4xx_hal.o"
#        "F:\STM32F407-RS485数据采集-V2\RS485-主机端 - 删减版 -
#        dev\EWARM\YS-F4Pro\Obj\stm32f4xx_hal_adc.o"
#        "F:\STM32F407-RS485数据采集-V2\RS485-主机端 - 删减版 -
#        dev\EWARM\YS-F4Pro\Obj\stm32f4xx_hal_adc_ex.o"
#        "F:\STM32F407-RS485数据采集-V2\RS485-主机端 - 删减版 -
#        dev\EWARM\YS-F4Pro\Obj\stm32f4xx_hal_can.o"
#        "F:\STM32F407-RS485数据采集-V2\RS485-主机端 - 删减版 -
#        dev\EWARM\YS-F4Pro\Obj\stm32f4xx_hal_cec.o"
#        "F:\STM32F407-RS485数据采集-V2\RS485-主机端 - 删减版 -
#        dev\EWARM\YS-F4Pro\Obj\stm32f4xx_hal_cortex.o"
#        "F:\STM32F407-RS485数据采集-V2\RS485-主机端 - 删减版 -
#        dev\EWARM\YS-F4Pro\Obj\stm32f4xx_hal_crc.o"
#        "F:\STM32F407-RS485数据采集-V2\RS485-主机端 - 删减版 -
#        dev\EWARM\YS-F4Pro\Obj\stm32f4xx_hal_cryp.o"
#        "F:\STM32F407-RS485数据采集-V2\RS485-主机端 - 删减版 -
#        dev\EWARM\YS-F4Pro\Obj\stm32f4xx_hal_cryp_ex.o"
#        "F:\STM32F407-RS485数据采集-V2\RS485-主机端 - 删减版 -
#        dev\EWARM\YS-F4Pro\Obj\stm32f4xx_hal_dac.o"
#        "F:\STM32F407-RS485数据采集-V2\RS485-主机端 - 删减版 -
#        dev\EWARM\YS-F4Pro\Obj\stm32f4xx_hal_dac_ex.o"
#        "F:\STM32F407-RS485数据采集-V2\RS485-主机端 - 删减版 -
#        dev\EWARM\YS-F4Pro\Obj\stm32f4xx_hal_dcmi.o"
#        "F:\STM32F407-RS485数据采集-V2\RS485-主机端 - 删减版 -
#        dev\EWARM\YS-F4Pro\Obj\stm32f4xx_hal_dcmi_ex.o"
#        "F:\STM32F407-RS485数据采集-V2\RS485-主机端 - 删减版 -
#        dev\EWARM\YS-F4Pro\Obj\stm32f4xx_hal_dfsdm.o"
#        "F:\STM32F407-RS485数据采集-V2\RS485-主机端 - 删减版 -
#        dev\EWARM\YS-F4Pro\Obj\stm32f4xx_hal_dma.o"
#        "F:\STM32F407-RS485数据采集-V2\RS485-主机端 - 删减版 -
#        dev\EWARM\YS-F4Pro\Obj\stm32f4xx_hal_dma2d.o"
#        "F:\STM32F407-RS485数据采集-V2\RS485-主机端 - 删减版 -
#        dev\EWARM\YS-F4Pro\Obj\stm32f4xx_hal_dma_ex.o"
#        "F:\STM32F407-RS485数据采集-V2\RS485-主机端 - 删减版 -
#        dev\EWARM\YS-F4Pro\Obj\stm32f4xx_hal_dsi.o"
#        "F:\STM32F407-RS485数据采集-V2\RS485-主机端 - 删减版 -
#        dev\EWARM\YS-F4Pro\Obj\stm32f4xx_hal_eth.o"
#        "F:\STM32F407-RS485数据采集-V2\RS485-主机端 - 删减版 -
#        dev\EWARM\YS-F4Pro\Obj\stm32f4xx_hal_flash.o"
#        "F:\STM32F407-RS485数据采集-V2\RS485-主机端 - 删减版 -
#        dev\EWARM\YS-F4Pro\Obj\stm32f4xx_hal_flash_ex.o"
#        "F:\STM32F407-RS485数据采集-V2\RS485-主机端 - 删减版 -
#        dev\EWARM\YS-F4Pro\Obj\stm32f4xx_hal_flash_ramfunc.o"
#        "F:\STM32F407-RS485数据采集-V2\RS485-主机端 - 删减版 -
#        dev\EWARM\YS-F4Pro\Obj\stm32f4xx_hal_fmpi2c.o"
#        "F:\STM32F407-RS485数据采集-V2\RS485-主机端 - 删减版 -
#        dev\EWARM\YS-F4Pro\Obj\stm32f4xx_hal_fmpi2c_ex.o"
#        "F:\STM32F407-RS485数据采集-V2\RS485-主机端 - 删减版 -
#        dev\EWARM\YS-F4Pro\Obj\stm32f4xx_hal_gpio.o"
#        "F:\STM32F407-RS485数据采集-V2\RS485-主机端 - 删减版 -
#        dev\EWARM\YS-F4Pro\Obj\stm32f4xx_hal_hash.o"
#        "F:\STM32F407-RS485数据采集-V2\RS485-主机端 - 删减版 -
#        dev\EWARM\YS-F4Pro\Obj\stm32f4xx_hal_hash_ex.o"
#        "F:\STM32F407-RS485数据采集-V2\RS485-主机端 - 删减版 -
#        dev\EWARM\YS-F4Pro\Obj\stm32f4xx_hal_hcd.o"
#        "F:\STM32F407-RS485数据采集-V2\RS485-主机端 - 删减版 -
#        dev\EWARM\YS-F4Pro\Obj\stm32f4xx_hal_i2c.o"
#        "F:\STM32F407-RS485数据采集-V2\RS485-主机端 - 删减版 -
#        dev\EWARM\YS-F4Pro\Obj\stm32f4xx_hal_i2c_ex.o"
#        "F:\STM32F407-RS485数据采集-V2\RS485-主机端 - 删减版 -
#        dev\EWARM\YS-F4Pro\Obj\stm32f4xx_hal_i2s.o"
#        "F:\STM32F407-RS485数据采集-V2\RS485-主机端 - 删减版 -
#        dev\EWARM\YS-F4Pro\Obj\stm32f4xx_hal_i2s_ex.o"
#        "F:\STM32F407-RS485数据采集-V2\RS485-主机端 - 删减版 -
#        dev\EWARM\YS-F4Pro\Obj\stm32f4xx_hal_irda.o"
#        "F:\STM32F407-RS485数据采集-V2\RS485-主机端 - 删减版 -
#        dev\EWARM\YS-F4Pro\Obj\stm32f4xx_hal_iwdg.o"
#        "F:\STM32F407-RS485数据采集-V2\RS485-主机端 - 删减版 -
#        dev\EWARM\YS-F4Pro\Obj\stm32f4xx_hal_lptim.o"
#        "F:\STM32F407-RS485数据采集-V2\RS485-主机端 - 删减版 -
#        dev\EWARM\YS-F4Pro\Obj\stm32f4xx_hal_ltdc.o"
#        "F:\STM32F407-RS485数据采集-V2\RS485-主机端 - 删减版 -
#        dev\EWARM\YS-F4Pro\Obj\stm32f4xx_hal_ltdc_ex.o"
#        "F:\STM32F407-RS485数据采集-V2\RS485-主机端 - 删减版 -
#        dev\EWARM\YS-F4Pro\Obj\stm32f4xx_hal_mmc.o"
#        "F:\STM32F407-RS485数据采集-V2\RS485-主机端 - 删减版 -
#        dev\EWARM\YS-F4Pro\Obj\stm32f4xx_hal_msp.o"
#        "F:\STM32F407-RS485数据采集-V2\RS485-主机端 - 删减版 -
#        dev\EWARM\YS-F4Pro\Obj\stm32f4xx_hal_nand.o"
#        "F:\STM32F407-RS485数据采集-V2\RS485-主机端 - 删减版 -
#        dev\EWARM\YS-F4Pro\Obj\stm32f4xx_hal_nor.o"
#        "F:\STM32F407-RS485数据采集-V2\RS485-主机端 - 删减版 -
#        dev\EWARM\YS-F4Pro\Obj\stm32f4xx_hal_pccard.o"
#        "F:\STM32F407-RS485数据采集-V2\RS485-主机端 - 删减版 -
#        dev\EWARM\YS-F4Pro\Obj\stm32f4xx_hal_pcd.o"
#        "F:\STM32F407-RS485数据采集-V2\RS485-主机端 - 删减版 -
#        dev\EWARM\YS-F4Pro\Obj\stm32f4xx_hal_pcd_ex.o"
#        "F:\STM32F407-RS485数据采集-V2\RS485-主机端 - 删减版 -
#        dev\EWARM\YS-F4Pro\Obj\stm32f4xx_hal_pwr.o"
#        "F:\STM32F407-RS485数据采集-V2\RS485-主机端 - 删减版 -
#        dev\EWARM\YS-F4Pro\Obj\stm32f4xx_hal_pwr_ex.o"
#        "F:\STM32F407-RS485数据采集-V2\RS485-主机端 - 删减版 -
#        dev\EWARM\YS-F4Pro\Obj\stm32f4xx_hal_qspi.o"
#        "F:\STM32F407-RS485数据采集-V2\RS485-主机端 - 删减版 -
#        dev\EWARM\YS-F4Pro\Obj\stm32f4xx_hal_rcc.o"
#        "F:\STM32F407-RS485数据采集-V2\RS485-主机端 - 删减版 -
#        dev\EWARM\YS-F4Pro\Obj\stm32f4xx_hal_rcc_ex.o"
#        "F:\STM32F407-RS485数据采集-V2\RS485-主机端 - 删减版 -
#        dev\EWARM\YS-F4Pro\Obj\stm32f4xx_hal_rng.o"
#        "F:\STM32F407-RS485数据采集-V2\RS485-主机端 - 删减版 -
#        dev\EWARM\YS-F4Pro\Obj\stm32f4xx_hal_rtc.o"
#        "F:\STM32F407-RS485数据采集-V2\RS485-主机端 - 删减版 -
#        dev\EWARM\YS-F4Pro\Obj\stm32f4xx_hal_rtc_ex.o"
#        "F:\STM32F407-RS485数据采集-V2\RS485-主机端 - 删减版 -
#        dev\EWARM\YS-F4Pro\Obj\stm32f4xx_hal_sai.o"
#        "F:\STM32F407-RS485数据采集-V2\RS485-主机端 - 删减版 -
#        dev\EWARM\YS-F4Pro\Obj\stm32f4xx_hal_sai_ex.o"
#        "F:\STM32F407-RS485数据采集-V2\RS485-主机端 - 删减版 -
#        dev\EWARM\YS-F4Pro\Obj\stm32f4xx_hal_sd.o"
#        "F:\STM32F407-RS485数据采集-V2\RS485-主机端 - 删减版 -
#        dev\EWARM\YS-F4Pro\Obj\stm32f4xx_hal_sdram.o"
#        "F:\STM32F407-RS485数据采集-V2\RS485-主机端 - 删减版 -
#        dev\EWARM\YS-F4Pro\Obj\stm32f4xx_hal_smartcard.o"
#        "F:\STM32F407-RS485数据采集-V2\RS485-主机端 - 删减版 -
#        dev\EWARM\YS-F4Pro\Obj\stm32f4xx_hal_spdifrx.o"
#        "F:\STM32F407-RS485数据采集-V2\RS485-主机端 - 删减版 -
#        dev\EWARM\YS-F4Pro\Obj\stm32f4xx_hal_spi.o"
#        "F:\STM32F407-RS485数据采集-V2\RS485-主机端 - 删减版 -
#        dev\EWARM\YS-F4Pro\Obj\stm32f4xx_hal_sram.o"
#        "F:\STM32F407-RS485数据采集-V2\RS485-主机端 - 删减版 -
#        dev\EWARM\YS-F4Pro\Obj\stm32f4xx_hal_tim.o"
#        "F:\STM32F407-RS485数据采集-V2\RS485-主机端 - 删减版 -
#        dev\EWARM\YS-F4Pro\Obj\stm32f4xx_hal_tim_ex.o"
#        "F:\STM32F407-RS485数据采集-V2\RS485-主机端 - 删减版 -
#        dev\EWARM\YS-F4Pro\Obj\stm32f4xx_hal_uart.o"
#        "F:\STM32F407-RS485数据采集-V2\RS485-主机端 - 删减版 -
#        dev\EWARM\YS-F4Pro\Obj\stm32f4xx_hal_usart.o"
#        "F:\STM32F407-RS485数据采集-V2\RS485-主机端 - 删减版 -
#        dev\EWARM\YS-F4Pro\Obj\stm32f4xx_hal_wwdg.o"
#        "F:\STM32F407-RS485数据采集-V2\RS485-主机端 - 删减版 -
#        dev\EWARM\YS-F4Pro\Obj\stm32f4xx_it.o"
#        "F:\STM32F407-RS485数据采集-V2\RS485-主机端 - 删减版 -
#        dev\EWARM\YS-F4Pro\Obj\stm32f4xx_ll_adc.o"
#        "F:\STM32F407-RS485数据采集-V2\RS485-主机端 - 删减版 -
#        dev\EWARM\YS-F4Pro\Obj\stm32f4xx_ll_crc.o"
#        "F:\STM32F407-RS485数据采集-V2\RS485-主机端 - 删减版 -
#        dev\EWARM\YS-F4Pro\Obj\stm32f4xx_ll_dac.o"
#        "F:\STM32F407-RS485数据采集-V2\RS485-主机端 - 删减版 -
#        dev\EWARM\YS-F4Pro\Obj\stm32f4xx_ll_dma.o"
#        "F:\STM32F407-RS485数据采集-V2\RS485-主机端 - 删减版 -
#        dev\EWARM\YS-F4Pro\Obj\stm32f4xx_ll_dma2d.o"
#        "F:\STM32F407-RS485数据采集-V2\RS485-主机端 - 删减版 -
#        dev\EWARM\YS-F4Pro\Obj\stm32f4xx_ll_exti.o"
#        "F:\STM32F407-RS485数据采集-V2\RS485-主机端 - 删减版 -
#        dev\EWARM\YS-F4Pro\Obj\stm32f4xx_ll_fmc.o"
#        "F:\STM32F407-RS485数据采集-V2\RS485-主机端 - 删减版 -
#        dev\EWARM\YS-F4Pro\Obj\stm32f4xx_ll_fsmc.o"
#        "F:\STM32F407-RS485数据采集-V2\RS485-主机端 - 删减版 -
#        dev\EWARM\YS-F4Pro\Obj\stm32f4xx_ll_gpio.o"
#        "F:\STM32F407-RS485数据采集-V2\RS485-主机端 - 删减版 -
#        dev\EWARM\YS-F4Pro\Obj\stm32f4xx_ll_i2c.o"
#        "F:\STM32F407-RS485数据采集-V2\RS485-主机端 - 删减版 -
#        dev\EWARM\YS-F4Pro\Obj\stm32f4xx_ll_lptim.o"
#        "F:\STM32F407-RS485数据采集-V2\RS485-主机端 - 删减版 -
#        dev\EWARM\YS-F4Pro\Obj\stm32f4xx_ll_pwr.o"
#        "F:\STM32F407-RS485数据采集-V2\RS485-主机端 - 删减版 -
#        dev\EWARM\YS-F4Pro\Obj\stm32f4xx_ll_rcc.o"
#        "F:\STM32F407-RS485数据采集-V2\RS485-主机端 - 删减版 -
#        dev\EWARM\YS-F4Pro\Obj\stm32f4xx_ll_rng.o"
#        "F:\STM32F407-RS485数据采集-V2\RS485-主机端 - 删减版 -
#        dev\EWARM\YS-F4Pro\Obj\stm32f4xx_ll_rtc.o"
#        "F:\STM32F407-RS485数据采集-V2\RS485-主机端 - 删减版 -
#        dev\EWARM\YS-F4Pro\Obj\stm32f4xx_ll_sdmmc.o"
#        "F:\STM32F407-RS485数据采集-V2\RS485-主机端 - 删减版 -
#        dev\EWARM\YS-F4Pro\Obj\stm32f4xx_ll_spi.o"
#        "F:\STM32F407-RS485数据采集-V2\RS485-主机端 - 删减版 -
#        dev\EWARM\YS-F4Pro\Obj\stm32f4xx_ll_tim.o"
#        "F:\STM32F407-RS485数据采集-V2\RS485-主机端 - 删减版 -
#        dev\EWARM\YS-F4Pro\Obj\stm32f4xx_ll_usart.o"
#        "F:\STM32F407-RS485数据采集-V2\RS485-主机端 - 删减版 -
#        dev\EWARM\YS-F4Pro\Obj\stm32f4xx_ll_usb.o"
#        "F:\STM32F407-RS485数据采集-V2\RS485-主机端 - 删减版 -
#        dev\EWARM\YS-F4Pro\Obj\stm32f4xx_ll_utils.o"
#        "F:\STM32F407-RS485数据采集-V2\RS485-主机端 - 删减版 -
#        dev\EWARM\YS-F4Pro\Obj\system_stm32f4xx.o"
#        "F:\STM32F407-RS485数据采集-V2\RS485-主机端 - 删减版 -
#        dev\EWARM\YS-F4Pro\Obj\variable.o" --redirect _Printf=_PrintfFull
#        --redirect _Scanf=_ScanfFull -o
#        "F:\STM32F407-RS485数据采集-V2\RS485-主机端 - 删减版 -
#        dev\EWARM\YS-F4Pro\Exe\YS-F4Pro.out" --map
#        "F:\STM32F407-RS485数据采集-V2\RS485-主机端 - 删减版 -
#        dev\EWARM\YS-F4Pro\List\YS-F4Pro.map" --config
#        "F:\STM32F407-RS485数据采集-V2\RS485-主机端 - 删减版 -
#        dev\EWARM\stm32f407xx_flash.icf" --semihosting --entry
#        __iar_program_start --vfe
#
###############################################################################

*******************************************************************************
*** RUNTIME MODEL ATTRIBUTES
***

CppFlavor                     = *
__Heap_Handler                = DLMalloc
__SystemLibrary               = DLib
__dlib_dynamic_initialization = normal


*******************************************************************************
*** PLACEMENT SUMMARY
***

"A1":  place at 0x08000000 { ro section .intvec };
"P1":  place in [from 0x08000000 to 0x080fffff] { ro };
"P2":  place in [from 0x20000000 to 0x2001ffff] { rw, block CSTACK, block HEAP };

  Section             Kind        Address    Size  Object
  -------             ----        -------    ----  ------
"A1":                                       0x188
  .intvec             ro code  0x08000000   0x188  startup_stm32f407xx.o [1]
                             - 0x08000188   0x188

"P1":                                      0xbbf4
  .text               ro code  0x08000188  0x2458  function.o [1]
  .text               ro code  0x080025e0    0x44  strcpy_unaligned.o [5]
  .text               ro code  0x08002624    0x4c  strtok.o [3]
  .text               ro code  0x08002670     0x6  ABImemclr4.o [5]
  .text               ro code  0x08002676     0xa  xsprout.o [3]
  .text               ro code  0x08002680    0x36  strlen.o [5]
  .text               ro code  0x080026b8  0x14f0  dlmalloc.o [3]
  .text               ro code  0x08003ba8   0x7c8  stm32f4xx_hal_uart.o [1]
  .text               ro code  0x08004370    0x4e  FltToDbl.o [4]
  .text               ro code  0x080043c0    0x34  sprintf.o [3]
  .text               ro code  0x080043f4    0x24  printf.o [3]
  .text               ro code  0x08004418     0x8  atoi.o [3]
  .text               ro code  0x08004420     0xe  strtod.o [4]
  .text               ro code  0x08004430    0x2e  DblCmpGe.o [4]
  .text               ro code  0x08004460    0x20  DblCmpEq.o [4]
  .text               ro code  0x08004480    0x2e  DblCmpLe.o [4]
  .text               ro code  0x080044b0    0x9c  stm32f4xx_hal.o [1]
  .text               ro code  0x0800454c   0x108  bsp_usartx_RS485.o [1]
  .text               ro code  0x08004654   0x408  stm32f4xx_hal_rtc.o [1]
  .text               ro code  0x08004a5c   0x1a2  DblMul.o [4]
  .text               ro code  0x08004c00    0x90  DblToFlt.o [4]
  .text               ro code  0x08004c90    0xce  crc16.o [1]
  .text               ro code  0x08004d60    0x42  strcmp_unaligned.o [5]
  .text               ro code  0x08004da2     0x8  abs.o [3]
  .text               ro code  0x08004dac    0x30  I32ToDbl.o [4]
  .text               ro code  0x08004ddc    0xe8  DblAdd.o [4]
  .text               ro code  0x08004ec4    0x58  DblToI32.o [4]
  .text               ro code  0x08004f1c    0x6c  system_stm32f4xx.o [1]
  .text               ro code  0x08004f88   0x8c0  pow.o [4]
  .text               ro code  0x08005848   0x3fc  bsp_spiflash.o [1]
  .text               ro code  0x08005c44   0x418  bsp_gpio.o [1]
  .text               ro code  0x0800605c     0x2  xtls.o [3]
  .text               ro code  0x0800605e    0x22  strspn.o [3]
  .text               ro code  0x08006080    0x22  strcspn.o [3]
  .text               ro code  0x080060a4    0x32  ABImemset48.o [5]
  .text               ro code  0x080060d6     0x6  abort.o [3]
  .text               ro code  0x080060dc    0x2c  xgetmemchunk.o [3]
  .text               ro code  0x08006108   0x26c  bsp_debug_usart.o [1]
  .text               ro code  0x08006374    0x26  stm32f4xx_hal_dma.o [1]
  .text               ro code  0x0800639c   0x8b0  main.o [1]
  .text               ro code  0x08006c4c   0x6bc  stm32f4xx_hal_rcc.o [1]
  .text               ro code  0x08007308  0x1166  xprintffull.o [3]
  .text               ro code  0x08008470   0x198  xstoul.o [3]
  .text               ro code  0x08008608   0x168  xstod.o [4]
  .text               ro code  0x08008770   0x152  stm32f4xx_hal_cortex.o [1]
  .text               ro code  0x080088c2    0x6e  stm32f4xx_hal_msp.o [1]
  .text               ro code  0x08008930   0x260  stm32f4xx_hal_gpio.o [1]
  .text               ro code  0x08008b90   0x280  bsp_rtc.o [1]
  .text               ro code  0x08008e10   0x180  DblSub.o [4]
  .text               ro code  0x08008f90    0x42  xdnorm.o [4]
  .text               ro code  0x08008fd2    0x7a  xdint.o [4]
  .text               ro code  0x0800904c     0xc  errno.o [3]
  .text               ro code  0x08009058   0x256  DblDiv.o [4]
  .text               ro code  0x080092b0    0xb0  xlog.o [4]
  .text               ro code  0x08009360   0x2c6  xexp.o [4]
  .text               ro code  0x08009628   0x36c  stm32f4xx_hal_spi.o [1]
  .text               ro code  0x08009994    0x14  exit.o [6]
  .text               ro code  0x080099a8    0xc8  bsp_led.o [1]
  .text               ro code  0x08009a70    0x7c  bsp_BasicTIM.o [1]
  .text               ro code  0x08009aec   0x318  stm32f4xx_hal_tim.o [1]
  .text               ro code  0x08009e04   0x1cc  sample.o [1]
  .text               ro code  0x08009fd0    0x20  xmbtowc.o [3]
  .text               ro code  0x08009ff0    0x16  strchr.o [5]
  .text               ro code  0x0800a008    0x58  memchr.o [5]
  .text               ro code  0x0800a060     0xa  xmbcurmax.o [3]
  .text               ro code  0x0800a06a    0x1a  xwctomb.o [3]
  .text               ro code  0x0800a084    0x76  ABImemcpy_unaligned.o [5]
  .text               ro code  0x0800a0fc    0xee  I64DivMod.o [5]
  .text               ro code  0x0800a1ec   0x114  xdscale.o [4]
  .text               ro code  0x0800a300    0x6c  localeconv.o [3]
  .text               ro code  0x0800a36c     0xe  div.o [3]
  .text               ro code  0x0800a37a    0x28  isxxx.o [3]
  .text               ro code  0x0800a3a2    0x14  tolower.o [3]
  .text               ro code  0x0800a3b6   0x124  xstopfx.o [3]
  .text               ro code  0x0800a4dc   0x1b8  xstoflt.o [3]
  .rodata             const    0x0800a694    0x3c  function.o [1]
  .text               ro code  0x0800a6d0   0x200  xdtento.o [4]
  .text               ro code  0x0800a8d0   0x218  xstoxflt.o [3]
  .text               ro code  0x0800aae8    0x20  stm32f4xx_hal_rtc_ex.o [1]
  .text               ro code  0x0800ab08    0x18  stm32f4xx_hal_pwr.o [1]
  .text               ro code  0x0800ab20   0x17c  stm32f4xx_hal_rcc_ex.o [1]
  .text               ro code  0x0800ac9c    0x40  xdtest.o [4]
  .text               ro code  0x0800acdc    0x5c  stm32f4xx_hal_tim_ex.o [1]
  .text               ro code  0x0800ad38    0x24  setlocale.o [3]
  .text               ro code  0x0800ad5c    0x60  xencoding_sb.o [3]
  .text               ro code  0x0800adbc     0x2  I64DivZer.o [5]
  .text               ro code  0x0800adbe    0x16  xlocale_c.o [3]
  .text               ro code  0x0800add4    0x14  xlocale_c.o [3]
  .text               ro code  0x0800ade8     0xc  xlocale_c.o [3]
  .text               ro code  0x0800adf4    0x52  xdunscal.o [4]
  .text               ro code  0x0800ae48    0xa4  stm32f4xx_it.o [1]
  .rodata             const    0x0800aeec    0x40  function.o [1]
  .rodata             const    0x0800af2c    0x40  function.o [1]
  .rodata             const    0x0800af6c    0x40  function.o [1]
  .rodata             const    0x0800afac    0x40  function.o [1]
  .rodata             const    0x0800afec    0x40  function.o [1]
  .rodata             const    0x0800b02c    0x40  function.o [1]
  .text               ro code  0x0800b06c    0x40  zero_init3.o [5]
  .rodata             const    0x0800b0ac    0x38  function.o [1]
  .text               ro code  0x0800b0e4    0x38  packbits_init_single.o [5]
  .rodata             const    0x0800b11c    0x34  function.o [1]
  .rodata             const    0x0800b150    0x34  function.o [1]
  .rodata             const    0x0800b184    0x30  function.o [1]
  .rodata             const    0x0800b1b4    0x30  function.o [1]
  .rodata             const    0x0800b1e4    0x30  function.o [1]
  .rodata             const    0x0800b214    0x30  function.o [1]
  .rodata             const    0x0800b244    0x30  function.o [1]
  .rodata             const    0x0800b274    0x30  function.o [1]
  .rodata             const    0x0800b2a4    0x30  function.o [1]
  .rodata             const    0x0800b2d4    0x2c  function.o [1]
  .rodata             const    0x0800b300    0x2c  function.o [1]
  .rodata             const    0x0800b32c    0x2c  function.o [1]
  .rodata             const    0x0800b358    0x2c  function.o [1]
  .rodata             const    0x0800b384    0x2c  function.o [1]
  .rodata             const    0x0800b3b0    0x2c  function.o [1]
  .rodata             const    0x0800b3dc    0x2c  function.o [1]
  .rodata             const    0x0800b408    0x2c  function.o [1]
  .rodata             const    0x0800b434    0x2c  function.o [1]
  .rodata             const    0x0800b460    0x28  function.o [1]
  .text               ro code  0x0800b488    0x28  data_init.o [5]
  .rodata             const    0x0800b4b0    0x24  function.o [1]
  .rodata             const    0x0800b4d4    0x24  function.o [1]
  .rodata             const    0x0800b4f8    0x24  function.o [1]
  .rodata             const    0x0800b51c    0x24  function.o [1]
  .rodata             const    0x0800b540    0x24  function.o [1]
  .rodata             const    0x0800b564    0x24  function.o [1]
  .rodata             const    0x0800b588    0x24  function.o [1]
  .rodata             const    0x0800b5ac    0x24  function.o [1]
  .rodata             const    0x0800b5d0    0x24  function.o [1]
  .rodata             const    0x0800b5f4    0x24  function.o [1]
  .rodata             const    0x0800b618    0x24  function.o [1]
  .rodata             const    0x0800b63c    0x24  function.o [1]
  .rodata             const    0x0800b660    0x24  function.o [1]
  .text               ro code  0x0800b684    0x22  fpinit_M.o [4]
  .iar.init_table     const    0x0800b6a8    0x20  - Linker created -
  .rodata             const    0x0800b6c8    0x20  function.o [1]
  .rodata             const    0x0800b6e8    0x20  function.o [1]
  .rodata             const    0x0800b708    0x20  function.o [1]
  .rodata             const    0x0800b728    0x20  function.o [1]
  .rodata             const    0x0800b748    0x20  function.o [1]
  .rodata             const    0x0800b768    0x20  function.o [1]
  .rodata             const    0x0800b788    0x20  function.o [1]
  .rodata             const    0x0800b7a8    0x20  function.o [1]
  .rodata             const    0x0800b7c8    0x20  function.o [1]
  .rodata             const    0x0800b7e8    0x20  function.o [1]
  .rodata             const    0x0800b808    0x20  function.o [1]
  .rodata             const    0x0800b828    0x20  function.o [1]
  .rodata             const    0x0800b848    0x20  function.o [1]
  .rodata             const    0x0800b868    0x20  function.o [1]
  .rodata             const    0x0800b888    0x20  function.o [1]
  .rodata             const    0x0800b8a8    0x20  function.o [1]
  .rodata             const    0x0800b8c8    0x20  sample.o [1]
  .rodata             const    0x0800b8e8    0x1c  function.o [1]
  .rodata             const    0x0800b904    0x1c  function.o [1]
  .rodata             const    0x0800b920    0x1c  function.o [1]
  .rodata             const    0x0800b93c    0x1c  function.o [1]
  .rodata             const    0x0800b958    0x1c  main.o [1]
  .text               ro code  0x0800b974    0x1a  cmain.o [5]
  .text               ro code  0x0800b98e     0x4  low_level_init.o [3]
  .text               ro code  0x0800b992     0x4  exit.o [3]
  .text               ro code  0x0800b998     0xa  cexit.o [5]
  .rodata             const    0x0800b9a4    0x18  function.o [1]
  .rodata             const    0x0800b9bc    0x18  function.o [1]
  .rodata             const    0x0800b9d4    0x18  main.o [1]
  .rodata             const    0x0800b9ec    0x18  main.o [1]
  .rodata             const    0x0800ba04    0x18  main.o [1]
  .rodata             const    0x0800ba1c    0x18  main.o [1]
  .rodata             const    0x0800ba34    0x18  main.o [1]
  .text               ro code  0x0800ba4c    0x16  xprout.o [3]
  .text               ro code  0x0800ba64     0xc  putchar.o [3]
  .rodata             const    0x0800ba70    0x14  function.o [1]
  .rodata             const    0x0800ba84    0x10  bsp_rtc.o [1]
  .rodata             const    0x0800ba94    0x10  bsp_usartx_RS485.o [1]
  .rodata             const    0x0800baa4    0x10  function.o [1]
  .rodata             const    0x0800bab4    0x10  function.o [1]
  .rodata             const    0x0800bac4    0x10  system_stm32f4xx.o [1]
  .text               ro code  0x0800bad4    0x10  startup_stm32f407xx.o [1]
  .rodata             const    0x0800bae4     0xc  function.o [1]
  .rodata             const    0x0800baf0     0xc  function.o [1]
  .rodata             const    0x0800bafc     0xc  function.o [1]
  .rodata             const    0x0800bb08     0xc  function.o [1]
  .rodata             const    0x0800bb14     0xc  function.o [1]
  .rodata             const    0x0800bb20     0xc  main.o [1]
  .rodata             const    0x0800bb2c     0xc  main.o [1]
  .text               ro code  0x0800bb38     0xc  cstartup_M.o [5]
  .rodata             const    0x0800bb44     0x8  function.o [1]
  .rodata             const    0x0800bb4c     0x8  function.o [1]
  .rodata             const    0x0800bb54     0x8  function.o [1]
  .rodata             const    0x0800bb5c     0x8  function.o [1]
  .rodata             const    0x0800bb64     0x8  main.o [1]
  .rodata             const    0x0800bb6c     0x8  main.o [1]
  .rodata             const    0x0800bb74     0x8  system_stm32f4xx.o [1]
  .text               ro code  0x0800bb7c     0x4  startup_stm32f407xx.o [1]
  .text               ro code  0x0800bb80     0x4  startup_stm32f407xx.o [1]
  .text               ro code  0x0800bb84     0x4  startup_stm32f407xx.o [1]
  .text               ro code  0x0800bb88     0x4  startup_stm32f407xx.o [1]
  .text               ro code  0x0800bb8c     0x4  startup_stm32f407xx.o [1]
  .text               ro code  0x0800bb90     0x4  startup_stm32f407xx.o [1]
  .text               ro code  0x0800bb94     0x4  startup_stm32f407xx.o [1]
  .text               ro code  0x0800bb98     0x4  startup_stm32f407xx.o [1]
  .text               ro code  0x0800bb9c     0x4  startup_stm32f407xx.o [1]
  .text               ro code  0x0800bba0     0x4  startup_stm32f407xx.o [1]
  .text               ro code  0x0800bba4     0x4  startup_stm32f407xx.o [1]
  .text               ro code  0x0800bba8     0x4  startup_stm32f407xx.o [1]
  .text               ro code  0x0800bbac     0x4  startup_stm32f407xx.o [1]
  .text               ro code  0x0800bbb0     0x4  startup_stm32f407xx.o [1]
  .text               ro code  0x0800bbb4     0x4  startup_stm32f407xx.o [1]
  .text               ro code  0x0800bbb8     0x4  startup_stm32f407xx.o [1]
  .text               ro code  0x0800bbbc     0x4  startup_stm32f407xx.o [1]
  .text               ro code  0x0800bbc0     0x4  startup_stm32f407xx.o [1]
  .text               ro code  0x0800bbc4     0x4  startup_stm32f407xx.o [1]
  .text               ro code  0x0800bbc8     0x4  startup_stm32f407xx.o [1]
  .text               ro code  0x0800bbcc     0x4  startup_stm32f407xx.o [1]
  .text               ro code  0x0800bbd0     0x4  startup_stm32f407xx.o [1]
  .text               ro code  0x0800bbd4     0x4  startup_stm32f407xx.o [1]
  .text               ro code  0x0800bbd8     0x4  startup_stm32f407xx.o [1]
  .text               ro code  0x0800bbdc     0x4  startup_stm32f407xx.o [1]
  .text               ro code  0x0800bbe0     0x4  startup_stm32f407xx.o [1]
  .text               ro code  0x0800bbe4     0x4  startup_stm32f407xx.o [1]
  .text               ro code  0x0800bbe8     0x4  startup_stm32f407xx.o [1]
  .text               ro code  0x0800bbec     0x4  startup_stm32f407xx.o [1]
  .text               ro code  0x0800bbf0     0x4  startup_stm32f407xx.o [1]
  .text               ro code  0x0800bbf4     0x4  startup_stm32f407xx.o [1]
  .text               ro code  0x0800bbf8     0x4  startup_stm32f407xx.o [1]
  .text               ro code  0x0800bbfc     0x4  startup_stm32f407xx.o [1]
  .text               ro code  0x0800bc00     0x4  startup_stm32f407xx.o [1]
  .text               ro code  0x0800bc04     0x4  startup_stm32f407xx.o [1]
  .text               ro code  0x0800bc08     0x4  startup_stm32f407xx.o [1]
  .text               ro code  0x0800bc0c     0x4  startup_stm32f407xx.o [1]
  .text               ro code  0x0800bc10     0x4  startup_stm32f407xx.o [1]
  .text               ro code  0x0800bc14     0x4  startup_stm32f407xx.o [1]
  .text               ro code  0x0800bc18     0x4  startup_stm32f407xx.o [1]
  .text               ro code  0x0800bc1c     0x4  startup_stm32f407xx.o [1]
  .text               ro code  0x0800bc20     0x4  startup_stm32f407xx.o [1]
  .text               ro code  0x0800bc24     0x4  startup_stm32f407xx.o [1]
  .text               ro code  0x0800bc28     0x4  startup_stm32f407xx.o [1]
  .text               ro code  0x0800bc2c     0x4  startup_stm32f407xx.o [1]
  .text               ro code  0x0800bc30     0x4  startup_stm32f407xx.o [1]
  .text               ro code  0x0800bc34     0x4  startup_stm32f407xx.o [1]
  .text               ro code  0x0800bc38     0x4  startup_stm32f407xx.o [1]
  .text               ro code  0x0800bc3c     0x4  startup_stm32f407xx.o [1]
  .text               ro code  0x0800bc40     0x4  startup_stm32f407xx.o [1]
  .text               ro code  0x0800bc44     0x4  startup_stm32f407xx.o [1]
  .text               ro code  0x0800bc48     0x4  startup_stm32f407xx.o [1]
  .text               ro code  0x0800bc4c     0x4  startup_stm32f407xx.o [1]
  .text               ro code  0x0800bc50     0x4  startup_stm32f407xx.o [1]
  .text               ro code  0x0800bc54     0x4  startup_stm32f407xx.o [1]
  .text               ro code  0x0800bc58     0x4  startup_stm32f407xx.o [1]
  .text               ro code  0x0800bc5c     0x4  startup_stm32f407xx.o [1]
  .text               ro code  0x0800bc60     0x4  startup_stm32f407xx.o [1]
  .text               ro code  0x0800bc64     0x4  startup_stm32f407xx.o [1]
  .text               ro code  0x0800bc68     0x4  startup_stm32f407xx.o [1]
  .text               ro code  0x0800bc6c     0x4  startup_stm32f407xx.o [1]
  .text               ro code  0x0800bc70     0x4  startup_stm32f407xx.o [1]
  .text               ro code  0x0800bc74     0x4  startup_stm32f407xx.o [1]
  .text               ro code  0x0800bc78     0x4  startup_stm32f407xx.o [1]
  .text               ro code  0x0800bc7c     0x4  startup_stm32f407xx.o [1]
  .text               ro code  0x0800bc80     0x4  startup_stm32f407xx.o [1]
  .text               ro code  0x0800bc84     0x4  startup_stm32f407xx.o [1]
  .text               ro code  0x0800bc88     0x4  startup_stm32f407xx.o [1]
  .text               ro code  0x0800bc8c     0x4  startup_stm32f407xx.o [1]
  .text               ro code  0x0800bc90     0x4  startup_stm32f407xx.o [1]
  .text               ro code  0x0800bc94     0x4  startup_stm32f407xx.o [1]
  .text               ro code  0x0800bc98     0x4  startup_stm32f407xx.o [1]
  .text               ro code  0x0800bc9c     0x4  startup_stm32f407xx.o [1]
  .text               ro code  0x0800bca0     0x4  startup_stm32f407xx.o [1]
  .text               ro code  0x0800bca4     0x4  startup_stm32f407xx.o [1]
  .rodata             const    0x0800bca8     0x0  zero_init3.o [5]
  .rodata             const    0x0800bca8     0x0  packbits_init_single.o [5]
  Initializer bytes   const    0x0800bca8    0xd4  <for P2-1>
                             - 0x0800bd7c  0xbbf4

"P2", part 1 of 3:                          0x1ea
  P2-1                         0x20000000   0x1ea  <Init block>
    .data             inited   0x20000000     0x4  system_stm32f4xx.o [1]
    .data             inited   0x20000004     0x4  variable.o [1]
    .data             inited   0x20000008     0x4  variable.o [1]
    .data             inited   0x2000000c     0x4  variable.o [1]
    .data             inited   0x20000010     0x4  variable.o [1]
    .data             inited   0x20000014     0x4  variable.o [1]
    .data             inited   0x20000018     0x4  variable.o [1]
    .data             inited   0x2000001c     0x4  variable.o [1]
    .data             inited   0x20000020     0x4  variable.o [1]
    .data             inited   0x20000024     0x8  variable.o [1]
    .data             inited   0x2000002c     0x8  variable.o [1]
    .data             inited   0x20000034     0x8  variable.o [1]
    .data             inited   0x2000003c     0x8  variable.o [1]
    .data             inited   0x20000044     0x8  variable.o [1]
    .data             inited   0x2000004c     0x8  variable.o [1]
    .data             inited   0x20000054     0x8  variable.o [1]
    .data             inited   0x2000005c     0x8  variable.o [1]
    .data             inited   0x20000064     0x8  variable.o [1]
    .data             inited   0x2000006c     0x8  variable.o [1]
    .data             inited   0x20000074     0x8  variable.o [1]
    .data             inited   0x2000007c     0x8  variable.o [1]
    .data             inited   0x20000084     0x8  variable.o [1]
    .data             inited   0x2000008c     0x8  variable.o [1]
    .data             inited   0x20000094     0x8  variable.o [1]
    .data             inited   0x2000009c     0x8  variable.o [1]
    .data             inited   0x200000a4    0x40  xfiles.o [3]
    __DLIB_PERTHREAD  inited   0x200000e4     0x4  strtok.o [3]
    __DLIB_PERTHREAD  inited   0x200000e8     0x4  errno.o [3]
    __DLIB_PERTHREAD  inited   0x200000ec    0x74  setlocale.o [3]
    __DLIB_PERTHREAD  inited   0x20000160    0x88  localeconv.o [3]
    .data             inited   0x200001e8     0x2  variable.o [1]
                             - 0x200001ea   0x1ea

"P2", part 2 of 3:                         0x2000
  CSTACK                       0x200001f0  0x1000  <Block>
    CSTACK            uninit   0x200001f0  0x1000  <Block tail>
  HEAP                         0x200011f0  0x1000  <Block>
    HEAP              uninit   0x200011f0  0x1000  <Block tail>
                             - 0x200021f0  0x2000

"P2", part 3 of 3:                         0x10c0
  .bss                zero     0x200021f0   0x3e8  variable.o [1]
  .bss                zero     0x200025d8   0x3e8  variable.o [1]
  .bss                zero     0x200029c0   0x230  variable.o [1]
  .bss                zero     0x20002bf0   0x1d8  dlmalloc.o [3]
  .bss                zero     0x20002dc8   0x1b0  variable.o [1]
  .bss                zero     0x20002f78    0xf0  variable.o [1]
  .bss                zero     0x20003068    0x58  bsp_spiflash.o [1]
  .bss                zero     0x200030c0    0x50  xfiles.o [3]
  .bss                zero     0x20003110    0x40  bsp_debug_usart.o [1]
  .bss                zero     0x20003150    0x40  bsp_debug_usart.o [1]
  .bss                zero     0x20003190    0x40  bsp_usartx_RS485.o [1]
  .bss                zero     0x200031d0    0x3c  bsp_BasicTIM.o [1]
  .bss                zero     0x2000320c    0x34  variable.o [1]
  .bss                zero     0x20003240    0x20  bsp_rtc.o [1]
  .bss                zero     0x20003260    0x18  dlmalloc.o [3]
  .bss                zero     0x20003278     0x4  stm32f4xx_hal.o [1]
  .bss                zero     0x2000327c     0x4  variable.o [1]
  .bss                zero     0x20003280     0x4  variable.o [1]
  .bss                zero     0x20003284     0x4  variable.o [1]
  .bss                zero     0x20003288     0x4  variable.o [1]
  .bss                zero     0x2000328c     0x4  variable.o [1]
  .bss                zero     0x20003290     0x4  xgetmemchunk.o [3]
  .bss                zero     0x20003294     0x2  main.o [1]
  .bss                zero     0x20003296     0x2  main.o [1]
  .bss                zero     0x20003298     0x2  main.o [1]
  .bss                zero     0x2000329a     0x2  variable.o [1]
  .bss                zero     0x2000329c     0x2  variable.o [1]
  .bss                zero     0x2000329e     0x1  main.o [1]
  .bss                zero     0x2000329f     0x1  main.o [1]
  .bss                zero     0x200032a0     0x1  main.o [1]
  .bss                zero     0x200032a1     0x1  main.o [1]
  .bss                zero     0x200032a2     0x1  main.o [1]
  .bss                zero     0x200032a3     0x1  variable.o [1]
  .bss                zero     0x200032a4     0x1  variable.o [1]
  .bss                zero     0x200032a5     0x1  variable.o [1]
  .bss                zero     0x200032a6     0x1  variable.o [1]
  .bss                zero     0x200032a7     0x1  variable.o [1]
  .bss                zero     0x200032a8     0x1  variable.o [1]
  .bss                zero     0x200032a9     0x1  variable.o [1]
  .bss                zero     0x200032aa     0x1  variable.o [1]
  .bss                zero     0x200032ab     0x1  variable.o [1]
  .bss                zero     0x200032ac     0x1  variable.o [1]
  .bss                zero     0x200032ad     0x1  variable.o [1]
  .bss                zero     0x200032ae     0x1  variable.o [1]
  .bss                zero     0x200032af     0x1  variable.o [1]
                             - 0x200032b0  0x10c0


*******************************************************************************
*** INIT TABLE
***

          Address     Size
          -------     ----
Zero (__iar_zero_init3)
    1 destination range, total size 0x10c0:
          0x200021f0  0x10c0

Copy/packbits (__iar_packbits_init_single3)
    1 source range, total size 0xd4 (43% of destination):
          0x0800bca8    0xd4
    1 destination range, total size 0x1ea:
          0x20000000   0x1ea



*******************************************************************************
*** MODULE SUMMARY
***

    Module                  ro code  ro data  rw data
    ------                  -------  -------  -------
F:\STM32F407-RS485数据采集-V2\RS485-主机端 - 删减版 - dev\EWARM\YS-F4Pro\Obj: [1]
    bsp_BasicTIM.o              124                60
    bsp_debug_usart.o           620               128
    bsp_gpio.o                1 048
    bsp_led.o                   200
    bsp_rtc.o                   640       16       32
    bsp_spiflash.o            1 020                88
    bsp_usartx_RS485.o          264       16       64
    crc16.o                     206
    function.o                9 304    2 660
    main.o                    2 224      188       11
    sample.o                    460       32
    startup_stm32f407xx.o       708
    stm32f4xx_hal.o             156                 4
    stm32f4xx_hal_cortex.o      338
    stm32f4xx_hal_dma.o          38
    stm32f4xx_hal_gpio.o        608
    stm32f4xx_hal_msp.o         110
    stm32f4xx_hal_pwr.o          24
    stm32f4xx_hal_rcc.o       1 724
    stm32f4xx_hal_rcc_ex.o      380
    stm32f4xx_hal_rtc.o       1 032
    stm32f4xx_hal_rtc_ex.o       32
    stm32f4xx_hal_spi.o         876
    stm32f4xx_hal_tim.o         792
    stm32f4xx_hal_tim_ex.o       92
    stm32f4xx_hal_uart.o      1 992
    stm32f4xx_it.o              164
    system_stm32f4xx.o          108       25        4
    variable.o                            70    3 483
    -------------------------------------------------
    Total:                   25 284    3 007    3 874

command line: [2]
    -------------------------------------------------
    Total:

dl7M_tlf.a: [3]
    abort.o                       6
    abs.o                         8
    atoi.o                        8
    div.o                        14
    dlmalloc.o                5 360               496
    errno.o                      12        2        4
    exit.o                        4
    isxxx.o                      40
    localeconv.o                108       59      136
    low_level_init.o              4
    printf.o                     36
    putchar.o                    12
    setlocale.o                  36       50      116
    sprintf.o                    52
    strcspn.o                    34
    strspn.o                     34
    strtok.o                     76        2        4
    tolower.o                    20
    xencoding_sb.o               96
    xfiles.o                              28      144
    xgetmemchunk.o               44                 4
    xlocale_c.o                  54
    xmbcurmax.o                  10
    xmbtowc.o                    32
    xprintffull.o             4 454
    xprout.o                     22
    xsprout.o                    10
    xstoflt.o                   440
    xstopfx.o                   292
    xstoul.o                    408
    xstoxflt.o                  536
    xtls.o                        2
    xwctomb.o                    26
    -------------------------------------------------
    Total:                   12 290      141      904

m7M_tls.a: [4]
    DblAdd.o                    232
    DblCmpEq.o                   32
    DblCmpGe.o                   46
    DblCmpLe.o                   46
    DblDiv.o                    598
    DblMul.o                    418
    DblSub.o                    384
    DblToFlt.o                  144
    DblToI32.o                   88
    FltToDbl.o                   78
    I32ToDbl.o                   48
    fpinit_M.o                   34
    pow.o                     2 240
    strtod.o                     14
    xdint.o                     122
    xdnorm.o                     66
    xdscale.o                   276
    xdtento.o                   512
    xdtest.o                     64
    xdunscal.o                   82
    xexp.o                      710
    xlog.o                      176
    xstod.o                     360
    -------------------------------------------------
    Total:                    6 770

rt7M_tl.a: [5]
    ABImemclr4.o                  6
    ABImemcpy_unaligned.o       118
    ABImemset48.o                50
    I64DivMod.o                 238
    I64DivZer.o                   2
    cexit.o                      10
    cmain.o                      26
    cstartup_M.o                 12
    data_init.o                  40
    memchr.o                     88
    packbits_init_single.o       56
    strchr.o                     22
    strcmp_unaligned.o           66
    strcpy_unaligned.o           68
    strlen.o                     54
    zero_init3.o                 64
    -------------------------------------------------
    Total:                      920

shb_l.a: [6]
    exit.o                       20
    -------------------------------------------------
    Total:                       20

    Gaps                         40        4
    Linker created                        32    8 192
-----------------------------------------------------
    Grand Total:             45 324    3 184   12 970


*******************************************************************************
*** ENTRY LIST
***

Entry                      Address   Size  Type      Object
-----                      -------   ----  ----      ------
.iar.init_table$$Base   0x0800b6a8          --   Gb  - Linker created -
.iar.init_table$$Limit  0x0800b6c8          --   Gb  - Linker created -
?main                   0x0800b975         Code  Gb  cmain.o [5]
AHBPrescTable           0x0800bac4   0x10  Data  Gb  system_stm32f4xx.o [1]
APBPrescTable           0x0800bb74    0x8  Data  Gb  system_stm32f4xx.o [1]
Alarm                   0x08001185   0x24  Code  Gb  function.o [1]
Android_Rx_Count        0x2000329a    0x2  Data  Gb  variable.o [1]
Android_Rx_buf          0x200021f0  0x3e8  Data  Gb  variable.o [1]
BASIC_TIMx_Init         0x08009a71   0x36  Code  Gb  bsp_BasicTIM.o [1]
Backups_Data            0x080001ab   0x14  Code  Gb  function.o [1]
BitToFloat              0x08002019  0x17e  Code  Gb  function.o [1]
BitToInt                0x08001ffd   0x18  Code  Gb  function.o [1]
BusFault_Handler        0x0800ae61    0x8  Code  Gb  stm32f4xx_it.o [1]
CRC16_MODBUS            0x08004ce1   0x7e  Code  Gb  crc16.o [1]
CSTACK$$Base            0x200001f0          --   Gb  - Linker created -
CSTACK$$Limit           0x200011f0          --   Gb  - Linker created -
Chang_Start_time        0x080013cd  0x114  Code  Gb  function.o [1]
Clean_Data              0x08000355  0x19a  Code  Gb  function.o [1]
Clear_RS485Buf          0x08001a6d   0x18  Code  Gb  function.o [1]
Close_Beep              0x080023f9    0xc  Code  Gb  function.o [1]
Close_Delay             0x080014e9  0x13a  Code  Gb  function.o [1]
Close_Error             0x08001229   0x3e  Code  Gb  function.o [1]
Close_Light             0x08002415    0xc  Code  Gb  function.o [1]
Close_YiYe_pupm         0x08002431    0xc  Code  Gb  function.o [1]
Command_Data            0x080001bf   0x3e  Code  Gb  function.o [1]
Control                 0x080019e5   0x88  Code  Gb  function.o [1]
Control_flag            0x200032a7    0x1  Data  Gb  variable.o [1]
Control_max_from_min    0x08001731   0xa4  Code  Gb  function.o [1]
Control_min_from_max    0x0800167d   0xac  Code  Gb  function.o [1]
Control_sys_temer       0x080018f5   0xe8  Code  Gb  function.o [1]
Control_temer           0x080017dd  0x104  Code  Gb  function.o [1]
D0_Close                0x2000002c    0x8  Data  Gb  variable.o [1]
D0_Open                 0x20000024    0x8  Data  Gb  variable.o [1]
D1_Close                0x2000003c    0x8  Data  Gb  variable.o [1]
D1_Open                 0x20000034    0x8  Data  Gb  variable.o [1]
D2_Close                0x2000004c    0x8  Data  Gb  variable.o [1]
D2_Open                 0x20000044    0x8  Data  Gb  variable.o [1]
D3_Close                0x2000005c    0x8  Data  Gb  variable.o [1]
D3_Open                 0x20000054    0x8  Data  Gb  variable.o [1]
D4_Close                0x2000006c    0x8  Data  Gb  variable.o [1]
D4_Open                 0x20000064    0x8  Data  Gb  variable.o [1]
D5_Close                0x2000007c    0x8  Data  Gb  variable.o [1]
D5_Open                 0x20000074    0x8  Data  Gb  variable.o [1]
D6_Close                0x2000008c    0x8  Data  Gb  variable.o [1]
D6_Open                 0x20000084    0x8  Data  Gb  variable.o [1]
D7_Close                0x2000009c    0x8  Data  Gb  variable.o [1]
D7_Open                 0x20000094    0x8  Data  Gb  variable.o [1]
DebugMon_Handler        0x0800ae79    0x8  Code  Gb  stm32f4xx_it.o [1]
Delay_Cfg_Mode          0x200032a4    0x1  Data  Gb  variable.o [1]
Detection               0x08000e19  0x368  Code  Gb  function.o [1]
EXTI15_10_IRQHandler    0x0800aec5   0x14  Code  Gb  stm32f4xx_it.o [1]
EXTI9_5_IRQHandler      0x0800aed9   0x14  Code  Gb  stm32f4xx_it.o [1]
Error_flag              0x200032ae    0x1  Data  Gb  variable.o [1]
Find_Min_Max            0x08002445   0x8c  Code  Gb  function.o [1]
Get_Average             0x08000645  0x180  Code  Gb  function.o [1]
Get_Data                0x080007d1  0x62e  Code  Gb  function.o [1]
Get_Device_Data         0x080022c1   0xe4  Code  Gb  function.o [1]
HAL_DMA_Abort_IT        0x08006375   0x26  Code  Gb  stm32f4xx_hal_dma.o [1]
HAL_Delay               0x08004521   0x1e  Code  Wk  stm32f4xx_hal.o [1]
HAL_GPIO_EXTI_Callback  0x08006a03   0xce  Code  Gb  main.o [1]
HAL_GPIO_EXTI_IRQHandler
                        0x08008b3b   0x1a  Code  Gb  stm32f4xx_hal_gpio.o [1]
HAL_GPIO_Init           0x08008931  0x1da  Code  Gb  stm32f4xx_hal_gpio.o [1]
HAL_GPIO_ReadPin        0x08008b0b   0x12  Code  Gb  stm32f4xx_hal_gpio.o [1]
HAL_GPIO_TogglePin      0x08008b31    0xa  Code  Gb  stm32f4xx_hal_gpio.o [1]
HAL_GPIO_WritePin       0x08008b1d   0x14  Code  Gb  stm32f4xx_hal_gpio.o [1]
HAL_GetTick             0x0800451b    0x6  Code  Wk  stm32f4xx_hal.o [1]
HAL_IncTick             0x0800450f    0xc  Code  Wk  stm32f4xx_hal.o [1]
HAL_Init                0x080044b1   0x3a  Code  Gb  stm32f4xx_hal.o [1]
HAL_InitTick            0x080044eb   0x24  Code  Wk  stm32f4xx_hal.o [1]
HAL_MspInit             0x080088c3   0x6e  Code  Gb  stm32f4xx_hal_msp.o [1]
HAL_NVIC_EnableIRQ      0x08008863    0xa  Code  Gb  stm32f4xx_hal_cortex.o [1]
HAL_NVIC_SetPriority    0x08008841   0x22  Code  Gb  stm32f4xx_hal_cortex.o [1]
HAL_NVIC_SetPriorityGrouping
                        0x08008839    0x8  Code  Gb  stm32f4xx_hal_cortex.o [1]
HAL_PWR_EnableBkUpAccess
                        0x0800ab09   0x12  Code  Gb  stm32f4xx_hal_pwr.o [1]
HAL_RCCEx_PeriphCLKConfig
                        0x0800ab21  0x154  Code  Gb  stm32f4xx_hal_rcc_ex.o [1]
HAL_RCC_ClockConfig     0x08007035  0x1b2  Code  Gb  stm32f4xx_hal_rcc.o [1]
HAL_RCC_EnableCSS       0x080071e7    0x8  Code  Gb  stm32f4xx_hal_rcc.o [1]
HAL_RCC_GetHCLKFreq     0x0800727b    0x6  Code  Gb  stm32f4xx_hal_rcc.o [1]
HAL_RCC_GetPCLK1Freq    0x08007281   0x20  Code  Gb  stm32f4xx_hal_rcc.o [1]
HAL_RCC_GetPCLK2Freq    0x080072a1   0x20  Code  Gb  stm32f4xx_hal_rcc.o [1]
HAL_RCC_GetSysClockFreq
                        0x080071ef   0x8c  Code  Wk  stm32f4xx_hal_rcc.o [1]
HAL_RCC_OscConfig       0x08006c4d  0x3e8  Code  Wk  stm32f4xx_hal_rcc.o [1]
HAL_RTCEx_BKUPRead      0x0800aaf9   0x10  Code  Gb  stm32f4xx_hal_rtc_ex.o [1]
HAL_RTCEx_BKUPWrite     0x0800aae9   0x10  Code  Gb  stm32f4xx_hal_rtc_ex.o [1]
HAL_RTC_GetDate         0x0800496b   0x4a  Code  Gb  stm32f4xx_hal_rtc.o [1]
HAL_RTC_GetTime         0x08004815   0x5e  Code  Gb  stm32f4xx_hal_rtc.o [1]
HAL_RTC_Init            0x08004655   0xae  Code  Gb  stm32f4xx_hal_rtc.o [1]
HAL_RTC_MspInit         0x08008db9   0x3c  Code  Gb  bsp_rtc.o [1]
HAL_RTC_SetDate         0x08004873   0xf8  Code  Gb  stm32f4xx_hal_rtc.o [1]
HAL_RTC_SetTime         0x08004703  0x112  Code  Gb  stm32f4xx_hal_rtc.o [1]
HAL_RTC_WaitForSynchro  0x080049c1   0x34  Code  Gb  stm32f4xx_hal_rtc.o [1]
HAL_SPI_Init            0x08009629   0x8e  Code  Gb  stm32f4xx_hal_spi.o [1]
HAL_SPI_MspInit         0x080058bb   0xc8  Code  Gb  bsp_spiflash.o [1]
HAL_SPI_TransmitReceive
                        0x080096b7  0x214  Code  Gb  stm32f4xx_hal_spi.o [1]
HAL_SYSTICK_CLKSourceConfig
                        0x08008875   0x20  Code  Gb  stm32f4xx_hal_cortex.o [1]
HAL_SYSTICK_Callback    0x080088c1    0x2  Code  Wk  stm32f4xx_hal_cortex.o [1]
HAL_SYSTICK_Config      0x0800886d    0x8  Code  Gb  stm32f4xx_hal_cortex.o [1]
HAL_SYSTICK_IRQHandler  0x080088b9    0x8  Code  Gb  stm32f4xx_hal_cortex.o [1]
HAL_TIMEx_BreakCallback
                        0x0800ad37    0x2  Code  Wk  stm32f4xx_hal_tim_ex.o [1]
HAL_TIMEx_CommutationCallback
                        0x0800ad35    0x2  Code  Wk  stm32f4xx_hal_tim_ex.o [1]
HAL_TIMEx_MasterConfigSynchronization
                        0x0800acdd   0x58  Code  Gb  stm32f4xx_hal_tim_ex.o [1]
HAL_TIM_Base_Init       0x08009aed   0x38  Code  Gb  stm32f4xx_hal_tim.o [1]
HAL_TIM_Base_MspInit    0x08009aa7   0x38  Code  Gb  bsp_BasicTIM.o [1]
HAL_TIM_Base_Start_IT   0x08009b59   0x1c  Code  Gb  stm32f4xx_hal_tim.o [1]
HAL_TIM_Base_Stop       0x08009b25   0x34  Code  Gb  stm32f4xx_hal_tim.o [1]
HAL_TIM_IC_CaptureCallback
                        0x08009ced    0x2  Code  Wk  stm32f4xx_hal_tim.o [1]
HAL_TIM_IRQHandler      0x08009b75  0x176  Code  Gb  stm32f4xx_hal_tim.o [1]
HAL_TIM_OC_DelayElapsedCallback
                        0x08009ceb    0x2  Code  Wk  stm32f4xx_hal_tim.o [1]
HAL_TIM_PWM_PulseFinishedCallback
                        0x08009cef    0x2  Code  Wk  stm32f4xx_hal_tim.o [1]
HAL_TIM_PeriodElapsedCallback
                        0x0800690b   0xf8  Code  Gb  main.o [1]
HAL_TIM_TriggerCallback
                        0x08009cf1    0x2  Code  Wk  stm32f4xx_hal_tim.o [1]
HAL_UART_ErrorCallback  0x08003e8f    0x2  Code  Wk  stm32f4xx_hal_uart.o [1]
HAL_UART_IRQHandler     0x08003d59  0x134  Code  Gb  stm32f4xx_hal_uart.o [1]
HAL_UART_Init           0x08003ba9   0x76  Code  Gb  stm32f4xx_hal_uart.o [1]
HAL_UART_MspInit        0x08006131  0x148  Code  Gb  bsp_debug_usart.o [1]
HAL_UART_Receive_IT     0x08003cfb   0x5e  Code  Gb  stm32f4xx_hal_uart.o [1]
HAL_UART_RxCpltCallback
                        0x08006751  0x1ba  Code  Gb  main.o [1]
HAL_UART_Transmit       0x08003c1f   0xdc  Code  Gb  stm32f4xx_hal_uart.o [1]
HAL_UART_TxCpltCallback
                        0x08003e8d    0x2  Code  Wk  stm32f4xx_hal_uart.o [1]
HEAP$$Base              0x200011f0          --   Gb  - Linker created -
HEAP$$Limit             0x200021f0          --   Gb  - Linker created -
HardFault_Handler       0x0800ae51    0x8  Code  Gb  stm32f4xx_it.o [1]
INPUT_GPIO_Init         0x08005c45  0x290  Code  Gb  bsp_gpio.o [1]
INPUT_StateRead         0x08005ed5   0xa6  Code  Gb  bsp_gpio.o [1]
InvertUint16            0x08004cb9   0x28  Code  Gb  crc16.o [1]
InvertUint8             0x08004c91   0x28  Code  Gb  crc16.o [1]
LED_GPIO_Init           0x080099a9   0xba  Code  Gb  bsp_led.o [1]
LEVEL_High              0x20000004    0x4  Data  Gb  variable.o [1]
LEVEL_Low               0x2000327c    0x4  Data  Gb  variable.o [1]
LoadInt                 0x08007957   0x6e  Code  Lc  xprintffull.o [3]
MX_DEBUG_USART_Init     0x080062d5   0x5c  Code  Gb  bsp_debug_usart.o [1]
MX_NVIC_USART1_Init     0x08006109   0x14  Code  Lc  bsp_debug_usart.o [1]
MX_NVIC_USART3_Init     0x0800454d   0x14  Code  Lc  bsp_usartx_RS485.o [1]
MX_NVIC_USART5_Init     0x0800611d   0x14  Code  Lc  bsp_debug_usart.o [1]
MX_RTC_Init             0x08008d57   0x62  Code  Gb  bsp_rtc.o [1]
MX_SPIFlash_Init        0x08005849   0x72  Code  Gb  bsp_spiflash.o [1]
MX_USARTx_Init          0x08006279   0x5c  Code  Gb  bsp_debug_usart.o [1]
MemManage_Handler       0x0800ae59    0x8  Code  Gb  stm32f4xx_it.o [1]
Modbusprocess           0x08001c51  0x388  Code  Gb  function.o [1]
NMI_Handler             0x0800ae49    0x8  Code  Gb  stm32f4xx_it.o [1]
NVIC_EnableIRQ          0x08008797   0x14  Code  Lc  stm32f4xx_hal_cortex.o [1]
NVIC_EncodePriority     0x080087cd   0x3e  Code  Lc  stm32f4xx_hal_cortex.o [1]
NVIC_GetPriorityGrouping
                        0x0800878d    0xa  Code  Lc  stm32f4xx_hal_cortex.o [1]
NVIC_SetPriority        0x080087ab   0x22  Code  Lc  stm32f4xx_hal_cortex.o [1]
NVIC_SetPriorityGrouping
                        0x08008771   0x1c  Code  Lc  stm32f4xx_hal_cortex.o [1]
NVIC_SystemReset        0x08000189   0x22  Code  Lc  function.o [1]
OUTPUT_GPIO_Init        0x08005f7b   0xd0  Code  Gb  bsp_gpio.o [1]
Open_Beep               0x080023e9    0xc  Code  Gb  function.o [1]
Open_Delay              0x08001289  0x136  Code  Gb  function.o [1]
Open_Error              0x080011a9   0x6e  Code  Gb  function.o [1]
Open_Light              0x08002409    0xc  Code  Gb  function.o [1]
Open_YiYe_pupm          0x08002421    0xc  Code  Gb  function.o [1]
PendSV_Handler          0x0800ae81    0x8  Code  Gb  stm32f4xx_it.o [1]
RCC_IRQHandler          0x0800ae95    0x2  Code  Gb  stm32f4xx_it.o [1]
RS485_Receive_Data      0x08004609   0x30  Code  Gb  bsp_usartx_RS485.o [1]
RS485_Rx_Count          0x2000329c    0x2  Data  Gb  variable.o [1]
RS485_Rx_Count_Old      0x200001e8    0x2  Data  Gb  variable.o [1]
RS485_Rx_buf            0x2000320c   0x34  Data  Gb  variable.o [1]
RS485_Send_Data         0x080045bd   0x4c  Code  Gb  bsp_usartx_RS485.o [1]
RS485_USARTx_Init       0x08004561   0x5c  Code  Gb  bsp_usartx_RS485.o [1]
RTC_Bcd2ToByte          0x08004a43   0x1a  Code  Gb  stm32f4xx_hal_rtc.o [1]
RTC_ByteToBcd2          0x08004a2d   0x16  Code  Gb  stm32f4xx_hal_rtc.o [1]
RTC_CalendarConfig      0x08008c23  0x134  Code  Gb  bsp_rtc.o [1]
RTC_CalendarShow        0x08001629   0x4c  Code  Gb  function.o [1]
RTC_Config_flag         0x200032af    0x1  Data  Gb  variable.o [1]
RTC_EnterInitMode       0x080049f5   0x38  Code  Gb  stm32f4xx_hal_rtc.o [1]
Reboot                  0x080023cd   0x1c  Code  Gb  function.o [1]
Reboot_flag             0x200032ad    0x1  Data  Gb  variable.o [1]
Region$$Table$$Base     0x0800b6a8          --   Gb  - Linker created -
Region$$Table$$Limit    0x0800b6c8          --   Gb  - Linker created -
RevCommand              0x200032a1    0x1  Data  Gb  main.o [1]
RevDevicesData          0x200032a0    0x1  Data  Gb  main.o [1]
Rx_buf                  0x200025d8  0x3e8  Data  Gb  variable.o [1]
SCM_state               0x20000020    0x4  Data  Gb  variable.o [1]
SPI_CheckFlag_BSY       0x0800996d   0x28  Code  Lc  stm32f4xx_hal_spi.o [1]
SPI_FLASH_BufferRead    0x08005b63   0x52  Code  Gb  bsp_spiflash.o [1]
SPI_FLASH_BufferWrite   0x08005a2b  0x138  Code  Gb  bsp_spiflash.o [1]
SPI_FLASH_PageWrite     0x080059c7   0x64  Code  Gb  bsp_spiflash.o [1]
SPI_FLASH_SectorErase   0x08005983   0x44  Code  Gb  bsp_spiflash.o [1]
SPI_FLASH_SendByte      0x08005bb5   0x2c  Code  Gb  bsp_spiflash.o [1]
SPI_FLASH_WaitForWriteEnd
                        0x08005bff   0x2c  Code  Gb  bsp_spiflash.o [1]
SPI_FLASH_WriteEnable   0x08005be1   0x1e  Code  Gb  bsp_spiflash.o [1]
SPI_WaitFlagStateUntilTimeout
                        0x080098cb   0xa2  Code  Lc  stm32f4xx_hal_spi.o [1]
STREES_High             0x20000008    0x4  Data  Gb  variable.o [1]
STREES_Low              0x20003280    0x4  Data  Gb  variable.o [1]
SVC_Handler             0x0800ae71    0x8  Code  Gb  stm32f4xx_it.o [1]
Sample_RS485            0x08009ea7  0x11a  Code  Gb  sample.o [1]
Sample_flag             0x200032a5    0x1  Data  Gb  variable.o [1]
Save_Data               0x080001fd  0x158  Code  Gb  function.o [1]
Save_Device_Data        0x080021a9   0xa2  Code  Gb  function.o [1]
Save_flag               0x200032aa    0x1  Data  Gb  variable.o [1]
Sensor_Cfg_Mode         0x200032a3    0x1  Data  Gb  variable.o [1]
Simulation_Level        0x080023a9   0x1e  Code  Gb  function.o [1]
StringToArray           0x08008b91   0x92  Code  Gb  bsp_rtc.o [1]
SysTick_Config          0x0800880b   0x2e  Code  Lc  stm32f4xx_hal_cortex.o [1]
SysTick_Handler         0x0800ae89    0xc  Code  Gb  stm32f4xx_it.o [1]
SystemClock_Config      0x08006ad5   0xb2  Code  Gb  main.o [1]
SystemCoreClock         0x20000000    0x4  Data  Gb  system_stm32f4xx.o [1]
SystemInit              0x08004f1d   0x4c  Code  Gb  system_stm32f4xx.o [1]
TEMP_High               0x20000018    0x4  Data  Gb  variable.o [1]
TEMP_Low                0x20000014    0x4  Data  Gb  variable.o [1]
TIM6_DAC_IRQHandler     0x0800aeab    0xa  Code  Gb  stm32f4xx_it.o [1]
TIM_Base_SetConfig      0x08009cf3   0xe4  Code  Gb  stm32f4xx_hal_tim.o [1]
UART_DMAAbortOnError    0x08003f25   0x12  Code  Lc  stm32f4xx_hal_uart.o [1]
UART_EndRxTransfer      0x08003f01   0x20  Code  Lc  stm32f4xx_hal_uart.o [1]
UART_EndTransmit_IT     0x08003fa3   0x1c  Code  Lc  stm32f4xx_hal_uart.o [1]
UART_Receive_IT         0x08003fbf   0x9a  Code  Lc  stm32f4xx_hal_uart.o [1]
UART_SetConfig          0x08004059  0x30c  Code  Lc  stm32f4xx_hal_uart.o [1]
UART_Transmit_IT        0x08003f39   0x6a  Code  Lc  stm32f4xx_hal_uart.o [1]
UART_WaitOnFlagUntilTimeout
                        0x08003e91   0x70  Code  Lc  stm32f4xx_hal_uart.o [1]
USART1_IRQHandler       0x0800ae97    0xa  Code  Gb  stm32f4xx_it.o [1]
USART3_IRQHandler       0x0800aea1    0xa  Code  Gb  stm32f4xx_it.o [1]
UpData                  0x080004f9  0x14c  Code  Gb  function.o [1]
UpData_flag             0x200032a6    0x1  Data  Gb  variable.o [1]
UsageFault_Handler      0x0800ae69    0x8  Code  Gb  stm32f4xx_it.o [1]
WCOND_High              0x20000010    0x4  Data  Gb  variable.o [1]
WCOND_Low               0x20003288    0x4  Data  Gb  variable.o [1]
WEIGHT_High             0x2000001c    0x4  Data  Gb  variable.o [1]
WEIGHT_Low              0x2000328c    0x4  Data  Gb  variable.o [1]
WPH_High                0x2000000c    0x4  Data  Gb  variable.o [1]
WPH_Low                 0x20003284    0x4  Data  Gb  variable.o [1]
YiYe_pump_control_flag  0x200032ac    0x1  Data  Gb  variable.o [1]
YiYe_pump_flag          0x200032ab    0x1  Data  Gb  variable.o [1]
_EncodingSb_Mbtowc      0x0800ad77   0x30  Code  Gb  xencoding_sb.o [3]
_EncodingSb_Wctomb      0x0800ad5d   0x1a  Code  Gb  xencoding_sb.o [3]
_GenldFull              0x080081db  0x24c  Code  Lc  xprintffull.o [3]
_IsdstStr               0x200000f0    0x4  Data  Gb  setlocale.o [3]
_LdtobFull              0x08007dd9  0x3fc  Code  Lc  xprintffull.o [3]
_LitobFull              0x08007cd1  0x106  Code  Lc  xprintffull.o [3]
_LocaleC_isalpha        0x0800adbf   0x16  Code  Gb  xlocale_c.o [3]
_LocaleC_isspace        0x0800add5   0x14  Code  Gb  xlocale_c.o [3]
_LocaleC_tolower        0x0800ade9    0xc  Code  Gb  xlocale_c.o [3]
_LocaleEncoding         0x0800ad4b    0xe  Code  Gb  setlocale.o [3]
_LocaleForCat           0x0800ad39   0x12  Code  Gb  setlocale.o [3]
_LocaleReturnString     0x20000110   0x50  Data  Lc  setlocale.o [3]
_Locale_Profile         0x200000f4   0x1c  Data  Gb  setlocale.o [3]
_Locale_aeabi_lconv     0x200001b0   0x38  Data  Gb  localeconv.o [3]
_Locale_lconv           0x20000160   0x50  Data  Gb  localeconv.o [3]
_Mbtowc                 0x08009fd1   0x20  Code  Gb  xmbtowc.o [3]
_PrintfFull             0x08007309  0x638  Code  Gb  xprintffull.o [3]
_Prout                  0x0800ba4d   0x16  Code  Gb  xprout.o [3]
_PutcharsFull           0x08008427   0x2e  Code  Lc  xprintffull.o [3]
_PutstrFull             0x080079c5  0x306  Code  Lc  xprintffull.o [3]
_SProut                 0x08002677    0xa  Code  Gb  xsprout.o [3]
_Stoflt                 0x0800a4dd  0x1b8  Code  Gb  xstoflt.o [3]
_Stopfx                 0x0800a3b7  0x124  Code  Gb  xstopfx.o [3]
_Stoxflt                0x0800a8d1  0x1e2  Code  Gb  xstoxflt.o [3]
_Strtok_ssave           0x200000e4    0x4  Data  Lc  strtok.o [3]
_TzoneStr               0x200000ec    0x4  Data  Gb  setlocale.o [3]
_Wctomb                 0x0800a06b   0x1a  Code  Gb  xwctomb.o [3]
__aeabi_cdcmpeq         0x08004461         Code  Gb  DblCmpEq.o [4]
__aeabi_cdcmple         0x08004481         Code  Gb  DblCmpLe.o [4]
__aeabi_cdrcmple        0x08004431         Code  Gb  DblCmpGe.o [4]
__aeabi_d2f             0x08004c01         Code  Gb  DblToFlt.o [4]
__aeabi_d2iz            0x08004ec5         Code  Gb  DblToI32.o [4]
__aeabi_d2uiz           0x08004ef1         Code  Gb  DblToI32.o [4]
__aeabi_dadd            0x08004ddd         Code  Gb  DblAdd.o [4]
__aeabi_ddiv            0x08009059         Code  Gb  DblDiv.o [4]
__aeabi_dmul            0x08004a5d         Code  Gb  DblMul.o [4]
__aeabi_dsub            0x08008e11         Code  Gb  DblSub.o [4]
__aeabi_errno_addr      0x0800904d    0x6  Code  Gb  errno.o [3]
__aeabi_f2d             0x08004371         Code  Gb  FltToDbl.o [4]
__aeabi_i2d             0x08004dad         Code  Gb  I32ToDbl.o [4]
__aeabi_ldiv0           0x0800adbd         Code  Gb  I64DivZer.o [5]
__aeabi_memclr4         0x08002671         Code  Gb  ABImemclr4.o [5]
__aeabi_ui2d            0x08004dc1         Code  Gb  I32ToDbl.o [4]
__aeabi_uldivmod        0x0800a0fd         Code  Gb  I64DivMod.o [5]
__cmain                 0x0800b975         Code  Gb  cmain.o [5]
__data_GetMemChunk      0x080060dd   0x2c  Code  Gb  xgetmemchunk.o [3]
__exit                  0x08009995   0x14  Code  Gb  exit.o [6]
__iar_Dint              0x08008fd3   0x7a  Code  Gb  xdint.o [4]
__iar_Dnorm             0x08008f91   0x42  Code  Gb  xdnorm.o [4]
__iar_Dscale            0x0800a1ed  0x114  Code  Gb  xdscale.o [4]
__iar_Dtentox           0x0800a72d  0x13e  Code  Gb  xdtento.o [4]
__iar_Dtest             0x0800ac9d   0x30  Code  Gb  xdtest.o [4]
__iar_Dunscale          0x0800adf5   0x52  Code  Gb  xdunscal.o [4]
__iar_Errno             0x200000e8    0x4  Data  Gb  errno.o [3]
__iar_Exp               0x08009361  0x2be  Code  Gb  xexp.o [4]
__iar_Locale_lconv_init
                        0x0800a301   0x3a  Code  Gb  localeconv.o [3]
__iar_Logpoly           0x080092b1   0x76  Code  Gb  xlog.o [4]
__iar_Mbcurmax          0x0800a061    0xa  Code  Gb  xmbcurmax.o [3]
__iar_Memchr            0x0800a009         Code  Gb  memchr.o [5]
__iar_Memset4_word      0x080060a5         Code  Gb  ABImemset48.o [5]
__iar_Memset8_word      0x080060a5         Code  Gb  ABImemset48.o [5]
__iar_Stdout            0x200000a4   0x40  Data  Gb  xfiles.o [3]
__iar_Stod              0x0800876d    0x4  Code  Gb  xstod.o [4]
__iar_Stodx             0x08008609  0x14e  Code  Gb  xstod.o [4]
__iar_Stoul             0x080085b5    0x4  Code  Gb  xstoul.o [3]
__iar_Stoulx            0x08008471  0x13e  Code  Gb  xstoul.o [3]
__iar_Strchr            0x08009ff1         Code  Gb  strchr.o [5]
__iar_d2uiz             0x08004efd         Code  Gb  DblToI32.o [4]
__iar_dadd              0x08004df1         Code  Gb  DblAdd.o [4]
__iar_data_init3        0x0800b489   0x28  Code  Gb  data_init.o [5]
__iar_dlfree            0x0800368f  0x510  Code  Gb  dlmalloc.o [3]
__iar_dlib_perthread_access
                        0x0800605d    0x2  Code  Gb  xtls.o [3]
__iar_dlmalloc          0x080033d9  0x2aa  Code  Gb  dlmalloc.o [3]
__iar_dsub              0x08008e25         Code  Gb  DblSub.o [4]
__iar_dsubStart         0x08008e37         Code  Gb  DblSub.o [4]
__iar_init_vfp          0x0800b685         Code  Gb  fpinit_M.o [4]
__iar_packbits_init_single3
                        0x0800b0e5   0x38  Code  Gb  packbits_init_single.o [5]
__iar_program_start     0x0800bb39         Code  Gb  cstartup_M.o [5]
__iar_ui2d              0x08004dc5         Code  Gb  I32ToDbl.o [4]
__iar_unaligned___aeabi_memcpy
                        0x0800a085         Code  Gb  ABImemcpy_unaligned.o [5]
__iar_unaligned___aeabi_memcpy4
                        0x0800a0a5         Code  Gb  ABImemcpy_unaligned.o [5]
__iar_unaligned___aeabi_memcpy8
                        0x0800a0a5         Code  Gb  ABImemcpy_unaligned.o [5]
__iar_unaligned_strcmp  0x08004d61         Code  Gb  strcmp_unaligned.o [5]
__iar_unaligned_strcpy  0x080025e1         Code  Gb  strcpy_unaligned.o [5]
__iar_vfp_pow           0x0800540b   0x18  Code  Gb  pow.o [4]
__iar_vfp_strtod        0x08004421    0xe  Code  Gb  strtod.o [4]
__iar_zero_init3        0x0800b06d   0x40  Code  Gb  zero_init3.o [5]
__low_level_init        0x0800b98f    0x4  Code  Gb  low_level_init.o [3]
__vector_table          0x08000000         Data  Gb  startup_stm32f407xx.o [1]
_call_main              0x0800b981         Code  Gb  cmain.o [5]
_exit                   0x0800b999         Code  Gb  cexit.o [5]
_gm_                    0x20002bf0  0x1d8  Data  Lc  dlmalloc.o [3]
_main                   0x0800b98b         Code  Gb  cmain.o [5]
aRxBuffer               0x2000329e    0x1  Data  Gb  main.o [1]
abort                   0x080060d7    0x6  Code  Gb  abort.o [3]
abs                     0x08004da3    0x8  Code  Gb  abs.o [3]
atoi                    0x08004419    0x8  Code  Gb  atoi.o [3]
com_flag                0x200032a2    0x1  Data  Gb  main.o [1]
delay                   0x200029c0  0x230  Data  Gb  variable.o [1]
digits                  0x080085b8   0x28  Data  Lc  xstoul.o [3]
div                     0x0800a36d    0xe  Code  Gb  div.o [3]
dmul                    0x0800a6d1   0x5a  Code  Lc  xdtento.o [4]
exit                    0x0800b993    0x4  Code  Gb  exit.o [3]
fputc                   0x08006331   0x14  Code  Gb  bsp_debug_usart.o [1]
frist                   0x2000329f    0x1  Data  Gb  main.o [1]
hrtc                    0x20003240   0x20  Data  Gb  bsp_rtc.o [1]
hspiflash               0x20003068   0x58  Data  Gb  bsp_spiflash.o [1]
htimx                   0x200031d0   0x3c  Data  Gb  bsp_BasicTIM.o [1]
htoi                    0x08009e39   0x6e  Code  Gb  sample.o [1]
husart_debug            0x20003110   0x40  Data  Gb  bsp_debug_usart.o [1]
husartx                 0x20003150   0x40  Data  Gb  bsp_debug_usart.o [1]
husartx_rs485           0x20003190   0x40  Data  Gb  bsp_usartx_RS485.o [1]
init_mparams            0x080026d3   0x32  Code  Lc  dlmalloc.o [3]
init_top                0x08002705   0x34  Code  Lc  dlmalloc.o [3]
internal_Pow            0x08004f89  0x478  Code  Lc  pow.o [4]
isalpha                 0x0800a37b   0x14  Code  Gb  isxxx.o [3]
isspace                 0x0800a38f   0x14  Code  Gb  isxxx.o [3]
itoa                    0x0800225d   0x64  Code  Gb  function.o [1]
lnbias                  0x08005428  0x420  Data  Lc  pow.o [4]
localeconv              0x0800a33b   0x16  Code  Gb  localeconv.o [3]
main                    0x0800639d  0x3b4  Code  Gb  main.o [1]
memchr                  0x0800a009         Code  Gb  memchr.o [5]
minute_timer_count      0x20003294    0x2  Data  Gb  main.o [1]
movedigit               0x08001aa5  0x14e  Code  Gb  function.o [1]
mparams                 0x20003260   0x18  Data  Lc  dlmalloc.o [3]
ndigs                   0x080085e0   0x28  Data  Lc  xstoul.o [3]
obuf                    0x200030c0   0x50  Data  Lc  xfiles.o [3]
pows                    0x0800a888   0x48  Data  Lc  xdtento.o [4]
prepend_alloc           0x08002739  0x36c  Code  Lc  dlmalloc.o [3]
printf                  0x080043f5   0x24  Code  Gb  printf.o [3]
putchar                 0x0800ba65    0xc  Code  Gb  putchar.o [3]
second_timer_count      0x20003296    0x2  Data  Gb  main.o [1]
segment_holding         0x080026b9   0x1a  Code  Lc  dlmalloc.o [3]
sensor_array            0x20002dc8  0x1b0  Data  Gb  variable.o [1]
sensor_data             0x20002f78   0xf0  Data  Gb  variable.o [1]
split                   0x08009e05   0x34  Code  Gb  sample.o [1]
sprintf                 0x080043c1   0x34  Code  Gb  sprintf.o [3]
strchr                  0x08009ff1         Code  Gb  strchr.o [5]
strcspn                 0x08006081   0x22  Code  Gb  strcspn.o [3]
strlen                  0x08002681         Code  Gb  strlen.o [5]
strspn                  0x0800605f   0x22  Code  Gb  strspn.o [3]
strtok                  0x08002625   0x4c  Code  Gb  strtok.o [3]
sys_alloc               0x08002aa5  0x386  Code  Lc  dlmalloc.o [3]
sys_time_Control_flag   0x200032a9    0x1  Data  Gb  variable.o [1]
time_Control_flag       0x200032a8    0x1  Data  Gb  variable.o [1]
time_num                0x20003298    0x2  Data  Gb  main.o [1]
tmalloc_large           0x08002e39  0x390  Code  Lc  dlmalloc.o [3]
tmalloc_small           0x080031c9  0x210  Code  Lc  dlmalloc.o [3]
tolower                 0x0800a3a3   0x14  Code  Gb  tolower.o [3]
uwTick                  0x20003278    0x4  Data  Gb  stm32f4xx_hal.o [1]


[1] = F:\STM32F407-RS485数据采集-V2\RS485-主机端 - 删减版 - dev\EWARM\YS-F4Pro\Obj
[2] = command line
[3] = dl7M_tlf.a
[4] = m7M_tls.a
[5] = rt7M_tl.a
[6] = shb_l.a

  45 324 bytes of readonly  code memory
   3 184 bytes of readonly  data memory
  12 970 bytes of readwrite data memory

Errors: none
Warnings: none
