###############################################################################
#
# IAR ELF Linker V7.50.2.10312/W32 for ARM                28/Feb/2019  09:48:51
# Copyright 2007-2015 IAR Systems AB.
#
#    Output file  =  
#        D:\XiongXia\产品资料\智涂云单片机版-整理版 -
#        修改版\EWARM\YS-F4Pro\Exe\YS-F4Pro.out
#    Map file     =  
#        D:\XiongXia\产品资料\智涂云单片机版-整理版 -
#        修改版\EWARM\YS-F4Pro\List\YS-F4Pro.map
#    Command line =  
#        "D:\XiongXia\产品资料\智涂云单片机版-整理版 -
#        修改版\EWARM\YS-F4Pro\Obj\bsp_BasicTIM.o"
#        "D:\XiongXia\产品资料\智涂云单片机版-整理版 -
#        修改版\EWARM\YS-F4Pro\Obj\bsp_debug_usart.o"
#        "D:\XiongXia\产品资料\智涂云单片机版-整理版 -
#        修改版\EWARM\YS-F4Pro\Obj\bsp_gpio.o"
#        "D:\XiongXia\产品资料\智涂云单片机版-整理版 -
#        修改版\EWARM\YS-F4Pro\Obj\bsp_iwdg.o"
#        "D:\XiongXia\产品资料\智涂云单片机版-整理版 -
#        修改版\EWARM\YS-F4Pro\Obj\bsp_led.o"
#        "D:\XiongXia\产品资料\智涂云单片机版-整理版 -
#        修改版\EWARM\YS-F4Pro\Obj\bsp_rtc.o"
#        "D:\XiongXia\产品资料\智涂云单片机版-整理版 -
#        修改版\EWARM\YS-F4Pro\Obj\bsp_spiflash.o"
#        "D:\XiongXia\产品资料\智涂云单片机版-整理版 -
#        修改版\EWARM\YS-F4Pro\Obj\bsp_usartx_RS485.o"
#        "D:\XiongXia\产品资料\智涂云单片机版-整理版 -
#        修改版\EWARM\YS-F4Pro\Obj\crc16.o"
#        "D:\XiongXia\产品资料\智涂云单片机版-整理版 -
#        修改版\EWARM\YS-F4Pro\Obj\function.o"
#        "D:\XiongXia\产品资料\智涂云单片机版-整理版 -
#        修改版\EWARM\YS-F4Pro\Obj\main.o"
#        "D:\XiongXia\产品资料\智涂云单片机版-整理版 -
#        修改版\EWARM\YS-F4Pro\Obj\sample.o"
#        "D:\XiongXia\产品资料\智涂云单片机版-整理版 -
#        修改版\EWARM\YS-F4Pro\Obj\startup_stm32f407xx.o"
#        "D:\XiongXia\产品资料\智涂云单片机版-整理版 -
#        修改版\EWARM\YS-F4Pro\Obj\stm32f4xx_assert.o"
#        "D:\XiongXia\产品资料\智涂云单片机版-整理版 -
#        修改版\EWARM\YS-F4Pro\Obj\stm32f4xx_hal.o"
#        "D:\XiongXia\产品资料\智涂云单片机版-整理版 -
#        修改版\EWARM\YS-F4Pro\Obj\stm32f4xx_hal_adc.o"
#        "D:\XiongXia\产品资料\智涂云单片机版-整理版 -
#        修改版\EWARM\YS-F4Pro\Obj\stm32f4xx_hal_adc_ex.o"
#        "D:\XiongXia\产品资料\智涂云单片机版-整理版 -
#        修改版\EWARM\YS-F4Pro\Obj\stm32f4xx_hal_can.o"
#        "D:\XiongXia\产品资料\智涂云单片机版-整理版 -
#        修改版\EWARM\YS-F4Pro\Obj\stm32f4xx_hal_cec.o"
#        "D:\XiongXia\产品资料\智涂云单片机版-整理版 -
#        修改版\EWARM\YS-F4Pro\Obj\stm32f4xx_hal_cortex.o"
#        "D:\XiongXia\产品资料\智涂云单片机版-整理版 -
#        修改版\EWARM\YS-F4Pro\Obj\stm32f4xx_hal_crc.o"
#        "D:\XiongXia\产品资料\智涂云单片机版-整理版 -
#        修改版\EWARM\YS-F4Pro\Obj\stm32f4xx_hal_cryp.o"
#        "D:\XiongXia\产品资料\智涂云单片机版-整理版 -
#        修改版\EWARM\YS-F4Pro\Obj\stm32f4xx_hal_cryp_ex.o"
#        "D:\XiongXia\产品资料\智涂云单片机版-整理版 -
#        修改版\EWARM\YS-F4Pro\Obj\stm32f4xx_hal_dac.o"
#        "D:\XiongXia\产品资料\智涂云单片机版-整理版 -
#        修改版\EWARM\YS-F4Pro\Obj\stm32f4xx_hal_dac_ex.o"
#        "D:\XiongXia\产品资料\智涂云单片机版-整理版 -
#        修改版\EWARM\YS-F4Pro\Obj\stm32f4xx_hal_dcmi.o"
#        "D:\XiongXia\产品资料\智涂云单片机版-整理版 -
#        修改版\EWARM\YS-F4Pro\Obj\stm32f4xx_hal_dcmi_ex.o"
#        "D:\XiongXia\产品资料\智涂云单片机版-整理版 -
#        修改版\EWARM\YS-F4Pro\Obj\stm32f4xx_hal_dfsdm.o"
#        "D:\XiongXia\产品资料\智涂云单片机版-整理版 -
#        修改版\EWARM\YS-F4Pro\Obj\stm32f4xx_hal_dma.o"
#        "D:\XiongXia\产品资料\智涂云单片机版-整理版 -
#        修改版\EWARM\YS-F4Pro\Obj\stm32f4xx_hal_dma2d.o"
#        "D:\XiongXia\产品资料\智涂云单片机版-整理版 -
#        修改版\EWARM\YS-F4Pro\Obj\stm32f4xx_hal_dma_ex.o"
#        "D:\XiongXia\产品资料\智涂云单片机版-整理版 -
#        修改版\EWARM\YS-F4Pro\Obj\stm32f4xx_hal_dsi.o"
#        "D:\XiongXia\产品资料\智涂云单片机版-整理版 -
#        修改版\EWARM\YS-F4Pro\Obj\stm32f4xx_hal_eth.o"
#        "D:\XiongXia\产品资料\智涂云单片机版-整理版 -
#        修改版\EWARM\YS-F4Pro\Obj\stm32f4xx_hal_flash.o"
#        "D:\XiongXia\产品资料\智涂云单片机版-整理版 -
#        修改版\EWARM\YS-F4Pro\Obj\stm32f4xx_hal_flash_ex.o"
#        "D:\XiongXia\产品资料\智涂云单片机版-整理版 -
#        修改版\EWARM\YS-F4Pro\Obj\stm32f4xx_hal_flash_ramfunc.o"
#        "D:\XiongXia\产品资料\智涂云单片机版-整理版 -
#        修改版\EWARM\YS-F4Pro\Obj\stm32f4xx_hal_fmpi2c.o"
#        "D:\XiongXia\产品资料\智涂云单片机版-整理版 -
#        修改版\EWARM\YS-F4Pro\Obj\stm32f4xx_hal_fmpi2c_ex.o"
#        "D:\XiongXia\产品资料\智涂云单片机版-整理版 -
#        修改版\EWARM\YS-F4Pro\Obj\stm32f4xx_hal_gpio.o"
#        "D:\XiongXia\产品资料\智涂云单片机版-整理版 -
#        修改版\EWARM\YS-F4Pro\Obj\stm32f4xx_hal_hash.o"
#        "D:\XiongXia\产品资料\智涂云单片机版-整理版 -
#        修改版\EWARM\YS-F4Pro\Obj\stm32f4xx_hal_hash_ex.o"
#        "D:\XiongXia\产品资料\智涂云单片机版-整理版 -
#        修改版\EWARM\YS-F4Pro\Obj\stm32f4xx_hal_hcd.o"
#        "D:\XiongXia\产品资料\智涂云单片机版-整理版 -
#        修改版\EWARM\YS-F4Pro\Obj\stm32f4xx_hal_i2c.o"
#        "D:\XiongXia\产品资料\智涂云单片机版-整理版 -
#        修改版\EWARM\YS-F4Pro\Obj\stm32f4xx_hal_i2c_ex.o"
#        "D:\XiongXia\产品资料\智涂云单片机版-整理版 -
#        修改版\EWARM\YS-F4Pro\Obj\stm32f4xx_hal_i2s.o"
#        "D:\XiongXia\产品资料\智涂云单片机版-整理版 -
#        修改版\EWARM\YS-F4Pro\Obj\stm32f4xx_hal_i2s_ex.o"
#        "D:\XiongXia\产品资料\智涂云单片机版-整理版 -
#        修改版\EWARM\YS-F4Pro\Obj\stm32f4xx_hal_irda.o"
#        "D:\XiongXia\产品资料\智涂云单片机版-整理版 -
#        修改版\EWARM\YS-F4Pro\Obj\stm32f4xx_hal_iwdg.o"
#        "D:\XiongXia\产品资料\智涂云单片机版-整理版 -
#        修改版\EWARM\YS-F4Pro\Obj\stm32f4xx_hal_lptim.o"
#        "D:\XiongXia\产品资料\智涂云单片机版-整理版 -
#        修改版\EWARM\YS-F4Pro\Obj\stm32f4xx_hal_ltdc.o"
#        "D:\XiongXia\产品资料\智涂云单片机版-整理版 -
#        修改版\EWARM\YS-F4Pro\Obj\stm32f4xx_hal_ltdc_ex.o"
#        "D:\XiongXia\产品资料\智涂云单片机版-整理版 -
#        修改版\EWARM\YS-F4Pro\Obj\stm32f4xx_hal_mmc.o"
#        "D:\XiongXia\产品资料\智涂云单片机版-整理版 -
#        修改版\EWARM\YS-F4Pro\Obj\stm32f4xx_hal_msp.o"
#        "D:\XiongXia\产品资料\智涂云单片机版-整理版 -
#        修改版\EWARM\YS-F4Pro\Obj\stm32f4xx_hal_nand.o"
#        "D:\XiongXia\产品资料\智涂云单片机版-整理版 -
#        修改版\EWARM\YS-F4Pro\Obj\stm32f4xx_hal_nor.o"
#        "D:\XiongXia\产品资料\智涂云单片机版-整理版 -
#        修改版\EWARM\YS-F4Pro\Obj\stm32f4xx_hal_pccard.o"
#        "D:\XiongXia\产品资料\智涂云单片机版-整理版 -
#        修改版\EWARM\YS-F4Pro\Obj\stm32f4xx_hal_pcd.o"
#        "D:\XiongXia\产品资料\智涂云单片机版-整理版 -
#        修改版\EWARM\YS-F4Pro\Obj\stm32f4xx_hal_pcd_ex.o"
#        "D:\XiongXia\产品资料\智涂云单片机版-整理版 -
#        修改版\EWARM\YS-F4Pro\Obj\stm32f4xx_hal_pwr.o"
#        "D:\XiongXia\产品资料\智涂云单片机版-整理版 -
#        修改版\EWARM\YS-F4Pro\Obj\stm32f4xx_hal_pwr_ex.o"
#        "D:\XiongXia\产品资料\智涂云单片机版-整理版 -
#        修改版\EWARM\YS-F4Pro\Obj\stm32f4xx_hal_qspi.o"
#        "D:\XiongXia\产品资料\智涂云单片机版-整理版 -
#        修改版\EWARM\YS-F4Pro\Obj\stm32f4xx_hal_rcc.o"
#        "D:\XiongXia\产品资料\智涂云单片机版-整理版 -
#        修改版\EWARM\YS-F4Pro\Obj\stm32f4xx_hal_rcc_ex.o"
#        "D:\XiongXia\产品资料\智涂云单片机版-整理版 -
#        修改版\EWARM\YS-F4Pro\Obj\stm32f4xx_hal_rng.o"
#        "D:\XiongXia\产品资料\智涂云单片机版-整理版 -
#        修改版\EWARM\YS-F4Pro\Obj\stm32f4xx_hal_rtc.o"
#        "D:\XiongXia\产品资料\智涂云单片机版-整理版 -
#        修改版\EWARM\YS-F4Pro\Obj\stm32f4xx_hal_rtc_ex.o"
#        "D:\XiongXia\产品资料\智涂云单片机版-整理版 -
#        修改版\EWARM\YS-F4Pro\Obj\stm32f4xx_hal_sai.o"
#        "D:\XiongXia\产品资料\智涂云单片机版-整理版 -
#        修改版\EWARM\YS-F4Pro\Obj\stm32f4xx_hal_sai_ex.o"
#        "D:\XiongXia\产品资料\智涂云单片机版-整理版 -
#        修改版\EWARM\YS-F4Pro\Obj\stm32f4xx_hal_sd.o"
#        "D:\XiongXia\产品资料\智涂云单片机版-整理版 -
#        修改版\EWARM\YS-F4Pro\Obj\stm32f4xx_hal_sdram.o"
#        "D:\XiongXia\产品资料\智涂云单片机版-整理版 -
#        修改版\EWARM\YS-F4Pro\Obj\stm32f4xx_hal_smartcard.o"
#        "D:\XiongXia\产品资料\智涂云单片机版-整理版 -
#        修改版\EWARM\YS-F4Pro\Obj\stm32f4xx_hal_spdifrx.o"
#        "D:\XiongXia\产品资料\智涂云单片机版-整理版 -
#        修改版\EWARM\YS-F4Pro\Obj\stm32f4xx_hal_spi.o"
#        "D:\XiongXia\产品资料\智涂云单片机版-整理版 -
#        修改版\EWARM\YS-F4Pro\Obj\stm32f4xx_hal_sram.o"
#        "D:\XiongXia\产品资料\智涂云单片机版-整理版 -
#        修改版\EWARM\YS-F4Pro\Obj\stm32f4xx_hal_tim.o"
#        "D:\XiongXia\产品资料\智涂云单片机版-整理版 -
#        修改版\EWARM\YS-F4Pro\Obj\stm32f4xx_hal_tim_ex.o"
#        "D:\XiongXia\产品资料\智涂云单片机版-整理版 -
#        修改版\EWARM\YS-F4Pro\Obj\stm32f4xx_hal_uart.o"
#        "D:\XiongXia\产品资料\智涂云单片机版-整理版 -
#        修改版\EWARM\YS-F4Pro\Obj\stm32f4xx_hal_usart.o"
#        "D:\XiongXia\产品资料\智涂云单片机版-整理版 -
#        修改版\EWARM\YS-F4Pro\Obj\stm32f4xx_hal_wwdg.o"
#        "D:\XiongXia\产品资料\智涂云单片机版-整理版 -
#        修改版\EWARM\YS-F4Pro\Obj\stm32f4xx_it.o"
#        "D:\XiongXia\产品资料\智涂云单片机版-整理版 -
#        修改版\EWARM\YS-F4Pro\Obj\stm32f4xx_ll_adc.o"
#        "D:\XiongXia\产品资料\智涂云单片机版-整理版 -
#        修改版\EWARM\YS-F4Pro\Obj\stm32f4xx_ll_crc.o"
#        "D:\XiongXia\产品资料\智涂云单片机版-整理版 -
#        修改版\EWARM\YS-F4Pro\Obj\stm32f4xx_ll_dac.o"
#        "D:\XiongXia\产品资料\智涂云单片机版-整理版 -
#        修改版\EWARM\YS-F4Pro\Obj\stm32f4xx_ll_dma.o"
#        "D:\XiongXia\产品资料\智涂云单片机版-整理版 -
#        修改版\EWARM\YS-F4Pro\Obj\stm32f4xx_ll_dma2d.o"
#        "D:\XiongXia\产品资料\智涂云单片机版-整理版 -
#        修改版\EWARM\YS-F4Pro\Obj\stm32f4xx_ll_exti.o"
#        "D:\XiongXia\产品资料\智涂云单片机版-整理版 -
#        修改版\EWARM\YS-F4Pro\Obj\stm32f4xx_ll_fmc.o"
#        "D:\XiongXia\产品资料\智涂云单片机版-整理版 -
#        修改版\EWARM\YS-F4Pro\Obj\stm32f4xx_ll_fsmc.o"
#        "D:\XiongXia\产品资料\智涂云单片机版-整理版 -
#        修改版\EWARM\YS-F4Pro\Obj\stm32f4xx_ll_gpio.o"
#        "D:\XiongXia\产品资料\智涂云单片机版-整理版 -
#        修改版\EWARM\YS-F4Pro\Obj\stm32f4xx_ll_i2c.o"
#        "D:\XiongXia\产品资料\智涂云单片机版-整理版 -
#        修改版\EWARM\YS-F4Pro\Obj\stm32f4xx_ll_lptim.o"
#        "D:\XiongXia\产品资料\智涂云单片机版-整理版 -
#        修改版\EWARM\YS-F4Pro\Obj\stm32f4xx_ll_pwr.o"
#        "D:\XiongXia\产品资料\智涂云单片机版-整理版 -
#        修改版\EWARM\YS-F4Pro\Obj\stm32f4xx_ll_rcc.o"
#        "D:\XiongXia\产品资料\智涂云单片机版-整理版 -
#        修改版\EWARM\YS-F4Pro\Obj\stm32f4xx_ll_rng.o"
#        "D:\XiongXia\产品资料\智涂云单片机版-整理版 -
#        修改版\EWARM\YS-F4Pro\Obj\stm32f4xx_ll_rtc.o"
#        "D:\XiongXia\产品资料\智涂云单片机版-整理版 -
#        修改版\EWARM\YS-F4Pro\Obj\stm32f4xx_ll_sdmmc.o"
#        "D:\XiongXia\产品资料\智涂云单片机版-整理版 -
#        修改版\EWARM\YS-F4Pro\Obj\stm32f4xx_ll_spi.o"
#        "D:\XiongXia\产品资料\智涂云单片机版-整理版 -
#        修改版\EWARM\YS-F4Pro\Obj\stm32f4xx_ll_tim.o"
#        "D:\XiongXia\产品资料\智涂云单片机版-整理版 -
#        修改版\EWARM\YS-F4Pro\Obj\stm32f4xx_ll_usart.o"
#        "D:\XiongXia\产品资料\智涂云单片机版-整理版 -
#        修改版\EWARM\YS-F4Pro\Obj\stm32f4xx_ll_usb.o"
#        "D:\XiongXia\产品资料\智涂云单片机版-整理版 -
#        修改版\EWARM\YS-F4Pro\Obj\stm32f4xx_ll_utils.o"
#        "D:\XiongXia\产品资料\智涂云单片机版-整理版 -
#        修改版\EWARM\YS-F4Pro\Obj\system_stm32f4xx.o"
#        "D:\XiongXia\产品资料\智涂云单片机版-整理版 -
#        修改版\EWARM\YS-F4Pro\Obj\variable.o" --redirect _Printf=_PrintfFull
#        --redirect _Scanf=_ScanfFull -o
#        "D:\XiongXia\产品资料\智涂云单片机版-整理版 -
#        修改版\EWARM\YS-F4Pro\Exe\YS-F4Pro.out" --map
#        "D:\XiongXia\产品资料\智涂云单片机版-整理版 -
#        修改版\EWARM\YS-F4Pro\List\YS-F4Pro.map" --config
#        "D:\XiongXia\产品资料\智涂云单片机版-整理版 -
#        修改版\EWARM\stm32f407xx_flash.icf" --semihosting --entry
#        __iar_program_start --vfe
#
###############################################################################

*******************************************************************************
*** RUNTIME MODEL ATTRIBUTES
***

CppFlavor                     = *
__Heap_Handler                = DLMalloc
__SystemLibrary               = DLib
__dlib_dynamic_initialization = normal


*******************************************************************************
*** PLACEMENT SUMMARY
***

"A1":  place at 0x08000000 { ro section .intvec };
"P1":  place in [from 0x08000000 to 0x080fffff] { ro };
"P2":  place in [from 0x20000000 to 0x2001ffff] { rw, block CSTACK, block HEAP };

  Section             Kind        Address    Size  Object
  -------             ----        -------    ----  ------
"A1":                                       0x188
  .intvec             ro code  0x08000000   0x188  startup_stm32f407xx.o [1]
                             - 0x08000188   0x188

"P1":                                      0xefea
  .text               ro code  0x08000188  0x3bcc  function.o [1]
  .text               ro code  0x08003d54     0x6  ABImemclr4.o [5]
  .text               ro code  0x08003d5a     0xa  xsprout.o [3]
  .text               ro code  0x08003d64    0x36  strlen.o [5]
  .text               ro code  0x08003d9c    0x24  printf.o [3]
  .text               ro code  0x08003dc0    0x34  sprintf.o [3]
  .text               ro code  0x08003df4    0x44  strcpy_unaligned.o [5]
  .text               ro code  0x08003e38   0x3fc  bsp_spiflash.o [1]
  .text               ro code  0x08004234     0x8  atoi.o [3]
  .text               ro code  0x0800423c    0x30  I32ToDbl.o [4]
  .text               ro code  0x0800426c    0xe8  DblAdd.o [4]
  .text               ro code  0x08004354    0x90  DblToFlt.o [4]
  .text               ro code  0x080043e4    0x4e  FltToDbl.o [4]
  .text               ro code  0x08004434   0x1a2  DblMul.o [4]
  .text               ro code  0x080045d8    0x58  DblToI32.o [4]
  .text               ro code  0x08004630   0x8c0  pow.o [4]
  .text               ro code  0x08004ef0    0x66  ABImemset.o [5]
  .text               ro code  0x08004f58  0x14f0  dlmalloc.o [3]
  .text               ro code  0x08006448   0x7c8  stm32f4xx_hal_uart.o [1]
  .text               ro code  0x08006c10    0x4c  strtok.o [3]
  .text               ro code  0x08006c5c    0x42  strcmp_unaligned.o [5]
  .text               ro code  0x08006c9e    0x14  tolower.o [3]
  .text               ro code  0x08006cb2    0x10  atof.o [4]
  .text               ro code  0x08006cc4    0x2e  DblCmpLe.o [4]
  .text               ro code  0x08006cf2     0xe  strtod.o [4]
  .text               ro code  0x08006d00    0xce  crc16.o [1]
  .text               ro code  0x08006dd0    0x2e  DblCmpGe.o [4]
  .text               ro code  0x08006e00    0x76  ABImemcpy_unaligned.o [5]
  .text               ro code  0x08006e76    0x1c  strcat.o [3]
  .text               ro code  0x08006e94   0x170  bsp_usartx_RS485.o [1]
  .text               ro code  0x08007004   0x408  stm32f4xx_hal_rtc.o [1]
  .text               ro code  0x0800740c   0x180  DblSub.o [4]
  .text               ro code  0x0800758c   0x256  DblDiv.o [4]
  .text               ro code  0x080077e4    0x32  ABImemset48.o [5]
  .text               ro code  0x08007818  0x1166  xprintffull.o [3]
  .text               ro code  0x08008980   0x36c  stm32f4xx_hal_spi.o [1]
  .text               ro code  0x08008cec   0x250  stm32f4xx_hal_gpio.o [1]
  .text               ro code  0x08008f3c   0x198  xstoul.o [3]
  .text               ro code  0x080090d4    0x42  xdnorm.o [4]
  .text               ro code  0x08009116    0x7a  xdint.o [4]
  .text               ro code  0x08009190    0x20  DblCmpEq.o [4]
  .text               ro code  0x080091b0     0xc  errno.o [3]
  .text               ro code  0x080091bc    0xb0  xlog.o [4]
  .text               ro code  0x0800926c   0x2c6  xexp.o [4]
  .text               ro code  0x08009532     0x6  abort.o [3]
  .text               ro code  0x08009538    0x2c  xgetmemchunk.o [3]
  .text               ro code  0x08009564   0x26c  bsp_debug_usart.o [1]
  .text               ro code  0x080097d0    0x7c  stm32f4xx_hal.o [1]
  .text               ro code  0x0800984c    0x26  stm32f4xx_hal_dma.o [1]
  .text               ro code  0x08009874  0x1098  main.o [1]
  .text               ro code  0x0800a90c   0x6bc  stm32f4xx_hal_rcc.o [1]
  .text               ro code  0x0800afc8     0x2  xtls.o [3]
  .text               ro code  0x0800afca    0x22  strspn.o [3]
  .text               ro code  0x0800afec    0x22  strcspn.o [3]
  .text               ro code  0x0800b010    0x24  setlocale.o [3]
  .text               ro code  0x0800b034     0xc  xlocale_c.o [3]
  .text               ro code  0x0800b040   0x168  xstod.o [4]
  .text               ro code  0x0800b1a8   0x152  stm32f4xx_hal_cortex.o [1]
  .text               ro code  0x0800b2fc   0x304  bsp_rtc.o [1]
  .text               ro code  0x0800b600    0x20  xmbtowc.o [3]
  .text               ro code  0x0800b620    0x16  strchr.o [5]
  .text               ro code  0x0800b638    0x58  memchr.o [5]
  .text               ro code  0x0800b690     0xa  xmbcurmax.o [3]
  .text               ro code  0x0800b69a    0x1a  xwctomb.o [3]
  .text               ro code  0x0800b6b4    0xee  I64DivMod.o [5]
  .text               ro code  0x0800b7a4   0x114  xdscale.o [4]
  .text               ro code  0x0800b8b8    0x6c  localeconv.o [3]
  .text               ro code  0x0800b924     0xe  div.o [3]
  .text               ro code  0x0800b932    0x28  isxxx.o [3]
  .text               ro code  0x0800b95a    0x40  xdtest.o [4]
  .text               ro code  0x0800b99c    0x14  exit.o [6]
  .text               ro code  0x0800b9b0    0x6e  stm32f4xx_hal_msp.o [1]
  .text               ro code  0x0800ba20    0xc8  bsp_led.o [1]
  .text               ro code  0x0800bae8   0x374  bsp_gpio.o [1]
  .text               ro code  0x0800be5c    0x7c  bsp_BasicTIM.o [1]
  .text               ro code  0x0800bed8   0x318  stm32f4xx_hal_tim.o [1]
  .text               ro code  0x0800c1f0    0x24  bsp_iwdg.o [1]
  .text               ro code  0x0800c214    0x5c  stm32f4xx_hal_iwdg.o [1]
  .text               ro code  0x0800c270   0x114  sample.o [1]
  .text               ro code  0x0800c384   0x124  xstopfx.o [3]
  .text               ro code  0x0800c4a8   0x1b8  xstoflt.o [3]
  .text               ro code  0x0800c660   0x200  xdtento.o [4]
  .text               ro code  0x0800c860   0x218  xstoxflt.o [3]
  .text               ro code  0x0800ca78    0x20  stm32f4xx_hal_rtc_ex.o [1]
  .text               ro code  0x0800ca98    0x18  stm32f4xx_hal_pwr.o [1]
  .text               ro code  0x0800cab0   0x17c  stm32f4xx_hal_rcc_ex.o [1]
  .text               ro code  0x0800cc2c    0x60  xencoding_sb.o [3]
  .text               ro code  0x0800cc8c     0x2  I64DivZer.o [5]
  .text               ro code  0x0800cc8e    0x16  xlocale_c.o [3]
  .text               ro code  0x0800cca4    0x14  xlocale_c.o [3]
  .text               ro code  0x0800ccb8    0x5c  stm32f4xx_hal_tim_ex.o [1]
  .text               ro code  0x0800cd14    0x52  xdunscal.o [4]
  .rodata             const    0x0800cd66   0x200  function.o [1]
  .text               ro code  0x0800cf68   0x100  stm32f4xx_it.o [1]
  .text               ro code  0x0800d068    0x6c  system_stm32f4xx.o [1]
  .rodata             const    0x0800d0d4    0x50  function.o [1]
  .rodata             const    0x0800d124    0x50  function.o [1]
  .rodata             const    0x0800d174    0x4c  function.o [1]
  .rodata             const    0x0800d1c0    0x48  function.o [1]
  .rodata             const    0x0800d208    0x44  function.o [1]
  .rodata             const    0x0800d24c    0x44  function.o [1]
  .rodata             const    0x0800d290    0x44  function.o [1]
  .rodata             const    0x0800d2d4    0x44  function.o [1]
  .rodata             const    0x0800d318    0x40  function.o [1]
  .rodata             const    0x0800d358    0x40  function.o [1]
  .rodata             const    0x0800d398    0x40  function.o [1]
  .rodata             const    0x0800d3d8    0x40  function.o [1]
  .rodata             const    0x0800d418    0x40  function.o [1]
  .rodata             const    0x0800d458    0x40  function.o [1]
  .rodata             const    0x0800d498    0x40  function.o [1]
  .rodata             const    0x0800d4d8    0x40  function.o [1]
  .text               ro code  0x0800d518    0x40  zero_init3.o [5]
  .rodata             const    0x0800d558    0x3c  bsp_rtc.o [1]
  .rodata             const    0x0800d594    0x3c  function.o [1]
  .rodata             const    0x0800d5d0    0x3c  function.o [1]
  .rodata             const    0x0800d60c    0x3c  function.o [1]
  .rodata             const    0x0800d648    0x3c  function.o [1]
  .rodata             const    0x0800d684    0x3c  function.o [1]
  .rodata             const    0x0800d6c0    0x38  function.o [1]
  .rodata             const    0x0800d6f8    0x38  function.o [1]
  .rodata             const    0x0800d730    0x38  function.o [1]
  .rodata             const    0x0800d768    0x38  function.o [1]
  .rodata             const    0x0800d7a0    0x38  function.o [1]
  .rodata             const    0x0800d7d8    0x38  function.o [1]
  .rodata             const    0x0800d810    0x38  function.o [1]
  .rodata             const    0x0800d848    0x38  function.o [1]
  .text               ro code  0x0800d880    0x38  packbits_init_single.o [5]
  .rodata             const    0x0800d8b8    0x34  function.o [1]
  .rodata             const    0x0800d8ec    0x34  function.o [1]
  .rodata             const    0x0800d920    0x34  function.o [1]
  .rodata             const    0x0800d954    0x34  function.o [1]
  .rodata             const    0x0800d988    0x34  function.o [1]
  .rodata             const    0x0800d9bc    0x34  function.o [1]
  .rodata             const    0x0800d9f0    0x34  function.o [1]
  .rodata             const    0x0800da24    0x34  function.o [1]
  .rodata             const    0x0800da58    0x34  function.o [1]
  .rodata             const    0x0800da8c    0x34  function.o [1]
  .rodata             const    0x0800dac0    0x34  function.o [1]
  .rodata             const    0x0800daf4    0x34  function.o [1]
  .rodata             const    0x0800db28    0x30  bsp_rtc.o [1]
  .rodata             const    0x0800db58    0x30  bsp_rtc.o [1]
  .rodata             const    0x0800db88    0x30  bsp_rtc.o [1]
  .rodata             const    0x0800dbb8    0x30  bsp_rtc.o [1]
  .rodata             const    0x0800dbe8    0x30  bsp_rtc.o [1]
  .rodata             const    0x0800dc18    0x30  bsp_rtc.o [1]
  .rodata             const    0x0800dc48    0x30  bsp_rtc.o [1]
  .rodata             const    0x0800dc78    0x30  function.o [1]
  .rodata             const    0x0800dca8    0x30  function.o [1]
  .rodata             const    0x0800dcd8    0x30  function.o [1]
  .rodata             const    0x0800dd08    0x30  function.o [1]
  .rodata             const    0x0800dd38    0x30  function.o [1]
  .rodata             const    0x0800dd68    0x30  function.o [1]
  .rodata             const    0x0800dd98    0x30  function.o [1]
  .rodata             const    0x0800ddc8    0x30  function.o [1]
  .rodata             const    0x0800ddf8    0x30  function.o [1]
  .rodata             const    0x0800de28    0x30  function.o [1]
  .rodata             const    0x0800de58    0x30  function.o [1]
  .rodata             const    0x0800de88    0x30  function.o [1]
  .rodata             const    0x0800deb8    0x30  function.o [1]
  .rodata             const    0x0800dee8    0x2c  function.o [1]
  .rodata             const    0x0800df14    0x2c  function.o [1]
  .rodata             const    0x0800df40    0x2c  function.o [1]
  .rodata             const    0x0800df6c    0x2c  function.o [1]
  .rodata             const    0x0800df98    0x2c  function.o [1]
  .rodata             const    0x0800dfc4    0x2c  function.o [1]
  .rodata             const    0x0800dff0    0x2c  function.o [1]
  .rodata             const    0x0800e01c    0x2c  function.o [1]
  .rodata             const    0x0800e048    0x2c  function.o [1]
  .rodata             const    0x0800e074    0x2c  function.o [1]
  .rodata             const    0x0800e0a0    0x28  function.o [1]
  .rodata             const    0x0800e0c8    0x28  function.o [1]
  .rodata             const    0x0800e0f0    0x28  function.o [1]
  .rodata             const    0x0800e118    0x28  function.o [1]
  .rodata             const    0x0800e140    0x28  function.o [1]
  .rodata             const    0x0800e168    0x28  function.o [1]
  .rodata             const    0x0800e190    0x28  function.o [1]
  .rodata             const    0x0800e1b8    0x28  function.o [1]
  .rodata             const    0x0800e1e0    0x28  function.o [1]
  .rodata             const    0x0800e208    0x28  main.o [1]
  .rodata             const    0x0800e230    0x28  main.o [1]
  .text               ro code  0x0800e258    0x28  data_init.o [5]
  .rodata             const    0x0800e280    0x24  bsp_usartx_RS485.o [1]
  .rodata             const    0x0800e2a4    0x24  bsp_usartx_RS485.o [1]
  .rodata             const    0x0800e2c8    0x24  bsp_usartx_RS485.o [1]
  .rodata             const    0x0800e2ec    0x24  bsp_usartx_RS485.o [1]
  .rodata             const    0x0800e310    0x24  function.o [1]
  .rodata             const    0x0800e334    0x24  function.o [1]
  .rodata             const    0x0800e358    0x24  function.o [1]
  .rodata             const    0x0800e37c    0x24  function.o [1]
  .rodata             const    0x0800e3a0    0x24  function.o [1]
  .rodata             const    0x0800e3c4    0x24  function.o [1]
  .rodata             const    0x0800e3e8    0x24  function.o [1]
  .rodata             const    0x0800e40c    0x24  function.o [1]
  .rodata             const    0x0800e430    0x24  function.o [1]
  .rodata             const    0x0800e454    0x24  function.o [1]
  .rodata             const    0x0800e478    0x24  function.o [1]
  .rodata             const    0x0800e49c    0x24  function.o [1]
  .rodata             const    0x0800e4c0    0x24  function.o [1]
  .rodata             const    0x0800e4e4    0x24  function.o [1]
  .rodata             const    0x0800e508    0x24  function.o [1]
  .rodata             const    0x0800e52c    0x24  function.o [1]
  .rodata             const    0x0800e550    0x24  function.o [1]
  .rodata             const    0x0800e574    0x24  main.o [1]
  .rodata             const    0x0800e598    0x24  stm32f4xx_it.o [1]
  .rodata             const    0x0800e5bc    0x24  stm32f4xx_it.o [1]
  .rodata             const    0x0800e5e0    0x24  stm32f4xx_it.o [1]
  .rodata             const    0x0800e604    0x24  stm32f4xx_it.o [1]
  .text               ro code  0x0800e628    0x22  fpinit_M.o [4]
  .iar.init_table     const    0x0800e64c    0x20  - Linker created -
  .rodata             const    0x0800e66c    0x20  bsp_usartx_RS485.o [1]
  .rodata             const    0x0800e68c    0x20  function.o [1]
  .rodata             const    0x0800e6ac    0x20  function.o [1]
  .rodata             const    0x0800e6cc    0x20  function.o [1]
  .rodata             const    0x0800e6ec    0x20  function.o [1]
  .rodata             const    0x0800e70c    0x20  function.o [1]
  .rodata             const    0x0800e72c    0x20  function.o [1]
  .rodata             const    0x0800e74c    0x20  function.o [1]
  .rodata             const    0x0800e76c    0x20  function.o [1]
  .rodata             const    0x0800e78c    0x20  function.o [1]
  .rodata             const    0x0800e7ac    0x20  function.o [1]
  .rodata             const    0x0800e7cc    0x20  function.o [1]
  .rodata             const    0x0800e7ec    0x20  function.o [1]
  .rodata             const    0x0800e80c    0x20  function.o [1]
  .rodata             const    0x0800e82c    0x20  function.o [1]
  .rodata             const    0x0800e84c    0x20  function.o [1]
  .rodata             const    0x0800e86c    0x20  function.o [1]
  .rodata             const    0x0800e88c    0x20  function.o [1]
  .rodata             const    0x0800e8ac    0x20  main.o [1]
  .rodata             const    0x0800e8cc    0x1c  function.o [1]
  .rodata             const    0x0800e8e8    0x1c  function.o [1]
  .rodata             const    0x0800e904    0x1c  function.o [1]
  .rodata             const    0x0800e920    0x1c  function.o [1]
  .rodata             const    0x0800e93c    0x1c  function.o [1]
  .rodata             const    0x0800e958    0x1c  function.o [1]
  .rodata             const    0x0800e974    0x1c  function.o [1]
  .rodata             const    0x0800e990    0x1c  function.o [1]
  .rodata             const    0x0800e9ac    0x1c  function.o [1]
  .rodata             const    0x0800e9c8    0x1c  function.o [1]
  .rodata             const    0x0800e9e4    0x1c  function.o [1]
  .rodata             const    0x0800ea00    0x1c  function.o [1]
  .rodata             const    0x0800ea1c    0x1c  function.o [1]
  .rodata             const    0x0800ea38    0x1c  function.o [1]
  .rodata             const    0x0800ea54    0x1c  function.o [1]
  .rodata             const    0x0800ea70    0x1c  function.o [1]
  .rodata             const    0x0800ea8c    0x1c  function.o [1]
  .rodata             const    0x0800eaa8    0x1c  function.o [1]
  .rodata             const    0x0800eac4    0x1c  function.o [1]
  .rodata             const    0x0800eae0    0x1c  main.o [1]
  .rodata             const    0x0800eafc    0x1c  main.o [1]
  .rodata             const    0x0800eb18    0x1c  main.o [1]
  .rodata             const    0x0800eb34    0x1c  main.o [1]
  .text               ro code  0x0800eb50    0x1a  cmain.o [5]
  .text               ro code  0x0800eb6a     0x4  low_level_init.o [3]
  .text               ro code  0x0800eb6e     0x4  exit.o [3]
  .text               ro code  0x0800eb74     0xa  cexit.o [5]
  .rodata             const    0x0800eb80    0x18  bsp_rtc.o [1]
  .rodata             const    0x0800eb98    0x18  function.o [1]
  .rodata             const    0x0800ebb0    0x18  function.o [1]
  .rodata             const    0x0800ebc8    0x18  function.o [1]
  .rodata             const    0x0800ebe0    0x18  function.o [1]
  .rodata             const    0x0800ebf8    0x18  function.o [1]
  .rodata             const    0x0800ec10    0x18  function.o [1]
  .rodata             const    0x0800ec28    0x18  main.o [1]
  .rodata             const    0x0800ec40    0x18  main.o [1]
  .rodata             const    0x0800ec58    0x18  main.o [1]
  .rodata             const    0x0800ec70    0x18  main.o [1]
  .rodata             const    0x0800ec88    0x18  main.o [1]
  .rodata             const    0x0800eca0    0x18  main.o [1]
  .rodata             const    0x0800ecb8    0x18  main.o [1]
  .rodata             const    0x0800ecd0    0x18  main.o [1]
  .text               ro code  0x0800ece8    0x16  xprout.o [3]
  .text               ro code  0x0800ed00     0xc  putchar.o [3]
  .rodata             const    0x0800ed0c    0x14  bsp_rtc.o [1]
  .rodata             const    0x0800ed20    0x14  function.o [1]
  .rodata             const    0x0800ed34    0x14  function.o [1]
  .rodata             const    0x0800ed48    0x14  main.o [1]
  .rodata             const    0x0800ed5c    0x14  main.o [1]
  .rodata             const    0x0800ed70    0x14  main.o [1]
  .rodata             const    0x0800ed84    0x14  main.o [1]
  .rodata             const    0x0800ed98    0x14  main.o [1]
  .rodata             const    0x0800edac    0x14  main.o [1]
  .rodata             const    0x0800edc0    0x14  main.o [1]
  .rodata             const    0x0800edd4    0x14  stm32f4xx_it.o [1]
  .rodata             const    0x0800ede8    0x14  stm32f4xx_it.o [1]
  .rodata             const    0x0800edfc    0x14  stm32f4xx_it.o [1]
  .rodata             const    0x0800ee10    0x14  stm32f4xx_it.o [1]
  .rodata             const    0x0800ee24    0x10  function.o [1]
  .rodata             const    0x0800ee34    0x10  main.o [1]
  .rodata             const    0x0800ee44    0x10  main.o [1]
  .rodata             const    0x0800ee54    0x10  main.o [1]
  .rodata             const    0x0800ee64    0x10  main.o [1]
  .rodata             const    0x0800ee74    0x10  main.o [1]
  .rodata             const    0x0800ee84    0x10  system_stm32f4xx.o [1]
  .text               ro code  0x0800ee94    0x10  startup_stm32f407xx.o [1]
  .rodata             const    0x0800eea4     0xc  function.o [1]
  .rodata             const    0x0800eeb0     0xc  function.o [1]
  .rodata             const    0x0800eebc     0xc  function.o [1]
  .rodata             const    0x0800eec8     0xc  function.o [1]
  .rodata             const    0x0800eed4     0xc  function.o [1]
  .rodata             const    0x0800eee0     0xc  function.o [1]
  .rodata             const    0x0800eeec     0xc  function.o [1]
  .rodata             const    0x0800eef8     0xc  main.o [1]
  .rodata             const    0x0800ef04     0xc  main.o [1]
  .rodata             const    0x0800ef10     0xc  main.o [1]
  .text               ro code  0x0800ef1c     0xc  cstartup_M.o [5]
  .rodata             const    0x0800ef28     0x8  function.o [1]
  .rodata             const    0x0800ef30     0x8  function.o [1]
  .rodata             const    0x0800ef38     0x8  function.o [1]
  .rodata             const    0x0800ef40     0x8  function.o [1]
  .rodata             const    0x0800ef48     0x8  function.o [1]
  .rodata             const    0x0800ef50     0x8  function.o [1]
  .rodata             const    0x0800ef58     0x8  main.o [1]
  .rodata             const    0x0800ef60     0x8  system_stm32f4xx.o [1]
  .text               ro code  0x0800ef68     0x4  startup_stm32f407xx.o [1]
  .text               ro code  0x0800ef6c     0x4  startup_stm32f407xx.o [1]
  .text               ro code  0x0800ef70     0x4  startup_stm32f407xx.o [1]
  .text               ro code  0x0800ef74     0x4  startup_stm32f407xx.o [1]
  .text               ro code  0x0800ef78     0x4  startup_stm32f407xx.o [1]
  .text               ro code  0x0800ef7c     0x4  startup_stm32f407xx.o [1]
  .text               ro code  0x0800ef80     0x4  startup_stm32f407xx.o [1]
  .text               ro code  0x0800ef84     0x4  startup_stm32f407xx.o [1]
  .text               ro code  0x0800ef88     0x4  startup_stm32f407xx.o [1]
  .text               ro code  0x0800ef8c     0x4  startup_stm32f407xx.o [1]
  .text               ro code  0x0800ef90     0x4  startup_stm32f407xx.o [1]
  .text               ro code  0x0800ef94     0x4  startup_stm32f407xx.o [1]
  .text               ro code  0x0800ef98     0x4  startup_stm32f407xx.o [1]
  .text               ro code  0x0800ef9c     0x4  startup_stm32f407xx.o [1]
  .text               ro code  0x0800efa0     0x4  startup_stm32f407xx.o [1]
  .text               ro code  0x0800efa4     0x4  startup_stm32f407xx.o [1]
  .text               ro code  0x0800efa8     0x4  startup_stm32f407xx.o [1]
  .text               ro code  0x0800efac     0x4  startup_stm32f407xx.o [1]
  .text               ro code  0x0800efb0     0x4  startup_stm32f407xx.o [1]
  .text               ro code  0x0800efb4     0x4  startup_stm32f407xx.o [1]
  .text               ro code  0x0800efb8     0x4  startup_stm32f407xx.o [1]
  .text               ro code  0x0800efbc     0x4  startup_stm32f407xx.o [1]
  .text               ro code  0x0800efc0     0x4  startup_stm32f407xx.o [1]
  .text               ro code  0x0800efc4     0x4  startup_stm32f407xx.o [1]
  .text               ro code  0x0800efc8     0x4  startup_stm32f407xx.o [1]
  .text               ro code  0x0800efcc     0x4  startup_stm32f407xx.o [1]
  .text               ro code  0x0800efd0     0x4  startup_stm32f407xx.o [1]
  .text               ro code  0x0800efd4     0x4  startup_stm32f407xx.o [1]
  .text               ro code  0x0800efd8     0x4  startup_stm32f407xx.o [1]
  .text               ro code  0x0800efdc     0x4  startup_stm32f407xx.o [1]
  .text               ro code  0x0800efe0     0x4  startup_stm32f407xx.o [1]
  .text               ro code  0x0800efe4     0x4  startup_stm32f407xx.o [1]
  .text               ro code  0x0800efe8     0x4  startup_stm32f407xx.o [1]
  .text               ro code  0x0800efec     0x4  startup_stm32f407xx.o [1]
  .text               ro code  0x0800eff0     0x4  startup_stm32f407xx.o [1]
  .text               ro code  0x0800eff4     0x4  startup_stm32f407xx.o [1]
  .text               ro code  0x0800eff8     0x4  startup_stm32f407xx.o [1]
  .text               ro code  0x0800effc     0x4  startup_stm32f407xx.o [1]
  .text               ro code  0x0800f000     0x4  startup_stm32f407xx.o [1]
  .text               ro code  0x0800f004     0x4  startup_stm32f407xx.o [1]
  .text               ro code  0x0800f008     0x4  startup_stm32f407xx.o [1]
  .text               ro code  0x0800f00c     0x4  startup_stm32f407xx.o [1]
  .text               ro code  0x0800f010     0x4  startup_stm32f407xx.o [1]
  .text               ro code  0x0800f014     0x4  startup_stm32f407xx.o [1]
  .text               ro code  0x0800f018     0x4  startup_stm32f407xx.o [1]
  .text               ro code  0x0800f01c     0x4  startup_stm32f407xx.o [1]
  .text               ro code  0x0800f020     0x4  startup_stm32f407xx.o [1]
  .text               ro code  0x0800f024     0x4  startup_stm32f407xx.o [1]
  .text               ro code  0x0800f028     0x4  startup_stm32f407xx.o [1]
  .text               ro code  0x0800f02c     0x4  startup_stm32f407xx.o [1]
  .text               ro code  0x0800f030     0x4  startup_stm32f407xx.o [1]
  .text               ro code  0x0800f034     0x4  startup_stm32f407xx.o [1]
  .text               ro code  0x0800f038     0x4  startup_stm32f407xx.o [1]
  .text               ro code  0x0800f03c     0x4  startup_stm32f407xx.o [1]
  .text               ro code  0x0800f040     0x4  startup_stm32f407xx.o [1]
  .text               ro code  0x0800f044     0x4  startup_stm32f407xx.o [1]
  .text               ro code  0x0800f048     0x4  startup_stm32f407xx.o [1]
  .text               ro code  0x0800f04c     0x4  startup_stm32f407xx.o [1]
  .text               ro code  0x0800f050     0x4  startup_stm32f407xx.o [1]
  .text               ro code  0x0800f054     0x4  startup_stm32f407xx.o [1]
  .text               ro code  0x0800f058     0x4  startup_stm32f407xx.o [1]
  .text               ro code  0x0800f05c     0x4  startup_stm32f407xx.o [1]
  .text               ro code  0x0800f060     0x4  startup_stm32f407xx.o [1]
  .text               ro code  0x0800f064     0x4  startup_stm32f407xx.o [1]
  .text               ro code  0x0800f068     0x4  startup_stm32f407xx.o [1]
  .text               ro code  0x0800f06c     0x4  startup_stm32f407xx.o [1]
  .text               ro code  0x0800f070     0x4  startup_stm32f407xx.o [1]
  .text               ro code  0x0800f074     0x4  startup_stm32f407xx.o [1]
  .text               ro code  0x0800f078     0x4  startup_stm32f407xx.o [1]
  .text               ro code  0x0800f07c     0x4  startup_stm32f407xx.o [1]
  .text               ro code  0x0800f080     0x4  startup_stm32f407xx.o [1]
  .text               ro code  0x0800f084     0x4  startup_stm32f407xx.o [1]
  .text               ro code  0x0800f088     0x4  startup_stm32f407xx.o [1]
  .text               ro code  0x0800f08c     0x4  startup_stm32f407xx.o [1]
  .text               ro code  0x0800f090     0x4  startup_stm32f407xx.o [1]
  .rodata             const    0x0800f094     0x0  zero_init3.o [5]
  .rodata             const    0x0800f094     0x0  packbits_init_single.o [5]
  Initializer bytes   const    0x0800f094    0xde  <for P2-1>
                             - 0x0800f172  0xefea

"P2", part 1 of 3:                          0x1f3
  P2-1                         0x20000000   0x1f3  <Init block>
    .data             inited   0x20000000     0x4  system_stm32f4xx.o [1]
    .data             inited   0x20000004     0x4  variable.o [1]
    .data             inited   0x20000008     0x4  variable.o [1]
    .data             inited   0x2000000c     0x4  variable.o [1]
    .data             inited   0x20000010     0x4  variable.o [1]
    .data             inited   0x20000014     0x4  variable.o [1]
    .data             inited   0x20000018     0x4  variable.o [1]
    .data             inited   0x2000001c     0x4  variable.o [1]
    .data             inited   0x20000020     0x4  variable.o [1]
    .data             inited   0x20000024     0x8  variable.o [1]
    .data             inited   0x2000002c     0x8  variable.o [1]
    .data             inited   0x20000034     0x8  variable.o [1]
    .data             inited   0x2000003c     0x8  variable.o [1]
    .data             inited   0x20000044     0x8  variable.o [1]
    .data             inited   0x2000004c     0x8  variable.o [1]
    .data             inited   0x20000054     0x8  variable.o [1]
    .data             inited   0x2000005c     0x8  variable.o [1]
    .data             inited   0x20000064     0x8  variable.o [1]
    .data             inited   0x2000006c     0x8  variable.o [1]
    .data             inited   0x20000074     0x8  variable.o [1]
    .data             inited   0x2000007c     0x8  variable.o [1]
    .data             inited   0x20000084     0x8  variable.o [1]
    .data             inited   0x2000008c     0x8  variable.o [1]
    .data             inited   0x20000094     0x8  variable.o [1]
    .data             inited   0x2000009c     0x8  variable.o [1]
    .data             inited   0x200000a4     0x8  variable.o [1]
    .data             inited   0x200000ac    0x40  xfiles.o [3]
    __DLIB_PERTHREAD  inited   0x200000ec     0x4  strtok.o [3]
    __DLIB_PERTHREAD  inited   0x200000f0     0x4  errno.o [3]
    __DLIB_PERTHREAD  inited   0x200000f4    0x74  setlocale.o [3]
    __DLIB_PERTHREAD  inited   0x20000168    0x88  localeconv.o [3]
    .data             inited   0x200001f0     0x2  variable.o [1]
    .data             inited   0x200001f2     0x1  main.o [1]
                             - 0x200001f3   0x1f3

"P2", part 2 of 3:                         0x2000
  CSTACK                       0x200001f8  0x1000  <Block>
    CSTACK            uninit   0x200001f8  0x1000  <Block tail>
  HEAP                         0x200011f8  0x1000  <Block>
    HEAP              uninit   0x200011f8  0x1000  <Block tail>
                             - 0x200021f8  0x2000

"P2", part 3 of 3:                         0x1338
  .bss                zero     0x200021f8   0x7a8  variable.o [1]
  .bss                zero     0x200029a0   0x400  variable.o [1]
  .bss                zero     0x20002da0   0x1d8  dlmalloc.o [3]
  .bss                zero     0x20002f78   0x1c0  variable.o [1]
  .bss                zero     0x20003138   0x118  variable.o [1]
  .bss                zero     0x20003250    0x64  variable.o [1]
  .bss                zero     0x200032b4    0x58  bsp_spiflash.o [1]
  .bss                zero     0x2000330c    0x50  xfiles.o [3]
  .bss                zero     0x2000335c    0x40  bsp_debug_usart.o [1]
  .bss                zero     0x2000339c    0x40  bsp_debug_usart.o [1]
  .bss                zero     0x200033dc    0x40  bsp_usartx_RS485.o [1]
  .bss                zero     0x2000341c    0x40  variable.o [1]
  .bss                zero     0x2000345c    0x3c  bsp_BasicTIM.o [1]
  .bss                zero     0x20003498    0x20  bsp_rtc.o [1]
  .bss                zero     0x200034b8    0x18  dlmalloc.o [3]
  .bss                zero     0x200034d0     0xc  bsp_iwdg.o [1]
  .bss                zero     0x200034dc     0x4  stm32f4xx_hal.o [1]
  .bss                zero     0x200034e0     0x4  variable.o [1]
  .bss                zero     0x200034e4     0x4  variable.o [1]
  .bss                zero     0x200034e8     0x4  variable.o [1]
  .bss                zero     0x200034ec     0x4  variable.o [1]
  .bss                zero     0x200034f0     0x4  variable.o [1]
  .bss                zero     0x200034f4     0x4  variable.o [1]
  .bss                zero     0x200034f8     0x4  variable.o [1]
  .bss                zero     0x200034fc     0x4  variable.o [1]
  .bss                zero     0x20003500     0x4  xgetmemchunk.o [3]
  .bss                zero     0x20003504     0x2  main.o [1]
  .bss                zero     0x20003506     0x2  main.o [1]
  .bss                zero     0x20003508     0x2  main.o [1]
  .bss                zero     0x2000350a     0x2  variable.o [1]
  .bss                zero     0x2000350c     0x2  variable.o [1]
  .bss                zero     0x2000350e     0x2  variable.o [1]
  .bss                zero     0x20003510     0x1  main.o [1]
  .bss                zero     0x20003511     0x1  main.o [1]
  .bss                zero     0x20003512     0x1  main.o [1]
  .bss                zero     0x20003513     0x1  main.o [1]
  .bss                zero     0x20003514     0x1  main.o [1]
  .bss                zero     0x20003515     0x1  main.o [1]
  .bss                zero     0x20003516     0x1  main.o [1]
  .bss                zero     0x20003517     0x1  main.o [1]
  .bss                zero     0x20003518     0x1  main.o [1]
  .bss                zero     0x20003519     0x1  main.o [1]
  .bss                zero     0x2000351a     0x1  main.o [1]
  .bss                zero     0x2000351b     0x1  variable.o [1]
  .bss                zero     0x2000351c     0x1  variable.o [1]
  .bss                zero     0x2000351d     0x1  variable.o [1]
  .bss                zero     0x2000351e     0x1  variable.o [1]
  .bss                zero     0x2000351f     0x1  variable.o [1]
  .bss                zero     0x20003520     0x1  variable.o [1]
  .bss                zero     0x20003521     0x1  variable.o [1]
  .bss                zero     0x20003522     0x1  variable.o [1]
  .bss                zero     0x20003523     0x1  variable.o [1]
  .bss                zero     0x20003524     0x1  variable.o [1]
  .bss                zero     0x20003525     0x1  variable.o [1]
  .bss                zero     0x20003526     0x1  variable.o [1]
  .bss                zero     0x20003527     0x1  variable.o [1]
  .bss                zero     0x20003528     0x1  variable.o [1]
  .bss                zero     0x20003529     0x1  variable.o [1]
  .bss                zero     0x2000352a     0x1  variable.o [1]
  .bss                zero     0x2000352b     0x1  variable.o [1]
  .bss                zero     0x2000352c     0x1  variable.o [1]
  .bss                zero     0x2000352d     0x1  variable.o [1]
  .bss                zero     0x2000352e     0x1  variable.o [1]
                             - 0x2000352f  0x1337


*******************************************************************************
*** INIT TABLE
***

          Address     Size
          -------     ----
Zero (__iar_zero_init3)
    1 destination range, total size 0x1337:
          0x200021f8  0x1337

Copy/packbits (__iar_packbits_init_single3)
    1 source range, total size 0xde (44% of destination):
          0x0800f094    0xde
    1 destination range, total size 0x1f3:
          0x20000000   0x1f3



*******************************************************************************
*** MODULE SUMMARY
***

    Module                  ro code  ro data  rw data
    ------                  -------  -------  -------
D:\XiongXia\产品资料\智涂云单片机版-整理版 - 修改版\EWARM\YS-F4Pro\Obj: [1]
    bsp_BasicTIM.o              124                60
    bsp_debug_usart.o           620               128
    bsp_gpio.o                  884
    bsp_iwdg.o                   36                12
    bsp_led.o                   200
    bsp_rtc.o                   772      440       32
    bsp_spiflash.o            1 020                88
    bsp_usartx_RS485.o          368      176       64
    crc16.o                     206
    function.o               15 308    6 420
    main.o                    4 248      717       18
    sample.o                    276
    startup_stm32f407xx.o       708
    stm32f4xx_hal.o             124                 4
    stm32f4xx_hal_cortex.o      338
    stm32f4xx_hal_dma.o          38
    stm32f4xx_hal_gpio.o        592
    stm32f4xx_hal_iwdg.o         92
    stm32f4xx_hal_msp.o         110
    stm32f4xx_hal_pwr.o          24
    stm32f4xx_hal_rcc.o       1 724
    stm32f4xx_hal_rcc_ex.o      380
    stm32f4xx_hal_rtc.o       1 032
    stm32f4xx_hal_rtc_ex.o       32
    stm32f4xx_hal_spi.o         876
    stm32f4xx_hal_tim.o         792
    stm32f4xx_hal_tim_ex.o       92
    stm32f4xx_hal_uart.o      1 992
    stm32f4xx_it.o              256      224
    system_stm32f4xx.o          108       25        4
    variable.o                            76    4 104
    -------------------------------------------------
    Total:                   33 372    8 078    4 514

command line: [2]
    -------------------------------------------------
    Total:

dl7M_tlf.a: [3]
    abort.o                       6
    atoi.o                        8
    div.o                        14
    dlmalloc.o                5 360               496
    errno.o                      12        2        4
    exit.o                        4
    isxxx.o                      40
    localeconv.o                108       60      136
    low_level_init.o              4
    printf.o                     36
    putchar.o                    12
    setlocale.o                  36       52      116
    sprintf.o                    52
    strcat.o                     28
    strcspn.o                    34
    strspn.o                     34
    strtok.o                     76        2        4
    tolower.o                    20
    xencoding_sb.o               96
    xfiles.o                              28      144
    xgetmemchunk.o               44                 4
    xlocale_c.o                  54
    xmbcurmax.o                  10
    xmbtowc.o                    32
    xprintffull.o             4 454
    xprout.o                     22
    xsprout.o                    10
    xstoflt.o                   440
    xstopfx.o                   292
    xstoul.o                    408
    xstoxflt.o                  536
    xtls.o                        2
    xwctomb.o                    26
    -------------------------------------------------
    Total:                   12 310      144      904

m7M_tls.a: [4]
    DblAdd.o                    232
    DblCmpEq.o                   32
    DblCmpGe.o                   46
    DblCmpLe.o                   46
    DblDiv.o                    598
    DblMul.o                    418
    DblSub.o                    384
    DblToFlt.o                  144
    DblToI32.o                   88
    FltToDbl.o                   78
    I32ToDbl.o                   48
    atof.o                       16
    fpinit_M.o                   34
    pow.o                     2 240
    strtod.o                     14
    xdint.o                     122
    xdnorm.o                     66
    xdscale.o                   276
    xdtento.o                   512
    xdtest.o                     64
    xdunscal.o                   82
    xexp.o                      710
    xlog.o                      176
    xstod.o                     360
    -------------------------------------------------
    Total:                    6 786

rt7M_tl.a: [5]
    ABImemclr4.o                  6
    ABImemcpy_unaligned.o       118
    ABImemset.o                 102
    ABImemset48.o                50
    I64DivMod.o                 238
    I64DivZer.o                   2
    cexit.o                      10
    cmain.o                      26
    cstartup_M.o                 12
    data_init.o                  40
    memchr.o                     88
    packbits_init_single.o       56
    strchr.o                     22
    strcmp_unaligned.o           66
    strcpy_unaligned.o           68
    strlen.o                     54
    zero_init3.o                 64
    -------------------------------------------------
    Total:                    1 022

shb_l.a: [6]
    exit.o                       20
    -------------------------------------------------
    Total:                       20

    Gaps                         42        4
    Linker created                        32    8 192
-----------------------------------------------------
    Grand Total:             53 552    8 258   13 610


*******************************************************************************
*** ENTRY LIST
***

Entry                      Address   Size  Type      Object
-----                      -------   ----  ----      ------
.iar.init_table$$Base   0x0800e64c          --   Gb  - Linker created -
.iar.init_table$$Limit  0x0800e66c          --   Gb  - Linker created -
?main                   0x0800eb51         Code  Gb  cmain.o [5]
AHBPrescTable           0x0800ee84   0x10  Data  Gb  system_stm32f4xx.o [1]
APBPrescTable           0x0800ef60    0x8  Data  Gb  system_stm32f4xx.o [1]
Alarm                   0x080004d3   0x38  Code  Gb  function.o [1]
Android_Rx_Count        0x2000350a    0x2  Data  Gb  variable.o [1]
Android_Rx_buf          0x200029a0  0x400  Data  Gb  variable.o [1]
BASIC_TIMx_Init         0x0800be5d   0x36  Code  Gb  bsp_BasicTIM.o [1]
Backups_Data            0x08000779   0x6c  Code  Gb  function.o [1]
BitToFloat              0x08000355  0x17e  Code  Gb  function.o [1]
BitToInt                0x08003385   0x18  Code  Gb  function.o [1]
BusFault_Handler        0x0800cfa3   0x1c  Code  Gb  stm32f4xx_it.o [1]
CRC16_MODBUS            0x08006d51   0x7e  Code  Gb  crc16.o [1]
CSTACK$$Base            0x200001f8          --   Gb  - Linker created -
CSTACK$$Limit           0x200011f8          --   Gb  - Linker created -
Chang_Start_time        0x08001f39  0x142  Code  Gb  function.o [1]
Clean_Data              0x0800051b  0x258  Code  Gb  function.o [1]
Clear_FLASH_Data        0x08003ab5   0x16  Code  Gb  function.o [1]
Clear_RS485Buf          0x080031a5   0x24  Code  Gb  function.o [1]
Close_Beep              0x080039fd   0x10  Code  Gb  function.o [1]
Close_Delay             0x080020a1  0x16a  Code  Gb  function.o [1]
Close_Error             0x08001d69   0x46  Code  Gb  function.o [1]
Close_Light             0x08003a1d   0x10  Code  Gb  function.o [1]
Close_YiYe_pupm         0x08003a99   0x16  Code  Gb  function.o [1]
Command_Data            0x080007ed   0xbc  Code  Gb  function.o [1]
Control                 0x080030d1   0xcc  Code  Gb  function.o [1]
Control_flag            0x2000351f    0x1  Data  Gb  variable.o [1]
Control_index_time      0x08002c49  0x404  Code  Gb  function.o [1]
Control_max_from_min    0x08002405  0x1dc  Code  Gb  function.o [1]
Control_min_from_max    0x0800228d  0x14c  Code  Gb  function.o [1]
Control_sys_temer       0x080027a5  0x460  Code  Gb  function.o [1]
Control_temer           0x080025f1  0x164  Code  Gb  function.o [1]
D0_Close                0x20000034    0x8  Data  Gb  variable.o [1]
D0_Open                 0x2000002c    0x8  Data  Gb  variable.o [1]
D1_Close                0x20000044    0x8  Data  Gb  variable.o [1]
D1_Open                 0x2000003c    0x8  Data  Gb  variable.o [1]
D2_Close                0x20000054    0x8  Data  Gb  variable.o [1]
D2_Open                 0x2000004c    0x8  Data  Gb  variable.o [1]
D3_Close                0x20000064    0x8  Data  Gb  variable.o [1]
D3_Open                 0x2000005c    0x8  Data  Gb  variable.o [1]
D4_Close                0x20000074    0x8  Data  Gb  variable.o [1]
D4_Open                 0x2000006c    0x8  Data  Gb  variable.o [1]
D5_Close                0x20000084    0x8  Data  Gb  variable.o [1]
D5_Open                 0x2000007c    0x8  Data  Gb  variable.o [1]
D6_Close                0x20000094    0x8  Data  Gb  variable.o [1]
D6_Open                 0x2000008c    0x8  Data  Gb  variable.o [1]
D7_Close                0x200000a4    0x8  Data  Gb  variable.o [1]
D7_Open                 0x2000009c    0x8  Data  Gb  variable.o [1]
DebugMon_Handler        0x0800cfdd    0x2  Code  Gb  stm32f4xx_it.o [1]
Delay_Cfg_Mode          0x2000351c    0x1  Data  Gb  variable.o [1]
DownloadFirmwareFlag    0x2000351a    0x1  Data  Gb  main.o [1]
EXTI15_10_IRQHandler    0x0800d041   0x14  Code  Gb  stm32f4xx_it.o [1]
EXTI9_5_IRQHandler      0x0800d055   0x14  Code  Gb  stm32f4xx_it.o [1]
ErrorInfo               0x20003250   0x64  Data  Gb  variable.o [1]
Error_flag              0x20003526    0x1  Data  Gb  variable.o [1]
FLAG                    0x2000352d    0x1  Data  Gb  variable.o [1]
Get_Average             0x080018a9  0x420  Code  Gb  function.o [1]
Get_Data                0x08000979  0xb08  Code  Gb  function.o [1]
Get_Device_Data         0x08003919   0xb2  Code  Gb  function.o [1]
HAL_DMA_Abort_IT        0x0800984d   0x26  Code  Gb  stm32f4xx_hal_dma.o [1]
HAL_GPIO_EXTI_Callback  0x0800a661   0xe8  Code  Gb  main.o [1]
HAL_GPIO_EXTI_IRQHandler
                        0x08008ee5   0x1a  Code  Gb  stm32f4xx_hal_gpio.o [1]
HAL_GPIO_Init           0x08008ced  0x1da  Code  Gb  stm32f4xx_hal_gpio.o [1]
HAL_GPIO_TogglePin      0x08008edb    0xa  Code  Gb  stm32f4xx_hal_gpio.o [1]
HAL_GPIO_WritePin       0x08008ec7   0x14  Code  Gb  stm32f4xx_hal_gpio.o [1]
HAL_GetTick             0x0800983b    0x6  Code  Wk  stm32f4xx_hal.o [1]
HAL_IWDG_Init           0x0800c215   0x50  Code  Gb  stm32f4xx_hal_iwdg.o [1]
HAL_IWDG_Refresh        0x0800c265    0xc  Code  Gb  stm32f4xx_hal_iwdg.o [1]
HAL_IncTick             0x0800982f    0xc  Code  Wk  stm32f4xx_hal.o [1]
HAL_Init                0x080097d1   0x3a  Code  Gb  stm32f4xx_hal.o [1]
HAL_InitTick            0x0800980b   0x24  Code  Wk  stm32f4xx_hal.o [1]
HAL_MspInit             0x0800b9b1   0x6e  Code  Gb  stm32f4xx_hal_msp.o [1]
HAL_NVIC_EnableIRQ      0x0800b29b    0xa  Code  Gb  stm32f4xx_hal_cortex.o [1]
HAL_NVIC_SetPriority    0x0800b279   0x22  Code  Gb  stm32f4xx_hal_cortex.o [1]
HAL_NVIC_SetPriorityGrouping
                        0x0800b271    0x8  Code  Gb  stm32f4xx_hal_cortex.o [1]
HAL_PWR_EnableBkUpAccess
                        0x0800ca99   0x12  Code  Gb  stm32f4xx_hal_pwr.o [1]
HAL_RCCEx_PeriphCLKConfig
                        0x0800cab1  0x154  Code  Gb  stm32f4xx_hal_rcc_ex.o [1]
HAL_RCC_ClockConfig     0x0800acf5  0x1b2  Code  Gb  stm32f4xx_hal_rcc.o [1]
HAL_RCC_EnableCSS       0x0800aea7    0x8  Code  Gb  stm32f4xx_hal_rcc.o [1]
HAL_RCC_GetHCLKFreq     0x0800af3b    0x6  Code  Gb  stm32f4xx_hal_rcc.o [1]
HAL_RCC_GetPCLK1Freq    0x0800af41   0x20  Code  Gb  stm32f4xx_hal_rcc.o [1]
HAL_RCC_GetPCLK2Freq    0x0800af61   0x20  Code  Gb  stm32f4xx_hal_rcc.o [1]
HAL_RCC_GetSysClockFreq
                        0x0800aeaf   0x8c  Code  Wk  stm32f4xx_hal_rcc.o [1]
HAL_RCC_OscConfig       0x0800a90d  0x3e8  Code  Wk  stm32f4xx_hal_rcc.o [1]
HAL_RTCEx_BKUPRead      0x0800ca89   0x10  Code  Gb  stm32f4xx_hal_rtc_ex.o [1]
HAL_RTCEx_BKUPWrite     0x0800ca79   0x10  Code  Gb  stm32f4xx_hal_rtc_ex.o [1]
HAL_RTC_GetDate         0x0800731b   0x4a  Code  Gb  stm32f4xx_hal_rtc.o [1]
HAL_RTC_GetTime         0x080071c5   0x5e  Code  Gb  stm32f4xx_hal_rtc.o [1]
HAL_RTC_Init            0x08007005   0xae  Code  Gb  stm32f4xx_hal_rtc.o [1]
HAL_RTC_MspInit         0x0800b585   0x3c  Code  Gb  bsp_rtc.o [1]
HAL_RTC_SetDate         0x08007223   0xf8  Code  Gb  stm32f4xx_hal_rtc.o [1]
HAL_RTC_SetTime         0x080070b3  0x112  Code  Gb  stm32f4xx_hal_rtc.o [1]
HAL_RTC_WaitForSynchro  0x08007371   0x34  Code  Gb  stm32f4xx_hal_rtc.o [1]
HAL_SPI_Init            0x08008981   0x8e  Code  Gb  stm32f4xx_hal_spi.o [1]
HAL_SPI_MspInit         0x08003eab   0xc8  Code  Gb  bsp_spiflash.o [1]
HAL_SPI_TransmitReceive
                        0x08008a0f  0x214  Code  Gb  stm32f4xx_hal_spi.o [1]
HAL_SYSTICK_CLKSourceConfig
                        0x0800b2ad   0x20  Code  Gb  stm32f4xx_hal_cortex.o [1]
HAL_SYSTICK_Callback    0x0800b2f9    0x2  Code  Wk  stm32f4xx_hal_cortex.o [1]
HAL_SYSTICK_Config      0x0800b2a5    0x8  Code  Gb  stm32f4xx_hal_cortex.o [1]
HAL_SYSTICK_IRQHandler  0x0800b2f1    0x8  Code  Gb  stm32f4xx_hal_cortex.o [1]
HAL_TIMEx_BreakCallback
                        0x0800cd13    0x2  Code  Wk  stm32f4xx_hal_tim_ex.o [1]
HAL_TIMEx_CommutationCallback
                        0x0800cd11    0x2  Code  Wk  stm32f4xx_hal_tim_ex.o [1]
HAL_TIMEx_MasterConfigSynchronization
                        0x0800ccb9   0x58  Code  Gb  stm32f4xx_hal_tim_ex.o [1]
HAL_TIM_Base_Init       0x0800bed9   0x38  Code  Gb  stm32f4xx_hal_tim.o [1]
HAL_TIM_Base_MspInit    0x0800be93   0x38  Code  Gb  bsp_BasicTIM.o [1]
HAL_TIM_Base_Start_IT   0x0800bf45   0x1c  Code  Gb  stm32f4xx_hal_tim.o [1]
HAL_TIM_Base_Stop       0x0800bf11   0x34  Code  Gb  stm32f4xx_hal_tim.o [1]
HAL_TIM_IC_CaptureCallback
                        0x0800c0d9    0x2  Code  Wk  stm32f4xx_hal_tim.o [1]
HAL_TIM_IRQHandler      0x0800bf61  0x176  Code  Gb  stm32f4xx_hal_tim.o [1]
HAL_TIM_OC_DelayElapsedCallback
                        0x0800c0d7    0x2  Code  Wk  stm32f4xx_hal_tim.o [1]
HAL_TIM_PWM_PulseFinishedCallback
                        0x0800c0db    0x2  Code  Wk  stm32f4xx_hal_tim.o [1]
HAL_TIM_PeriodElapsedCallback
                        0x0800a52d  0x114  Code  Gb  main.o [1]
HAL_TIM_TriggerCallback
                        0x0800c0dd    0x2  Code  Wk  stm32f4xx_hal_tim.o [1]
HAL_UART_ErrorCallback  0x0800672f    0x2  Code  Wk  stm32f4xx_hal_uart.o [1]
HAL_UART_IRQHandler     0x080065f9  0x134  Code  Gb  stm32f4xx_hal_uart.o [1]
HAL_UART_Init           0x08006449   0x76  Code  Gb  stm32f4xx_hal_uart.o [1]
HAL_UART_MspInit        0x0800958d  0x148  Code  Gb  bsp_debug_usart.o [1]
HAL_UART_Receive_IT     0x0800659b   0x5e  Code  Gb  stm32f4xx_hal_uart.o [1]
HAL_UART_RxCpltCallback
                        0x0800a1cd  0x32c  Code  Gb  main.o [1]
HAL_UART_Transmit       0x080064bf   0xdc  Code  Gb  stm32f4xx_hal_uart.o [1]
HAL_UART_TxCpltCallback
                        0x0800672d    0x2  Code  Wk  stm32f4xx_hal_uart.o [1]
HEAP$$Base              0x200011f8          --   Gb  - Linker created -
HEAP$$Limit             0x200021f8          --   Gb  - Linker created -
HardFault_Handler       0x0800cf6b   0x1c  Code  Gb  stm32f4xx_it.o [1]
INPUT_GPIO_Init         0x0800bae9  0x290  Code  Gb  bsp_gpio.o [1]
InvertUint16            0x08006d29   0x28  Code  Gb  crc16.o [1]
InvertUint8             0x08006d01   0x28  Code  Gb  crc16.o [1]
LED_GPIO_Init           0x0800ba21   0xba  Code  Gb  bsp_led.o [1]
LEVEL_High              0x20000004    0x4  Data  Gb  variable.o [1]
LEVEL_Low               0x200034e0    0x4  Data  Gb  variable.o [1]
LoadInt                 0x08007e67   0x6e  Code  Lc  xprintffull.o [3]
Log                     0x08003a51   0x44  Code  Gb  function.o [1]
MX_DEBUG_USART_Init     0x08009731   0x5c  Code  Gb  bsp_debug_usart.o [1]
MX_IWDG_Init            0x0800c1f1   0x24  Code  Gb  bsp_iwdg.o [1]
MX_NVIC_USART1_Init     0x08009565   0x14  Code  Lc  bsp_debug_usart.o [1]
MX_NVIC_USART3_Init     0x08006e95   0x14  Code  Lc  bsp_usartx_RS485.o [1]
MX_NVIC_USART5_Init     0x08009579   0x14  Code  Lc  bsp_debug_usart.o [1]
MX_RTC_Init             0x0800b519   0x6c  Code  Gb  bsp_rtc.o [1]
MX_SPIFlash_Init        0x08003e39   0x72  Code  Gb  bsp_spiflash.o [1]
MX_USARTx_Init          0x080096d5   0x5c  Code  Gb  bsp_debug_usart.o [1]
ManualContorlFlag       0x20003529    0x1  Data  Gb  variable.o [1]
MemManage_Handler       0x0800cf87   0x1c  Code  Gb  stm32f4xx_it.o [1]
Modbusprocess           0x0800339d  0x542  Code  Gb  function.o [1]
NMI_Handler             0x0800cf69    0x2  Code  Gb  stm32f4xx_it.o [1]
NVIC_EnableIRQ          0x0800b1cf   0x14  Code  Lc  stm32f4xx_hal_cortex.o [1]
NVIC_EncodePriority     0x0800b205   0x3e  Code  Lc  stm32f4xx_hal_cortex.o [1]
NVIC_GetPriorityGrouping
                        0x0800b1c5    0xa  Code  Lc  stm32f4xx_hal_cortex.o [1]
NVIC_SetPriority        0x0800b1e3   0x22  Code  Lc  stm32f4xx_hal_cortex.o [1]
NVIC_SetPriorityGrouping
                        0x0800b1a9   0x1c  Code  Lc  stm32f4xx_hal_cortex.o [1]
NVIC_SystemReset        0x08000189   0x22  Code  Lc  function.o [1]
OUTPUT_GPIO_Init        0x0800bd79   0xd0  Code  Gb  bsp_gpio.o [1]
Open_Beep               0x080039e7   0x10  Code  Gb  function.o [1]
Open_Delay              0x08001dd9  0x146  Code  Gb  function.o [1]
Open_Error              0x08001ce5   0x7a  Code  Gb  function.o [1]
Open_Light              0x08003a0d   0x10  Code  Gb  function.o [1]
Open_YiYe_pupm          0x08003a31   0x16  Code  Gb  function.o [1]
PendSV_Handler          0x0800cfdf    0x2  Code  Gb  stm32f4xx_it.o [1]
RCC_IRQHandler          0x0800cfed    0x2  Code  Gb  stm32f4xx_it.o [1]
RS485_Receive_Data      0x08006f79   0x58  Code  Gb  bsp_usartx_RS485.o [1]
RS485_Rx_Count          0x2000350c    0x2  Data  Gb  variable.o [1]
RS485_Rx_Count_Old      0x200001f0    0x2  Data  Gb  variable.o [1]
RS485_Rx_buf            0x2000341c   0x40  Data  Gb  variable.o [1]
RS485_Send_Data         0x08006f05   0x74  Code  Gb  bsp_usartx_RS485.o [1]
RS485_USARTx_Init       0x08006ea9   0x5c  Code  Gb  bsp_usartx_RS485.o [1]
RTC_Bcd2ToByte          0x080073f3   0x1a  Code  Gb  stm32f4xx_hal_rtc.o [1]
RTC_ByteToBcd2          0x080073dd   0x16  Code  Gb  stm32f4xx_hal_rtc.o [1]
RTC_CalendarConfig      0x0800b38f  0x18a  Code  Gb  bsp_rtc.o [1]
RTC_CalendarShow        0x0800221d   0x4c  Code  Gb  function.o [1]
RTC_Config_flag         0x20003527    0x1  Data  Gb  variable.o [1]
RTC_EnterInitMode       0x080073a5   0x38  Code  Gb  stm32f4xx_hal_rtc.o [1]
Reboot                  0x080039cb   0x1c  Code  Gb  function.o [1]
Reboot_flag             0x20003525    0x1  Data  Gb  variable.o [1]
Region$$Table$$Base     0x0800e64c          --   Gb  - Linker created -
Region$$Table$$Limit    0x0800e66c          --   Gb  - Linker created -
RevCommand              0x20003515    0x1  Data  Gb  main.o [1]
RevDevicesData          0x20003514    0x1  Data  Gb  main.o [1]
Rx_Count                0x20003517    0x1  Data  Gb  main.o [1]
SCM_state               0x20000020    0x4  Data  Gb  variable.o [1]
SPI_CheckFlag_BSY       0x08008cc5   0x28  Code  Lc  stm32f4xx_hal_spi.o [1]
SPI_FLASH_BufferRead    0x08004153   0x52  Code  Gb  bsp_spiflash.o [1]
SPI_FLASH_BufferWrite   0x0800401b  0x138  Code  Gb  bsp_spiflash.o [1]
SPI_FLASH_PageWrite     0x08003fb7   0x64  Code  Gb  bsp_spiflash.o [1]
SPI_FLASH_SectorErase   0x08003f73   0x44  Code  Gb  bsp_spiflash.o [1]
SPI_FLASH_SendByte      0x080041a5   0x2c  Code  Gb  bsp_spiflash.o [1]
SPI_FLASH_WaitForWriteEnd
                        0x080041ef   0x2c  Code  Gb  bsp_spiflash.o [1]
SPI_FLASH_WriteEnable   0x080041d1   0x1e  Code  Gb  bsp_spiflash.o [1]
SPI_WaitFlagStateUntilTimeout
                        0x08008c23   0xa2  Code  Lc  stm32f4xx_hal_spi.o [1]
STREES_High             0x20000008    0x4  Data  Gb  variable.o [1]
STREES_Low              0x200034e4    0x4  Data  Gb  variable.o [1]
SVC_Handler             0x0800cfdb    0x2  Code  Gb  stm32f4xx_it.o [1]
Sample_RS485            0x0800c2a5   0xce  Code  Gb  sample.o [1]
Sample_flag             0x2000351d    0x1  Data  Gb  variable.o [1]
Save_Data               0x080014b5  0x208  Code  Gb  function.o [1]
Save_Device_Data        0x0800020f  0x144  Code  Gb  function.o [1]
Save_flag               0x20003522    0x1  Data  Gb  variable.o [1]
Sensor_Cfg_Mode         0x2000351b    0x1  Data  Gb  variable.o [1]
Show_Data               0x080038e5   0x22  Code  Gb  function.o [1]
StringToArray           0x0800b2fd   0x92  Code  Gb  bsp_rtc.o [1]
SysTick_Config          0x0800b243   0x2e  Code  Lc  stm32f4xx_hal_cortex.o [1]
SysTick_Handler         0x0800cfe1    0xc  Code  Gb  stm32f4xx_it.o [1]
SystemClock_Config      0x0800a759   0xb2  Code  Gb  main.o [1]
SystemCoreClock         0x20000000    0x4  Data  Gb  system_stm32f4xx.o [1]
SystemInit              0x0800d069   0x4c  Code  Gb  system_stm32f4xx.o [1]
TEMP_High               0x20000018    0x4  Data  Gb  variable.o [1]
TEMP_Low                0x20000014    0x4  Data  Gb  variable.o [1]
TIM6_DAC_IRQHandler     0x0800d003    0xa  Code  Gb  stm32f4xx_it.o [1]
TIM_Base_SetConfig      0x0800c0df   0xe4  Code  Gb  stm32f4xx_hal_tim.o [1]
UART_DMAAbortOnError    0x080067c5   0x12  Code  Lc  stm32f4xx_hal_uart.o [1]
UART_EndRxTransfer      0x080067a1   0x20  Code  Lc  stm32f4xx_hal_uart.o [1]
UART_EndTransmit_IT     0x08006843   0x1c  Code  Lc  stm32f4xx_hal_uart.o [1]
UART_Receive_IT         0x0800685f   0x9a  Code  Lc  stm32f4xx_hal_uart.o [1]
UART_SetConfig          0x080068f9  0x30c  Code  Lc  stm32f4xx_hal_uart.o [1]
UART_Transmit_IT        0x080067d9   0x6a  Code  Lc  stm32f4xx_hal_uart.o [1]
UART_WaitOnFlagUntilTimeout
                        0x08006731   0x70  Code  Lc  stm32f4xx_hal_uart.o [1]
USART1_IRQHandler       0x0800cfef    0xa  Code  Gb  stm32f4xx_it.o [1]
USART3_IRQHandler       0x0800cff9    0xa  Code  Gb  stm32f4xx_it.o [1]
UpData                  0x080016d9  0x19c  Code  Gb  function.o [1]
UpData_flag             0x2000351e    0x1  Data  Gb  variable.o [1]
UsageFault_Handler      0x0800cfbf   0x1c  Code  Gb  stm32f4xx_it.o [1]
WCOND_High              0x20000010    0x4  Data  Gb  variable.o [1]
WCOND_Low               0x200034ec    0x4  Data  Gb  variable.o [1]
WEIGHT_High             0x2000001c    0x4  Data  Gb  variable.o [1]
WEIGHT_Low              0x200034f0    0x4  Data  Gb  variable.o [1]
WPH_High                0x2000000c    0x4  Data  Gb  variable.o [1]
WPH_Low                 0x200034e8    0x4  Data  Gb  variable.o [1]
YiYe_pump_control_flag  0x20003524    0x1  Data  Gb  variable.o [1]
YiYe_pump_flag          0x20003523    0x1  Data  Gb  variable.o [1]
_EncodingSb_Mbtowc      0x0800cc47   0x30  Code  Gb  xencoding_sb.o [3]
_EncodingSb_Wctomb      0x0800cc2d   0x1a  Code  Gb  xencoding_sb.o [3]
_GenldFull              0x080086eb  0x24c  Code  Lc  xprintffull.o [3]
_IsdstStr               0x200000f8    0x4  Data  Gb  setlocale.o [3]
_LdtobFull              0x080082e9  0x3fc  Code  Lc  xprintffull.o [3]
_LitobFull              0x080081e1  0x106  Code  Lc  xprintffull.o [3]
_LocaleC_isalpha        0x0800cc8f   0x16  Code  Gb  xlocale_c.o [3]
_LocaleC_isspace        0x0800cca5   0x14  Code  Gb  xlocale_c.o [3]
_LocaleC_tolower        0x0800b035    0xc  Code  Gb  xlocale_c.o [3]
_LocaleEncoding         0x0800b023    0xe  Code  Gb  setlocale.o [3]
_LocaleForCat           0x0800b011   0x12  Code  Gb  setlocale.o [3]
_LocaleReturnString     0x20000118   0x50  Data  Lc  setlocale.o [3]
_Locale_Profile         0x200000fc   0x1c  Data  Gb  setlocale.o [3]
_Locale_aeabi_lconv     0x200001b8   0x38  Data  Gb  localeconv.o [3]
_Locale_lconv           0x20000168   0x50  Data  Gb  localeconv.o [3]
_Mbtowc                 0x0800b601   0x20  Code  Gb  xmbtowc.o [3]
_PrintfFull             0x08007819  0x638  Code  Gb  xprintffull.o [3]
_Prout                  0x0800ece9   0x16  Code  Gb  xprout.o [3]
_PutcharsFull           0x08008937   0x2e  Code  Lc  xprintffull.o [3]
_PutstrFull             0x08007ed5  0x306  Code  Lc  xprintffull.o [3]
_SProut                 0x08003d5b    0xa  Code  Gb  xsprout.o [3]
_Stoflt                 0x0800c4a9  0x1b8  Code  Gb  xstoflt.o [3]
_Stopfx                 0x0800c385  0x124  Code  Gb  xstopfx.o [3]
_Stoxflt                0x0800c861  0x1e2  Code  Gb  xstoxflt.o [3]
_Strtok_ssave           0x200000ec    0x4  Data  Lc  strtok.o [3]
_TzoneStr               0x200000f4    0x4  Data  Gb  setlocale.o [3]
_Wctomb                 0x0800b69b   0x1a  Code  Gb  xwctomb.o [3]
__aeabi_cdcmpeq         0x08009191         Code  Gb  DblCmpEq.o [4]
__aeabi_cdcmple         0x08006cc5         Code  Gb  DblCmpLe.o [4]
__aeabi_cdrcmple        0x08006dd1         Code  Gb  DblCmpGe.o [4]
__aeabi_d2f             0x08004355         Code  Gb  DblToFlt.o [4]
__aeabi_d2iz            0x080045d9         Code  Gb  DblToI32.o [4]
__aeabi_d2uiz           0x08004605         Code  Gb  DblToI32.o [4]
__aeabi_dadd            0x0800426d         Code  Gb  DblAdd.o [4]
__aeabi_ddiv            0x0800758d         Code  Gb  DblDiv.o [4]
__aeabi_dmul            0x08004435         Code  Gb  DblMul.o [4]
__aeabi_dsub            0x0800740d         Code  Gb  DblSub.o [4]
__aeabi_errno_addr      0x080091b1    0x6  Code  Gb  errno.o [3]
__aeabi_f2d             0x080043e5         Code  Gb  FltToDbl.o [4]
__aeabi_i2d             0x0800423d         Code  Gb  I32ToDbl.o [4]
__aeabi_ldiv0           0x0800cc8d         Code  Gb  I64DivZer.o [5]
__aeabi_memclr4         0x08003d55         Code  Gb  ABImemclr4.o [5]
__aeabi_memset          0x08004ef1         Code  Gb  ABImemset.o [5]
__aeabi_ui2d            0x08004251         Code  Gb  I32ToDbl.o [4]
__aeabi_uldivmod        0x0800b6b5         Code  Gb  I64DivMod.o [5]
__cmain                 0x0800eb51         Code  Gb  cmain.o [5]
__data_GetMemChunk      0x08009539   0x2c  Code  Gb  xgetmemchunk.o [3]
__exit                  0x0800b99d   0x14  Code  Gb  exit.o [6]
__iar_Dint              0x08009117   0x7a  Code  Gb  xdint.o [4]
__iar_Dnorm             0x080090d5   0x42  Code  Gb  xdnorm.o [4]
__iar_Dscale            0x0800b7a5  0x114  Code  Gb  xdscale.o [4]
__iar_Dtentox           0x0800c6bd  0x13e  Code  Gb  xdtento.o [4]
__iar_Dtest             0x0800b95b   0x30  Code  Gb  xdtest.o [4]
__iar_Dunscale          0x0800cd15   0x52  Code  Gb  xdunscal.o [4]
__iar_Errno             0x200000f0    0x4  Data  Gb  errno.o [3]
__iar_Exp               0x0800926d  0x2be  Code  Gb  xexp.o [4]
__iar_Locale_lconv_init
                        0x0800b8b9   0x3a  Code  Gb  localeconv.o [3]
__iar_Logpoly           0x080091bd   0x76  Code  Gb  xlog.o [4]
__iar_Mbcurmax          0x0800b691    0xa  Code  Gb  xmbcurmax.o [3]
__iar_Memchr            0x0800b639         Code  Gb  memchr.o [5]
__iar_Memset            0x08004ef1         Code  Gb  ABImemset.o [5]
__iar_Memset4_word      0x080077e5         Code  Gb  ABImemset48.o [5]
__iar_Memset8_word      0x080077e5         Code  Gb  ABImemset48.o [5]
__iar_Memset_word       0x08004ef9         Code  Gb  ABImemset.o [5]
__iar_Stdout            0x200000ac   0x40  Data  Gb  xfiles.o [3]
__iar_Stod              0x0800b1a5    0x4  Code  Gb  xstod.o [4]
__iar_Stodx             0x0800b041  0x14e  Code  Gb  xstod.o [4]
__iar_Stoul             0x08009081    0x4  Code  Gb  xstoul.o [3]
__iar_Stoulx            0x08008f3d  0x13e  Code  Gb  xstoul.o [3]
__iar_Strchr            0x0800b621         Code  Gb  strchr.o [5]
__iar_d2uiz             0x08004611         Code  Gb  DblToI32.o [4]
__iar_dadd              0x08004281         Code  Gb  DblAdd.o [4]
__iar_data_init3        0x0800e259   0x28  Code  Gb  data_init.o [5]
__iar_dlfree            0x08005f2f  0x510  Code  Gb  dlmalloc.o [3]
__iar_dlib_perthread_access
                        0x0800afc9    0x2  Code  Gb  xtls.o [3]
__iar_dlmalloc          0x08005c79  0x2aa  Code  Gb  dlmalloc.o [3]
__iar_dsub              0x08007421         Code  Gb  DblSub.o [4]
__iar_dsubStart         0x08007433         Code  Gb  DblSub.o [4]
__iar_init_vfp          0x0800e629         Code  Gb  fpinit_M.o [4]
__iar_packbits_init_single3
                        0x0800d881   0x38  Code  Gb  packbits_init_single.o [5]
__iar_program_start     0x0800ef1d         Code  Gb  cstartup_M.o [5]
__iar_ui2d              0x08004255         Code  Gb  I32ToDbl.o [4]
__iar_unaligned___aeabi_memcpy
                        0x08006e01         Code  Gb  ABImemcpy_unaligned.o [5]
__iar_unaligned___aeabi_memcpy4
                        0x08006e21         Code  Gb  ABImemcpy_unaligned.o [5]
__iar_unaligned___aeabi_memcpy8
                        0x08006e21         Code  Gb  ABImemcpy_unaligned.o [5]
__iar_unaligned_strcmp  0x08006c5d         Code  Gb  strcmp_unaligned.o [5]
__iar_unaligned_strcpy  0x08003df5         Code  Gb  strcpy_unaligned.o [5]
__iar_vfp_atof          0x08006cb3   0x10  Code  Gb  atof.o [4]
__iar_vfp_pow           0x08004ab3   0x18  Code  Gb  pow.o [4]
__iar_vfp_strtod        0x08006cf3    0xe  Code  Gb  strtod.o [4]
__iar_zero_init3        0x0800d519   0x40  Code  Gb  zero_init3.o [5]
__low_level_init        0x0800eb6b    0x4  Code  Gb  low_level_init.o [3]
__vector_table          0x08000000         Data  Gb  startup_stm32f407xx.o [1]
_call_main              0x0800eb5d         Code  Gb  cmain.o [5]
_exit                   0x0800eb75         Code  Gb  cexit.o [5]
_gm_                    0x20002da0  0x1d8  Data  Lc  dlmalloc.o [3]
_main                   0x0800eb67         Code  Gb  cmain.o [5]
aRxBuffer_485           0x20003513    0x1  Data  Gb  main.o [1]
aRxBuffer_Android       0x20003518    0x1  Data  Gb  main.o [1]
abort                   0x08009533    0x6  Code  Gb  abort.o [3]
atoi                    0x08004235    0x8  Code  Gb  atoi.o [3]
clear_flag              0x2000352c    0x1  Data  Gb  variable.o [1]
closeManualContorl      0x08003b0d   0x8e  Code  Gb  function.o [1]
com_flag                0x20003516    0x1  Data  Gb  main.o [1]
delay                   0x200021f8  0x7a8  Data  Gb  variable.o [1]
delayContorl            0x20003508    0x2  Data  Gb  main.o [1]
delayContorlFlag        0x20003528    0x1  Data  Gb  variable.o [1]
delay_ms2               0x08003ad5   0x30  Code  Gb  function.o [1]
digits                  0x08009084   0x28  Data  Lc  xstoul.o [3]
div                     0x0800b925    0xe  Code  Gb  div.o [3]
dmul                    0x0800c661   0x5a  Code  Lc  xdtento.o [4]
error                   0x20003510    0x1  Data  Gb  main.o [1]
exit                    0x0800eb6f    0x4  Code  Gb  exit.o [3]
fputc                   0x0800978d   0x14  Code  Gb  bsp_debug_usart.o [1]
frist                   0x200001f2    0x1  Data  Gb  main.o [1]
hiwdg                   0x200034d0    0xc  Data  Gb  bsp_iwdg.o [1]
hrtc                    0x20003498   0x20  Data  Gb  bsp_rtc.o [1]
hspiflash               0x200032b4   0x58  Data  Gb  bsp_spiflash.o [1]
htimx                   0x2000345c   0x3c  Data  Gb  bsp_BasicTIM.o [1]
htoi                    0x08000909   0x6e  Code  Gb  function.o [1]
husart_debug            0x2000335c   0x40  Data  Gb  bsp_debug_usart.o [1]
husartx                 0x2000339c   0x40  Data  Gb  bsp_debug_usart.o [1]
husartx_rs485           0x200033dc   0x40  Data  Gb  bsp_usartx_RS485.o [1]
index_time_control_flag
                        0x2000352e    0x1  Data  Gb  variable.o [1]
index_time_control_flag_assist
                        0x2000352a    0x1  Data  Gb  variable.o [1]
init_mparams            0x08004f73   0x32  Code  Lc  dlmalloc.o [3]
init_top                0x08004fa5   0x34  Code  Lc  dlmalloc.o [3]
intToHex                0x08000511    0xa  Code  Gb  function.o [1]
internal_Pow            0x08004631  0x478  Code  Lc  pow.o [4]
isalpha                 0x0800b933   0x14  Code  Gb  isxxx.o [3]
isspace                 0x0800b947   0x14  Code  Gb  isxxx.o [3]
itoa                    0x080001ab   0x64  Code  Gb  function.o [1]
keyTimeFlag             0x20003512    0x1  Data  Gb  main.o [1]
lnbias                  0x08004ad0  0x420  Data  Lc  pow.o [4]
localeconv              0x0800b8f3   0x16  Code  Gb  localeconv.o [3]
main                    0x08009875  0x90e  Code  Gb  main.o [1]
memchr                  0x0800b639         Code  Gb  memchr.o [5]
minute_timer_count      0x20003504    0x2  Data  Gb  main.o [1]
movedigit               0x080031f9  0x152  Code  Gb  function.o [1]
mparams                 0x200034b8   0x18  Data  Lc  dlmalloc.o [3]
ndigs                   0x080090ac   0x28  Data  Lc  xstoul.o [3]
obuf                    0x2000330c   0x50  Data  Lc  xfiles.o [3]
openManualContorl       0x08003bb5   0x5c  Code  Gb  function.o [1]
overWeightNum           0x200034f8    0x4  Data  Gb  variable.o [1]
overWeightNumSave       0x200034fc    0x4  Data  Gb  variable.o [1]
pows                    0x0800c818   0x48  Data  Lc  xdtento.o [4]
prepend_alloc           0x08004fd9  0x36c  Code  Lc  dlmalloc.o [3]
printf                  0x08003d9d   0x24  Code  Gb  printf.o [3]
putchar                 0x0800ed01    0xc  Code  Gb  putchar.o [3]
recv_flag_num           0x20003519    0x1  Data  Gb  main.o [1]
recv_flag_save          0x20003511    0x1  Data  Gb  main.o [1]
saveRS485Adder          0x2000352b    0x1  Data  Gb  variable.o [1]
second_timer_count      0x20003506    0x2  Data  Gb  main.o [1]
segment_holding         0x08004f59   0x1a  Code  Lc  dlmalloc.o [3]
selectState             0x08003055   0x72  Code  Gb  function.o [1]
selectStateCommand      0x20000024    0x8  Data  Gb  variable.o [1]
sensor_array            0x20002f78  0x1c0  Data  Gb  variable.o [1]
sensor_data             0x20003138  0x118  Data  Gb  variable.o [1]
split                   0x0800c271   0x34  Code  Gb  sample.o [1]
sprintf                 0x08003dc1   0x34  Code  Gb  sprintf.o [3]
strcat                  0x08006e77   0x1c  Code  Gb  strcat.o [3]
strchr                  0x0800b621         Code  Gb  strchr.o [5]
strcspn                 0x0800afed   0x22  Code  Gb  strcspn.o [3]
strlen                  0x08003d65         Code  Gb  strlen.o [5]
strspn                  0x0800afcb   0x22  Code  Gb  strspn.o [3]
strtok                  0x08006c11   0x4c  Code  Gb  strtok.o [3]
sys_alloc               0x08005345  0x386  Code  Lc  dlmalloc.o [3]
sys_time_Control_flag   0x20003521    0x1  Data  Gb  variable.o [1]
time_Control_flag       0x20003520    0x1  Data  Gb  variable.o [1]
time_num                0x200034f4    0x4  Data  Gb  variable.o [1]
tmalloc_large           0x080056d9  0x390  Code  Lc  dlmalloc.o [3]
tmalloc_small           0x08005a69  0x210  Code  Lc  dlmalloc.o [3]
tolower                 0x08006c9f   0x14  Code  Gb  tolower.o [3]
uwTick                  0x200034dc    0x4  Data  Gb  stm32f4xx_hal.o [1]
warn_timer_count        0x2000350e    0x2  Data  Gb  variable.o [1]


[1] = D:\XiongXia\产品资料\智涂云单片机版-整理版 - 修改版\EWARM\YS-F4Pro\Obj
[2] = command line
[3] = dl7M_tlf.a
[4] = m7M_tls.a
[5] = rt7M_tl.a
[6] = shb_l.a

  53 552 bytes of readonly  code memory
   8 258 bytes of readonly  data memory
  13 610 bytes of readwrite data memory

Errors: none
Warnings: none
