###############################################################################
#
# IAR ELF Linker V7.50.2.10312/W32 for ARM                14/Sep/2018  09:43:37
# Copyright 2007-2015 IAR Systems AB.
#
#    Output file  =  
#        E:\STM32F407-RS485数据采集-V2\RS485-主机端\EWARM\YS-F4Pro\Exe\YS-F4Pro.out
#    Map file     =  
#        E:\STM32F407-RS485数据采集-V2\RS485-主机端\EWARM\YS-F4Pro\List\YS-F4Pro.map
#    Command line =  
#        E:\STM32F407-RS485数据采集-V2\RS485-主机端\EWARM\YS-F4Pro\Obj\bsp_BasicTIM.o
#        E:\STM32F407-RS485数据采集-V2\RS485-主机端\EWARM\YS-F4Pro\Obj\bsp_calendar.o
#        E:\STM32F407-RS485数据采集-V2\RS485-主机端\EWARM\YS-F4Pro\Obj\bsp_debug_usart.o
#        E:\STM32F407-RS485数据采集-V2\RS485-主机端\EWARM\YS-F4Pro\Obj\bsp_gpio.o
#        E:\STM32F407-RS485数据采集-V2\RS485-主机端\EWARM\YS-F4Pro\Obj\bsp_led.o
#        E:\STM32F407-RS485数据采集-V2\RS485-主机端\EWARM\YS-F4Pro\Obj\bsp_rtc.o
#        E:\STM32F407-RS485数据采集-V2\RS485-主机端\EWARM\YS-F4Pro\Obj\bsp_usartx_RS485.o
#        E:\STM32F407-RS485数据采集-V2\RS485-主机端\EWARM\YS-F4Pro\Obj\crc16.o
#        E:\STM32F407-RS485数据采集-V2\RS485-主机端\EWARM\YS-F4Pro\Obj\function.o
#        E:\STM32F407-RS485数据采集-V2\RS485-主机端\EWARM\YS-F4Pro\Obj\main.o
#        E:\STM32F407-RS485数据采集-V2\RS485-主机端\EWARM\YS-F4Pro\Obj\sample.o
#        E:\STM32F407-RS485数据采集-V2\RS485-主机端\EWARM\YS-F4Pro\Obj\startup_stm32f407xx.o
#        E:\STM32F407-RS485数据采集-V2\RS485-主机端\EWARM\YS-F4Pro\Obj\stm32f4xx_assert.o
#        E:\STM32F407-RS485数据采集-V2\RS485-主机端\EWARM\YS-F4Pro\Obj\stm32f4xx_hal.o
#        E:\STM32F407-RS485数据采集-V2\RS485-主机端\EWARM\YS-F4Pro\Obj\stm32f4xx_hal_adc.o
#        E:\STM32F407-RS485数据采集-V2\RS485-主机端\EWARM\YS-F4Pro\Obj\stm32f4xx_hal_adc_ex.o
#        E:\STM32F407-RS485数据采集-V2\RS485-主机端\EWARM\YS-F4Pro\Obj\stm32f4xx_hal_can.o
#        E:\STM32F407-RS485数据采集-V2\RS485-主机端\EWARM\YS-F4Pro\Obj\stm32f4xx_hal_cec.o
#        E:\STM32F407-RS485数据采集-V2\RS485-主机端\EWARM\YS-F4Pro\Obj\stm32f4xx_hal_cortex.o
#        E:\STM32F407-RS485数据采集-V2\RS485-主机端\EWARM\YS-F4Pro\Obj\stm32f4xx_hal_crc.o
#        E:\STM32F407-RS485数据采集-V2\RS485-主机端\EWARM\YS-F4Pro\Obj\stm32f4xx_hal_cryp.o
#        E:\STM32F407-RS485数据采集-V2\RS485-主机端\EWARM\YS-F4Pro\Obj\stm32f4xx_hal_cryp_ex.o
#        E:\STM32F407-RS485数据采集-V2\RS485-主机端\EWARM\YS-F4Pro\Obj\stm32f4xx_hal_dac.o
#        E:\STM32F407-RS485数据采集-V2\RS485-主机端\EWARM\YS-F4Pro\Obj\stm32f4xx_hal_dac_ex.o
#        E:\STM32F407-RS485数据采集-V2\RS485-主机端\EWARM\YS-F4Pro\Obj\stm32f4xx_hal_dcmi.o
#        E:\STM32F407-RS485数据采集-V2\RS485-主机端\EWARM\YS-F4Pro\Obj\stm32f4xx_hal_dcmi_ex.o
#        E:\STM32F407-RS485数据采集-V2\RS485-主机端\EWARM\YS-F4Pro\Obj\stm32f4xx_hal_dfsdm.o
#        E:\STM32F407-RS485数据采集-V2\RS485-主机端\EWARM\YS-F4Pro\Obj\stm32f4xx_hal_dma.o
#        E:\STM32F407-RS485数据采集-V2\RS485-主机端\EWARM\YS-F4Pro\Obj\stm32f4xx_hal_dma2d.o
#        E:\STM32F407-RS485数据采集-V2\RS485-主机端\EWARM\YS-F4Pro\Obj\stm32f4xx_hal_dma_ex.o
#        E:\STM32F407-RS485数据采集-V2\RS485-主机端\EWARM\YS-F4Pro\Obj\stm32f4xx_hal_dsi.o
#        E:\STM32F407-RS485数据采集-V2\RS485-主机端\EWARM\YS-F4Pro\Obj\stm32f4xx_hal_eth.o
#        E:\STM32F407-RS485数据采集-V2\RS485-主机端\EWARM\YS-F4Pro\Obj\stm32f4xx_hal_flash.o
#        E:\STM32F407-RS485数据采集-V2\RS485-主机端\EWARM\YS-F4Pro\Obj\stm32f4xx_hal_flash_ex.o
#        E:\STM32F407-RS485数据采集-V2\RS485-主机端\EWARM\YS-F4Pro\Obj\stm32f4xx_hal_flash_ramfunc.o
#        E:\STM32F407-RS485数据采集-V2\RS485-主机端\EWARM\YS-F4Pro\Obj\stm32f4xx_hal_fmpi2c.o
#        E:\STM32F407-RS485数据采集-V2\RS485-主机端\EWARM\YS-F4Pro\Obj\stm32f4xx_hal_fmpi2c_ex.o
#        E:\STM32F407-RS485数据采集-V2\RS485-主机端\EWARM\YS-F4Pro\Obj\stm32f4xx_hal_gpio.o
#        E:\STM32F407-RS485数据采集-V2\RS485-主机端\EWARM\YS-F4Pro\Obj\stm32f4xx_hal_hash.o
#        E:\STM32F407-RS485数据采集-V2\RS485-主机端\EWARM\YS-F4Pro\Obj\stm32f4xx_hal_hash_ex.o
#        E:\STM32F407-RS485数据采集-V2\RS485-主机端\EWARM\YS-F4Pro\Obj\stm32f4xx_hal_hcd.o
#        E:\STM32F407-RS485数据采集-V2\RS485-主机端\EWARM\YS-F4Pro\Obj\stm32f4xx_hal_i2c.o
#        E:\STM32F407-RS485数据采集-V2\RS485-主机端\EWARM\YS-F4Pro\Obj\stm32f4xx_hal_i2c_ex.o
#        E:\STM32F407-RS485数据采集-V2\RS485-主机端\EWARM\YS-F4Pro\Obj\stm32f4xx_hal_i2s.o
#        E:\STM32F407-RS485数据采集-V2\RS485-主机端\EWARM\YS-F4Pro\Obj\stm32f4xx_hal_i2s_ex.o
#        E:\STM32F407-RS485数据采集-V2\RS485-主机端\EWARM\YS-F4Pro\Obj\stm32f4xx_hal_irda.o
#        E:\STM32F407-RS485数据采集-V2\RS485-主机端\EWARM\YS-F4Pro\Obj\stm32f4xx_hal_iwdg.o
#        E:\STM32F407-RS485数据采集-V2\RS485-主机端\EWARM\YS-F4Pro\Obj\stm32f4xx_hal_lptim.o
#        E:\STM32F407-RS485数据采集-V2\RS485-主机端\EWARM\YS-F4Pro\Obj\stm32f4xx_hal_ltdc.o
#        E:\STM32F407-RS485数据采集-V2\RS485-主机端\EWARM\YS-F4Pro\Obj\stm32f4xx_hal_ltdc_ex.o
#        E:\STM32F407-RS485数据采集-V2\RS485-主机端\EWARM\YS-F4Pro\Obj\stm32f4xx_hal_mmc.o
#        E:\STM32F407-RS485数据采集-V2\RS485-主机端\EWARM\YS-F4Pro\Obj\stm32f4xx_hal_msp.o
#        E:\STM32F407-RS485数据采集-V2\RS485-主机端\EWARM\YS-F4Pro\Obj\stm32f4xx_hal_nand.o
#        E:\STM32F407-RS485数据采集-V2\RS485-主机端\EWARM\YS-F4Pro\Obj\stm32f4xx_hal_nor.o
#        E:\STM32F407-RS485数据采集-V2\RS485-主机端\EWARM\YS-F4Pro\Obj\stm32f4xx_hal_pccard.o
#        E:\STM32F407-RS485数据采集-V2\RS485-主机端\EWARM\YS-F4Pro\Obj\stm32f4xx_hal_pcd.o
#        E:\STM32F407-RS485数据采集-V2\RS485-主机端\EWARM\YS-F4Pro\Obj\stm32f4xx_hal_pcd_ex.o
#        E:\STM32F407-RS485数据采集-V2\RS485-主机端\EWARM\YS-F4Pro\Obj\stm32f4xx_hal_pwr.o
#        E:\STM32F407-RS485数据采集-V2\RS485-主机端\EWARM\YS-F4Pro\Obj\stm32f4xx_hal_pwr_ex.o
#        E:\STM32F407-RS485数据采集-V2\RS485-主机端\EWARM\YS-F4Pro\Obj\stm32f4xx_hal_qspi.o
#        E:\STM32F407-RS485数据采集-V2\RS485-主机端\EWARM\YS-F4Pro\Obj\stm32f4xx_hal_rcc.o
#        E:\STM32F407-RS485数据采集-V2\RS485-主机端\EWARM\YS-F4Pro\Obj\stm32f4xx_hal_rcc_ex.o
#        E:\STM32F407-RS485数据采集-V2\RS485-主机端\EWARM\YS-F4Pro\Obj\stm32f4xx_hal_rng.o
#        E:\STM32F407-RS485数据采集-V2\RS485-主机端\EWARM\YS-F4Pro\Obj\stm32f4xx_hal_rtc.o
#        E:\STM32F407-RS485数据采集-V2\RS485-主机端\EWARM\YS-F4Pro\Obj\stm32f4xx_hal_rtc_ex.o
#        E:\STM32F407-RS485数据采集-V2\RS485-主机端\EWARM\YS-F4Pro\Obj\stm32f4xx_hal_sai.o
#        E:\STM32F407-RS485数据采集-V2\RS485-主机端\EWARM\YS-F4Pro\Obj\stm32f4xx_hal_sai_ex.o
#        E:\STM32F407-RS485数据采集-V2\RS485-主机端\EWARM\YS-F4Pro\Obj\stm32f4xx_hal_sd.o
#        E:\STM32F407-RS485数据采集-V2\RS485-主机端\EWARM\YS-F4Pro\Obj\stm32f4xx_hal_sdram.o
#        E:\STM32F407-RS485数据采集-V2\RS485-主机端\EWARM\YS-F4Pro\Obj\stm32f4xx_hal_smartcard.o
#        E:\STM32F407-RS485数据采集-V2\RS485-主机端\EWARM\YS-F4Pro\Obj\stm32f4xx_hal_spdifrx.o
#        E:\STM32F407-RS485数据采集-V2\RS485-主机端\EWARM\YS-F4Pro\Obj\stm32f4xx_hal_spi.o
#        E:\STM32F407-RS485数据采集-V2\RS485-主机端\EWARM\YS-F4Pro\Obj\stm32f4xx_hal_sram.o
#        E:\STM32F407-RS485数据采集-V2\RS485-主机端\EWARM\YS-F4Pro\Obj\stm32f4xx_hal_tim.o
#        E:\STM32F407-RS485数据采集-V2\RS485-主机端\EWARM\YS-F4Pro\Obj\stm32f4xx_hal_tim_ex.o
#        E:\STM32F407-RS485数据采集-V2\RS485-主机端\EWARM\YS-F4Pro\Obj\stm32f4xx_hal_uart.o
#        E:\STM32F407-RS485数据采集-V2\RS485-主机端\EWARM\YS-F4Pro\Obj\stm32f4xx_hal_usart.o
#        E:\STM32F407-RS485数据采集-V2\RS485-主机端\EWARM\YS-F4Pro\Obj\stm32f4xx_hal_wwdg.o
#        E:\STM32F407-RS485数据采集-V2\RS485-主机端\EWARM\YS-F4Pro\Obj\stm32f4xx_it.o
#        E:\STM32F407-RS485数据采集-V2\RS485-主机端\EWARM\YS-F4Pro\Obj\stm32f4xx_ll_adc.o
#        E:\STM32F407-RS485数据采集-V2\RS485-主机端\EWARM\YS-F4Pro\Obj\stm32f4xx_ll_crc.o
#        E:\STM32F407-RS485数据采集-V2\RS485-主机端\EWARM\YS-F4Pro\Obj\stm32f4xx_ll_dac.o
#        E:\STM32F407-RS485数据采集-V2\RS485-主机端\EWARM\YS-F4Pro\Obj\stm32f4xx_ll_dma.o
#        E:\STM32F407-RS485数据采集-V2\RS485-主机端\EWARM\YS-F4Pro\Obj\stm32f4xx_ll_dma2d.o
#        E:\STM32F407-RS485数据采集-V2\RS485-主机端\EWARM\YS-F4Pro\Obj\stm32f4xx_ll_exti.o
#        E:\STM32F407-RS485数据采集-V2\RS485-主机端\EWARM\YS-F4Pro\Obj\stm32f4xx_ll_fmc.o
#        E:\STM32F407-RS485数据采集-V2\RS485-主机端\EWARM\YS-F4Pro\Obj\stm32f4xx_ll_fsmc.o
#        E:\STM32F407-RS485数据采集-V2\RS485-主机端\EWARM\YS-F4Pro\Obj\stm32f4xx_ll_gpio.o
#        E:\STM32F407-RS485数据采集-V2\RS485-主机端\EWARM\YS-F4Pro\Obj\stm32f4xx_ll_i2c.o
#        E:\STM32F407-RS485数据采集-V2\RS485-主机端\EWARM\YS-F4Pro\Obj\stm32f4xx_ll_lptim.o
#        E:\STM32F407-RS485数据采集-V2\RS485-主机端\EWARM\YS-F4Pro\Obj\stm32f4xx_ll_pwr.o
#        E:\STM32F407-RS485数据采集-V2\RS485-主机端\EWARM\YS-F4Pro\Obj\stm32f4xx_ll_rcc.o
#        E:\STM32F407-RS485数据采集-V2\RS485-主机端\EWARM\YS-F4Pro\Obj\stm32f4xx_ll_rng.o
#        E:\STM32F407-RS485数据采集-V2\RS485-主机端\EWARM\YS-F4Pro\Obj\stm32f4xx_ll_rtc.o
#        E:\STM32F407-RS485数据采集-V2\RS485-主机端\EWARM\YS-F4Pro\Obj\stm32f4xx_ll_sdmmc.o
#        E:\STM32F407-RS485数据采集-V2\RS485-主机端\EWARM\YS-F4Pro\Obj\stm32f4xx_ll_spi.o
#        E:\STM32F407-RS485数据采集-V2\RS485-主机端\EWARM\YS-F4Pro\Obj\stm32f4xx_ll_tim.o
#        E:\STM32F407-RS485数据采集-V2\RS485-主机端\EWARM\YS-F4Pro\Obj\stm32f4xx_ll_usart.o
#        E:\STM32F407-RS485数据采集-V2\RS485-主机端\EWARM\YS-F4Pro\Obj\stm32f4xx_ll_usb.o
#        E:\STM32F407-RS485数据采集-V2\RS485-主机端\EWARM\YS-F4Pro\Obj\stm32f4xx_ll_utils.o
#        E:\STM32F407-RS485数据采集-V2\RS485-主机端\EWARM\YS-F4Pro\Obj\system_stm32f4xx.o
#        E:\STM32F407-RS485数据采集-V2\RS485-主机端\EWARM\YS-F4Pro\Obj\variable.o
#        --redirect _Printf=_PrintfFull --redirect _Scanf=_ScanfFull -o
#        E:\STM32F407-RS485数据采集-V2\RS485-主机端\EWARM\YS-F4Pro\Exe\YS-F4Pro.out
#        --map
#        E:\STM32F407-RS485数据采集-V2\RS485-主机端\EWARM\YS-F4Pro\List\YS-F4Pro.map
#        --config
#        E:\STM32F407-RS485数据采集-V2\RS485-主机端\EWARM/stm32f407xx_flash.icf
#        --semihosting --entry __iar_program_start --vfe
#
###############################################################################

*******************************************************************************
*** RUNTIME MODEL ATTRIBUTES
***

CppFlavor                     = *
__Heap_Handler                = DLMalloc
__SystemLibrary               = DLib
__dlib_dynamic_initialization = normal


*******************************************************************************
*** PLACEMENT SUMMARY
***

"A1":  place at 0x08000000 { ro section .intvec };
"P1":  place in [from 0x08000000 to 0x080fffff] { ro };
"P2":  place in [from 0x20000000 to 0x2001ffff] { rw, block CSTACK, block HEAP };

  Section             Kind        Address    Size  Object
  -------             ----        -------    ----  ------
"A1":                                       0x188
  .intvec             ro code  0x08000000   0x188  startup_stm32f407xx.o [1]
                             - 0x08000188   0x188

"P1":                                      0x953c
  .text               ro code  0x08000188  0x1598  function.o [1]
  .text               ro code  0x08001720    0x24  printf.o [3]
  .text               ro code  0x08001744    0x4c  strtok.o [3]
  .text               ro code  0x08001790     0x6  ABImemclr4.o [5]
  .text               ro code  0x08001796     0xa  xsprout.o [3]
  .text               ro code  0x080017a0    0x44  strcpy_unaligned.o [5]
  .text               ro code  0x080017e4  0x14f0  dlmalloc.o [3]
  .text               ro code  0x08002cd4    0x4e  FltToDbl.o [4]
  .text               ro code  0x08002d24    0x34  sprintf.o [3]
  .text               ro code  0x08002d58    0x36  strlen.o [5]
  .text               ro code  0x08002d90   0x7c8  stm32f4xx_hal_uart.o [1]
  .text               ro code  0x08003558     0x8  atoi.o [3]
  .text               ro code  0x08003560     0xe  strtod.o [4]
  .text               ro code  0x08003570   0x230  stm32f4xx_hal_gpio.o [1]
  .text               ro code  0x080037a0   0x408  stm32f4xx_hal_rtc.o [1]
  .text               ro code  0x08003ba8    0x2e  DblCmpLe.o [4]
  .text               ro code  0x08003bd8   0x1a2  DblMul.o [4]
  .text               ro code  0x08003d7c    0x90  DblToFlt.o [4]
  .text               ro code  0x08003e0c    0xce  crc16.o [1]
  .text               ro code  0x08003edc    0x42  strcmp_unaligned.o [5]
  .text               ro code  0x08003f20    0x30  I32ToDbl.o [4]
  .text               ro code  0x08003f50    0xe8  DblAdd.o [4]
  .text               ro code  0x08004038    0x58  DblToI32.o [4]
  .text               ro code  0x08004090   0x8c0  pow.o [4]
  .text               ro code  0x08004950  0x1166  xprintffull.o [3]
  .text               ro code  0x08005ab6     0x2  xtls.o [3]
  .text               ro code  0x08005ab8    0x22  strspn.o [3]
  .text               ro code  0x08005ada    0x22  strcspn.o [3]
  .text               ro code  0x08005afc    0x32  ABImemset48.o [5]
  .text               ro code  0x08005b2e     0x6  abort.o [3]
  .text               ro code  0x08005b34    0x2c  xgetmemchunk.o [3]
  .text               ro code  0x08005b60   0x26c  bsp_debug_usart.o [1]
  .text               ro code  0x08005dcc    0x9c  stm32f4xx_hal.o [1]
  .text               ro code  0x08005e68    0x26  stm32f4xx_hal_dma.o [1]
  .text               ro code  0x08005e90   0x594  main.o [1]
  .text               ro code  0x08006424   0x6bc  stm32f4xx_hal_rcc.o [1]
  .text               ro code  0x08006ae0   0x198  xstoul.o [3]
  .text               ro code  0x08006c78   0x168  xstod.o [4]
  .text               ro code  0x08006de0   0x118  bsp_rtc.o [1]
  .text               ro code  0x08006ef8   0x180  DblSub.o [4]
  .text               ro code  0x08007078    0x42  xdnorm.o [4]
  .text               ro code  0x080070ba    0x7a  xdint.o [4]
  .text               ro code  0x08007134    0x20  DblCmpEq.o [4]
  .text               ro code  0x08007154     0xc  errno.o [3]
  .text               ro code  0x08007160    0x2e  DblCmpGe.o [4]
  .text               ro code  0x08007190   0x256  DblDiv.o [4]
  .text               ro code  0x080073e8    0xb0  xlog.o [4]
  .text               ro code  0x08007498   0x2c6  xexp.o [4]
  .text               ro code  0x0800775e    0x20  xmbtowc.o [3]
  .text               ro code  0x08007780    0x16  strchr.o [5]
  .text               ro code  0x08007798    0x58  memchr.o [5]
  .text               ro code  0x080077f0     0xa  xmbcurmax.o [3]
  .text               ro code  0x080077fa    0x1a  xwctomb.o [3]
  .text               ro code  0x08007814    0x76  ABImemcpy_unaligned.o [5]
  .text               ro code  0x0800788c    0xee  I64DivMod.o [5]
  .text               ro code  0x0800797c   0x114  xdscale.o [4]
  .text               ro code  0x08007a90    0x6c  localeconv.o [3]
  .text               ro code  0x08007afc     0xe  div.o [3]
  .text               ro code  0x08007b0c    0x14  exit.o [6]
  .text               ro code  0x08007b20   0x152  stm32f4xx_hal_cortex.o [1]
  .text               ro code  0x08007c72    0x6e  stm32f4xx_hal_msp.o [1]
  .text               ro code  0x08007ce0   0x148  bsp_usartx_RS485.o [1]
  .text               ro code  0x08007e28    0xc8  bsp_led.o [1]
  .text               ro code  0x08007ef0    0xd8  bsp_gpio.o [1]
  .text               ro code  0x08007fc8    0x7c  bsp_BasicTIM.o [1]
  .text               ro code  0x08008044   0x2e4  stm32f4xx_hal_tim.o [1]
  .text               ro code  0x08008328   0x180  sample.o [1]
  .text               ro code  0x080084a8    0x28  isxxx.o [3]
  .text               ro code  0x080084d0    0x14  tolower.o [3]
  .text               ro code  0x080084e4   0x124  xstopfx.o [3]
  .text               ro code  0x08008608   0x1b8  xstoflt.o [3]
  .text               ro code  0x080087c0   0x200  xdtento.o [4]
  .text               ro code  0x080089c0   0x218  xstoxflt.o [3]
  .text               ro code  0x08008bd8    0x20  stm32f4xx_hal_rtc_ex.o [1]
  .text               ro code  0x08008bf8    0x18  stm32f4xx_hal_pwr.o [1]
  .text               ro code  0x08008c10   0x17c  stm32f4xx_hal_rcc_ex.o [1]
  .text               ro code  0x08008d8c    0x40  xdtest.o [4]
  .text               ro code  0x08008dcc    0x24  setlocale.o [3]
  .text               ro code  0x08008df0    0x60  xencoding_sb.o [3]
  .text               ro code  0x08008e50     0x2  I64DivZer.o [5]
  .text               ro code  0x08008e54    0x5c  stm32f4xx_hal_tim_ex.o [1]
  .text               ro code  0x08008eb0    0x16  xlocale_c.o [3]
  .text               ro code  0x08008ec6    0x14  xlocale_c.o [3]
  .text               ro code  0x08008eda     0xc  xlocale_c.o [3]
  .text               ro code  0x08008ee6    0x52  xdunscal.o [4]
  .text               ro code  0x08008f38    0x6c  system_stm32f4xx.o [1]
  .text               ro code  0x08008fa4    0x58  stm32f4xx_it.o [1]
  .text               ro code  0x08008ffc    0x40  zero_init3.o [5]
  .text               ro code  0x0800903c    0x38  packbits_init_single.o [5]
  .rodata             const    0x08009074    0x30  function.o [1]
  .text               ro code  0x080090a4    0x28  data_init.o [5]
  .text               ro code  0x080090cc    0x22  fpinit_M.o [4]
  .iar.init_table     const    0x080090f0    0x20  - Linker created -
  .rodata             const    0x08009110    0x1c  main.o [1]
  .rodata             const    0x0800912c    0x1c  main.o [1]
  .text               ro code  0x08009148    0x1a  cmain.o [5]
  .text               ro code  0x08009162     0x4  low_level_init.o [3]
  .text               ro code  0x08009166     0x4  exit.o [3]
  .text               ro code  0x0800916c     0xa  cexit.o [5]
  .rodata             const    0x08009178    0x18  bsp_rtc.o [1]
  .rodata             const    0x08009190    0x18  function.o [1]
  .rodata             const    0x080091a8    0x18  main.o [1]
  .rodata             const    0x080091c0    0x18  main.o [1]
  .text               ro code  0x080091d8    0x16  xprout.o [3]
  .text               ro code  0x080091f0     0xc  putchar.o [3]
  .rodata             const    0x080091fc    0x14  bsp_rtc.o [1]
  .rodata             const    0x08009210    0x14  bsp_usartx_RS485.o [1]
  .rodata             const    0x08009224    0x14  function.o [1]
  .rodata             const    0x08009238    0x14  function.o [1]
  .rodata             const    0x0800924c    0x14  function.o [1]
  .rodata             const    0x08009260    0x14  function.o [1]
  .rodata             const    0x08009274    0x14  function.o [1]
  .rodata             const    0x08009288    0x14  function.o [1]
  .rodata             const    0x0800929c    0x14  function.o [1]
  .rodata             const    0x080092b0    0x14  function.o [1]
  .rodata             const    0x080092c4    0x14  function.o [1]
  .rodata             const    0x080092d8    0x14  function.o [1]
  .rodata             const    0x080092ec    0x14  function.o [1]
  .rodata             const    0x08009300    0x14  main.o [1]
  .rodata             const    0x08009314    0x14  sample.o [1]
  .rodata             const    0x08009328    0x10  bsp_usartx_RS485.o [1]
  .rodata             const    0x08009338    0x10  bsp_usartx_RS485.o [1]
  .rodata             const    0x08009348    0x10  bsp_usartx_RS485.o [1]
  .rodata             const    0x08009358    0x10  function.o [1]
  .rodata             const    0x08009368    0x10  function.o [1]
  .rodata             const    0x08009378    0x10  function.o [1]
  .rodata             const    0x08009388    0x10  function.o [1]
  .rodata             const    0x08009398    0x10  function.o [1]
  .rodata             const    0x080093a8    0x10  function.o [1]
  .rodata             const    0x080093b8    0x10  function.o [1]
  .rodata             const    0x080093c8    0x10  function.o [1]
  .rodata             const    0x080093d8    0x10  sample.o [1]
  .rodata             const    0x080093e8    0x10  system_stm32f4xx.o [1]
  .text               ro code  0x080093f8    0x10  startup_stm32f407xx.o [1]
  .rodata             const    0x08009408     0xc  bsp_usartx_RS485.o [1]
  .rodata             const    0x08009414     0xc  function.o [1]
  .rodata             const    0x08009420     0xc  function.o [1]
  .rodata             const    0x0800942c     0xc  function.o [1]
  .rodata             const    0x08009438     0xc  function.o [1]
  .rodata             const    0x08009444     0xc  function.o [1]
  .rodata             const    0x08009450     0xc  function.o [1]
  .rodata             const    0x0800945c     0xc  main.o [1]
  .text               ro code  0x08009468     0xc  cstartup_M.o [5]
  .rodata             const    0x08009474     0x8  function.o [1]
  .rodata             const    0x0800947c     0x8  function.o [1]
  .rodata             const    0x08009484     0x8  function.o [1]
  .rodata             const    0x0800948c     0x8  main.o [1]
  .rodata             const    0x08009494     0x8  main.o [1]
  .rodata             const    0x0800949c     0x8  system_stm32f4xx.o [1]
  .rodata             const    0x080094a4     0x4  bsp_calendar.o [1]
  .rodata             const    0x080094a8     0x4  bsp_calendar.o [1]
  .rodata             const    0x080094ac     0x4  bsp_calendar.o [1]
  .rodata             const    0x080094b0     0x4  bsp_calendar.o [1]
  .rodata             const    0x080094b4     0x4  bsp_calendar.o [1]
  .rodata             const    0x080094b8     0x4  bsp_calendar.o [1]
  .rodata             const    0x080094bc     0x4  bsp_calendar.o [1]
  .rodata             const    0x080094c0     0x4  bsp_calendar.o [1]
  .rodata             const    0x080094c4     0x4  bsp_calendar.o [1]
  .rodata             const    0x080094c8     0x4  bsp_calendar.o [1]
  .rodata             const    0x080094cc     0x4  bsp_calendar.o [1]
  .rodata             const    0x080094d0     0x4  bsp_calendar.o [1]
  .rodata             const    0x080094d4     0x4  bsp_calendar.o [1]
  .rodata             const    0x080094d8     0x4  bsp_calendar.o [1]
  .rodata             const    0x080094dc     0x4  bsp_calendar.o [1]
  .rodata             const    0x080094e0     0x4  bsp_calendar.o [1]
  .rodata             const    0x080094e4     0x4  bsp_calendar.o [1]
  .rodata             const    0x080094e8     0x4  bsp_calendar.o [1]
  .rodata             const    0x080094ec     0x4  bsp_calendar.o [1]
  .text               ro code  0x080094f0     0x4  startup_stm32f407xx.o [1]
  .text               ro code  0x080094f4     0x4  startup_stm32f407xx.o [1]
  .text               ro code  0x080094f8     0x4  startup_stm32f407xx.o [1]
  .text               ro code  0x080094fc     0x4  startup_stm32f407xx.o [1]
  .text               ro code  0x08009500     0x4  startup_stm32f407xx.o [1]
  .text               ro code  0x08009504     0x4  startup_stm32f407xx.o [1]
  .text               ro code  0x08009508     0x4  startup_stm32f407xx.o [1]
  .text               ro code  0x0800950c     0x4  startup_stm32f407xx.o [1]
  .text               ro code  0x08009510     0x4  startup_stm32f407xx.o [1]
  .text               ro code  0x08009514     0x4  startup_stm32f407xx.o [1]
  .text               ro code  0x08009518     0x4  startup_stm32f407xx.o [1]
  .text               ro code  0x0800951c     0x4  startup_stm32f407xx.o [1]
  .text               ro code  0x08009520     0x4  startup_stm32f407xx.o [1]
  .text               ro code  0x08009524     0x4  startup_stm32f407xx.o [1]
  .text               ro code  0x08009528     0x4  startup_stm32f407xx.o [1]
  .text               ro code  0x0800952c     0x4  startup_stm32f407xx.o [1]
  .text               ro code  0x08009530     0x4  startup_stm32f407xx.o [1]
  .text               ro code  0x08009534     0x4  startup_stm32f407xx.o [1]
  .text               ro code  0x08009538     0x4  startup_stm32f407xx.o [1]
  .text               ro code  0x0800953c     0x4  startup_stm32f407xx.o [1]
  .text               ro code  0x08009540     0x4  startup_stm32f407xx.o [1]
  .text               ro code  0x08009544     0x4  startup_stm32f407xx.o [1]
  .text               ro code  0x08009548     0x4  startup_stm32f407xx.o [1]
  .text               ro code  0x0800954c     0x4  startup_stm32f407xx.o [1]
  .text               ro code  0x08009550     0x4  startup_stm32f407xx.o [1]
  .text               ro code  0x08009554     0x4  startup_stm32f407xx.o [1]
  .text               ro code  0x08009558     0x4  startup_stm32f407xx.o [1]
  .text               ro code  0x0800955c     0x4  startup_stm32f407xx.o [1]
  .text               ro code  0x08009560     0x4  startup_stm32f407xx.o [1]
  .text               ro code  0x08009564     0x4  startup_stm32f407xx.o [1]
  .text               ro code  0x08009568     0x4  startup_stm32f407xx.o [1]
  .text               ro code  0x0800956c     0x4  startup_stm32f407xx.o [1]
  .text               ro code  0x08009570     0x4  startup_stm32f407xx.o [1]
  .text               ro code  0x08009574     0x4  startup_stm32f407xx.o [1]
  .text               ro code  0x08009578     0x4  startup_stm32f407xx.o [1]
  .text               ro code  0x0800957c     0x4  startup_stm32f407xx.o [1]
  .text               ro code  0x08009580     0x4  startup_stm32f407xx.o [1]
  .text               ro code  0x08009584     0x4  startup_stm32f407xx.o [1]
  .text               ro code  0x08009588     0x4  startup_stm32f407xx.o [1]
  .text               ro code  0x0800958c     0x4  startup_stm32f407xx.o [1]
  .text               ro code  0x08009590     0x4  startup_stm32f407xx.o [1]
  .text               ro code  0x08009594     0x4  startup_stm32f407xx.o [1]
  .text               ro code  0x08009598     0x4  startup_stm32f407xx.o [1]
  .text               ro code  0x0800959c     0x4  startup_stm32f407xx.o [1]
  .text               ro code  0x080095a0     0x4  startup_stm32f407xx.o [1]
  .text               ro code  0x080095a4     0x4  startup_stm32f407xx.o [1]
  .text               ro code  0x080095a8     0x4  startup_stm32f407xx.o [1]
  .text               ro code  0x080095ac     0x4  startup_stm32f407xx.o [1]
  .text               ro code  0x080095b0     0x4  startup_stm32f407xx.o [1]
  .text               ro code  0x080095b4     0x4  startup_stm32f407xx.o [1]
  .text               ro code  0x080095b8     0x4  startup_stm32f407xx.o [1]
  .text               ro code  0x080095bc     0x4  startup_stm32f407xx.o [1]
  .text               ro code  0x080095c0     0x4  startup_stm32f407xx.o [1]
  .text               ro code  0x080095c4     0x4  startup_stm32f407xx.o [1]
  .text               ro code  0x080095c8     0x4  startup_stm32f407xx.o [1]
  .text               ro code  0x080095cc     0x4  startup_stm32f407xx.o [1]
  .text               ro code  0x080095d0     0x4  startup_stm32f407xx.o [1]
  .text               ro code  0x080095d4     0x4  startup_stm32f407xx.o [1]
  .text               ro code  0x080095d8     0x4  startup_stm32f407xx.o [1]
  .text               ro code  0x080095dc     0x4  startup_stm32f407xx.o [1]
  .text               ro code  0x080095e0     0x4  startup_stm32f407xx.o [1]
  .text               ro code  0x080095e4     0x4  startup_stm32f407xx.o [1]
  .text               ro code  0x080095e8     0x4  startup_stm32f407xx.o [1]
  .text               ro code  0x080095ec     0x4  startup_stm32f407xx.o [1]
  .text               ro code  0x080095f0     0x4  startup_stm32f407xx.o [1]
  .text               ro code  0x080095f4     0x4  startup_stm32f407xx.o [1]
  .text               ro code  0x080095f8     0x4  startup_stm32f407xx.o [1]
  .text               ro code  0x080095fc     0x4  startup_stm32f407xx.o [1]
  .text               ro code  0x08009600     0x4  startup_stm32f407xx.o [1]
  .text               ro code  0x08009604     0x4  startup_stm32f407xx.o [1]
  .text               ro code  0x08009608     0x4  startup_stm32f407xx.o [1]
  .text               ro code  0x0800960c     0x4  startup_stm32f407xx.o [1]
  .text               ro code  0x08009610     0x4  startup_stm32f407xx.o [1]
  .text               ro code  0x08009614     0x4  startup_stm32f407xx.o [1]
  .text               ro code  0x08009618     0x4  startup_stm32f407xx.o [1]
  .text               ro code  0x0800961c     0x4  startup_stm32f407xx.o [1]
  .rodata             const    0x08009620     0x0  zero_init3.o [5]
  .rodata             const    0x08009620     0x0  packbits_init_single.o [5]
  Initializer bytes   const    0x08009620    0xa4  <for P2-1>
                             - 0x080096c4  0x953c

"P2", part 1 of 3:                          0x1bd
  P2-1                         0x20000000   0x1bd  <Init block>
    .data             inited   0x20000000    0x1c  bsp_calendar.o [1]
    .data             inited   0x2000001c    0x30  bsp_calendar.o [1]
    .data             inited   0x2000004c     0x4  system_stm32f4xx.o [1]
    .data             inited   0x20000050     0xc  variable.o [1]
    .data             inited   0x2000005c     0x4  variable.o [1]
    .data             inited   0x20000060     0x4  variable.o [1]
    .data             inited   0x20000064     0x4  variable.o [1]
    .data             inited   0x20000068     0x4  variable.o [1]
    .data             inited   0x2000006c     0x4  variable.o [1]
    .data             inited   0x20000070     0x4  variable.o [1]
    .data             inited   0x20000074     0x4  variable.o [1]
    .data             inited   0x20000078    0x40  xfiles.o [3]
    __DLIB_PERTHREAD  inited   0x200000b8     0x4  strtok.o [3]
    __DLIB_PERTHREAD  inited   0x200000bc     0x4  errno.o [3]
    __DLIB_PERTHREAD  inited   0x200000c0    0x74  setlocale.o [3]
    __DLIB_PERTHREAD  inited   0x20000134    0x88  localeconv.o [3]
    .data             inited   0x200001bc     0x1  variable.o [1]
                             - 0x200001bd   0x1bd

"P2", part 2 of 3:                         0x2000
  CSTACK                       0x200001c0  0x1000  <Block>
    CSTACK            uninit   0x200001c0  0x1000  <Block tail>
  HEAP                         0x200011c0  0x1000  <Block>
    HEAP              uninit   0x200011c0  0x1000  <Block tail>
                             - 0x200021c0  0x2000

"P2", part 3 of 3:                          0xc94
  .bss                zero     0x200021c0   0x1f4  variable.o [1]
  .bss                zero     0x200023b4   0x1f4  variable.o [1]
  .bss                zero     0x200025a8   0x1f4  variable.o [1]
  .bss                zero     0x2000279c   0x1d8  dlmalloc.o [3]
  .bss                zero     0x20002974   0x1a0  variable.o [1]
  .bss                zero     0x20002b14    0xc8  variable.o [1]
  .bss                zero     0x20002bdc    0x3c  bsp_BasicTIM.o [1]
  .bss                zero     0x20002c18    0xc8  variable.o [1]
  .bss                zero     0x20002ce0    0x50  xfiles.o [3]
  .bss                zero     0x20002d30    0x40  bsp_debug_usart.o [1]
  .bss                zero     0x20002d70    0x40  bsp_debug_usart.o [1]
  .bss                zero     0x20002db0    0x40  bsp_usartx_RS485.o [1]
  .bss                zero     0x20002df0    0x20  bsp_rtc.o [1]
  .bss                zero     0x20002e10    0x18  dlmalloc.o [3]
  .bss                zero     0x20002e28     0x4  stm32f4xx_hal.o [1]
  .bss                zero     0x20002e2c     0x4  variable.o [1]
  .bss                zero     0x20002e30     0x4  variable.o [1]
  .bss                zero     0x20002e34     0x4  variable.o [1]
  .bss                zero     0x20002e38     0x4  xgetmemchunk.o [3]
  .bss                zero     0x20002e3c     0x2  main.o [1]
  .bss                zero     0x20002e3e     0x2  main.o [1]
  .bss                zero     0x20002e40     0x2  variable.o [1]
  .bss                zero     0x20002e42     0x1  main.o [1]
  .bss                zero     0x20002e43     0x1  main.o [1]
  .bss                zero     0x20002e44     0x1  main.o [1]
  .bss                zero     0x20002e45     0x1  main.o [1]
  .bss                zero     0x20002e46     0x1  variable.o [1]
  .bss                zero     0x20002e47     0x1  variable.o [1]
  .bss                zero     0x20002e48     0x1  variable.o [1]
  .bss                zero     0x20002e49     0x1  variable.o [1]
  .bss                zero     0x20002e4a     0x1  variable.o [1]
  .bss                zero     0x20002e4b     0x1  variable.o [1]
  .bss                zero     0x20002e4c     0x1  variable.o [1]
  .bss                zero     0x20002e4d     0x1  variable.o [1]
  .bss                zero     0x20002e4e     0x1  variable.o [1]
  .bss                zero     0x20002e4f     0x1  variable.o [1]
  .bss                zero     0x20002e50     0x1  variable.o [1]
                             - 0x20002e51   0xc91


*******************************************************************************
*** INIT TABLE
***

          Address     Size
          -------     ----
Zero (__iar_zero_init3)
    1 destination range, total size 0xc91:
          0x200021c0  0xc91

Copy/packbits (__iar_packbits_init_single3)
    1 source range, total size 0xa4 (36% of destination):
          0x08009620   0xa4
    1 destination range, total size 0x1bd:
          0x20000000  0x1bd



*******************************************************************************
*** MODULE SUMMARY
***

    Module                  ro code  ro data  rw data
    ------                  -------  -------  -------
E:\STM32F407-RS485数据采集-V2\RS485-主机端\EWARM\YS-F4Pro\Obj: [1]
    bsp_BasicTIM.o              124                60
    bsp_calendar.o                       104       76
    bsp_debug_usart.o           620               128
    bsp_gpio.o                  216
    bsp_led.o                   200
    bsp_rtc.o                   280       44       32
    bsp_usartx_RS485.o          328       80       64
    crc16.o                     206
    function.o                5 528      516
    main.o                    1 428      152        8
    sample.o                    384       36
    startup_stm32f407xx.o       712
    stm32f4xx_hal.o             156                 4
    stm32f4xx_hal_cortex.o      338
    stm32f4xx_hal_dma.o          38
    stm32f4xx_hal_gpio.o        560
    stm32f4xx_hal_msp.o         110
    stm32f4xx_hal_pwr.o          24
    stm32f4xx_hal_rcc.o       1 724
    stm32f4xx_hal_rcc_ex.o      380
    stm32f4xx_hal_rtc.o       1 032
    stm32f4xx_hal_rtc_ex.o       32
    stm32f4xx_hal_tim.o         740
    stm32f4xx_hal_tim_ex.o       92
    stm32f4xx_hal_uart.o      1 992
    stm32f4xx_it.o               88
    system_stm32f4xx.o          108       25        4
    variable.o                            16    2 382
    -------------------------------------------------
    Total:                   17 440      973    2 758

command line: [2]
    -------------------------------------------------
    Total:

dl7M_tlf.a: [3]
    abort.o                       6
    atoi.o                        8
    div.o                        14
    dlmalloc.o                5 360               496
    errno.o                      12        1        4
    exit.o                        4
    isxxx.o                      40
    localeconv.o                108       50      136
    low_level_init.o              4
    printf.o                     36
    putchar.o                    12
    setlocale.o                  36       43      116
    sprintf.o                    52
    strcspn.o                    34
    strspn.o                     34
    strtok.o                     76        2        4
    tolower.o                    20
    xencoding_sb.o               96
    xfiles.o                              23      144
    xgetmemchunk.o               44                 4
    xlocale_c.o                  54
    xmbcurmax.o                  10
    xmbtowc.o                    32
    xprintffull.o             4 454
    xprout.o                     22
    xsprout.o                    10
    xstoflt.o                   440
    xstopfx.o                   292
    xstoul.o                    408
    xstoxflt.o                  536
    xtls.o                        2
    xwctomb.o                    26
    -------------------------------------------------
    Total:                   12 282      119      904

m7M_tls.a: [4]
    DblAdd.o                    232
    DblCmpEq.o                   32
    DblCmpGe.o                   46
    DblCmpLe.o                   46
    DblDiv.o                    598
    DblMul.o                    418
    DblSub.o                    384
    DblToFlt.o                  144
    DblToI32.o                   88
    FltToDbl.o                   78
    I32ToDbl.o                   48
    fpinit_M.o                   34
    pow.o                     2 240
    strtod.o                     14
    xdint.o                     122
    xdnorm.o                     66
    xdscale.o                   276
    xdtento.o                   512
    xdtest.o                     64
    xdunscal.o                   82
    xexp.o                      710
    xlog.o                      176
    xstod.o                     360
    -------------------------------------------------
    Total:                    6 770

rt7M_tl.a: [5]
    ABImemclr4.o                  6
    ABImemcpy_unaligned.o       118
    ABImemset48.o                50
    I64DivMod.o                 238
    I64DivZer.o                   2
    cexit.o                      10
    cmain.o                      26
    cstartup_M.o                 12
    data_init.o                  40
    memchr.o                     88
    packbits_init_single.o       56
    strchr.o                     22
    strcmp_unaligned.o           66
    strcpy_unaligned.o           68
    strlen.o                     54
    zero_init3.o                 64
    -------------------------------------------------
    Total:                      920

shb_l.a: [6]
    exit.o                       20
    -------------------------------------------------
    Total:                       20

    Gaps                         36        4
    Linker created                        32    8 192
-----------------------------------------------------
    Grand Total:             37 468    1 128   11 854


*******************************************************************************
*** ENTRY LIST
***

Entry                      Address   Size  Type      Object
-----                      -------   ----  ----      ------
.iar.init_table$$Base   0x080090f0          --   Gb  - Linker created -
.iar.init_table$$Limit  0x08009110          --   Gb  - Linker created -
?main                   0x08009149         Code  Gb  cmain.o [5]
AHBPrescTable           0x080093e8   0x10  Data  Gb  system_stm32f4xx.o [1]
APBPrescTable           0x0800949c    0x8  Data  Gb  system_stm32f4xx.o [1]
Android_Rx_Count        0x20002e48    0x1  Data  Gb  variable.o [1]
Android_Rx_buf          0x200025a8  0x1f4  Data  Gb  variable.o [1]
BASIC_TIMx_Init         0x08007fc9   0x36  Code  Gb  bsp_BasicTIM.o [1]
BHZY_Conductivity       0x20000050    0xc  Data  Gb  variable.o [1]
BitToFloat              0x080014a5  0x172  Code  Gb  function.o [1]
BitToInt                0x08001489   0x18  Code  Gb  function.o [1]
BusFault_Handler        0x08008fab    0x2  Code  Gb  stm32f4xx_it.o [1]
CRC16_MODBUS            0x08003e5d   0x7e  Code  Gb  crc16.o [1]
CSTACK$$Base            0x200001c0          --   Gb  - Linker created -
CSTACK$$Limit           0x200011c0          --   Gb  - Linker created -
Chang_Start_time        0x08000a5d  0x108  Code  Gb  function.o [1]
Clean_Data              0x0800033d  0x136  Code  Gb  function.o [1]
Clear_RS485Buf          0x08000f87   0x1a  Code  Gb  function.o [1]
Close_Delay             0x08000b65   0x90  Code  Gb  function.o [1]
Command_Data            0x08000189   0x70  Code  Gb  function.o [1]
Control                 0x08000f11   0x76  Code  Gb  function.o [1]
Control_flag            0x20002e4d    0x1  Data  Gb  variable.o [1]
Control_max_from_min    0x08000cf7   0x8c  Code  Gb  function.o [1]
Control_min_from_max    0x08000c6b   0x8c  Code  Gb  function.o [1]
Control_sys_temer       0x08000e61   0xa6  Code  Gb  function.o [1]
Control_temer           0x08000d89   0xc2  Code  Gb  function.o [1]
DebugMon_Handler        0x08008fb1    0x2  Code  Gb  stm32f4xx_it.o [1]
Debug_flag              0x20002e4e    0x1  Data  Gb  variable.o [1]
Delay_Cfg_Mode          0x20002e47    0x1  Data  Gb  variable.o [1]
Get_Average             0x080005a5   0xe0  Code  Gb  function.o [1]
Get_Data                0x08000689  0x340  Code  Gb  function.o [1]
HAL_DMA_Abort_IT        0x08005e69   0x26  Code  Gb  stm32f4xx_hal_dma.o [1]
HAL_Delay               0x08005e3d   0x1e  Code  Wk  stm32f4xx_hal.o [1]
HAL_GPIO_Init           0x08003571  0x1da  Code  Gb  stm32f4xx_hal_gpio.o [1]
HAL_GPIO_TogglePin      0x0800375f    0xa  Code  Gb  stm32f4xx_hal_gpio.o [1]
HAL_GPIO_WritePin       0x0800374b   0x14  Code  Gb  stm32f4xx_hal_gpio.o [1]
HAL_GetTick             0x08005e37    0x6  Code  Wk  stm32f4xx_hal.o [1]
HAL_IncTick             0x08005e2b    0xc  Code  Wk  stm32f4xx_hal.o [1]
HAL_Init                0x08005dcd   0x3a  Code  Gb  stm32f4xx_hal.o [1]
HAL_InitTick            0x08005e07   0x24  Code  Wk  stm32f4xx_hal.o [1]
HAL_MspInit             0x08007c73   0x6e  Code  Gb  stm32f4xx_hal_msp.o [1]
HAL_NVIC_EnableIRQ      0x08007c13    0xa  Code  Gb  stm32f4xx_hal_cortex.o [1]
HAL_NVIC_SetPriority    0x08007bf1   0x22  Code  Gb  stm32f4xx_hal_cortex.o [1]
HAL_NVIC_SetPriorityGrouping
                        0x08007be9    0x8  Code  Gb  stm32f4xx_hal_cortex.o [1]
HAL_PWR_EnableBkUpAccess
                        0x08008bf9   0x12  Code  Gb  stm32f4xx_hal_pwr.o [1]
HAL_RCCEx_PeriphCLKConfig
                        0x08008c11  0x154  Code  Gb  stm32f4xx_hal_rcc_ex.o [1]
HAL_RCC_ClockConfig     0x0800680d  0x1b2  Code  Gb  stm32f4xx_hal_rcc.o [1]
HAL_RCC_EnableCSS       0x080069bf    0x8  Code  Gb  stm32f4xx_hal_rcc.o [1]
HAL_RCC_GetHCLKFreq     0x08006a53    0x6  Code  Gb  stm32f4xx_hal_rcc.o [1]
HAL_RCC_GetPCLK1Freq    0x08006a59   0x20  Code  Gb  stm32f4xx_hal_rcc.o [1]
HAL_RCC_GetPCLK2Freq    0x08006a79   0x20  Code  Gb  stm32f4xx_hal_rcc.o [1]
HAL_RCC_GetSysClockFreq
                        0x080069c7   0x8c  Code  Wk  stm32f4xx_hal_rcc.o [1]
HAL_RCC_OscConfig       0x08006425  0x3e8  Code  Wk  stm32f4xx_hal_rcc.o [1]
HAL_RTCEx_BKUPRead      0x08008be9   0x10  Code  Gb  stm32f4xx_hal_rtc_ex.o [1]
HAL_RTCEx_BKUPWrite     0x08008bd9   0x10  Code  Gb  stm32f4xx_hal_rtc_ex.o [1]
HAL_RTC_GetDate         0x08003ab7   0x4a  Code  Gb  stm32f4xx_hal_rtc.o [1]
HAL_RTC_GetTime         0x08003961   0x5e  Code  Gb  stm32f4xx_hal_rtc.o [1]
HAL_RTC_Init            0x080037a1   0xae  Code  Gb  stm32f4xx_hal_rtc.o [1]
HAL_RTC_MspInit         0x08006ea5   0x3c  Code  Gb  bsp_rtc.o [1]
HAL_RTC_SetDate         0x080039bf   0xf8  Code  Gb  stm32f4xx_hal_rtc.o [1]
HAL_RTC_SetTime         0x0800384f  0x112  Code  Gb  stm32f4xx_hal_rtc.o [1]
HAL_RTC_WaitForSynchro  0x08003b0d   0x34  Code  Gb  stm32f4xx_hal_rtc.o [1]
HAL_SYSTICK_CLKSourceConfig
                        0x08007c25   0x20  Code  Gb  stm32f4xx_hal_cortex.o [1]
HAL_SYSTICK_Callback    0x08007c71    0x2  Code  Wk  stm32f4xx_hal_cortex.o [1]
HAL_SYSTICK_Config      0x08007c1d    0x8  Code  Gb  stm32f4xx_hal_cortex.o [1]
HAL_SYSTICK_IRQHandler  0x08007c69    0x8  Code  Gb  stm32f4xx_hal_cortex.o [1]
HAL_TIMEx_BreakCallback
                        0x08008eaf    0x2  Code  Wk  stm32f4xx_hal_tim_ex.o [1]
HAL_TIMEx_CommutationCallback
                        0x08008ead    0x2  Code  Wk  stm32f4xx_hal_tim_ex.o [1]
HAL_TIMEx_MasterConfigSynchronization
                        0x08008e55   0x58  Code  Gb  stm32f4xx_hal_tim_ex.o [1]
HAL_TIM_Base_Init       0x08008045   0x38  Code  Gb  stm32f4xx_hal_tim.o [1]
HAL_TIM_Base_MspInit    0x08007fff   0x38  Code  Gb  bsp_BasicTIM.o [1]
HAL_TIM_Base_Start_IT   0x0800807d   0x1c  Code  Gb  stm32f4xx_hal_tim.o [1]
HAL_TIM_IC_CaptureCallback
                        0x08008211    0x2  Code  Wk  stm32f4xx_hal_tim.o [1]
HAL_TIM_IRQHandler      0x08008099  0x176  Code  Gb  stm32f4xx_hal_tim.o [1]
HAL_TIM_OC_DelayElapsedCallback
                        0x0800820f    0x2  Code  Wk  stm32f4xx_hal_tim.o [1]
HAL_TIM_PWM_PulseFinishedCallback
                        0x08008213    0x2  Code  Wk  stm32f4xx_hal_tim.o [1]
HAL_TIM_PeriodElapsedCallback
                        0x080062ab   0xc8  Code  Gb  main.o [1]
HAL_TIM_TriggerCallback
                        0x08008215    0x2  Code  Wk  stm32f4xx_hal_tim.o [1]
HAL_UART_ErrorCallback  0x08003077    0x2  Code  Wk  stm32f4xx_hal_uart.o [1]
HAL_UART_IRQHandler     0x08002f41  0x134  Code  Gb  stm32f4xx_hal_uart.o [1]
HAL_UART_Init           0x08002d91   0x76  Code  Gb  stm32f4xx_hal_uart.o [1]
HAL_UART_MspInit        0x08005b89  0x148  Code  Gb  bsp_debug_usart.o [1]
HAL_UART_Receive_IT     0x08002ee3   0x5e  Code  Gb  stm32f4xx_hal_uart.o [1]
HAL_UART_RxCpltCallback
                        0x08006139  0x172  Code  Gb  main.o [1]
HAL_UART_Transmit       0x08002e07   0xdc  Code  Gb  stm32f4xx_hal_uart.o [1]
HAL_UART_TxCpltCallback
                        0x08003075    0x2  Code  Wk  stm32f4xx_hal_uart.o [1]
HEAP$$Base              0x200011c0          --   Gb  - Linker created -
HEAP$$Limit             0x200021c0          --   Gb  - Linker created -
HardFault_Handler       0x08008fa7    0x2  Code  Gb  stm32f4xx_it.o [1]
InvertUint16            0x08003e35   0x28  Code  Gb  crc16.o [1]
InvertUint8             0x08003e0d   0x28  Code  Gb  crc16.o [1]
LED_GPIO_Init           0x08007e29   0xba  Code  Gb  bsp_led.o [1]
LEVEL_High              0x2000005c    0x4  Data  Gb  variable.o [1]
LEVEL_Low               0x20002e2c    0x4  Data  Gb  variable.o [1]
LoadInt                 0x08004f9f   0x6e  Code  Lc  xprintffull.o [3]
MX_DEBUG_USART_Init     0x08005d2d   0x5c  Code  Gb  bsp_debug_usart.o [1]
MX_NVIC_USART1_Init     0x08005b61   0x14  Code  Lc  bsp_debug_usart.o [1]
MX_NVIC_USART3_Init     0x08007ce1   0x14  Code  Lc  bsp_usartx_RS485.o [1]
MX_NVIC_USART5_Init     0x08005b75   0x14  Code  Lc  bsp_debug_usart.o [1]
MX_RTC_Init             0x08006e33   0x72  Code  Gb  bsp_rtc.o [1]
MX_USARTx_Init          0x08005cd1   0x5c  Code  Gb  bsp_debug_usart.o [1]
MemManage_Handler       0x08008fa9    0x2  Code  Gb  stm32f4xx_it.o [1]
Modbusprocess           0x08001151  0x322  Code  Gb  function.o [1]
NMI_Handler             0x08008fa5    0x2  Code  Gb  stm32f4xx_it.o [1]
NVIC_EnableIRQ          0x08007b47   0x14  Code  Lc  stm32f4xx_hal_cortex.o [1]
NVIC_EncodePriority     0x08007b7d   0x3e  Code  Lc  stm32f4xx_hal_cortex.o [1]
NVIC_GetPriorityGrouping
                        0x08007b3d    0xa  Code  Lc  stm32f4xx_hal_cortex.o [1]
NVIC_SetPriority        0x08007b5b   0x22  Code  Lc  stm32f4xx_hal_cortex.o [1]
NVIC_SetPriorityGrouping
                        0x08007b21   0x1c  Code  Lc  stm32f4xx_hal_cortex.o [1]
OUTPUT_GPIO_Init        0x08007ef1   0xd8  Code  Gb  bsp_gpio.o [1]
Open_Delay              0x080009cd   0x90  Code  Gb  function.o [1]
PendSV_Handler          0x08008fb3    0x2  Code  Gb  stm32f4xx_it.o [1]
RCC_IRQHandler          0x08008fc1    0x2  Code  Gb  stm32f4xx_it.o [1]
RS232_Rx_Count          0x20002e4a    0x1  Data  Gb  variable.o [1]
RS232_Rx_buf            0x200023b4  0x1f4  Data  Gb  variable.o [1]
RS485_Receive_Data      0x08007da9   0x4e  Code  Gb  bsp_usartx_RS485.o [1]
RS485_Rx_Count          0x20002e49    0x1  Data  Gb  variable.o [1]
RS485_Rx_Count_Old      0x200001bc    0x1  Data  Gb  variable.o [1]
RS485_Rx_buf            0x200021c0  0x1f4  Data  Gb  variable.o [1]
RS485_Send_Data         0x08007d51   0x58  Code  Gb  bsp_usartx_RS485.o [1]
RS485_USARTx_Init       0x08007cf5   0x5c  Code  Gb  bsp_usartx_RS485.o [1]
RTC_Bcd2ToByte          0x08003b8f   0x1a  Code  Gb  stm32f4xx_hal_rtc.o [1]
RTC_ByteToBcd2          0x08003b79   0x16  Code  Gb  stm32f4xx_hal_rtc.o [1]
RTC_CalendarConfig      0x08006de1   0x52  Code  Lc  bsp_rtc.o [1]
RTC_CalendarShow        0x08000bf5   0x76  Code  Gb  function.o [1]
RTC_EnterInitMode       0x08003b41   0x38  Code  Gb  stm32f4xx_hal_rtc.o [1]
Region$$Table$$Base     0x080090f0          --   Gb  - Linker created -
Region$$Table$$Limit    0x08009110          --   Gb  - Linker created -
RevCommand              0x20002e45    0x1  Data  Gb  main.o [1]
RevComplete             0x20002e40    0x2  Data  Gb  variable.o [1]
RevDevicesData          0x20002e44    0x1  Data  Gb  main.o [1]
STREES_High             0x20000060    0x4  Data  Gb  variable.o [1]
STREES_Low              0x20002e30    0x4  Data  Gb  variable.o [1]
SVC_Handler             0x08008faf    0x2  Code  Gb  stm32f4xx_it.o [1]
Sample_RS485            0x080083c9   0xcc  Code  Gb  sample.o [1]
Sample_flag             0x20002e4b    0x1  Data  Gb  variable.o [1]
Save_Data               0x080001f9  0x144  Code  Gb  function.o [1]
Sensor_Cfg_Mode         0x20002e46    0x1  Data  Gb  variable.o [1]
Show_Data               0x08001617   0x20  Code  Gb  function.o [1]
SysTick_Config          0x08007bbb   0x2e  Code  Lc  stm32f4xx_hal_cortex.o [1]
SysTick_Handler         0x08008fb5    0xc  Code  Gb  stm32f4xx_it.o [1]
SystemClock_Config      0x08005e91   0xbe  Code  Gb  main.o [1]
SystemCoreClock         0x2000004c    0x4  Data  Gb  system_stm32f4xx.o [1]
SystemInit              0x08008f39   0x4c  Code  Gb  system_stm32f4xx.o [1]
TEMP_High               0x20000074    0x4  Data  Gb  variable.o [1]
TEMP_Low                0x20000070    0x4  Data  Gb  variable.o [1]
TIM6_DAC_IRQHandler     0x08008fe1    0xa  Code  Gb  stm32f4xx_it.o [1]
TIM_Base_SetConfig      0x08008217   0xe4  Code  Gb  stm32f4xx_hal_tim.o [1]
UART5_IRQHandler        0x08008fd7    0xa  Code  Gb  stm32f4xx_it.o [1]
UART_DMAAbortOnError    0x0800310d   0x12  Code  Lc  stm32f4xx_hal_uart.o [1]
UART_EndRxTransfer      0x080030e9   0x20  Code  Lc  stm32f4xx_hal_uart.o [1]
UART_EndTransmit_IT     0x0800318b   0x1c  Code  Lc  stm32f4xx_hal_uart.o [1]
UART_Receive_IT         0x080031a7   0x9a  Code  Lc  stm32f4xx_hal_uart.o [1]
UART_SetConfig          0x08003241  0x30c  Code  Lc  stm32f4xx_hal_uart.o [1]
UART_Transmit_IT        0x08003121   0x6a  Code  Lc  stm32f4xx_hal_uart.o [1]
UART_WaitOnFlagUntilTimeout
                        0x08003079   0x70  Code  Lc  stm32f4xx_hal_uart.o [1]
USART1_IRQHandler       0x08008fc3    0xa  Code  Gb  stm32f4xx_it.o [1]
USART3_IRQHandler       0x08008fcd    0xa  Code  Gb  stm32f4xx_it.o [1]
UpData                  0x0800047d  0x126  Code  Gb  function.o [1]
UpData_flag             0x20002e4c    0x1  Data  Gb  variable.o [1]
UsageFault_Handler      0x08008fad    0x2  Code  Gb  stm32f4xx_it.o [1]
WCOND_High              0x2000006c    0x4  Data  Gb  variable.o [1]
WCOND_Low               0x20002e34    0x4  Data  Gb  variable.o [1]
WEEK_STR                0x20000000   0x1c  Data  Gb  bsp_calendar.o [1]
WPH_High                0x20000068    0x4  Data  Gb  variable.o [1]
WPH_Low                 0x20000064    0x4  Data  Gb  variable.o [1]
_EncodingSb_Mbtowc      0x08008e0b   0x30  Code  Gb  xencoding_sb.o [3]
_EncodingSb_Wctomb      0x08008df1   0x1a  Code  Gb  xencoding_sb.o [3]
_GenldFull              0x08005823  0x24c  Code  Lc  xprintffull.o [3]
_IsdstStr               0x200000c4    0x4  Data  Gb  setlocale.o [3]
_LdtobFull              0x08005421  0x3fc  Code  Lc  xprintffull.o [3]
_LitobFull              0x08005319  0x106  Code  Lc  xprintffull.o [3]
_LocaleC_isalpha        0x08008eb1   0x16  Code  Gb  xlocale_c.o [3]
_LocaleC_isspace        0x08008ec7   0x14  Code  Gb  xlocale_c.o [3]
_LocaleC_tolower        0x08008edb    0xc  Code  Gb  xlocale_c.o [3]
_LocaleEncoding         0x08008ddf    0xe  Code  Gb  setlocale.o [3]
_LocaleForCat           0x08008dcd   0x12  Code  Gb  setlocale.o [3]
_LocaleReturnString     0x200000e4   0x50  Data  Lc  setlocale.o [3]
_Locale_Profile         0x200000c8   0x1c  Data  Gb  setlocale.o [3]
_Locale_aeabi_lconv     0x20000184   0x38  Data  Gb  localeconv.o [3]
_Locale_lconv           0x20000134   0x50  Data  Gb  localeconv.o [3]
_Mbtowc                 0x0800775f   0x20  Code  Gb  xmbtowc.o [3]
_PrintfFull             0x08004951  0x638  Code  Gb  xprintffull.o [3]
_Prout                  0x080091d9   0x16  Code  Gb  xprout.o [3]
_PutcharsFull           0x08005a6f   0x2e  Code  Lc  xprintffull.o [3]
_PutstrFull             0x0800500d  0x306  Code  Lc  xprintffull.o [3]
_SProut                 0x08001797    0xa  Code  Gb  xsprout.o [3]
_Stoflt                 0x08008609  0x1b8  Code  Gb  xstoflt.o [3]
_Stopfx                 0x080084e5  0x124  Code  Gb  xstopfx.o [3]
_Stoxflt                0x080089c1  0x1e2  Code  Gb  xstoxflt.o [3]
_Strtok_ssave           0x200000b8    0x4  Data  Lc  strtok.o [3]
_TzoneStr               0x200000c0    0x4  Data  Gb  setlocale.o [3]
_Wctomb                 0x080077fb   0x1a  Code  Gb  xwctomb.o [3]
__aeabi_cdcmpeq         0x08007135         Code  Gb  DblCmpEq.o [4]
__aeabi_cdcmple         0x08003ba9         Code  Gb  DblCmpLe.o [4]
__aeabi_cdrcmple        0x08007161         Code  Gb  DblCmpGe.o [4]
__aeabi_d2f             0x08003d7d         Code  Gb  DblToFlt.o [4]
__aeabi_d2iz            0x08004039         Code  Gb  DblToI32.o [4]
__aeabi_d2uiz           0x08004065         Code  Gb  DblToI32.o [4]
__aeabi_dadd            0x08003f51         Code  Gb  DblAdd.o [4]
__aeabi_ddiv            0x08007191         Code  Gb  DblDiv.o [4]
__aeabi_dmul            0x08003bd9         Code  Gb  DblMul.o [4]
__aeabi_dsub            0x08006ef9         Code  Gb  DblSub.o [4]
__aeabi_errno_addr      0x08007155    0x6  Code  Gb  errno.o [3]
__aeabi_f2d             0x08002cd5         Code  Gb  FltToDbl.o [4]
__aeabi_i2d             0x08003f21         Code  Gb  I32ToDbl.o [4]
__aeabi_ldiv0           0x08008e51         Code  Gb  I64DivZer.o [5]
__aeabi_memclr4         0x08001791         Code  Gb  ABImemclr4.o [5]
__aeabi_ui2d            0x08003f35         Code  Gb  I32ToDbl.o [4]
__aeabi_uldivmod        0x0800788d         Code  Gb  I64DivMod.o [5]
__cmain                 0x08009149         Code  Gb  cmain.o [5]
__data_GetMemChunk      0x08005b35   0x2c  Code  Gb  xgetmemchunk.o [3]
__exit                  0x08007b0d   0x14  Code  Gb  exit.o [6]
__iar_Dint              0x080070bb   0x7a  Code  Gb  xdint.o [4]
__iar_Dnorm             0x08007079   0x42  Code  Gb  xdnorm.o [4]
__iar_Dscale            0x0800797d  0x114  Code  Gb  xdscale.o [4]
__iar_Dtentox           0x0800881d  0x13e  Code  Gb  xdtento.o [4]
__iar_Dtest             0x08008d8d   0x30  Code  Gb  xdtest.o [4]
__iar_Dunscale          0x08008ee7   0x52  Code  Gb  xdunscal.o [4]
__iar_Errno             0x200000bc    0x4  Data  Gb  errno.o [3]
__iar_Exp               0x08007499  0x2be  Code  Gb  xexp.o [4]
__iar_Locale_lconv_init
                        0x08007a91   0x3a  Code  Gb  localeconv.o [3]
__iar_Logpoly           0x080073e9   0x76  Code  Gb  xlog.o [4]
__iar_Mbcurmax          0x080077f1    0xa  Code  Gb  xmbcurmax.o [3]
__iar_Memchr            0x08007799         Code  Gb  memchr.o [5]
__iar_Memset4_word      0x08005afd         Code  Gb  ABImemset48.o [5]
__iar_Memset8_word      0x08005afd         Code  Gb  ABImemset48.o [5]
__iar_Stdout            0x20000078   0x40  Data  Gb  xfiles.o [3]
__iar_Stod              0x08006ddd    0x4  Code  Gb  xstod.o [4]
__iar_Stodx             0x08006c79  0x14e  Code  Gb  xstod.o [4]
__iar_Stoul             0x08006c25    0x4  Code  Gb  xstoul.o [3]
__iar_Stoulx            0x08006ae1  0x13e  Code  Gb  xstoul.o [3]
__iar_Strchr            0x08007781         Code  Gb  strchr.o [5]
__iar_d2uiz             0x08004071         Code  Gb  DblToI32.o [4]
__iar_dadd              0x08003f65         Code  Gb  DblAdd.o [4]
__iar_data_init3        0x080090a5   0x28  Code  Gb  data_init.o [5]
__iar_dlfree            0x080027bb  0x510  Code  Gb  dlmalloc.o [3]
__iar_dlib_perthread_access
                        0x08005ab7    0x2  Code  Gb  xtls.o [3]
__iar_dlmalloc          0x08002505  0x2aa  Code  Gb  dlmalloc.o [3]
__iar_dsub              0x08006f0d         Code  Gb  DblSub.o [4]
__iar_dsubStart         0x08006f1f         Code  Gb  DblSub.o [4]
__iar_init_vfp          0x080090cd         Code  Gb  fpinit_M.o [4]
__iar_packbits_init_single3
                        0x0800903d   0x38  Code  Gb  packbits_init_single.o [5]
__iar_program_start     0x08009469         Code  Gb  cstartup_M.o [5]
__iar_ui2d              0x08003f39         Code  Gb  I32ToDbl.o [4]
__iar_unaligned___aeabi_memcpy
                        0x08007815         Code  Gb  ABImemcpy_unaligned.o [5]
__iar_unaligned___aeabi_memcpy4
                        0x08007835         Code  Gb  ABImemcpy_unaligned.o [5]
__iar_unaligned___aeabi_memcpy8
                        0x08007835         Code  Gb  ABImemcpy_unaligned.o [5]
__iar_unaligned_strcmp  0x08003edd         Code  Gb  strcmp_unaligned.o [5]
__iar_unaligned_strcpy  0x080017a1         Code  Gb  strcpy_unaligned.o [5]
__iar_vfp_pow           0x08004513   0x18  Code  Gb  pow.o [4]
__iar_vfp_strtod        0x08003561    0xe  Code  Gb  strtod.o [4]
__iar_zero_init3        0x08008ffd   0x40  Code  Gb  zero_init3.o [5]
__low_level_init        0x08009163    0x4  Code  Gb  low_level_init.o [3]
__vector_table          0x08000000         Data  Gb  startup_stm32f407xx.o [1]
_call_main              0x08009155         Code  Gb  cmain.o [5]
_exit                   0x0800916d         Code  Gb  cexit.o [5]
_gm_                    0x2000279c  0x1d8  Data  Lc  dlmalloc.o [3]
_main                   0x0800915f         Code  Gb  cmain.o [5]
aRxBuffer               0x20002e42    0x1  Data  Gb  main.o [1]
abort                   0x08005b2f    0x6  Code  Gb  abort.o [3]
atoi                    0x08003559    0x8  Code  Gb  atoi.o [3]
delay                   0x20002974  0x1a0  Data  Gb  variable.o [1]
digits                  0x08006c28   0x28  Data  Lc  xstoul.o [3]
div                     0x08007afd    0xe  Code  Gb  div.o [3]
dmul                    0x080087c1   0x5a  Code  Lc  xdtento.o [4]
exit                    0x08009167    0x4  Code  Gb  exit.o [3]
fputc                   0x08005d89   0x14  Code  Gb  bsp_debug_usart.o [1]
frist                   0x20002e43    0x1  Data  Gb  main.o [1]
hrtc                    0x20002df0   0x20  Data  Gb  bsp_rtc.o [1]
htimx                   0x20002bdc   0x3c  Data  Gb  bsp_BasicTIM.o [1]
htoi                    0x0800835d   0x6c  Code  Gb  sample.o [1]
husart_debug            0x20002d30   0x40  Data  Gb  bsp_debug_usart.o [1]
husartx                 0x20002d70   0x40  Data  Gb  bsp_debug_usart.o [1]
husartx_rs485           0x20002db0   0x40  Data  Gb  bsp_usartx_RS485.o [1]
init_mparams            0x080017ff   0x32  Code  Lc  dlmalloc.o [3]
init_top                0x08001831   0x34  Code  Lc  dlmalloc.o [3]
internal_Pow            0x08004091  0x478  Code  Lc  pow.o [4]
isalpha                 0x080084a9   0x14  Code  Gb  isxxx.o [3]
isspace                 0x080084bd   0x14  Code  Gb  isxxx.o [3]
lnbias                  0x08004530  0x420  Data  Lc  pow.o [4]
localeconv              0x08007acb   0x16  Code  Gb  localeconv.o [3]
main                    0x08005f4f  0x1ea  Code  Gb  main.o [1]
memchr                  0x08007799         Code  Gb  memchr.o [5]
minute_timer_count      0x20002e3c    0x2  Data  Gb  main.o [1]
movedigit               0x08000fc5  0x168  Code  Gb  function.o [1]
mparams                 0x20002e10   0x18  Data  Lc  dlmalloc.o [3]
ndigs                   0x08006c50   0x28  Data  Lc  xstoul.o [3]
obuf                    0x20002ce0   0x50  Data  Lc  xfiles.o [3]
pows                    0x08008978   0x48  Data  Lc  xdtento.o [4]
prepend_alloc           0x08001865  0x36c  Code  Lc  dlmalloc.o [3]
printf                  0x08001721   0x24  Code  Gb  printf.o [3]
putchar                 0x080091f1    0xc  Code  Gb  putchar.o [3]
second_timer_count      0x20002e3e    0x2  Data  Gb  main.o [1]
segment_holding         0x080017e5   0x1a  Code  Lc  dlmalloc.o [3]
sensor_array            0x20002c18   0xc8  Data  Gb  variable.o [1]
sensor_data             0x20002b14   0xc8  Data  Gb  variable.o [1]
split                   0x08008329   0x34  Code  Gb  sample.o [1]
sprintf                 0x08002d25   0x34  Code  Gb  sprintf.o [3]
strchr                  0x08007781         Code  Gb  strchr.o [5]
strcspn                 0x08005adb   0x22  Code  Gb  strcspn.o [3]
strlen                  0x08002d59         Code  Gb  strlen.o [5]
strspn                  0x08005ab9   0x22  Code  Gb  strspn.o [3]
strtok                  0x08001745   0x4c  Code  Gb  strtok.o [3]
sys_alloc               0x08001bd1  0x386  Code  Lc  dlmalloc.o [3]
sys_time_Control_flag   0x20002e50    0x1  Data  Gb  variable.o [1]
time_Control_flag       0x20002e4f    0x1  Data  Gb  variable.o [1]
tmalloc_large           0x08001f65  0x390  Code  Lc  dlmalloc.o [3]
tmalloc_small           0x080022f5  0x210  Code  Lc  dlmalloc.o [3]
tolower                 0x080084d1   0x14  Code  Gb  tolower.o [3]
uwTick                  0x20002e28    0x4  Data  Gb  stm32f4xx_hal.o [1]
zodiac_sign             0x2000001c   0x30  Data  Gb  bsp_calendar.o [1]


[1] = E:\STM32F407-RS485数据采集-V2\RS485-主机端\EWARM\YS-F4Pro\Obj
[2] = command line
[3] = dl7M_tlf.a
[4] = m7M_tls.a
[5] = rt7M_tl.a
[6] = shb_l.a

  37 468 bytes of readonly  code memory
   1 128 bytes of readonly  data memory
  11 854 bytes of readwrite data memory

Errors: none
Warnings: none
