###############################################################################
#
# IAR ELF Linker V7.50.2.10312/W32 for ARM                05/Nov/2018  13:05:26
# Copyright 2007-2015 IAR Systems AB.
#
#    Output file  =  
#        G:\STM32F407-RS485数据采集-V2\RS485-主机端\EWARM\YS-F4Pro\Exe\YS-F4Pro.out
#    Map file     =  
#        G:\STM32F407-RS485数据采集-V2\RS485-主机端\EWARM\YS-F4Pro\List\YS-F4Pro.map
#    Command line =  
#        G:\STM32F407-RS485数据采集-V2\RS485-主机端\EWARM\YS-F4Pro\Obj\bsp_BasicTIM.o
#        G:\STM32F407-RS485数据采集-V2\RS485-主机端\EWARM\YS-F4Pro\Obj\bsp_calendar.o
#        G:\STM32F407-RS485数据采集-V2\RS485-主机端\EWARM\YS-F4Pro\Obj\bsp_debug_usart.o
#        G:\STM32F407-RS485数据采集-V2\RS485-主机端\EWARM\YS-F4Pro\Obj\bsp_gpio.o
#        G:\STM32F407-RS485数据采集-V2\RS485-主机端\EWARM\YS-F4Pro\Obj\bsp_led.o
#        G:\STM32F407-RS485数据采集-V2\RS485-主机端\EWARM\YS-F4Pro\Obj\bsp_rtc.o
#        G:\STM32F407-RS485数据采集-V2\RS485-主机端\EWARM\YS-F4Pro\Obj\bsp_spiflash.o
#        G:\STM32F407-RS485数据采集-V2\RS485-主机端\EWARM\YS-F4Pro\Obj\bsp_STEPMOTOR.o
#        G:\STM32F407-RS485数据采集-V2\RS485-主机端\EWARM\YS-F4Pro\Obj\bsp_usartx_RS485.o
#        G:\STM32F407-RS485数据采集-V2\RS485-主机端\EWARM\YS-F4Pro\Obj\crc16.o
#        G:\STM32F407-RS485数据采集-V2\RS485-主机端\EWARM\YS-F4Pro\Obj\function.o
#        G:\STM32F407-RS485数据采集-V2\RS485-主机端\EWARM\YS-F4Pro\Obj\main.o
#        G:\STM32F407-RS485数据采集-V2\RS485-主机端\EWARM\YS-F4Pro\Obj\sample.o
#        G:\STM32F407-RS485数据采集-V2\RS485-主机端\EWARM\YS-F4Pro\Obj\startup_stm32f407xx.o
#        G:\STM32F407-RS485数据采集-V2\RS485-主机端\EWARM\YS-F4Pro\Obj\stm32f4xx_assert.o
#        G:\STM32F407-RS485数据采集-V2\RS485-主机端\EWARM\YS-F4Pro\Obj\stm32f4xx_hal.o
#        G:\STM32F407-RS485数据采集-V2\RS485-主机端\EWARM\YS-F4Pro\Obj\stm32f4xx_hal_adc.o
#        G:\STM32F407-RS485数据采集-V2\RS485-主机端\EWARM\YS-F4Pro\Obj\stm32f4xx_hal_adc_ex.o
#        G:\STM32F407-RS485数据采集-V2\RS485-主机端\EWARM\YS-F4Pro\Obj\stm32f4xx_hal_can.o
#        G:\STM32F407-RS485数据采集-V2\RS485-主机端\EWARM\YS-F4Pro\Obj\stm32f4xx_hal_cec.o
#        G:\STM32F407-RS485数据采集-V2\RS485-主机端\EWARM\YS-F4Pro\Obj\stm32f4xx_hal_cortex.o
#        G:\STM32F407-RS485数据采集-V2\RS485-主机端\EWARM\YS-F4Pro\Obj\stm32f4xx_hal_crc.o
#        G:\STM32F407-RS485数据采集-V2\RS485-主机端\EWARM\YS-F4Pro\Obj\stm32f4xx_hal_cryp.o
#        G:\STM32F407-RS485数据采集-V2\RS485-主机端\EWARM\YS-F4Pro\Obj\stm32f4xx_hal_cryp_ex.o
#        G:\STM32F407-RS485数据采集-V2\RS485-主机端\EWARM\YS-F4Pro\Obj\stm32f4xx_hal_dac.o
#        G:\STM32F407-RS485数据采集-V2\RS485-主机端\EWARM\YS-F4Pro\Obj\stm32f4xx_hal_dac_ex.o
#        G:\STM32F407-RS485数据采集-V2\RS485-主机端\EWARM\YS-F4Pro\Obj\stm32f4xx_hal_dcmi.o
#        G:\STM32F407-RS485数据采集-V2\RS485-主机端\EWARM\YS-F4Pro\Obj\stm32f4xx_hal_dcmi_ex.o
#        G:\STM32F407-RS485数据采集-V2\RS485-主机端\EWARM\YS-F4Pro\Obj\stm32f4xx_hal_dfsdm.o
#        G:\STM32F407-RS485数据采集-V2\RS485-主机端\EWARM\YS-F4Pro\Obj\stm32f4xx_hal_dma.o
#        G:\STM32F407-RS485数据采集-V2\RS485-主机端\EWARM\YS-F4Pro\Obj\stm32f4xx_hal_dma2d.o
#        G:\STM32F407-RS485数据采集-V2\RS485-主机端\EWARM\YS-F4Pro\Obj\stm32f4xx_hal_dma_ex.o
#        G:\STM32F407-RS485数据采集-V2\RS485-主机端\EWARM\YS-F4Pro\Obj\stm32f4xx_hal_dsi.o
#        G:\STM32F407-RS485数据采集-V2\RS485-主机端\EWARM\YS-F4Pro\Obj\stm32f4xx_hal_eth.o
#        G:\STM32F407-RS485数据采集-V2\RS485-主机端\EWARM\YS-F4Pro\Obj\stm32f4xx_hal_flash.o
#        G:\STM32F407-RS485数据采集-V2\RS485-主机端\EWARM\YS-F4Pro\Obj\stm32f4xx_hal_flash_ex.o
#        G:\STM32F407-RS485数据采集-V2\RS485-主机端\EWARM\YS-F4Pro\Obj\stm32f4xx_hal_flash_ramfunc.o
#        G:\STM32F407-RS485数据采集-V2\RS485-主机端\EWARM\YS-F4Pro\Obj\stm32f4xx_hal_fmpi2c.o
#        G:\STM32F407-RS485数据采集-V2\RS485-主机端\EWARM\YS-F4Pro\Obj\stm32f4xx_hal_fmpi2c_ex.o
#        G:\STM32F407-RS485数据采集-V2\RS485-主机端\EWARM\YS-F4Pro\Obj\stm32f4xx_hal_gpio.o
#        G:\STM32F407-RS485数据采集-V2\RS485-主机端\EWARM\YS-F4Pro\Obj\stm32f4xx_hal_hash.o
#        G:\STM32F407-RS485数据采集-V2\RS485-主机端\EWARM\YS-F4Pro\Obj\stm32f4xx_hal_hash_ex.o
#        G:\STM32F407-RS485数据采集-V2\RS485-主机端\EWARM\YS-F4Pro\Obj\stm32f4xx_hal_hcd.o
#        G:\STM32F407-RS485数据采集-V2\RS485-主机端\EWARM\YS-F4Pro\Obj\stm32f4xx_hal_i2c.o
#        G:\STM32F407-RS485数据采集-V2\RS485-主机端\EWARM\YS-F4Pro\Obj\stm32f4xx_hal_i2c_ex.o
#        G:\STM32F407-RS485数据采集-V2\RS485-主机端\EWARM\YS-F4Pro\Obj\stm32f4xx_hal_i2s.o
#        G:\STM32F407-RS485数据采集-V2\RS485-主机端\EWARM\YS-F4Pro\Obj\stm32f4xx_hal_i2s_ex.o
#        G:\STM32F407-RS485数据采集-V2\RS485-主机端\EWARM\YS-F4Pro\Obj\stm32f4xx_hal_irda.o
#        G:\STM32F407-RS485数据采集-V2\RS485-主机端\EWARM\YS-F4Pro\Obj\stm32f4xx_hal_iwdg.o
#        G:\STM32F407-RS485数据采集-V2\RS485-主机端\EWARM\YS-F4Pro\Obj\stm32f4xx_hal_lptim.o
#        G:\STM32F407-RS485数据采集-V2\RS485-主机端\EWARM\YS-F4Pro\Obj\stm32f4xx_hal_ltdc.o
#        G:\STM32F407-RS485数据采集-V2\RS485-主机端\EWARM\YS-F4Pro\Obj\stm32f4xx_hal_ltdc_ex.o
#        G:\STM32F407-RS485数据采集-V2\RS485-主机端\EWARM\YS-F4Pro\Obj\stm32f4xx_hal_mmc.o
#        G:\STM32F407-RS485数据采集-V2\RS485-主机端\EWARM\YS-F4Pro\Obj\stm32f4xx_hal_msp.o
#        G:\STM32F407-RS485数据采集-V2\RS485-主机端\EWARM\YS-F4Pro\Obj\stm32f4xx_hal_nand.o
#        G:\STM32F407-RS485数据采集-V2\RS485-主机端\EWARM\YS-F4Pro\Obj\stm32f4xx_hal_nor.o
#        G:\STM32F407-RS485数据采集-V2\RS485-主机端\EWARM\YS-F4Pro\Obj\stm32f4xx_hal_pccard.o
#        G:\STM32F407-RS485数据采集-V2\RS485-主机端\EWARM\YS-F4Pro\Obj\stm32f4xx_hal_pcd.o
#        G:\STM32F407-RS485数据采集-V2\RS485-主机端\EWARM\YS-F4Pro\Obj\stm32f4xx_hal_pcd_ex.o
#        G:\STM32F407-RS485数据采集-V2\RS485-主机端\EWARM\YS-F4Pro\Obj\stm32f4xx_hal_pwr.o
#        G:\STM32F407-RS485数据采集-V2\RS485-主机端\EWARM\YS-F4Pro\Obj\stm32f4xx_hal_pwr_ex.o
#        G:\STM32F407-RS485数据采集-V2\RS485-主机端\EWARM\YS-F4Pro\Obj\stm32f4xx_hal_qspi.o
#        G:\STM32F407-RS485数据采集-V2\RS485-主机端\EWARM\YS-F4Pro\Obj\stm32f4xx_hal_rcc.o
#        G:\STM32F407-RS485数据采集-V2\RS485-主机端\EWARM\YS-F4Pro\Obj\stm32f4xx_hal_rcc_ex.o
#        G:\STM32F407-RS485数据采集-V2\RS485-主机端\EWARM\YS-F4Pro\Obj\stm32f4xx_hal_rng.o
#        G:\STM32F407-RS485数据采集-V2\RS485-主机端\EWARM\YS-F4Pro\Obj\stm32f4xx_hal_rtc.o
#        G:\STM32F407-RS485数据采集-V2\RS485-主机端\EWARM\YS-F4Pro\Obj\stm32f4xx_hal_rtc_ex.o
#        G:\STM32F407-RS485数据采集-V2\RS485-主机端\EWARM\YS-F4Pro\Obj\stm32f4xx_hal_sai.o
#        G:\STM32F407-RS485数据采集-V2\RS485-主机端\EWARM\YS-F4Pro\Obj\stm32f4xx_hal_sai_ex.o
#        G:\STM32F407-RS485数据采集-V2\RS485-主机端\EWARM\YS-F4Pro\Obj\stm32f4xx_hal_sd.o
#        G:\STM32F407-RS485数据采集-V2\RS485-主机端\EWARM\YS-F4Pro\Obj\stm32f4xx_hal_sdram.o
#        G:\STM32F407-RS485数据采集-V2\RS485-主机端\EWARM\YS-F4Pro\Obj\stm32f4xx_hal_smartcard.o
#        G:\STM32F407-RS485数据采集-V2\RS485-主机端\EWARM\YS-F4Pro\Obj\stm32f4xx_hal_spdifrx.o
#        G:\STM32F407-RS485数据采集-V2\RS485-主机端\EWARM\YS-F4Pro\Obj\stm32f4xx_hal_spi.o
#        G:\STM32F407-RS485数据采集-V2\RS485-主机端\EWARM\YS-F4Pro\Obj\stm32f4xx_hal_sram.o
#        G:\STM32F407-RS485数据采集-V2\RS485-主机端\EWARM\YS-F4Pro\Obj\stm32f4xx_hal_tim.o
#        G:\STM32F407-RS485数据采集-V2\RS485-主机端\EWARM\YS-F4Pro\Obj\stm32f4xx_hal_tim_ex.o
#        G:\STM32F407-RS485数据采集-V2\RS485-主机端\EWARM\YS-F4Pro\Obj\stm32f4xx_hal_uart.o
#        G:\STM32F407-RS485数据采集-V2\RS485-主机端\EWARM\YS-F4Pro\Obj\stm32f4xx_hal_usart.o
#        G:\STM32F407-RS485数据采集-V2\RS485-主机端\EWARM\YS-F4Pro\Obj\stm32f4xx_hal_wwdg.o
#        G:\STM32F407-RS485数据采集-V2\RS485-主机端\EWARM\YS-F4Pro\Obj\stm32f4xx_it.o
#        G:\STM32F407-RS485数据采集-V2\RS485-主机端\EWARM\YS-F4Pro\Obj\stm32f4xx_ll_adc.o
#        G:\STM32F407-RS485数据采集-V2\RS485-主机端\EWARM\YS-F4Pro\Obj\stm32f4xx_ll_crc.o
#        G:\STM32F407-RS485数据采集-V2\RS485-主机端\EWARM\YS-F4Pro\Obj\stm32f4xx_ll_dac.o
#        G:\STM32F407-RS485数据采集-V2\RS485-主机端\EWARM\YS-F4Pro\Obj\stm32f4xx_ll_dma.o
#        G:\STM32F407-RS485数据采集-V2\RS485-主机端\EWARM\YS-F4Pro\Obj\stm32f4xx_ll_dma2d.o
#        G:\STM32F407-RS485数据采集-V2\RS485-主机端\EWARM\YS-F4Pro\Obj\stm32f4xx_ll_exti.o
#        G:\STM32F407-RS485数据采集-V2\RS485-主机端\EWARM\YS-F4Pro\Obj\stm32f4xx_ll_fmc.o
#        G:\STM32F407-RS485数据采集-V2\RS485-主机端\EWARM\YS-F4Pro\Obj\stm32f4xx_ll_fsmc.o
#        G:\STM32F407-RS485数据采集-V2\RS485-主机端\EWARM\YS-F4Pro\Obj\stm32f4xx_ll_gpio.o
#        G:\STM32F407-RS485数据采集-V2\RS485-主机端\EWARM\YS-F4Pro\Obj\stm32f4xx_ll_i2c.o
#        G:\STM32F407-RS485数据采集-V2\RS485-主机端\EWARM\YS-F4Pro\Obj\stm32f4xx_ll_lptim.o
#        G:\STM32F407-RS485数据采集-V2\RS485-主机端\EWARM\YS-F4Pro\Obj\stm32f4xx_ll_pwr.o
#        G:\STM32F407-RS485数据采集-V2\RS485-主机端\EWARM\YS-F4Pro\Obj\stm32f4xx_ll_rcc.o
#        G:\STM32F407-RS485数据采集-V2\RS485-主机端\EWARM\YS-F4Pro\Obj\stm32f4xx_ll_rng.o
#        G:\STM32F407-RS485数据采集-V2\RS485-主机端\EWARM\YS-F4Pro\Obj\stm32f4xx_ll_rtc.o
#        G:\STM32F407-RS485数据采集-V2\RS485-主机端\EWARM\YS-F4Pro\Obj\stm32f4xx_ll_sdmmc.o
#        G:\STM32F407-RS485数据采集-V2\RS485-主机端\EWARM\YS-F4Pro\Obj\stm32f4xx_ll_spi.o
#        G:\STM32F407-RS485数据采集-V2\RS485-主机端\EWARM\YS-F4Pro\Obj\stm32f4xx_ll_tim.o
#        G:\STM32F407-RS485数据采集-V2\RS485-主机端\EWARM\YS-F4Pro\Obj\stm32f4xx_ll_usart.o
#        G:\STM32F407-RS485数据采集-V2\RS485-主机端\EWARM\YS-F4Pro\Obj\stm32f4xx_ll_usb.o
#        G:\STM32F407-RS485数据采集-V2\RS485-主机端\EWARM\YS-F4Pro\Obj\stm32f4xx_ll_utils.o
#        G:\STM32F407-RS485数据采集-V2\RS485-主机端\EWARM\YS-F4Pro\Obj\system_stm32f4xx.o
#        G:\STM32F407-RS485数据采集-V2\RS485-主机端\EWARM\YS-F4Pro\Obj\variable.o
#        --redirect _Printf=_PrintfFull --redirect _Scanf=_ScanfFull -o
#        G:\STM32F407-RS485数据采集-V2\RS485-主机端\EWARM\YS-F4Pro\Exe\YS-F4Pro.out
#        --map
#        G:\STM32F407-RS485数据采集-V2\RS485-主机端\EWARM\YS-F4Pro\List\YS-F4Pro.map
#        --config
#        G:\STM32F407-RS485数据采集-V2\RS485-主机端\EWARM\stm32f407xx_flash.icf
#        --semihosting --entry __iar_program_start --vfe
#
###############################################################################

*******************************************************************************
*** RUNTIME MODEL ATTRIBUTES
***

CppFlavor                     = *
__Heap_Handler                = DLMalloc
__SystemLibrary               = DLib
__dlib_dynamic_initialization = normal


*******************************************************************************
*** PLACEMENT SUMMARY
***

"A1":  place at 0x08000000 { ro section .intvec };
"P1":  place in [from 0x08000000 to 0x080fffff] { ro };
"P2":  place in [from 0x20000000 to 0x2001ffff] { rw, block CSTACK, block HEAP };

  Section             Kind        Address    Size  Object
  -------             ----        -------    ----  ------
"A1":                                       0x188
  .intvec             ro code  0x08000000   0x188  startup_stm32f407xx.o [1]
                             - 0x08000188   0x188

"P1":                                      0xbcff
  .text               ro code  0x08000188  0x1d58  function.o [1]
  .text               ro code  0x08001ee0    0x24  printf.o [3]
  .text               ro code  0x08001f04    0x4c  strtok.o [3]
  .text               ro code  0x08001f50     0x6  ABImemclr4.o [5]
  .text               ro code  0x08001f56     0xa  xsprout.o [3]
  .text               ro code  0x08001f60    0x44  strcpy_unaligned.o [5]
  .text               ro code  0x08001fa4  0x14f0  dlmalloc.o [3]
  .text               ro code  0x08003494    0x4e  FltToDbl.o [4]
  .text               ro code  0x080034e4    0x34  sprintf.o [3]
  .text               ro code  0x08003518    0x36  strlen.o [5]
  .text               ro code  0x08003550   0x7c8  stm32f4xx_hal_uart.o [1]
  .text               ro code  0x08003d18     0x8  atoi.o [3]
  .text               ro code  0x08003d20     0xe  strtod.o [4]
  .text               ro code  0x08003d30   0x258  stm32f4xx_hal_gpio.o [1]
  .text               ro code  0x08003f88   0x408  stm32f4xx_hal_rtc.o [1]
  .text               ro code  0x08004390    0x2e  DblCmpLe.o [4]
  .text               ro code  0x080043c0   0x1a2  DblMul.o [4]
  .text               ro code  0x08004564    0x90  DblToFlt.o [4]
  .text               ro code  0x080045f4    0xce  crc16.o [1]
  .text               ro code  0x080046c4    0x42  strcmp_unaligned.o [5]
  .text               ro code  0x08004708    0x30  I32ToDbl.o [4]
  .text               ro code  0x08004738    0xe8  DblAdd.o [4]
  .text               ro code  0x08004820    0x58  DblToI32.o [4]
  .text               ro code  0x08004878   0x8c0  pow.o [4]
  .text               ro code  0x08005138   0x3fc  bsp_spiflash.o [1]
  .text               ro code  0x08005534   0x7d2  stm32f4xx_hal_tim.o [1]
  .text               ro code  0x08005d08   0x588  bsp_STEPMOTOR.o [1]
  .text               ro code  0x08006290   0x418  bsp_gpio.o [1]
  .text               ro code  0x080066a8  0x1166  xprintffull.o [3]
  .text               ro code  0x0800780e     0x2  xtls.o [3]
  .text               ro code  0x08007810    0x22  strspn.o [3]
  .text               ro code  0x08007832    0x22  strcspn.o [3]
  .text               ro code  0x08007854    0x32  ABImemset48.o [5]
  .text               ro code  0x08007886     0x6  abort.o [3]
  .text               ro code  0x0800788c    0x2c  xgetmemchunk.o [3]
  .text               ro code  0x080078b8   0x26c  bsp_debug_usart.o [1]
  .text               ro code  0x08007b24    0x9c  stm32f4xx_hal.o [1]
  .text               ro code  0x08007bc0    0x26  stm32f4xx_hal_dma.o [1]
  .text               ro code  0x08007be8   0x900  main.o [1]
  .text               ro code  0x080084e8   0x6bc  stm32f4xx_hal_rcc.o [1]
  .text               ro code  0x08008ba4   0x198  xstoul.o [3]
  .text               ro code  0x08008d3c   0x168  xstod.o [4]
  .text               ro code  0x08008ea4   0x118  bsp_rtc.o [1]
  .text               ro code  0x08008fbc   0x180  DblSub.o [4]
  .text               ro code  0x0800913c    0x42  xdnorm.o [4]
  .text               ro code  0x0800917e    0x7a  xdint.o [4]
  .text               ro code  0x080091f8    0x20  DblCmpEq.o [4]
  .text               ro code  0x08009218     0xc  errno.o [3]
  .text               ro code  0x08009224    0x2e  DblCmpGe.o [4]
  .text               ro code  0x08009254   0x256  DblDiv.o [4]
  .text               ro code  0x080094ac    0xb0  xlog.o [4]
  .text               ro code  0x0800955c   0x2c6  xexp.o [4]
  .text               ro code  0x08009824   0x36c  stm32f4xx_hal_spi.o [1]
  .text               ro code  0x08009b90    0xa8  bsp_BasicTIM.o [1]
  .text               ro code  0x08009c38    0xbe  stm32f4xx_hal_tim_ex.o [1]
  .text               ro code  0x08009cf8   0x152  stm32f4xx_hal_cortex.o [1]
  .text               ro code  0x08009e4a    0x20  xmbtowc.o [3]
  .text               ro code  0x08009e6c    0x16  strchr.o [5]
  .text               ro code  0x08009e84    0x58  memchr.o [5]
  .text               ro code  0x08009edc     0xa  xmbcurmax.o [3]
  .text               ro code  0x08009ee6    0x1a  xwctomb.o [3]
  .text               ro code  0x08009f00    0x76  ABImemcpy_unaligned.o [5]
  .text               ro code  0x08009f78    0xee  I64DivMod.o [5]
  .text               ro code  0x0800a068   0x114  xdscale.o [4]
  .text               ro code  0x0800a17c    0x6c  localeconv.o [3]
  .text               ro code  0x0800a1e8     0xe  div.o [3]
  .text               ro code  0x0800a1f8    0x14  exit.o [6]
  .text               ro code  0x0800a20c    0x6e  stm32f4xx_hal_msp.o [1]
  .text               ro code  0x0800a27c   0x148  bsp_usartx_RS485.o [1]
  .text               ro code  0x0800a3c4    0xc8  bsp_led.o [1]
  .text               ro code  0x0800a48c   0x1b8  sample.o [1]
  .text               ro code  0x0800a644    0x28  isxxx.o [3]
  .text               ro code  0x0800a66c    0x14  tolower.o [3]
  .text               ro code  0x0800a680   0x124  xstopfx.o [3]
  .text               ro code  0x0800a7a4   0x1b8  xstoflt.o [3]
  .text               ro code  0x0800a95c    0x6c  system_stm32f4xx.o [1]
  .text               ro code  0x0800a9c8   0x200  xdtento.o [4]
  .text               ro code  0x0800abc8   0x218  xstoxflt.o [3]
  .text               ro code  0x0800ade0    0x20  stm32f4xx_hal_rtc_ex.o [1]
  .text               ro code  0x0800ae00    0x18  stm32f4xx_hal_pwr.o [1]
  .text               ro code  0x0800ae18   0x17c  stm32f4xx_hal_rcc_ex.o [1]
  .text               ro code  0x0800af94    0x40  xdtest.o [4]
  .text               ro code  0x0800afd4    0x24  setlocale.o [3]
  .text               ro code  0x0800aff8    0x60  xencoding_sb.o [3]
  .text               ro code  0x0800b058     0x2  I64DivZer.o [5]
  .text               ro code  0x0800b05a    0x16  xlocale_c.o [3]
  .text               ro code  0x0800b070    0x14  xlocale_c.o [3]
  .text               ro code  0x0800b084     0xc  xlocale_c.o [3]
  .text               ro code  0x0800b090    0x52  xdunscal.o [4]
  .text               ro code  0x0800b0e4    0x78  stm32f4xx_it.o [1]
  .text               ro code  0x0800b15c    0x40  zero_init3.o [5]
  .text               ro code  0x0800b19c    0x38  packbits_init_single.o [5]
  .rodata             const    0x0800b1d4    0x34  function.o [1]
  .rodata             const    0x0800b208    0x34  function.o [1]
  .rodata             const    0x0800b23c    0x34  function.o [1]
  .rodata             const    0x0800b270    0x34  function.o [1]
  .rodata             const    0x0800b2a4    0x34  function.o [1]
  .rodata             const    0x0800b2d8    0x34  function.o [1]
  .rodata             const    0x0800b30c    0x34  function.o [1]
  .rodata             const    0x0800b340    0x34  function.o [1]
  .rodata             const    0x0800b374    0x30  function.o [1]
  .rodata             const    0x0800b3a4    0x2c  function.o [1]
  .rodata             const    0x0800b3d0    0x28  function.o [1]
  .rodata             const    0x0800b3f8    0x28  function.o [1]
  .rodata             const    0x0800b420    0x28  function.o [1]
  .rodata             const    0x0800b448    0x28  function.o [1]
  .rodata             const    0x0800b470    0x28  function.o [1]
  .rodata             const    0x0800b498    0x28  function.o [1]
  .rodata             const    0x0800b4c0    0x28  function.o [1]
  .rodata             const    0x0800b4e8    0x28  function.o [1]
  .text               ro code  0x0800b510    0x28  data_init.o [5]
  .rodata             const    0x0800b538    0x24  function.o [1]
  .rodata             const    0x0800b55c    0x24  function.o [1]
  .rodata             const    0x0800b580    0x24  function.o [1]
  .rodata             const    0x0800b5a4    0x24  function.o [1]
  .rodata             const    0x0800b5c8    0x24  function.o [1]
  .rodata             const    0x0800b5ec    0x24  function.o [1]
  .rodata             const    0x0800b610    0x24  function.o [1]
  .rodata             const    0x0800b634    0x24  function.o [1]
  .rodata             const    0x0800b658    0x24  function.o [1]
  .rodata             const    0x0800b67c    0x24  function.o [1]
  .rodata             const    0x0800b6a0    0x24  function.o [1]
  .rodata             const    0x0800b6c4    0x24  function.o [1]
  .rodata             const    0x0800b6e8    0x24  function.o [1]
  .text               ro code  0x0800b70c    0x22  fpinit_M.o [4]
  .iar.init_table     const    0x0800b730    0x20  - Linker created -
  .rodata             const    0x0800b750    0x20  function.o [1]
  .rodata             const    0x0800b770    0x20  function.o [1]
  .rodata             const    0x0800b790    0x20  function.o [1]
  .rodata             const    0x0800b7b0    0x20  function.o [1]
  .rodata             const    0x0800b7d0    0x20  function.o [1]
  .rodata             const    0x0800b7f0    0x20  function.o [1]
  .rodata             const    0x0800b810    0x20  function.o [1]
  .rodata             const    0x0800b830    0x20  function.o [1]
  .rodata             const    0x0800b850    0x1c  function.o [1]
  .rodata             const    0x0800b86c    0x1c  function.o [1]
  .rodata             const    0x0800b888    0x1c  function.o [1]
  .rodata             const    0x0800b8a4    0x1c  function.o [1]
  .rodata             const    0x0800b8c0    0x1c  function.o [1]
  .rodata             const    0x0800b8dc    0x1c  function.o [1]
  .rodata             const    0x0800b8f8    0x1c  main.o [1]
  .rodata             const    0x0800b914    0x1c  main.o [1]
  .rodata             const    0x0800b930    0x1c  main.o [1]
  .text               ro code  0x0800b94c    0x1a  cmain.o [5]
  .text               ro code  0x0800b966     0x4  low_level_init.o [3]
  .text               ro code  0x0800b96a     0x4  exit.o [3]
  .text               ro code  0x0800b970     0xa  cexit.o [5]
  .rodata             const    0x0800b97c    0x18  bsp_rtc.o [1]
  .rodata             const    0x0800b994    0x18  function.o [1]
  .rodata             const    0x0800b9ac    0x18  function.o [1]
  .rodata             const    0x0800b9c4    0x18  function.o [1]
  .rodata             const    0x0800b9dc    0x18  function.o [1]
  .rodata             const    0x0800b9f4    0x18  main.o [1]
  .rodata             const    0x0800ba0c    0x18  main.o [1]
  .text               ro code  0x0800ba24    0x16  xprout.o [3]
  .text               ro code  0x0800ba3c     0xc  putchar.o [3]
  .rodata             const    0x0800ba48    0x14  bsp_rtc.o [1]
  .rodata             const    0x0800ba5c    0x14  bsp_usartx_RS485.o [1]
  .rodata             const    0x0800ba70    0x14  function.o [1]
  .rodata             const    0x0800ba84    0x14  function.o [1]
  .rodata             const    0x0800ba98    0x14  function.o [1]
  .rodata             const    0x0800baac    0x14  function.o [1]
  .rodata             const    0x0800bac0    0x14  function.o [1]
  .rodata             const    0x0800bad4    0x14  function.o [1]
  .rodata             const    0x0800bae8    0x14  main.o [1]
  .rodata             const    0x0800bafc    0x14  sample.o [1]
  .rodata             const    0x0800bb10    0x10  bsp_usartx_RS485.o [1]
  .rodata             const    0x0800bb20    0x10  bsp_usartx_RS485.o [1]
  .rodata             const    0x0800bb30    0x10  bsp_usartx_RS485.o [1]
  .rodata             const    0x0800bb40    0x10  function.o [1]
  .rodata             const    0x0800bb50    0x10  function.o [1]
  .rodata             const    0x0800bb60    0x10  function.o [1]
  .rodata             const    0x0800bb70    0x10  function.o [1]
  .rodata             const    0x0800bb80    0x10  function.o [1]
  .rodata             const    0x0800bb90    0x10  sample.o [1]
  .rodata             const    0x0800bba0    0x10  system_stm32f4xx.o [1]
  .text               ro code  0x0800bbb0    0x10  startup_stm32f407xx.o [1]
  .rodata             const    0x0800bbc0     0xc  bsp_usartx_RS485.o [1]
  .rodata             const    0x0800bbcc     0xc  function.o [1]
  .rodata             const    0x0800bbd8     0xc  function.o [1]
  .rodata             const    0x0800bbe4     0xc  function.o [1]
  .rodata             const    0x0800bbf0     0xc  function.o [1]
  .rodata             const    0x0800bbfc     0xc  main.o [1]
  .text               ro code  0x0800bc08     0xc  cstartup_M.o [5]
  .rodata             const    0x0800bc14     0x8  function.o [1]
  .rodata             const    0x0800bc1c     0x8  function.o [1]
  .rodata             const    0x0800bc24     0x8  function.o [1]
  .rodata             const    0x0800bc2c     0x8  function.o [1]
  .rodata             const    0x0800bc34     0x8  function.o [1]
  .rodata             const    0x0800bc3c     0x8  function.o [1]
  .rodata             const    0x0800bc44     0x8  function.o [1]
  .rodata             const    0x0800bc4c     0x8  main.o [1]
  .rodata             const    0x0800bc54     0x8  main.o [1]
  .rodata             const    0x0800bc5c     0x8  main.o [1]
  .rodata             const    0x0800bc64     0x8  main.o [1]
  .rodata             const    0x0800bc6c     0x8  system_stm32f4xx.o [1]
  .rodata             const    0x0800bc74     0x4  bsp_calendar.o [1]
  .rodata             const    0x0800bc78     0x4  bsp_calendar.o [1]
  .rodata             const    0x0800bc7c     0x4  bsp_calendar.o [1]
  .rodata             const    0x0800bc80     0x4  bsp_calendar.o [1]
  .rodata             const    0x0800bc84     0x4  bsp_calendar.o [1]
  .rodata             const    0x0800bc88     0x4  bsp_calendar.o [1]
  .rodata             const    0x0800bc8c     0x4  bsp_calendar.o [1]
  .rodata             const    0x0800bc90     0x4  bsp_calendar.o [1]
  .rodata             const    0x0800bc94     0x4  bsp_calendar.o [1]
  .rodata             const    0x0800bc98     0x4  bsp_calendar.o [1]
  .rodata             const    0x0800bc9c     0x4  bsp_calendar.o [1]
  .rodata             const    0x0800bca0     0x4  bsp_calendar.o [1]
  .rodata             const    0x0800bca4     0x4  bsp_calendar.o [1]
  .rodata             const    0x0800bca8     0x4  bsp_calendar.o [1]
  .rodata             const    0x0800bcac     0x4  bsp_calendar.o [1]
  .rodata             const    0x0800bcb0     0x4  bsp_calendar.o [1]
  .rodata             const    0x0800bcb4     0x4  bsp_calendar.o [1]
  .rodata             const    0x0800bcb8     0x4  bsp_calendar.o [1]
  .rodata             const    0x0800bcbc     0x4  bsp_calendar.o [1]
  .text               ro code  0x0800bcc0     0x4  startup_stm32f407xx.o [1]
  .text               ro code  0x0800bcc4     0x4  startup_stm32f407xx.o [1]
  .text               ro code  0x0800bcc8     0x4  startup_stm32f407xx.o [1]
  .text               ro code  0x0800bccc     0x4  startup_stm32f407xx.o [1]
  .text               ro code  0x0800bcd0     0x4  startup_stm32f407xx.o [1]
  .text               ro code  0x0800bcd4     0x4  startup_stm32f407xx.o [1]
  .text               ro code  0x0800bcd8     0x4  startup_stm32f407xx.o [1]
  .text               ro code  0x0800bcdc     0x4  startup_stm32f407xx.o [1]
  .text               ro code  0x0800bce0     0x4  startup_stm32f407xx.o [1]
  .text               ro code  0x0800bce4     0x4  startup_stm32f407xx.o [1]
  .text               ro code  0x0800bce8     0x4  startup_stm32f407xx.o [1]
  .text               ro code  0x0800bcec     0x4  startup_stm32f407xx.o [1]
  .text               ro code  0x0800bcf0     0x4  startup_stm32f407xx.o [1]
  .text               ro code  0x0800bcf4     0x4  startup_stm32f407xx.o [1]
  .text               ro code  0x0800bcf8     0x4  startup_stm32f407xx.o [1]
  .text               ro code  0x0800bcfc     0x4  startup_stm32f407xx.o [1]
  .text               ro code  0x0800bd00     0x4  startup_stm32f407xx.o [1]
  .text               ro code  0x0800bd04     0x4  startup_stm32f407xx.o [1]
  .text               ro code  0x0800bd08     0x4  startup_stm32f407xx.o [1]
  .text               ro code  0x0800bd0c     0x4  startup_stm32f407xx.o [1]
  .text               ro code  0x0800bd10     0x4  startup_stm32f407xx.o [1]
  .text               ro code  0x0800bd14     0x4  startup_stm32f407xx.o [1]
  .text               ro code  0x0800bd18     0x4  startup_stm32f407xx.o [1]
  .text               ro code  0x0800bd1c     0x4  startup_stm32f407xx.o [1]
  .text               ro code  0x0800bd20     0x4  startup_stm32f407xx.o [1]
  .text               ro code  0x0800bd24     0x4  startup_stm32f407xx.o [1]
  .text               ro code  0x0800bd28     0x4  startup_stm32f407xx.o [1]
  .text               ro code  0x0800bd2c     0x4  startup_stm32f407xx.o [1]
  .text               ro code  0x0800bd30     0x4  startup_stm32f407xx.o [1]
  .text               ro code  0x0800bd34     0x4  startup_stm32f407xx.o [1]
  .text               ro code  0x0800bd38     0x4  startup_stm32f407xx.o [1]
  .text               ro code  0x0800bd3c     0x4  startup_stm32f407xx.o [1]
  .text               ro code  0x0800bd40     0x4  startup_stm32f407xx.o [1]
  .text               ro code  0x0800bd44     0x4  startup_stm32f407xx.o [1]
  .text               ro code  0x0800bd48     0x4  startup_stm32f407xx.o [1]
  .text               ro code  0x0800bd4c     0x4  startup_stm32f407xx.o [1]
  .text               ro code  0x0800bd50     0x4  startup_stm32f407xx.o [1]
  .text               ro code  0x0800bd54     0x4  startup_stm32f407xx.o [1]
  .text               ro code  0x0800bd58     0x4  startup_stm32f407xx.o [1]
  .text               ro code  0x0800bd5c     0x4  startup_stm32f407xx.o [1]
  .text               ro code  0x0800bd60     0x4  startup_stm32f407xx.o [1]
  .text               ro code  0x0800bd64     0x4  startup_stm32f407xx.o [1]
  .text               ro code  0x0800bd68     0x4  startup_stm32f407xx.o [1]
  .text               ro code  0x0800bd6c     0x4  startup_stm32f407xx.o [1]
  .text               ro code  0x0800bd70     0x4  startup_stm32f407xx.o [1]
  .text               ro code  0x0800bd74     0x4  startup_stm32f407xx.o [1]
  .text               ro code  0x0800bd78     0x4  startup_stm32f407xx.o [1]
  .text               ro code  0x0800bd7c     0x4  startup_stm32f407xx.o [1]
  .text               ro code  0x0800bd80     0x4  startup_stm32f407xx.o [1]
  .text               ro code  0x0800bd84     0x4  startup_stm32f407xx.o [1]
  .text               ro code  0x0800bd88     0x4  startup_stm32f407xx.o [1]
  .text               ro code  0x0800bd8c     0x4  startup_stm32f407xx.o [1]
  .text               ro code  0x0800bd90     0x4  startup_stm32f407xx.o [1]
  .text               ro code  0x0800bd94     0x4  startup_stm32f407xx.o [1]
  .text               ro code  0x0800bd98     0x4  startup_stm32f407xx.o [1]
  .text               ro code  0x0800bd9c     0x4  startup_stm32f407xx.o [1]
  .text               ro code  0x0800bda0     0x4  startup_stm32f407xx.o [1]
  .text               ro code  0x0800bda4     0x4  startup_stm32f407xx.o [1]
  .text               ro code  0x0800bda8     0x4  startup_stm32f407xx.o [1]
  .text               ro code  0x0800bdac     0x4  startup_stm32f407xx.o [1]
  .text               ro code  0x0800bdb0     0x4  startup_stm32f407xx.o [1]
  .text               ro code  0x0800bdb4     0x4  startup_stm32f407xx.o [1]
  .text               ro code  0x0800bdb8     0x4  startup_stm32f407xx.o [1]
  .text               ro code  0x0800bdbc     0x4  startup_stm32f407xx.o [1]
  .text               ro code  0x0800bdc0     0x4  startup_stm32f407xx.o [1]
  .text               ro code  0x0800bdc4     0x4  startup_stm32f407xx.o [1]
  .text               ro code  0x0800bdc8     0x4  startup_stm32f407xx.o [1]
  .text               ro code  0x0800bdcc     0x4  startup_stm32f407xx.o [1]
  .text               ro code  0x0800bdd0     0x4  startup_stm32f407xx.o [1]
  .text               ro code  0x0800bdd4     0x4  startup_stm32f407xx.o [1]
  .text               ro code  0x0800bdd8     0x4  startup_stm32f407xx.o [1]
  .text               ro code  0x0800bddc     0x4  startup_stm32f407xx.o [1]
  .text               ro code  0x0800bde0     0x4  startup_stm32f407xx.o [1]
  .text               ro code  0x0800bde4     0x4  startup_stm32f407xx.o [1]
  .rodata             const    0x0800bde8     0x0  zero_init3.o [5]
  .rodata             const    0x0800bde8     0x0  packbits_init_single.o [5]
  Initializer bytes   const    0x0800bde8    0x9f  <for P2-1>
                             - 0x0800be87  0xbcff

"P2", part 1 of 3:                          0x1b6
  P2-1                         0x20000000   0x1b6  <Init block>
    .data             inited   0x20000000    0x1c  bsp_calendar.o [1]
    .data             inited   0x2000001c    0x30  bsp_calendar.o [1]
    .data             inited   0x2000004c     0x4  system_stm32f4xx.o [1]
    .data             inited   0x20000050     0x4  variable.o [1]
    .data             inited   0x20000054     0x4  variable.o [1]
    .data             inited   0x20000058     0x4  variable.o [1]
    .data             inited   0x2000005c     0x4  variable.o [1]
    .data             inited   0x20000060     0x4  variable.o [1]
    .data             inited   0x20000064     0x4  variable.o [1]
    .data             inited   0x20000068     0x4  variable.o [1]
    .data             inited   0x2000006c     0x4  variable.o [1]
    .data             inited   0x20000070    0x40  xfiles.o [3]
    __DLIB_PERTHREAD  inited   0x200000b0     0x4  strtok.o [3]
    __DLIB_PERTHREAD  inited   0x200000b4     0x4  errno.o [3]
    __DLIB_PERTHREAD  inited   0x200000b8    0x74  setlocale.o [3]
    __DLIB_PERTHREAD  inited   0x2000012c    0x88  localeconv.o [3]
    .data             inited   0x200001b4     0x2  variable.o [1]
                             - 0x200001b6   0x1b6

"P2", part 2 of 3:                         0x2000
  CSTACK                       0x200001b8  0x1000  <Block>
    CSTACK            uninit   0x200001b8  0x1000  <Block tail>
  HEAP                         0x200011b8  0x1000  <Block>
    HEAP              uninit   0x200011b8  0x1000  <Block tail>
                             - 0x200021b8  0x2000

"P2", part 3 of 3:                         0x13b4
  .bss                zero     0x200021b8   0x3e8  variable.o [1]
  .bss                zero     0x200025a0   0x3e8  variable.o [1]
  .bss                zero     0x20002988   0x1f4  variable.o [1]
  .bss                zero     0x20002b7c   0x1f4  variable.o [1]
  .bss                zero     0x20002d70   0x1d8  dlmalloc.o [3]
  .bss                zero     0x20002f48   0x1a0  variable.o [1]
  .bss                zero     0x200030e8    0xc8  variable.o [1]
  .bss                zero     0x200031b0    0xc8  variable.o [1]
  .bss                zero     0x20003278    0xb0  variable.o [1]
  .bss                zero     0x20003328    0x58  bsp_spiflash.o [1]
  .bss                zero     0x20003380    0x50  xfiles.o [3]
  .bss                zero     0x200033d0    0x40  bsp_debug_usart.o [1]
  .bss                zero     0x20003410    0x40  bsp_debug_usart.o [1]
  .bss                zero     0x20003450    0x40  bsp_usartx_RS485.o [1]
  .bss                zero     0x20003490    0x3c  bsp_BasicTIM.o [1]
  .bss                zero     0x200034cc    0x3c  bsp_STEPMOTOR.o [1]
  .bss                zero     0x20003508    0x20  bsp_rtc.o [1]
  .bss                zero     0x20003528    0x18  dlmalloc.o [3]
  .bss                zero     0x20003540     0x4  stm32f4xx_hal.o [1]
  .bss                zero     0x20003544     0x4  variable.o [1]
  .bss                zero     0x20003548     0x4  variable.o [1]
  .bss                zero     0x2000354c     0x4  variable.o [1]
  .bss                zero     0x20003550     0x4  xgetmemchunk.o [3]
  .bss                zero     0x20003554     0x2  main.o [1]
  .bss                zero     0x20003556     0x2  main.o [1]
  .bss                zero     0x20003558     0x2  variable.o [1]
  .bss                zero     0x2000355a     0x2  variable.o [1]
  .bss                zero     0x2000355c     0x2  variable.o [1]
  .bss                zero     0x2000355e     0x2  variable.o [1]
  .bss                zero     0x20003560     0x1  main.o [1]
  .bss                zero     0x20003561     0x1  main.o [1]
  .bss                zero     0x20003562     0x1  main.o [1]
  .bss                zero     0x20003563     0x1  main.o [1]
  .bss                zero     0x20003564     0x1  variable.o [1]
  .bss                zero     0x20003565     0x1  variable.o [1]
  .bss                zero     0x20003566     0x1  variable.o [1]
  .bss                zero     0x20003567     0x1  variable.o [1]
  .bss                zero     0x20003568     0x1  variable.o [1]
  .bss                zero     0x20003569     0x1  variable.o [1]
  .bss                zero     0x2000356a     0x1  variable.o [1]
  .bss                zero     0x2000356b     0x1  variable.o [1]
                             - 0x2000356c  0x13b4


*******************************************************************************
*** INIT TABLE
***

          Address     Size
          -------     ----
Zero (__iar_zero_init3)
    1 destination range, total size 0x13b4:
          0x200021b8  0x13b4

Copy/packbits (__iar_packbits_init_single3)
    1 source range, total size 0x9f (36% of destination):
          0x0800bde8    0x9f
    1 destination range, total size 0x1b6:
          0x20000000   0x1b6



*******************************************************************************
*** MODULE SUMMARY
***

    Module                  ro code  ro data  rw data
    ------                  -------  -------  -------
G:\STM32F407-RS485数据采集-V2\RS485-主机端\EWARM\YS-F4Pro\Obj: [1]
    bsp_BasicTIM.o              168                60
    bsp_STEPMOTOR.o           1 416                60
    bsp_calendar.o                       103       76
    bsp_debug_usart.o           620               128
    bsp_gpio.o                1 048
    bsp_led.o                   200
    bsp_rtc.o                   280       44       32
    bsp_spiflash.o            1 020                88
    bsp_usartx_RS485.o          328       80       64
    crc16.o                     206
    function.o                7 512    2 120
    main.o                    2 304      196        8
    sample.o                    440       36
    startup_stm32f407xx.o       704
    stm32f4xx_hal.o             156                 4
    stm32f4xx_hal_cortex.o      338
    stm32f4xx_hal_dma.o          38
    stm32f4xx_hal_gpio.o        600
    stm32f4xx_hal_msp.o         110
    stm32f4xx_hal_pwr.o          24
    stm32f4xx_hal_rcc.o       1 724
    stm32f4xx_hal_rcc_ex.o      380
    stm32f4xx_hal_rtc.o       1 032
    stm32f4xx_hal_rtc_ex.o       32
    stm32f4xx_hal_spi.o         876
    stm32f4xx_hal_tim.o       2 002
    stm32f4xx_hal_tim_ex.o      190
    stm32f4xx_hal_uart.o      1 992
    stm32f4xx_it.o              120
    system_stm32f4xx.o          108       26        4
    variable.o                            12    4 054
    -------------------------------------------------
    Total:                   25 968    2 617    4 578

command line: [2]
    -------------------------------------------------
    Total:

dl7M_tlf.a: [3]
    abort.o                       6
    atoi.o                        8
    div.o                        14
    dlmalloc.o                5 360               496
    errno.o                      12        1        4
    exit.o                        4
    isxxx.o                      40
    localeconv.o                108       50      136
    low_level_init.o              4
    printf.o                     36
    putchar.o                    12
    setlocale.o                  36       42      116
    sprintf.o                    52
    strcspn.o                    34
    strspn.o                     34
    strtok.o                     76        2        4
    tolower.o                    20
    xencoding_sb.o               96
    xfiles.o                              23      144
    xgetmemchunk.o               44                 4
    xlocale_c.o                  54
    xmbcurmax.o                  10
    xmbtowc.o                    32
    xprintffull.o             4 454
    xprout.o                     22
    xsprout.o                    10
    xstoflt.o                   440
    xstopfx.o                   292
    xstoul.o                    408
    xstoxflt.o                  536
    xtls.o                        2
    xwctomb.o                    26
    -------------------------------------------------
    Total:                   12 282      118      904

m7M_tls.a: [4]
    DblAdd.o                    232
    DblCmpEq.o                   32
    DblCmpGe.o                   46
    DblCmpLe.o                   46
    DblDiv.o                    598
    DblMul.o                    418
    DblSub.o                    384
    DblToFlt.o                  144
    DblToI32.o                   88
    FltToDbl.o                   78
    I32ToDbl.o                   48
    fpinit_M.o                   34
    pow.o                     2 240
    strtod.o                     14
    xdint.o                     122
    xdnorm.o                     66
    xdscale.o                   276
    xdtento.o                   512
    xdtest.o                     64
    xdunscal.o                   82
    xexp.o                      710
    xlog.o                      176
    xstod.o                     360
    -------------------------------------------------
    Total:                    6 770

rt7M_tl.a: [5]
    ABImemclr4.o                  6
    ABImemcpy_unaligned.o       118
    ABImemset48.o                50
    I64DivMod.o                 238
    I64DivZer.o                   2
    cexit.o                      10
    cmain.o                      26
    cstartup_M.o                 12
    data_init.o                  40
    memchr.o                     88
    packbits_init_single.o       56
    strchr.o                     22
    strcmp_unaligned.o           66
    strcpy_unaligned.o           68
    strlen.o                     54
    zero_init3.o                 64
    -------------------------------------------------
    Total:                      920

shb_l.a: [6]
    exit.o                       20
    -------------------------------------------------
    Total:                       20

    Gaps                         44        4
    Linker created                        32    8 192
-----------------------------------------------------
    Grand Total:             46 004    2 771   13 674


*******************************************************************************
*** ENTRY LIST
***

Entry                      Address   Size  Type      Object
-----                      -------   ----  ----      ------
.iar.init_table$$Base   0x0800b730          --   Gb  - Linker created -
.iar.init_table$$Limit  0x0800b750          --   Gb  - Linker created -
?main                   0x0800b94d         Code  Gb  cmain.o [5]
AHBPrescTable           0x0800bba0   0x10  Data  Gb  system_stm32f4xx.o [1]
APBPrescTable           0x0800bc6c    0x8  Data  Gb  system_stm32f4xx.o [1]
Android_Rx_Count        0x2000355a    0x2  Data  Gb  variable.o [1]
Android_Rx_buf          0x200021b8  0x3e8  Data  Gb  variable.o [1]
BASIC_TIMx_Init         0x08009b91   0x36  Code  Gb  bsp_BasicTIM.o [1]
BitToFloat              0x080016c1  0x17e  Code  Gb  function.o [1]
BitToInt                0x080016a5   0x18  Code  Gb  function.o [1]
BusFault_Handler        0x0800b0eb    0x2  Code  Gb  stm32f4xx_it.o [1]
CRC16_MODBUS            0x08004645   0x7e  Code  Gb  crc16.o [1]
CSTACK$$Base            0x200001b8          --   Gb  - Linker created -
CSTACK$$Limit           0x200011b8          --   Gb  - Linker created -
Chang_Start_time        0x08000b61  0x100  Code  Gb  function.o [1]
Clean_Data              0x08000353  0x138  Code  Gb  function.o [1]
Clear_RS485Buf          0x08001189   0x1a  Code  Gb  function.o [1]
Close_Delay             0x08000c71  0x132  Code  Gb  function.o [1]
Close_Motor             0x08001b51   0xf4  Code  Gb  function.o [1]
Command_Data            0x08000189   0x70  Code  Gb  function.o [1]
Control                 0x08001105   0x7e  Code  Gb  function.o [1]
Control_flag            0x20003568    0x1  Data  Gb  variable.o [1]
Control_max_from_min    0x08000ecd   0x94  Code  Gb  function.o [1]
Control_min_from_max    0x08000e29   0x94  Code  Gb  function.o [1]
Control_sys_temer       0x08001049   0xb0  Code  Gb  function.o [1]
Control_temer           0x08000f69   0xcc  Code  Gb  function.o [1]
DebugMon_Handler        0x0800b0f1    0x2  Code  Gb  stm32f4xx_it.o [1]
Debug_flag              0x20003569    0x1  Data  Gb  variable.o [1]
Delay_Cfg_Mode          0x20003565    0x1  Data  Gb  variable.o [1]
EXTI15_10_IRQHandler    0x0800b149   0x14  Code  Gb  stm32f4xx_it.o [1]
Get_Average             0x080005cd   0xe6  Code  Gb  function.o [1]
Get_Data                0x080006bd  0x354  Code  Gb  function.o [1]
Get_Device_Data         0x08001959   0xb0  Code  Gb  function.o [1]
HAL_DMA_Abort_IT        0x08007bc1   0x26  Code  Gb  stm32f4xx_hal_dma.o [1]
HAL_Delay               0x08007b95   0x1e  Code  Wk  stm32f4xx_hal.o [1]
HAL_GPIO_EXTI_Callback  0x0800836d   0xac  Code  Gb  main.o [1]
HAL_GPIO_EXTI_IRQHandler
                        0x08003f31   0x1a  Code  Gb  stm32f4xx_hal_gpio.o [1]
HAL_GPIO_Init           0x08003d31  0x1da  Code  Gb  stm32f4xx_hal_gpio.o [1]
HAL_GPIO_ReadPin        0x08003f0b   0x12  Code  Gb  stm32f4xx_hal_gpio.o [1]
HAL_GPIO_WritePin       0x08003f1d   0x14  Code  Gb  stm32f4xx_hal_gpio.o [1]
HAL_GetTick             0x08007b8f    0x6  Code  Wk  stm32f4xx_hal.o [1]
HAL_IncTick             0x08007b83    0xc  Code  Wk  stm32f4xx_hal.o [1]
HAL_Init                0x08007b25   0x3a  Code  Gb  stm32f4xx_hal.o [1]
HAL_InitTick            0x08007b5f   0x24  Code  Wk  stm32f4xx_hal.o [1]
HAL_MspInit             0x0800a20d   0x6e  Code  Gb  stm32f4xx_hal_msp.o [1]
HAL_NVIC_EnableIRQ      0x08009deb    0xa  Code  Gb  stm32f4xx_hal_cortex.o [1]
HAL_NVIC_SetPriority    0x08009dc9   0x22  Code  Gb  stm32f4xx_hal_cortex.o [1]
HAL_NVIC_SetPriorityGrouping
                        0x08009dc1    0x8  Code  Gb  stm32f4xx_hal_cortex.o [1]
HAL_PWR_EnableBkUpAccess
                        0x0800ae01   0x12  Code  Gb  stm32f4xx_hal_pwr.o [1]
HAL_RCCEx_PeriphCLKConfig
                        0x0800ae19  0x154  Code  Gb  stm32f4xx_hal_rcc_ex.o [1]
HAL_RCC_ClockConfig     0x080088d1  0x1b2  Code  Gb  stm32f4xx_hal_rcc.o [1]
HAL_RCC_EnableCSS       0x08008a83    0x8  Code  Gb  stm32f4xx_hal_rcc.o [1]
HAL_RCC_GetHCLKFreq     0x08008b17    0x6  Code  Gb  stm32f4xx_hal_rcc.o [1]
HAL_RCC_GetPCLK1Freq    0x08008b1d   0x20  Code  Gb  stm32f4xx_hal_rcc.o [1]
HAL_RCC_GetPCLK2Freq    0x08008b3d   0x20  Code  Gb  stm32f4xx_hal_rcc.o [1]
HAL_RCC_GetSysClockFreq
                        0x08008a8b   0x8c  Code  Wk  stm32f4xx_hal_rcc.o [1]
HAL_RCC_OscConfig       0x080084e9  0x3e8  Code  Wk  stm32f4xx_hal_rcc.o [1]
HAL_RTCEx_BKUPRead      0x0800adf1   0x10  Code  Gb  stm32f4xx_hal_rtc_ex.o [1]
HAL_RTCEx_BKUPWrite     0x0800ade1   0x10  Code  Gb  stm32f4xx_hal_rtc_ex.o [1]
HAL_RTC_GetDate         0x0800429f   0x4a  Code  Gb  stm32f4xx_hal_rtc.o [1]
HAL_RTC_GetTime         0x08004149   0x5e  Code  Gb  stm32f4xx_hal_rtc.o [1]
HAL_RTC_Init            0x08003f89   0xae  Code  Gb  stm32f4xx_hal_rtc.o [1]
HAL_RTC_MspInit         0x08008f69   0x3c  Code  Gb  bsp_rtc.o [1]
HAL_RTC_SetDate         0x080041a7   0xf8  Code  Gb  stm32f4xx_hal_rtc.o [1]
HAL_RTC_SetTime         0x08004037  0x112  Code  Gb  stm32f4xx_hal_rtc.o [1]
HAL_RTC_WaitForSynchro  0x080042f5   0x34  Code  Gb  stm32f4xx_hal_rtc.o [1]
HAL_SPI_Init            0x08009825   0x8e  Code  Gb  stm32f4xx_hal_spi.o [1]
HAL_SPI_MspInit         0x080051ab   0xc8  Code  Gb  bsp_spiflash.o [1]
HAL_SPI_TransmitReceive
                        0x080098b3  0x214  Code  Gb  stm32f4xx_hal_spi.o [1]
HAL_SYSTICK_CLKSourceConfig
                        0x08009dfd   0x20  Code  Gb  stm32f4xx_hal_cortex.o [1]
HAL_SYSTICK_Callback    0x08009e49    0x2  Code  Wk  stm32f4xx_hal_cortex.o [1]
HAL_SYSTICK_Config      0x08009df5    0x8  Code  Gb  stm32f4xx_hal_cortex.o [1]
HAL_SYSTICK_IRQHandler  0x08009e41    0x8  Code  Gb  stm32f4xx_hal_cortex.o [1]
HAL_TIMEx_BreakCallback
                        0x08009cf5    0x2  Code  Wk  stm32f4xx_hal_tim_ex.o [1]
HAL_TIMEx_CommutationCallback
                        0x08009cf3    0x2  Code  Wk  stm32f4xx_hal_tim_ex.o [1]
HAL_TIMEx_ConfigBreakDeadTime
                        0x08009c91   0x62  Code  Gb  stm32f4xx_hal_tim_ex.o [1]
HAL_TIMEx_MasterConfigSynchronization
                        0x08009c39   0x58  Code  Gb  stm32f4xx_hal_tim_ex.o [1]
HAL_TIM_Base_Init       0x08005535   0x38  Code  Gb  stm32f4xx_hal_tim.o [1]
HAL_TIM_Base_MspInit    0x08009bc7   0x5e  Code  Gb  bsp_BasicTIM.o [1]
HAL_TIM_Base_Start      0x0800556d   0x1c  Code  Gb  stm32f4xx_hal_tim.o [1]
HAL_TIM_Base_Start_IT   0x080055bd   0x1c  Code  Gb  stm32f4xx_hal_tim.o [1]
HAL_TIM_Base_Stop       0x08005589   0x34  Code  Gb  stm32f4xx_hal_tim.o [1]
HAL_TIM_ConfigClockSource
                        0x08005885  0x118  Code  Gb  stm32f4xx_hal_tim.o [1]
HAL_TIM_IC_CaptureCallback
                        0x0800599d    0x2  Code  Wk  stm32f4xx_hal_tim.o [1]
HAL_TIM_IRQHandler      0x080056b1  0x176  Code  Gb  stm32f4xx_hal_tim.o [1]
HAL_TIM_OC_ConfigChannel
                        0x08005827   0x5e  Code  Gb  stm32f4xx_hal_tim.o [1]
HAL_TIM_OC_DelayElapsedCallback
                        0x080082c9   0xa0  Code  Gb  main.o [1]
HAL_TIM_OC_Init         0x080055d9   0x38  Code  Gb  stm32f4xx_hal_tim.o [1]
HAL_TIM_OC_MspInit      0x08005611    0x2  Code  Wk  stm32f4xx_hal_tim.o [1]
HAL_TIM_OC_Start_IT     0x08005613   0x94  Code  Gb  stm32f4xx_hal_tim.o [1]
HAL_TIM_PWM_PulseFinishedCallback
                        0x0800599f    0x2  Code  Wk  stm32f4xx_hal_tim.o [1]
HAL_TIM_PeriodElapsedCallback
                        0x0800821d   0xac  Code  Gb  main.o [1]
HAL_TIM_TriggerCallback
                        0x080059a1    0x2  Code  Wk  stm32f4xx_hal_tim.o [1]
HAL_UART_ErrorCallback  0x08003837    0x2  Code  Wk  stm32f4xx_hal_uart.o [1]
HAL_UART_IRQHandler     0x08003701  0x134  Code  Gb  stm32f4xx_hal_uart.o [1]
HAL_UART_Init           0x08003551   0x76  Code  Gb  stm32f4xx_hal_uart.o [1]
HAL_UART_MspInit        0x080078e1  0x148  Code  Gb  bsp_debug_usart.o [1]
HAL_UART_Receive_IT     0x080036a3   0x5e  Code  Gb  stm32f4xx_hal_uart.o [1]
HAL_UART_RxCpltCallback
                        0x08007f55  0x2c8  Code  Gb  main.o [1]
HAL_UART_Transmit       0x080035c7   0xdc  Code  Gb  stm32f4xx_hal_uart.o [1]
HAL_UART_TxCpltCallback
                        0x08003835    0x2  Code  Wk  stm32f4xx_hal_uart.o [1]
HEAP$$Base              0x200011b8          --   Gb  - Linker created -
HEAP$$Limit             0x200021b8          --   Gb  - Linker created -
HardFault_Handler       0x0800b0e7    0x2  Code  Gb  stm32f4xx_it.o [1]
INPUT_GPIO_Init         0x08006291  0x290  Code  Gb  bsp_gpio.o [1]
INPUT_StateRead         0x08006521   0xa6  Code  Gb  bsp_gpio.o [1]
InvertUint16            0x0800461d   0x28  Code  Gb  crc16.o [1]
InvertUint8             0x080045f5   0x28  Code  Gb  crc16.o [1]
LED_GPIO_Init           0x0800a3c5   0xba  Code  Gb  bsp_led.o [1]
LEVEL_High              0x20000050    0x4  Data  Gb  variable.o [1]
LEVEL_Low               0x20003544    0x4  Data  Gb  variable.o [1]
LoadInt                 0x08006cf7   0x6e  Code  Lc  xprintffull.o [3]
MX_DEBUG_USART_Init     0x08007a85   0x5c  Code  Gb  bsp_debug_usart.o [1]
MX_NVIC_USART1_Init     0x080078b9   0x14  Code  Lc  bsp_debug_usart.o [1]
MX_NVIC_USART3_Init     0x0800a27d   0x14  Code  Lc  bsp_usartx_RS485.o [1]
MX_NVIC_USART5_Init     0x080078cd   0x14  Code  Lc  bsp_debug_usart.o [1]
MX_RTC_Init             0x08008ef7   0x72  Code  Gb  bsp_rtc.o [1]
MX_SPIFlash_Init        0x08005139   0x72  Code  Gb  bsp_spiflash.o [1]
MX_USARTx_Init          0x08007a29   0x5c  Code  Gb  bsp_debug_usart.o [1]
MemManage_Handler       0x0800b0e9    0x2  Code  Gb  stm32f4xx_it.o [1]
Modbusprocess           0x08001349  0x338  Code  Gb  function.o [1]
NMI_Handler             0x0800b0e5    0x2  Code  Gb  stm32f4xx_it.o [1]
NVIC_EnableIRQ          0x08009d1f   0x14  Code  Lc  stm32f4xx_hal_cortex.o [1]
NVIC_EncodePriority     0x08009d55   0x3e  Code  Lc  stm32f4xx_hal_cortex.o [1]
NVIC_GetPriorityGrouping
                        0x08009d15    0xa  Code  Lc  stm32f4xx_hal_cortex.o [1]
NVIC_SetPriority        0x08009d33   0x22  Code  Lc  stm32f4xx_hal_cortex.o [1]
NVIC_SetPriorityGrouping
                        0x08009cf9   0x1c  Code  Lc  stm32f4xx_hal_cortex.o [1]
OUTPUT_GPIO_Init        0x080065c7   0xd0  Code  Gb  bsp_gpio.o [1]
Open_Delay              0x08000a15  0x14c  Code  Gb  function.o [1]
Open_Motor              0x08001a11  0x126  Code  Gb  function.o [1]
PendSV_Handler          0x0800b0f3    0x2  Code  Gb  stm32f4xx_it.o [1]
RCC_IRQHandler          0x0800b101    0x2  Code  Gb  stm32f4xx_it.o [1]
RS232_Rx_Count          0x2000355e    0x2  Data  Gb  variable.o [1]
RS232_Rx_buf            0x20002b7c  0x1f4  Data  Gb  variable.o [1]
RS485_Receive_Data      0x0800a345   0x4e  Code  Gb  bsp_usartx_RS485.o [1]
RS485_Rx_Count          0x2000355c    0x2  Data  Gb  variable.o [1]
RS485_Rx_Count_Old      0x200001b4    0x2  Data  Gb  variable.o [1]
RS485_Rx_buf            0x20002988  0x1f4  Data  Gb  variable.o [1]
RS485_Send_Data         0x0800a2ed   0x58  Code  Gb  bsp_usartx_RS485.o [1]
RS485_USARTx_Init       0x0800a291   0x5c  Code  Gb  bsp_usartx_RS485.o [1]
RTC_Bcd2ToByte          0x08004377   0x1a  Code  Gb  stm32f4xx_hal_rtc.o [1]
RTC_ByteToBcd2          0x08004361   0x16  Code  Gb  stm32f4xx_hal_rtc.o [1]
RTC_CalendarConfig      0x08008ea5   0x52  Code  Lc  bsp_rtc.o [1]
RTC_CalendarShow        0x08000da9   0x76  Code  Gb  function.o [1]
RTC_EnterInitMode       0x08004329   0x38  Code  Gb  stm32f4xx_hal_rtc.o [1]
Region$$Table$$Base     0x0800b730          --   Gb  - Linker created -
Region$$Table$$Limit    0x0800b750          --   Gb  - Linker created -
RevCommand              0x20003563    0x1  Data  Gb  main.o [1]
RevComplete             0x20003558    0x2  Data  Gb  variable.o [1]
RevDevicesData          0x20003562    0x1  Data  Gb  main.o [1]
Reversed_Motor          0x08001c6d  0x116  Code  Gb  function.o [1]
Rx_buf                  0x200025a0  0x3e8  Data  Gb  variable.o [1]
SCM_state               0x2000006c    0x4  Data  Gb  variable.o [1]
SPI_CheckFlag_BSY       0x08009b69   0x28  Code  Lc  stm32f4xx_hal_spi.o [1]
SPI_FLASH_BufferRead    0x08005453   0x52  Code  Gb  bsp_spiflash.o [1]
SPI_FLASH_BufferWrite   0x0800531b  0x138  Code  Gb  bsp_spiflash.o [1]
SPI_FLASH_PageWrite     0x080052b7   0x64  Code  Gb  bsp_spiflash.o [1]
SPI_FLASH_SectorErase   0x08005273   0x44  Code  Gb  bsp_spiflash.o [1]
SPI_FLASH_SendByte      0x080054a5   0x2c  Code  Gb  bsp_spiflash.o [1]
SPI_FLASH_WaitForWriteEnd
                        0x080054ef   0x2c  Code  Gb  bsp_spiflash.o [1]
SPI_FLASH_WriteEnable   0x080054d1   0x1e  Code  Gb  bsp_spiflash.o [1]
SPI_WaitFlagStateUntilTimeout
                        0x08009ac7   0xa2  Code  Lc  stm32f4xx_hal_spi.o [1]
STEPMOTOR_GPIO_Init     0x08005d09  0x324  Code  Lc  bsp_STEPMOTOR.o [1]
STEPMOTOR_TIMx_Init     0x0800602d   0xf6  Code  Gb  bsp_STEPMOTOR.o [1]
STREES_High             0x20000054    0x4  Data  Gb  variable.o [1]
STREES_Low              0x20003548    0x4  Data  Gb  variable.o [1]
SVC_Handler             0x0800b0ef    0x2  Code  Gb  stm32f4xx_it.o [1]
Sample_RS485            0x0800a52d  0x104  Code  Gb  sample.o [1]
Sample_flag             0x20003566    0x1  Data  Gb  variable.o [1]
Save_Data               0x080001f9  0x15a  Code  Gb  function.o [1]
Save_Device_Data        0x08001861   0x94  Code  Gb  function.o [1]
Sensor_Cfg_Mode         0x20003564    0x1  Data  Gb  variable.o [1]
Show_Data               0x0800183f   0x22  Code  Gb  function.o [1]
Simulation_Level        0x08001d91   0x1e  Code  Gb  function.o [1]
Step_Motor_Init         0x08006123  0x14e  Code  Gb  bsp_STEPMOTOR.o [1]
Stepper_Motor           0x20003278   0xb0  Data  Gb  variable.o [1]
SysTick_Config          0x08009d93   0x2e  Code  Lc  stm32f4xx_hal_cortex.o [1]
SysTick_Handler         0x0800b0f5    0xc  Code  Gb  stm32f4xx_it.o [1]
SystemClock_Config      0x08007be9   0xbe  Code  Gb  main.o [1]
SystemCoreClock         0x2000004c    0x4  Data  Gb  system_stm32f4xx.o [1]
SystemInit              0x0800a95d   0x4c  Code  Gb  system_stm32f4xx.o [1]
TEMP_High               0x20000068    0x4  Data  Gb  variable.o [1]
TEMP_Low                0x20000064    0x4  Data  Gb  variable.o [1]
TIM6_DAC_IRQHandler     0x0800b121    0xa  Code  Gb  stm32f4xx_it.o [1]
TIM8_CC_IRQHandler      0x0800b12b    0xa  Code  Gb  stm32f4xx_it.o [1]
TIM_Base_SetConfig      0x080059a3   0xe4  Code  Gb  stm32f4xx_hal_tim.o [1]
TIM_CCxChannelCmd       0x08005afd   0x1e  Code  Gb  stm32f4xx_hal_tim.o [1]
TIM_ETR_SetConfig       0x08005cef   0x18  Code  Lc  stm32f4xx_hal_tim.o [1]
TIM_ITRx_SetConfig      0x08005cdb   0x14  Code  Lc  stm32f4xx_hal_tim.o [1]
TIM_OC1_SetConfig       0x08005b1d   0x6c  Code  Lc  stm32f4xx_hal_tim.o [1]
TIM_OC2_SetConfig       0x08005a87   0x76  Code  Gb  stm32f4xx_hal_tim.o [1]
TIM_OC3_SetConfig       0x08005b89   0x74  Code  Lc  stm32f4xx_hal_tim.o [1]
TIM_OC4_SetConfig       0x08005bfd   0x5e  Code  Lc  stm32f4xx_hal_tim.o [1]
TIM_TI1_ConfigInputStage
                        0x08005c89   0x28  Code  Lc  stm32f4xx_hal_tim.o [1]
TIM_TI2_ConfigInputStage
                        0x08005cb1   0x2a  Code  Lc  stm32f4xx_hal_tim.o [1]
UART5_IRQHandler        0x0800b117    0xa  Code  Gb  stm32f4xx_it.o [1]
UART_DMAAbortOnError    0x080038cd   0x12  Code  Lc  stm32f4xx_hal_uart.o [1]
UART_EndRxTransfer      0x080038a9   0x20  Code  Lc  stm32f4xx_hal_uart.o [1]
UART_EndTransmit_IT     0x0800394b   0x1c  Code  Lc  stm32f4xx_hal_uart.o [1]
UART_Receive_IT         0x08003967   0x9a  Code  Lc  stm32f4xx_hal_uart.o [1]
UART_SetConfig          0x08003a01  0x30c  Code  Lc  stm32f4xx_hal_uart.o [1]
UART_Transmit_IT        0x080038e1   0x6a  Code  Lc  stm32f4xx_hal_uart.o [1]
UART_WaitOnFlagUntilTimeout
                        0x08003839   0x70  Code  Lc  stm32f4xx_hal_uart.o [1]
USART1_IRQHandler       0x0800b103    0xa  Code  Gb  stm32f4xx_it.o [1]
USART3_IRQHandler       0x0800b10d    0xa  Code  Gb  stm32f4xx_it.o [1]
UpData                  0x08000495  0x136  Code  Gb  function.o [1]
UpData_flag             0x20003567    0x1  Data  Gb  variable.o [1]
UsageFault_Handler      0x0800b0ed    0x2  Code  Gb  stm32f4xx_it.o [1]
WCOND_High              0x20000060    0x4  Data  Gb  variable.o [1]
WCOND_Low               0x2000354c    0x4  Data  Gb  variable.o [1]
WEEK_STR                0x20000000   0x1c  Data  Gb  bsp_calendar.o [1]
WPH_High                0x2000005c    0x4  Data  Gb  variable.o [1]
WPH_Low                 0x20000058    0x4  Data  Gb  variable.o [1]
_EncodingSb_Mbtowc      0x0800b013   0x30  Code  Gb  xencoding_sb.o [3]
_EncodingSb_Wctomb      0x0800aff9   0x1a  Code  Gb  xencoding_sb.o [3]
_GenldFull              0x0800757b  0x24c  Code  Lc  xprintffull.o [3]
_IsdstStr               0x200000bc    0x4  Data  Gb  setlocale.o [3]
_LdtobFull              0x08007179  0x3fc  Code  Lc  xprintffull.o [3]
_LitobFull              0x08007071  0x106  Code  Lc  xprintffull.o [3]
_LocaleC_isalpha        0x0800b05b   0x16  Code  Gb  xlocale_c.o [3]
_LocaleC_isspace        0x0800b071   0x14  Code  Gb  xlocale_c.o [3]
_LocaleC_tolower        0x0800b085    0xc  Code  Gb  xlocale_c.o [3]
_LocaleEncoding         0x0800afe7    0xe  Code  Gb  setlocale.o [3]
_LocaleForCat           0x0800afd5   0x12  Code  Gb  setlocale.o [3]
_LocaleReturnString     0x200000dc   0x50  Data  Lc  setlocale.o [3]
_Locale_Profile         0x200000c0   0x1c  Data  Gb  setlocale.o [3]
_Locale_aeabi_lconv     0x2000017c   0x38  Data  Gb  localeconv.o [3]
_Locale_lconv           0x2000012c   0x50  Data  Gb  localeconv.o [3]
_Mbtowc                 0x08009e4b   0x20  Code  Gb  xmbtowc.o [3]
_PrintfFull             0x080066a9  0x638  Code  Gb  xprintffull.o [3]
_Prout                  0x0800ba25   0x16  Code  Gb  xprout.o [3]
_PutcharsFull           0x080077c7   0x2e  Code  Lc  xprintffull.o [3]
_PutstrFull             0x08006d65  0x306  Code  Lc  xprintffull.o [3]
_SProut                 0x08001f57    0xa  Code  Gb  xsprout.o [3]
_Stoflt                 0x0800a7a5  0x1b8  Code  Gb  xstoflt.o [3]
_Stopfx                 0x0800a681  0x124  Code  Gb  xstopfx.o [3]
_Stoxflt                0x0800abc9  0x1e2  Code  Gb  xstoxflt.o [3]
_Strtok_ssave           0x200000b0    0x4  Data  Lc  strtok.o [3]
_TzoneStr               0x200000b8    0x4  Data  Gb  setlocale.o [3]
_Wctomb                 0x08009ee7   0x1a  Code  Gb  xwctomb.o [3]
__aeabi_cdcmpeq         0x080091f9         Code  Gb  DblCmpEq.o [4]
__aeabi_cdcmple         0x08004391         Code  Gb  DblCmpLe.o [4]
__aeabi_cdrcmple        0x08009225         Code  Gb  DblCmpGe.o [4]
__aeabi_d2f             0x08004565         Code  Gb  DblToFlt.o [4]
__aeabi_d2iz            0x08004821         Code  Gb  DblToI32.o [4]
__aeabi_d2uiz           0x0800484d         Code  Gb  DblToI32.o [4]
__aeabi_dadd            0x08004739         Code  Gb  DblAdd.o [4]
__aeabi_ddiv            0x08009255         Code  Gb  DblDiv.o [4]
__aeabi_dmul            0x080043c1         Code  Gb  DblMul.o [4]
__aeabi_dsub            0x08008fbd         Code  Gb  DblSub.o [4]
__aeabi_errno_addr      0x08009219    0x6  Code  Gb  errno.o [3]
__aeabi_f2d             0x08003495         Code  Gb  FltToDbl.o [4]
__aeabi_i2d             0x08004709         Code  Gb  I32ToDbl.o [4]
__aeabi_ldiv0           0x0800b059         Code  Gb  I64DivZer.o [5]
__aeabi_memclr4         0x08001f51         Code  Gb  ABImemclr4.o [5]
__aeabi_ui2d            0x0800471d         Code  Gb  I32ToDbl.o [4]
__aeabi_uldivmod        0x08009f79         Code  Gb  I64DivMod.o [5]
__cmain                 0x0800b94d         Code  Gb  cmain.o [5]
__data_GetMemChunk      0x0800788d   0x2c  Code  Gb  xgetmemchunk.o [3]
__exit                  0x0800a1f9   0x14  Code  Gb  exit.o [6]
__iar_Dint              0x0800917f   0x7a  Code  Gb  xdint.o [4]
__iar_Dnorm             0x0800913d   0x42  Code  Gb  xdnorm.o [4]
__iar_Dscale            0x0800a069  0x114  Code  Gb  xdscale.o [4]
__iar_Dtentox           0x0800aa25  0x13e  Code  Gb  xdtento.o [4]
__iar_Dtest             0x0800af95   0x30  Code  Gb  xdtest.o [4]
__iar_Dunscale          0x0800b091   0x52  Code  Gb  xdunscal.o [4]
__iar_Errno             0x200000b4    0x4  Data  Gb  errno.o [3]
__iar_Exp               0x0800955d  0x2be  Code  Gb  xexp.o [4]
__iar_Locale_lconv_init
                        0x0800a17d   0x3a  Code  Gb  localeconv.o [3]
__iar_Logpoly           0x080094ad   0x76  Code  Gb  xlog.o [4]
__iar_Mbcurmax          0x08009edd    0xa  Code  Gb  xmbcurmax.o [3]
__iar_Memchr            0x08009e85         Code  Gb  memchr.o [5]
__iar_Memset4_word      0x08007855         Code  Gb  ABImemset48.o [5]
__iar_Memset8_word      0x08007855         Code  Gb  ABImemset48.o [5]
__iar_Stdout            0x20000070   0x40  Data  Gb  xfiles.o [3]
__iar_Stod              0x08008ea1    0x4  Code  Gb  xstod.o [4]
__iar_Stodx             0x08008d3d  0x14e  Code  Gb  xstod.o [4]
__iar_Stoul             0x08008ce9    0x4  Code  Gb  xstoul.o [3]
__iar_Stoulx            0x08008ba5  0x13e  Code  Gb  xstoul.o [3]
__iar_Strchr            0x08009e6d         Code  Gb  strchr.o [5]
__iar_d2uiz             0x08004859         Code  Gb  DblToI32.o [4]
__iar_dadd              0x0800474d         Code  Gb  DblAdd.o [4]
__iar_data_init3        0x0800b511   0x28  Code  Gb  data_init.o [5]
__iar_dlfree            0x08002f7b  0x510  Code  Gb  dlmalloc.o [3]
__iar_dlib_perthread_access
                        0x0800780f    0x2  Code  Gb  xtls.o [3]
__iar_dlmalloc          0x08002cc5  0x2aa  Code  Gb  dlmalloc.o [3]
__iar_dsub              0x08008fd1         Code  Gb  DblSub.o [4]
__iar_dsubStart         0x08008fe3         Code  Gb  DblSub.o [4]
__iar_init_vfp          0x0800b70d         Code  Gb  fpinit_M.o [4]
__iar_packbits_init_single3
                        0x0800b19d   0x38  Code  Gb  packbits_init_single.o [5]
__iar_program_start     0x0800bc09         Code  Gb  cstartup_M.o [5]
__iar_ui2d              0x08004721         Code  Gb  I32ToDbl.o [4]
__iar_unaligned___aeabi_memcpy
                        0x08009f01         Code  Gb  ABImemcpy_unaligned.o [5]
__iar_unaligned___aeabi_memcpy4
                        0x08009f21         Code  Gb  ABImemcpy_unaligned.o [5]
__iar_unaligned___aeabi_memcpy8
                        0x08009f21         Code  Gb  ABImemcpy_unaligned.o [5]
__iar_unaligned_strcmp  0x080046c5         Code  Gb  strcmp_unaligned.o [5]
__iar_unaligned_strcpy  0x08001f61         Code  Gb  strcpy_unaligned.o [5]
__iar_vfp_pow           0x08004cfb   0x18  Code  Gb  pow.o [4]
__iar_vfp_strtod        0x08003d21    0xe  Code  Gb  strtod.o [4]
__iar_zero_init3        0x0800b15d   0x40  Code  Gb  zero_init3.o [5]
__low_level_init        0x0800b967    0x4  Code  Gb  low_level_init.o [3]
__vector_table          0x08000000         Data  Gb  startup_stm32f407xx.o [1]
_call_main              0x0800b959         Code  Gb  cmain.o [5]
_exit                   0x0800b971         Code  Gb  cexit.o [5]
_gm_                    0x20002d70  0x1d8  Data  Lc  dlmalloc.o [3]
_main                   0x0800b963         Code  Gb  cmain.o [5]
aRxBuffer               0x20003560    0x1  Data  Gb  main.o [1]
abort                   0x08007887    0x6  Code  Gb  abort.o [3]
atoi                    0x08003d19    0x8  Code  Gb  atoi.o [3]
delay                   0x20002f48  0x1a0  Data  Gb  variable.o [1]
digits                  0x08008cec   0x28  Data  Lc  xstoul.o [3]
div                     0x0800a1e9    0xe  Code  Gb  div.o [3]
dmul                    0x0800a9c9   0x5a  Code  Lc  xdtento.o [4]
exit                    0x0800b96b    0x4  Code  Gb  exit.o [3]
fputc                   0x08007ae1   0x14  Code  Gb  bsp_debug_usart.o [1]
frist                   0x20003561    0x1  Data  Gb  main.o [1]
hrtc                    0x20003508   0x20  Data  Gb  bsp_rtc.o [1]
hspiflash               0x20003328   0x58  Data  Gb  bsp_spiflash.o [1]
htimx                   0x20003490   0x3c  Data  Gb  bsp_BasicTIM.o [1]
htimx_STEPMOTOR         0x200034cc   0x3c  Data  Gb  bsp_STEPMOTOR.o [1]
htoi                    0x0800a4c1   0x6c  Code  Gb  sample.o [1]
husart_debug            0x200033d0   0x40  Data  Gb  bsp_debug_usart.o [1]
husartx                 0x20003410   0x40  Data  Gb  bsp_debug_usart.o [1]
husartx_rs485           0x20003450   0x40  Data  Gb  bsp_usartx_RS485.o [1]
init_mparams            0x08001fbf   0x32  Code  Lc  dlmalloc.o [3]
init_top                0x08001ff1   0x34  Code  Lc  dlmalloc.o [3]
internal_Pow            0x08004879  0x478  Code  Lc  pow.o [4]
isalpha                 0x0800a645   0x14  Code  Gb  isxxx.o [3]
isspace                 0x0800a659   0x14  Code  Gb  isxxx.o [3]
itoa                    0x08001905   0x54  Code  Gb  function.o [1]
lnbias                  0x08004d18  0x420  Data  Lc  pow.o [4]
localeconv              0x0800a1b7   0x16  Code  Gb  localeconv.o [3]
main                    0x08007ca7  0x2ae  Code  Gb  main.o [1]
memchr                  0x08009e85         Code  Gb  memchr.o [5]
minute_timer_count      0x20003554    0x2  Data  Gb  main.o [1]
movedigit               0x080011b9  0x17c  Code  Gb  function.o [1]
mparams                 0x20003528   0x18  Data  Lc  dlmalloc.o [3]
ndigs                   0x08008d14   0x28  Data  Lc  xstoul.o [3]
obuf                    0x20003380   0x50  Data  Lc  xfiles.o [3]
pows                    0x0800ab80   0x48  Data  Lc  xdtento.o [4]
prepend_alloc           0x08002025  0x36c  Code  Lc  dlmalloc.o [3]
printf                  0x08001ee1   0x24  Code  Gb  printf.o [3]
putchar                 0x0800ba3d    0xc  Code  Gb  putchar.o [3]
second_timer_count      0x20003556    0x2  Data  Gb  main.o [1]
segment_holding         0x08001fa5   0x1a  Code  Lc  dlmalloc.o [3]
sensor_array            0x200031b0   0xc8  Data  Gb  variable.o [1]
sensor_data             0x200030e8   0xc8  Data  Gb  variable.o [1]
split                   0x0800a48d   0x34  Code  Gb  sample.o [1]
sprintf                 0x080034e5   0x34  Code  Gb  sprintf.o [3]
strchr                  0x08009e6d         Code  Gb  strchr.o [5]
strcspn                 0x08007833   0x22  Code  Gb  strcspn.o [3]
strlen                  0x08003519         Code  Gb  strlen.o [5]
strspn                  0x08007811   0x22  Code  Gb  strspn.o [3]
strtok                  0x08001f05   0x4c  Code  Gb  strtok.o [3]
sys_alloc               0x08002391  0x386  Code  Lc  dlmalloc.o [3]
sys_time_Control_flag   0x2000356b    0x1  Data  Gb  variable.o [1]
time_Control_flag       0x2000356a    0x1  Data  Gb  variable.o [1]
tmalloc_large           0x08002725  0x390  Code  Lc  dlmalloc.o [3]
tmalloc_small           0x08002ab5  0x210  Code  Lc  dlmalloc.o [3]
tolower                 0x0800a66d   0x14  Code  Gb  tolower.o [3]
uwTick                  0x20003540    0x4  Data  Gb  stm32f4xx_hal.o [1]
zodiac_sign             0x2000001c   0x30  Data  Gb  bsp_calendar.o [1]


[1] = G:\STM32F407-RS485数据采集-V2\RS485-主机端\EWARM\YS-F4Pro\Obj
[2] = command line
[3] = dl7M_tlf.a
[4] = m7M_tls.a
[5] = rt7M_tl.a
[6] = shb_l.a

  46 004 bytes of readonly  code memory
   2 771 bytes of readonly  data memory
  13 674 bytes of readwrite data memory

Errors: none
Warnings: none
