###############################################################################
#
# IAR ELF Linker V7.50.2.10312/W32 for ARM                14/Jan/2019  15:53:26
# Copyright 2007-2015 IAR Systems AB.
#
#    Output file  =  
#        F:\STM32F407-RS485数据采集-V2\RS485-主机端 - 删减版 -
#        dev\EWARM\YS-F4Pro\Exe\YS-F4Pro.out
#    Map file     =  
#        F:\STM32F407-RS485数据采集-V2\RS485-主机端 - 删减版 -
#        dev\EWARM\YS-F4Pro\List\YS-F4Pro.map
#    Command line =  
#        "F:\STM32F407-RS485数据采集-V2\RS485-主机端 - 删减版 -
#        dev\EWARM\YS-F4Pro\Obj\bsp_BasicTIM.o"
#        "F:\STM32F407-RS485数据采集-V2\RS485-主机端 - 删减版 -
#        dev\EWARM\YS-F4Pro\Obj\bsp_debug_usart.o"
#        "F:\STM32F407-RS485数据采集-V2\RS485-主机端 - 删减版 -
#        dev\EWARM\YS-F4Pro\Obj\bsp_gpio.o"
#        "F:\STM32F407-RS485数据采集-V2\RS485-主机端 - 删减版 -
#        dev\EWARM\YS-F4Pro\Obj\bsp_led.o"
#        "F:\STM32F407-RS485数据采集-V2\RS485-主机端 - 删减版 -
#        dev\EWARM\YS-F4Pro\Obj\bsp_rtc.o"
#        "F:\STM32F407-RS485数据采集-V2\RS485-主机端 - 删减版 -
#        dev\EWARM\YS-F4Pro\Obj\bsp_spiflash.o"
#        "F:\STM32F407-RS485数据采集-V2\RS485-主机端 - 删减版 -
#        dev\EWARM\YS-F4Pro\Obj\bsp_usartx_RS485.o"
#        "F:\STM32F407-RS485数据采集-V2\RS485-主机端 - 删减版 -
#        dev\EWARM\YS-F4Pro\Obj\crc16.o"
#        "F:\STM32F407-RS485数据采集-V2\RS485-主机端 - 删减版 -
#        dev\EWARM\YS-F4Pro\Obj\function.o"
#        "F:\STM32F407-RS485数据采集-V2\RS485-主机端 - 删减版 -
#        dev\EWARM\YS-F4Pro\Obj\main.o"
#        "F:\STM32F407-RS485数据采集-V2\RS485-主机端 - 删减版 -
#        dev\EWARM\YS-F4Pro\Obj\sample.o"
#        "F:\STM32F407-RS485数据采集-V2\RS485-主机端 - 删减版 -
#        dev\EWARM\YS-F4Pro\Obj\startup_stm32f407xx.o"
#        "F:\STM32F407-RS485数据采集-V2\RS485-主机端 - 删减版 -
#        dev\EWARM\YS-F4Pro\Obj\stm32f4xx_assert.o"
#        "F:\STM32F407-RS485数据采集-V2\RS485-主机端 - 删减版 -
#        dev\EWARM\YS-F4Pro\Obj\stm32f4xx_hal.o"
#        "F:\STM32F407-RS485数据采集-V2\RS485-主机端 - 删减版 -
#        dev\EWARM\YS-F4Pro\Obj\stm32f4xx_hal_adc.o"
#        "F:\STM32F407-RS485数据采集-V2\RS485-主机端 - 删减版 -
#        dev\EWARM\YS-F4Pro\Obj\stm32f4xx_hal_adc_ex.o"
#        "F:\STM32F407-RS485数据采集-V2\RS485-主机端 - 删减版 -
#        dev\EWARM\YS-F4Pro\Obj\stm32f4xx_hal_can.o"
#        "F:\STM32F407-RS485数据采集-V2\RS485-主机端 - 删减版 -
#        dev\EWARM\YS-F4Pro\Obj\stm32f4xx_hal_cec.o"
#        "F:\STM32F407-RS485数据采集-V2\RS485-主机端 - 删减版 -
#        dev\EWARM\YS-F4Pro\Obj\stm32f4xx_hal_cortex.o"
#        "F:\STM32F407-RS485数据采集-V2\RS485-主机端 - 删减版 -
#        dev\EWARM\YS-F4Pro\Obj\stm32f4xx_hal_crc.o"
#        "F:\STM32F407-RS485数据采集-V2\RS485-主机端 - 删减版 -
#        dev\EWARM\YS-F4Pro\Obj\stm32f4xx_hal_cryp.o"
#        "F:\STM32F407-RS485数据采集-V2\RS485-主机端 - 删减版 -
#        dev\EWARM\YS-F4Pro\Obj\stm32f4xx_hal_cryp_ex.o"
#        "F:\STM32F407-RS485数据采集-V2\RS485-主机端 - 删减版 -
#        dev\EWARM\YS-F4Pro\Obj\stm32f4xx_hal_dac.o"
#        "F:\STM32F407-RS485数据采集-V2\RS485-主机端 - 删减版 -
#        dev\EWARM\YS-F4Pro\Obj\stm32f4xx_hal_dac_ex.o"
#        "F:\STM32F407-RS485数据采集-V2\RS485-主机端 - 删减版 -
#        dev\EWARM\YS-F4Pro\Obj\stm32f4xx_hal_dcmi.o"
#        "F:\STM32F407-RS485数据采集-V2\RS485-主机端 - 删减版 -
#        dev\EWARM\YS-F4Pro\Obj\stm32f4xx_hal_dcmi_ex.o"
#        "F:\STM32F407-RS485数据采集-V2\RS485-主机端 - 删减版 -
#        dev\EWARM\YS-F4Pro\Obj\stm32f4xx_hal_dfsdm.o"
#        "F:\STM32F407-RS485数据采集-V2\RS485-主机端 - 删减版 -
#        dev\EWARM\YS-F4Pro\Obj\stm32f4xx_hal_dma.o"
#        "F:\STM32F407-RS485数据采集-V2\RS485-主机端 - 删减版 -
#        dev\EWARM\YS-F4Pro\Obj\stm32f4xx_hal_dma2d.o"
#        "F:\STM32F407-RS485数据采集-V2\RS485-主机端 - 删减版 -
#        dev\EWARM\YS-F4Pro\Obj\stm32f4xx_hal_dma_ex.o"
#        "F:\STM32F407-RS485数据采集-V2\RS485-主机端 - 删减版 -
#        dev\EWARM\YS-F4Pro\Obj\stm32f4xx_hal_dsi.o"
#        "F:\STM32F407-RS485数据采集-V2\RS485-主机端 - 删减版 -
#        dev\EWARM\YS-F4Pro\Obj\stm32f4xx_hal_eth.o"
#        "F:\STM32F407-RS485数据采集-V2\RS485-主机端 - 删减版 -
#        dev\EWARM\YS-F4Pro\Obj\stm32f4xx_hal_flash.o"
#        "F:\STM32F407-RS485数据采集-V2\RS485-主机端 - 删减版 -
#        dev\EWARM\YS-F4Pro\Obj\stm32f4xx_hal_flash_ex.o"
#        "F:\STM32F407-RS485数据采集-V2\RS485-主机端 - 删减版 -
#        dev\EWARM\YS-F4Pro\Obj\stm32f4xx_hal_flash_ramfunc.o"
#        "F:\STM32F407-RS485数据采集-V2\RS485-主机端 - 删减版 -
#        dev\EWARM\YS-F4Pro\Obj\stm32f4xx_hal_fmpi2c.o"
#        "F:\STM32F407-RS485数据采集-V2\RS485-主机端 - 删减版 -
#        dev\EWARM\YS-F4Pro\Obj\stm32f4xx_hal_fmpi2c_ex.o"
#        "F:\STM32F407-RS485数据采集-V2\RS485-主机端 - 删减版 -
#        dev\EWARM\YS-F4Pro\Obj\stm32f4xx_hal_gpio.o"
#        "F:\STM32F407-RS485数据采集-V2\RS485-主机端 - 删减版 -
#        dev\EWARM\YS-F4Pro\Obj\stm32f4xx_hal_hash.o"
#        "F:\STM32F407-RS485数据采集-V2\RS485-主机端 - 删减版 -
#        dev\EWARM\YS-F4Pro\Obj\stm32f4xx_hal_hash_ex.o"
#        "F:\STM32F407-RS485数据采集-V2\RS485-主机端 - 删减版 -
#        dev\EWARM\YS-F4Pro\Obj\stm32f4xx_hal_hcd.o"
#        "F:\STM32F407-RS485数据采集-V2\RS485-主机端 - 删减版 -
#        dev\EWARM\YS-F4Pro\Obj\stm32f4xx_hal_i2c.o"
#        "F:\STM32F407-RS485数据采集-V2\RS485-主机端 - 删减版 -
#        dev\EWARM\YS-F4Pro\Obj\stm32f4xx_hal_i2c_ex.o"
#        "F:\STM32F407-RS485数据采集-V2\RS485-主机端 - 删减版 -
#        dev\EWARM\YS-F4Pro\Obj\stm32f4xx_hal_i2s.o"
#        "F:\STM32F407-RS485数据采集-V2\RS485-主机端 - 删减版 -
#        dev\EWARM\YS-F4Pro\Obj\stm32f4xx_hal_i2s_ex.o"
#        "F:\STM32F407-RS485数据采集-V2\RS485-主机端 - 删减版 -
#        dev\EWARM\YS-F4Pro\Obj\stm32f4xx_hal_irda.o"
#        "F:\STM32F407-RS485数据采集-V2\RS485-主机端 - 删减版 -
#        dev\EWARM\YS-F4Pro\Obj\stm32f4xx_hal_iwdg.o"
#        "F:\STM32F407-RS485数据采集-V2\RS485-主机端 - 删减版 -
#        dev\EWARM\YS-F4Pro\Obj\stm32f4xx_hal_lptim.o"
#        "F:\STM32F407-RS485数据采集-V2\RS485-主机端 - 删减版 -
#        dev\EWARM\YS-F4Pro\Obj\stm32f4xx_hal_ltdc.o"
#        "F:\STM32F407-RS485数据采集-V2\RS485-主机端 - 删减版 -
#        dev\EWARM\YS-F4Pro\Obj\stm32f4xx_hal_ltdc_ex.o"
#        "F:\STM32F407-RS485数据采集-V2\RS485-主机端 - 删减版 -
#        dev\EWARM\YS-F4Pro\Obj\stm32f4xx_hal_mmc.o"
#        "F:\STM32F407-RS485数据采集-V2\RS485-主机端 - 删减版 -
#        dev\EWARM\YS-F4Pro\Obj\stm32f4xx_hal_msp.o"
#        "F:\STM32F407-RS485数据采集-V2\RS485-主机端 - 删减版 -
#        dev\EWARM\YS-F4Pro\Obj\stm32f4xx_hal_nand.o"
#        "F:\STM32F407-RS485数据采集-V2\RS485-主机端 - 删减版 -
#        dev\EWARM\YS-F4Pro\Obj\stm32f4xx_hal_nor.o"
#        "F:\STM32F407-RS485数据采集-V2\RS485-主机端 - 删减版 -
#        dev\EWARM\YS-F4Pro\Obj\stm32f4xx_hal_pccard.o"
#        "F:\STM32F407-RS485数据采集-V2\RS485-主机端 - 删减版 -
#        dev\EWARM\YS-F4Pro\Obj\stm32f4xx_hal_pcd.o"
#        "F:\STM32F407-RS485数据采集-V2\RS485-主机端 - 删减版 -
#        dev\EWARM\YS-F4Pro\Obj\stm32f4xx_hal_pcd_ex.o"
#        "F:\STM32F407-RS485数据采集-V2\RS485-主机端 - 删减版 -
#        dev\EWARM\YS-F4Pro\Obj\stm32f4xx_hal_pwr.o"
#        "F:\STM32F407-RS485数据采集-V2\RS485-主机端 - 删减版 -
#        dev\EWARM\YS-F4Pro\Obj\stm32f4xx_hal_pwr_ex.o"
#        "F:\STM32F407-RS485数据采集-V2\RS485-主机端 - 删减版 -
#        dev\EWARM\YS-F4Pro\Obj\stm32f4xx_hal_qspi.o"
#        "F:\STM32F407-RS485数据采集-V2\RS485-主机端 - 删减版 -
#        dev\EWARM\YS-F4Pro\Obj\stm32f4xx_hal_rcc.o"
#        "F:\STM32F407-RS485数据采集-V2\RS485-主机端 - 删减版 -
#        dev\EWARM\YS-F4Pro\Obj\stm32f4xx_hal_rcc_ex.o"
#        "F:\STM32F407-RS485数据采集-V2\RS485-主机端 - 删减版 -
#        dev\EWARM\YS-F4Pro\Obj\stm32f4xx_hal_rng.o"
#        "F:\STM32F407-RS485数据采集-V2\RS485-主机端 - 删减版 -
#        dev\EWARM\YS-F4Pro\Obj\stm32f4xx_hal_rtc.o"
#        "F:\STM32F407-RS485数据采集-V2\RS485-主机端 - 删减版 -
#        dev\EWARM\YS-F4Pro\Obj\stm32f4xx_hal_rtc_ex.o"
#        "F:\STM32F407-RS485数据采集-V2\RS485-主机端 - 删减版 -
#        dev\EWARM\YS-F4Pro\Obj\stm32f4xx_hal_sai.o"
#        "F:\STM32F407-RS485数据采集-V2\RS485-主机端 - 删减版 -
#        dev\EWARM\YS-F4Pro\Obj\stm32f4xx_hal_sai_ex.o"
#        "F:\STM32F407-RS485数据采集-V2\RS485-主机端 - 删减版 -
#        dev\EWARM\YS-F4Pro\Obj\stm32f4xx_hal_sd.o"
#        "F:\STM32F407-RS485数据采集-V2\RS485-主机端 - 删减版 -
#        dev\EWARM\YS-F4Pro\Obj\stm32f4xx_hal_sdram.o"
#        "F:\STM32F407-RS485数据采集-V2\RS485-主机端 - 删减版 -
#        dev\EWARM\YS-F4Pro\Obj\stm32f4xx_hal_smartcard.o"
#        "F:\STM32F407-RS485数据采集-V2\RS485-主机端 - 删减版 -
#        dev\EWARM\YS-F4Pro\Obj\stm32f4xx_hal_spdifrx.o"
#        "F:\STM32F407-RS485数据采集-V2\RS485-主机端 - 删减版 -
#        dev\EWARM\YS-F4Pro\Obj\stm32f4xx_hal_spi.o"
#        "F:\STM32F407-RS485数据采集-V2\RS485-主机端 - 删减版 -
#        dev\EWARM\YS-F4Pro\Obj\stm32f4xx_hal_sram.o"
#        "F:\STM32F407-RS485数据采集-V2\RS485-主机端 - 删减版 -
#        dev\EWARM\YS-F4Pro\Obj\stm32f4xx_hal_tim.o"
#        "F:\STM32F407-RS485数据采集-V2\RS485-主机端 - 删减版 -
#        dev\EWARM\YS-F4Pro\Obj\stm32f4xx_hal_tim_ex.o"
#        "F:\STM32F407-RS485数据采集-V2\RS485-主机端 - 删减版 -
#        dev\EWARM\YS-F4Pro\Obj\stm32f4xx_hal_uart.o"
#        "F:\STM32F407-RS485数据采集-V2\RS485-主机端 - 删减版 -
#        dev\EWARM\YS-F4Pro\Obj\stm32f4xx_hal_usart.o"
#        "F:\STM32F407-RS485数据采集-V2\RS485-主机端 - 删减版 -
#        dev\EWARM\YS-F4Pro\Obj\stm32f4xx_hal_wwdg.o"
#        "F:\STM32F407-RS485数据采集-V2\RS485-主机端 - 删减版 -
#        dev\EWARM\YS-F4Pro\Obj\stm32f4xx_it.o"
#        "F:\STM32F407-RS485数据采集-V2\RS485-主机端 - 删减版 -
#        dev\EWARM\YS-F4Pro\Obj\stm32f4xx_ll_adc.o"
#        "F:\STM32F407-RS485数据采集-V2\RS485-主机端 - 删减版 -
#        dev\EWARM\YS-F4Pro\Obj\stm32f4xx_ll_crc.o"
#        "F:\STM32F407-RS485数据采集-V2\RS485-主机端 - 删减版 -
#        dev\EWARM\YS-F4Pro\Obj\stm32f4xx_ll_dac.o"
#        "F:\STM32F407-RS485数据采集-V2\RS485-主机端 - 删减版 -
#        dev\EWARM\YS-F4Pro\Obj\stm32f4xx_ll_dma.o"
#        "F:\STM32F407-RS485数据采集-V2\RS485-主机端 - 删减版 -
#        dev\EWARM\YS-F4Pro\Obj\stm32f4xx_ll_dma2d.o"
#        "F:\STM32F407-RS485数据采集-V2\RS485-主机端 - 删减版 -
#        dev\EWARM\YS-F4Pro\Obj\stm32f4xx_ll_exti.o"
#        "F:\STM32F407-RS485数据采集-V2\RS485-主机端 - 删减版 -
#        dev\EWARM\YS-F4Pro\Obj\stm32f4xx_ll_fmc.o"
#        "F:\STM32F407-RS485数据采集-V2\RS485-主机端 - 删减版 -
#        dev\EWARM\YS-F4Pro\Obj\stm32f4xx_ll_fsmc.o"
#        "F:\STM32F407-RS485数据采集-V2\RS485-主机端 - 删减版 -
#        dev\EWARM\YS-F4Pro\Obj\stm32f4xx_ll_gpio.o"
#        "F:\STM32F407-RS485数据采集-V2\RS485-主机端 - 删减版 -
#        dev\EWARM\YS-F4Pro\Obj\stm32f4xx_ll_i2c.o"
#        "F:\STM32F407-RS485数据采集-V2\RS485-主机端 - 删减版 -
#        dev\EWARM\YS-F4Pro\Obj\stm32f4xx_ll_lptim.o"
#        "F:\STM32F407-RS485数据采集-V2\RS485-主机端 - 删减版 -
#        dev\EWARM\YS-F4Pro\Obj\stm32f4xx_ll_pwr.o"
#        "F:\STM32F407-RS485数据采集-V2\RS485-主机端 - 删减版 -
#        dev\EWARM\YS-F4Pro\Obj\stm32f4xx_ll_rcc.o"
#        "F:\STM32F407-RS485数据采集-V2\RS485-主机端 - 删减版 -
#        dev\EWARM\YS-F4Pro\Obj\stm32f4xx_ll_rng.o"
#        "F:\STM32F407-RS485数据采集-V2\RS485-主机端 - 删减版 -
#        dev\EWARM\YS-F4Pro\Obj\stm32f4xx_ll_rtc.o"
#        "F:\STM32F407-RS485数据采集-V2\RS485-主机端 - 删减版 -
#        dev\EWARM\YS-F4Pro\Obj\stm32f4xx_ll_sdmmc.o"
#        "F:\STM32F407-RS485数据采集-V2\RS485-主机端 - 删减版 -
#        dev\EWARM\YS-F4Pro\Obj\stm32f4xx_ll_spi.o"
#        "F:\STM32F407-RS485数据采集-V2\RS485-主机端 - 删减版 -
#        dev\EWARM\YS-F4Pro\Obj\stm32f4xx_ll_tim.o"
#        "F:\STM32F407-RS485数据采集-V2\RS485-主机端 - 删减版 -
#        dev\EWARM\YS-F4Pro\Obj\stm32f4xx_ll_usart.o"
#        "F:\STM32F407-RS485数据采集-V2\RS485-主机端 - 删减版 -
#        dev\EWARM\YS-F4Pro\Obj\stm32f4xx_ll_usb.o"
#        "F:\STM32F407-RS485数据采集-V2\RS485-主机端 - 删减版 -
#        dev\EWARM\YS-F4Pro\Obj\stm32f4xx_ll_utils.o"
#        "F:\STM32F407-RS485数据采集-V2\RS485-主机端 - 删减版 -
#        dev\EWARM\YS-F4Pro\Obj\system_stm32f4xx.o"
#        "F:\STM32F407-RS485数据采集-V2\RS485-主机端 - 删减版 -
#        dev\EWARM\YS-F4Pro\Obj\variable.o" --redirect _Printf=_PrintfFull
#        --redirect _Scanf=_ScanfFull -o
#        "F:\STM32F407-RS485数据采集-V2\RS485-主机端 - 删减版 -
#        dev\EWARM\YS-F4Pro\Exe\YS-F4Pro.out" --map
#        "F:\STM32F407-RS485数据采集-V2\RS485-主机端 - 删减版 -
#        dev\EWARM\YS-F4Pro\List\YS-F4Pro.map" --config
#        "F:\STM32F407-RS485数据采集-V2\RS485-主机端 - 删减版 -
#        dev\EWARM\stm32f407xx_flash.icf" --semihosting --entry
#        __iar_program_start --vfe
#
###############################################################################

*******************************************************************************
*** RUNTIME MODEL ATTRIBUTES
***

CppFlavor                     = *
__Heap_Handler                = DLMalloc
__SystemLibrary               = DLib
__dlib_dynamic_initialization = normal


*******************************************************************************
*** PLACEMENT SUMMARY
***

"A1":  place at 0x08000000 { ro section .intvec };
"P1":  place in [from 0x08000000 to 0x080fffff] { ro };
"P2":  place in [from 0x20000000 to 0x2001ffff] { rw, block CSTACK, block HEAP };

  Section             Kind        Address    Size  Object
  -------             ----        -------    ----  ------
"A1":                                       0x188
  .intvec             ro code  0x08000000   0x188  startup_stm32f407xx.o [1]
                             - 0x08000188   0x188

"P1":                                      0xd4d8
  .text               ro code  0x08000188  0x3070  function.o [1]
  .text               ro code  0x080031f8    0x24  printf.o [3]
  .text               ro code  0x0800321c   0x7c8  stm32f4xx_hal_uart.o [1]
  .text               ro code  0x080039e4    0x4c  strtok.o [3]
  .text               ro code  0x08003a30    0x42  strcmp_unaligned.o [5]
  .text               ro code  0x08003a72     0xa  xsprout.o [3]
  .text               ro code  0x08003a7c     0x6  ABImemclr4.o [5]
  .text               ro code  0x08003a84    0x44  strcpy_unaligned.o [5]
  .text               ro code  0x08003ac8    0x36  strlen.o [5]
  .text               ro code  0x08003b00    0x66  ABImemset.o [5]
  .text               ro code  0x08003b68  0x14f0  dlmalloc.o [3]
  .text               ro code  0x08005058    0x4e  FltToDbl.o [4]
  .text               ro code  0x080050a8    0x34  sprintf.o [3]
  .text               ro code  0x080050dc    0x10  atof.o [4]
  .text               ro code  0x080050ec    0x90  DblToFlt.o [4]
  .text               ro code  0x0800517c    0x2e  DblCmpLe.o [4]
  .text               ro code  0x080051aa     0x8  atoi.o [3]
  .text               ro code  0x080051b4    0x2e  DblCmpGe.o [4]
  .text               ro code  0x080051e2     0xe  strtod.o [4]
  .text               ro code  0x080051f0   0x1b4  bsp_usartx_RS485.o [1]
  .text               ro code  0x080053a4   0x408  stm32f4xx_hal_rtc.o [1]
  .text               ro code  0x080057ac    0x58  DblToI32.o [4]
  .text               ro code  0x08005804   0x180  DblSub.o [4]
  .text               ro code  0x08005984   0x1a2  DblMul.o [4]
  .text               ro code  0x08005b28   0x256  DblDiv.o [4]
  .text               ro code  0x08005d7e    0xce  crc16.o [1]
  .text               ro code  0x08005e4c    0xe8  DblAdd.o [4]
  .text               ro code  0x08005f34    0x30  I32ToDbl.o [4]
  .text               ro code  0x08005f64    0x6c  system_stm32f4xx.o [1]
  .text               ro code  0x08005fd0   0x8c0  pow.o [4]
  .text               ro code  0x08006890   0x3fc  bsp_spiflash.o [1]
  .text               ro code  0x08006c8c  0x1166  xprintffull.o [3]
  .text               ro code  0x08007df4   0x26c  bsp_debug_usart.o [1]
  .text               ro code  0x08008060    0x7c  stm32f4xx_hal.o [1]
  .text               ro code  0x080080dc    0x26  stm32f4xx_hal_dma.o [1]
  .text               ro code  0x08008104   0xd98  main.o [1]
  .text               ro code  0x08008e9c   0x6bc  stm32f4xx_hal_rcc.o [1]
  .text               ro code  0x08009558     0x2  xtls.o [3]
  .text               ro code  0x0800955a    0x22  strspn.o [3]
  .text               ro code  0x0800957c    0x22  strcspn.o [3]
  .text               ro code  0x080095a0    0x32  ABImemset48.o [5]
  .text               ro code  0x080095d2     0x6  abort.o [3]
  .text               ro code  0x080095d8    0x2c  xgetmemchunk.o [3]
  .text               ro code  0x08009604   0x168  xstod.o [4]
  .text               ro code  0x0800976c   0x198  xstoul.o [3]
  .text               ro code  0x08009904   0x152  stm32f4xx_hal_cortex.o [1]
  .text               ro code  0x08009a58   0x250  stm32f4xx_hal_gpio.o [1]
  .text               ro code  0x08009ca8   0x304  bsp_rtc.o [1]
  .text               ro code  0x08009fac    0x42  xdnorm.o [4]
  .text               ro code  0x08009fee    0x7a  xdint.o [4]
  .text               ro code  0x0800a068    0x20  DblCmpEq.o [4]
  .text               ro code  0x0800a088     0xc  errno.o [3]
  .text               ro code  0x0800a094    0xb0  xlog.o [4]
  .text               ro code  0x0800a144   0x2c6  xexp.o [4]
  .text               ro code  0x0800a40c   0x36c  stm32f4xx_hal_spi.o [1]
  .text               ro code  0x0800a778    0x20  xmbtowc.o [3]
  .text               ro code  0x0800a798    0x16  strchr.o [5]
  .text               ro code  0x0800a7b0    0x58  memchr.o [5]
  .text               ro code  0x0800a808     0xa  xmbcurmax.o [3]
  .text               ro code  0x0800a812    0x1a  xwctomb.o [3]
  .text               ro code  0x0800a82c    0x76  ABImemcpy_unaligned.o [5]
  .text               ro code  0x0800a8a4    0xee  I64DivMod.o [5]
  .text               ro code  0x0800a994   0x114  xdscale.o [4]
  .text               ro code  0x0800aaa8    0x6c  localeconv.o [3]
  .text               ro code  0x0800ab14     0xe  div.o [3]
  .text               ro code  0x0800ab22    0x6e  stm32f4xx_hal_msp.o [1]
  .text               ro code  0x0800ab90    0xc8  bsp_led.o [1]
  .text               ro code  0x0800ac58   0x374  bsp_gpio.o [1]
  .text               ro code  0x0800afcc    0x7c  bsp_BasicTIM.o [1]
  .text               ro code  0x0800b048   0x318  stm32f4xx_hal_tim.o [1]
  .text               ro code  0x0800b360   0x18c  sample.o [1]
  .text               ro code  0x0800b4ec    0x14  exit.o [6]
  .text               ro code  0x0800b500   0x124  xstopfx.o [3]
  .text               ro code  0x0800b624   0x1b8  xstoflt.o [3]
  .rodata             const    0x0800b7dc    0x44  function.o [1]
  .text               ro code  0x0800b820   0x200  xdtento.o [4]
  .text               ro code  0x0800ba20   0x218  xstoxflt.o [3]
  .text               ro code  0x0800bc38    0x28  isxxx.o [3]
  .text               ro code  0x0800bc60    0x14  tolower.o [3]
  .text               ro code  0x0800bc74    0x20  stm32f4xx_hal_rtc_ex.o [1]
  .text               ro code  0x0800bc94    0x18  stm32f4xx_hal_pwr.o [1]
  .text               ro code  0x0800bcac   0x17c  stm32f4xx_hal_rcc_ex.o [1]
  .text               ro code  0x0800be28    0x40  xdtest.o [4]
  .text               ro code  0x0800be68    0x24  setlocale.o [3]
  .text               ro code  0x0800be8c    0x60  xencoding_sb.o [3]
  .text               ro code  0x0800beec     0x2  I64DivZer.o [5]
  .text               ro code  0x0800bef0    0x5c  stm32f4xx_hal_tim_ex.o [1]
  .text               ro code  0x0800bf4c    0x52  xdunscal.o [4]
  .text               ro code  0x0800bf9e    0x16  xlocale_c.o [3]
  .text               ro code  0x0800bfb4    0x14  xlocale_c.o [3]
  .text               ro code  0x0800bfc8     0xc  xlocale_c.o [3]
  .text               ro code  0x0800bfd4    0xc0  stm32f4xx_it.o [1]
  .rodata             const    0x0800c094    0x40  function.o [1]
  .rodata             const    0x0800c0d4    0x40  function.o [1]
  .rodata             const    0x0800c114    0x40  function.o [1]
  .rodata             const    0x0800c154    0x40  function.o [1]
  .rodata             const    0x0800c194    0x40  function.o [1]
  .rodata             const    0x0800c1d4    0x40  function.o [1]
  .rodata             const    0x0800c214    0x40  function.o [1]
  .rodata             const    0x0800c254    0x40  function.o [1]
  .rodata             const    0x0800c294    0x40  function.o [1]
  .rodata             const    0x0800c2d4    0x40  function.o [1]
  .text               ro code  0x0800c314    0x40  zero_init3.o [5]
  .rodata             const    0x0800c354    0x3c  bsp_rtc.o [1]
  .rodata             const    0x0800c390    0x3c  function.o [1]
  .rodata             const    0x0800c3cc    0x38  function.o [1]
  .text               ro code  0x0800c404    0x38  packbits_init_single.o [5]
  .rodata             const    0x0800c43c    0x34  function.o [1]
  .rodata             const    0x0800c470    0x34  function.o [1]
  .rodata             const    0x0800c4a4    0x34  function.o [1]
  .rodata             const    0x0800c4d8    0x34  function.o [1]
  .rodata             const    0x0800c50c    0x30  bsp_rtc.o [1]
  .rodata             const    0x0800c53c    0x30  bsp_rtc.o [1]
  .rodata             const    0x0800c56c    0x30  bsp_rtc.o [1]
  .rodata             const    0x0800c59c    0x30  bsp_rtc.o [1]
  .rodata             const    0x0800c5cc    0x30  bsp_rtc.o [1]
  .rodata             const    0x0800c5fc    0x30  bsp_rtc.o [1]
  .rodata             const    0x0800c62c    0x30  bsp_rtc.o [1]
  .rodata             const    0x0800c65c    0x30  function.o [1]
  .rodata             const    0x0800c68c    0x30  function.o [1]
  .rodata             const    0x0800c6bc    0x30  function.o [1]
  .rodata             const    0x0800c6ec    0x30  function.o [1]
  .rodata             const    0x0800c71c    0x30  function.o [1]
  .rodata             const    0x0800c74c    0x30  function.o [1]
  .rodata             const    0x0800c77c    0x30  function.o [1]
  .rodata             const    0x0800c7ac    0x30  function.o [1]
  .rodata             const    0x0800c7dc    0x30  function.o [1]
  .rodata             const    0x0800c80c    0x30  function.o [1]
  .rodata             const    0x0800c83c    0x2c  function.o [1]
  .rodata             const    0x0800c868    0x2c  function.o [1]
  .rodata             const    0x0800c894    0x2c  function.o [1]
  .rodata             const    0x0800c8c0    0x2c  function.o [1]
  .rodata             const    0x0800c8ec    0x2c  function.o [1]
  .rodata             const    0x0800c918    0x2c  function.o [1]
  .rodata             const    0x0800c944    0x28  function.o [1]
  .rodata             const    0x0800c96c    0x28  function.o [1]
  .rodata             const    0x0800c994    0x28  function.o [1]
  .rodata             const    0x0800c9bc    0x28  function.o [1]
  .rodata             const    0x0800c9e4    0x28  main.o [1]
  .rodata             const    0x0800ca0c    0x28  main.o [1]
  .text               ro code  0x0800ca34    0x28  data_init.o [5]
  .rodata             const    0x0800ca5c    0x24  function.o [1]
  .rodata             const    0x0800ca80    0x24  function.o [1]
  .rodata             const    0x0800caa4    0x24  function.o [1]
  .rodata             const    0x0800cac8    0x24  function.o [1]
  .rodata             const    0x0800caec    0x24  function.o [1]
  .rodata             const    0x0800cb10    0x24  function.o [1]
  .rodata             const    0x0800cb34    0x24  function.o [1]
  .rodata             const    0x0800cb58    0x24  function.o [1]
  .rodata             const    0x0800cb7c    0x24  function.o [1]
  .rodata             const    0x0800cba0    0x24  function.o [1]
  .rodata             const    0x0800cbc4    0x24  function.o [1]
  .rodata             const    0x0800cbe8    0x24  function.o [1]
  .rodata             const    0x0800cc0c    0x24  function.o [1]
  .rodata             const    0x0800cc30    0x24  function.o [1]
  .rodata             const    0x0800cc54    0x24  function.o [1]
  .rodata             const    0x0800cc78    0x24  function.o [1]
  .rodata             const    0x0800cc9c    0x24  function.o [1]
  .rodata             const    0x0800ccc0    0x24  main.o [1]
  .rodata             const    0x0800cce4    0x24  sample.o [1]
  .rodata             const    0x0800cd08    0x24  stm32f4xx_it.o [1]
  .rodata             const    0x0800cd2c    0x24  stm32f4xx_it.o [1]
  .rodata             const    0x0800cd50    0x24  stm32f4xx_it.o [1]
  .rodata             const    0x0800cd74    0x24  stm32f4xx_it.o [1]
  .text               ro code  0x0800cd98    0x22  fpinit_M.o [4]
  .iar.init_table     const    0x0800cdbc    0x20  - Linker created -
  .rodata             const    0x0800cddc    0x20  function.o [1]
  .rodata             const    0x0800cdfc    0x20  function.o [1]
  .rodata             const    0x0800ce1c    0x20  function.o [1]
  .rodata             const    0x0800ce3c    0x20  function.o [1]
  .rodata             const    0x0800ce5c    0x20  function.o [1]
  .rodata             const    0x0800ce7c    0x20  function.o [1]
  .rodata             const    0x0800ce9c    0x20  function.o [1]
  .rodata             const    0x0800cebc    0x20  function.o [1]
  .rodata             const    0x0800cedc    0x20  function.o [1]
  .rodata             const    0x0800cefc    0x20  function.o [1]
  .rodata             const    0x0800cf1c    0x20  function.o [1]
  .rodata             const    0x0800cf3c    0x20  function.o [1]
  .rodata             const    0x0800cf5c    0x20  function.o [1]
  .rodata             const    0x0800cf7c    0x20  function.o [1]
  .rodata             const    0x0800cf9c    0x20  function.o [1]
  .rodata             const    0x0800cfbc    0x20  function.o [1]
  .rodata             const    0x0800cfdc    0x20  main.o [1]
  .rodata             const    0x0800cffc    0x1c  function.o [1]
  .rodata             const    0x0800d018    0x1c  function.o [1]
  .rodata             const    0x0800d034    0x1c  function.o [1]
  .rodata             const    0x0800d050    0x1c  function.o [1]
  .rodata             const    0x0800d06c    0x1c  function.o [1]
  .rodata             const    0x0800d088    0x1c  function.o [1]
  .rodata             const    0x0800d0a4    0x1c  function.o [1]
  .rodata             const    0x0800d0c0    0x1c  function.o [1]
  .rodata             const    0x0800d0dc    0x1c  function.o [1]
  .rodata             const    0x0800d0f8    0x1c  function.o [1]
  .rodata             const    0x0800d114    0x1c  function.o [1]
  .rodata             const    0x0800d130    0x1c  main.o [1]
  .rodata             const    0x0800d14c    0x1c  main.o [1]
  .text               ro code  0x0800d168    0x1a  cmain.o [5]
  .text               ro code  0x0800d182     0x4  low_level_init.o [3]
  .text               ro code  0x0800d186     0x4  exit.o [3]
  .text               ro code  0x0800d18c     0xa  cexit.o [5]
  .rodata             const    0x0800d198    0x18  bsp_rtc.o [1]
  .rodata             const    0x0800d1b0    0x18  function.o [1]
  .rodata             const    0x0800d1c8    0x18  function.o [1]
  .rodata             const    0x0800d1e0    0x18  function.o [1]
  .rodata             const    0x0800d1f8    0x18  main.o [1]
  .rodata             const    0x0800d210    0x18  main.o [1]
  .rodata             const    0x0800d228    0x18  main.o [1]
  .rodata             const    0x0800d240    0x18  main.o [1]
  .rodata             const    0x0800d258    0x18  main.o [1]
  .rodata             const    0x0800d270    0x18  main.o [1]
  .rodata             const    0x0800d288    0x18  main.o [1]
  .rodata             const    0x0800d2a0    0x18  main.o [1]
  .text               ro code  0x0800d2b8    0x16  xprout.o [3]
  .text               ro code  0x0800d2d0     0xc  putchar.o [3]
  .rodata             const    0x0800d2dc    0x14  bsp_rtc.o [1]
  .rodata             const    0x0800d2f0    0x14  main.o [1]
  .rodata             const    0x0800d304    0x14  main.o [1]
  .rodata             const    0x0800d318    0x14  main.o [1]
  .rodata             const    0x0800d32c    0x10  bsp_usartx_RS485.o [1]
  .rodata             const    0x0800d33c    0x10  bsp_usartx_RS485.o [1]
  .rodata             const    0x0800d34c    0x10  bsp_usartx_RS485.o [1]
  .rodata             const    0x0800d35c    0x10  function.o [1]
  .rodata             const    0x0800d36c    0x10  function.o [1]
  .rodata             const    0x0800d37c    0x10  main.o [1]
  .rodata             const    0x0800d38c    0x10  main.o [1]
  .rodata             const    0x0800d39c    0x10  main.o [1]
  .rodata             const    0x0800d3ac    0x10  system_stm32f4xx.o [1]
  .text               ro code  0x0800d3bc    0x10  startup_stm32f407xx.o [1]
  .rodata             const    0x0800d3cc     0xc  function.o [1]
  .rodata             const    0x0800d3d8     0xc  function.o [1]
  .rodata             const    0x0800d3e4     0xc  function.o [1]
  .rodata             const    0x0800d3f0     0xc  function.o [1]
  .rodata             const    0x0800d3fc     0xc  main.o [1]
  .rodata             const    0x0800d408     0xc  main.o [1]
  .text               ro code  0x0800d414     0xc  cstartup_M.o [5]
  .rodata             const    0x0800d420     0x8  function.o [1]
  .rodata             const    0x0800d428     0x8  function.o [1]
  .rodata             const    0x0800d430     0x8  function.o [1]
  .rodata             const    0x0800d438     0x8  function.o [1]
  .rodata             const    0x0800d440     0x8  function.o [1]
  .rodata             const    0x0800d448     0x8  function.o [1]
  .rodata             const    0x0800d450     0x8  main.o [1]
  .rodata             const    0x0800d458     0x8  system_stm32f4xx.o [1]
  .text               ro code  0x0800d460     0x4  startup_stm32f407xx.o [1]
  .text               ro code  0x0800d464     0x4  startup_stm32f407xx.o [1]
  .text               ro code  0x0800d468     0x4  startup_stm32f407xx.o [1]
  .text               ro code  0x0800d46c     0x4  startup_stm32f407xx.o [1]
  .text               ro code  0x0800d470     0x4  startup_stm32f407xx.o [1]
  .text               ro code  0x0800d474     0x4  startup_stm32f407xx.o [1]
  .text               ro code  0x0800d478     0x4  startup_stm32f407xx.o [1]
  .text               ro code  0x0800d47c     0x4  startup_stm32f407xx.o [1]
  .text               ro code  0x0800d480     0x4  startup_stm32f407xx.o [1]
  .text               ro code  0x0800d484     0x4  startup_stm32f407xx.o [1]
  .text               ro code  0x0800d488     0x4  startup_stm32f407xx.o [1]
  .text               ro code  0x0800d48c     0x4  startup_stm32f407xx.o [1]
  .text               ro code  0x0800d490     0x4  startup_stm32f407xx.o [1]
  .text               ro code  0x0800d494     0x4  startup_stm32f407xx.o [1]
  .text               ro code  0x0800d498     0x4  startup_stm32f407xx.o [1]
  .text               ro code  0x0800d49c     0x4  startup_stm32f407xx.o [1]
  .text               ro code  0x0800d4a0     0x4  startup_stm32f407xx.o [1]
  .text               ro code  0x0800d4a4     0x4  startup_stm32f407xx.o [1]
  .text               ro code  0x0800d4a8     0x4  startup_stm32f407xx.o [1]
  .text               ro code  0x0800d4ac     0x4  startup_stm32f407xx.o [1]
  .text               ro code  0x0800d4b0     0x4  startup_stm32f407xx.o [1]
  .text               ro code  0x0800d4b4     0x4  startup_stm32f407xx.o [1]
  .text               ro code  0x0800d4b8     0x4  startup_stm32f407xx.o [1]
  .text               ro code  0x0800d4bc     0x4  startup_stm32f407xx.o [1]
  .text               ro code  0x0800d4c0     0x4  startup_stm32f407xx.o [1]
  .text               ro code  0x0800d4c4     0x4  startup_stm32f407xx.o [1]
  .text               ro code  0x0800d4c8     0x4  startup_stm32f407xx.o [1]
  .text               ro code  0x0800d4cc     0x4  startup_stm32f407xx.o [1]
  .text               ro code  0x0800d4d0     0x4  startup_stm32f407xx.o [1]
  .text               ro code  0x0800d4d4     0x4  startup_stm32f407xx.o [1]
  .text               ro code  0x0800d4d8     0x4  startup_stm32f407xx.o [1]
  .text               ro code  0x0800d4dc     0x4  startup_stm32f407xx.o [1]
  .text               ro code  0x0800d4e0     0x4  startup_stm32f407xx.o [1]
  .text               ro code  0x0800d4e4     0x4  startup_stm32f407xx.o [1]
  .text               ro code  0x0800d4e8     0x4  startup_stm32f407xx.o [1]
  .text               ro code  0x0800d4ec     0x4  startup_stm32f407xx.o [1]
  .text               ro code  0x0800d4f0     0x4  startup_stm32f407xx.o [1]
  .text               ro code  0x0800d4f4     0x4  startup_stm32f407xx.o [1]
  .text               ro code  0x0800d4f8     0x4  startup_stm32f407xx.o [1]
  .text               ro code  0x0800d4fc     0x4  startup_stm32f407xx.o [1]
  .text               ro code  0x0800d500     0x4  startup_stm32f407xx.o [1]
  .text               ro code  0x0800d504     0x4  startup_stm32f407xx.o [1]
  .text               ro code  0x0800d508     0x4  startup_stm32f407xx.o [1]
  .text               ro code  0x0800d50c     0x4  startup_stm32f407xx.o [1]
  .text               ro code  0x0800d510     0x4  startup_stm32f407xx.o [1]
  .text               ro code  0x0800d514     0x4  startup_stm32f407xx.o [1]
  .text               ro code  0x0800d518     0x4  startup_stm32f407xx.o [1]
  .text               ro code  0x0800d51c     0x4  startup_stm32f407xx.o [1]
  .text               ro code  0x0800d520     0x4  startup_stm32f407xx.o [1]
  .text               ro code  0x0800d524     0x4  startup_stm32f407xx.o [1]
  .text               ro code  0x0800d528     0x4  startup_stm32f407xx.o [1]
  .text               ro code  0x0800d52c     0x4  startup_stm32f407xx.o [1]
  .text               ro code  0x0800d530     0x4  startup_stm32f407xx.o [1]
  .text               ro code  0x0800d534     0x4  startup_stm32f407xx.o [1]
  .text               ro code  0x0800d538     0x4  startup_stm32f407xx.o [1]
  .text               ro code  0x0800d53c     0x4  startup_stm32f407xx.o [1]
  .text               ro code  0x0800d540     0x4  startup_stm32f407xx.o [1]
  .text               ro code  0x0800d544     0x4  startup_stm32f407xx.o [1]
  .text               ro code  0x0800d548     0x4  startup_stm32f407xx.o [1]
  .text               ro code  0x0800d54c     0x4  startup_stm32f407xx.o [1]
  .text               ro code  0x0800d550     0x4  startup_stm32f407xx.o [1]
  .text               ro code  0x0800d554     0x4  startup_stm32f407xx.o [1]
  .text               ro code  0x0800d558     0x4  startup_stm32f407xx.o [1]
  .text               ro code  0x0800d55c     0x4  startup_stm32f407xx.o [1]
  .text               ro code  0x0800d560     0x4  startup_stm32f407xx.o [1]
  .text               ro code  0x0800d564     0x4  startup_stm32f407xx.o [1]
  .text               ro code  0x0800d568     0x4  startup_stm32f407xx.o [1]
  .text               ro code  0x0800d56c     0x4  startup_stm32f407xx.o [1]
  .text               ro code  0x0800d570     0x4  startup_stm32f407xx.o [1]
  .text               ro code  0x0800d574     0x4  startup_stm32f407xx.o [1]
  .text               ro code  0x0800d578     0x4  startup_stm32f407xx.o [1]
  .text               ro code  0x0800d57c     0x4  startup_stm32f407xx.o [1]
  .text               ro code  0x0800d580     0x4  startup_stm32f407xx.o [1]
  .text               ro code  0x0800d584     0x4  startup_stm32f407xx.o [1]
  .text               ro code  0x0800d588     0x4  startup_stm32f407xx.o [1]
  .rodata             const    0x0800d58c     0x0  zero_init3.o [5]
  .rodata             const    0x0800d58c     0x0  packbits_init_single.o [5]
  Initializer bytes   const    0x0800d58c    0xd4  <for P2-1>
                             - 0x0800d660  0xd4d8

"P2", part 1 of 3:                          0x1eb
  P2-1                         0x20000000   0x1eb  <Init block>
    .data             inited   0x20000000     0x4  system_stm32f4xx.o [1]
    .data             inited   0x20000004     0x4  variable.o [1]
    .data             inited   0x20000008     0x4  variable.o [1]
    .data             inited   0x2000000c     0x4  variable.o [1]
    .data             inited   0x20000010     0x4  variable.o [1]
    .data             inited   0x20000014     0x4  variable.o [1]
    .data             inited   0x20000018     0x4  variable.o [1]
    .data             inited   0x2000001c     0x4  variable.o [1]
    .data             inited   0x20000020     0x4  variable.o [1]
    .data             inited   0x20000024     0x8  variable.o [1]
    .data             inited   0x2000002c     0x8  variable.o [1]
    .data             inited   0x20000034     0x8  variable.o [1]
    .data             inited   0x2000003c     0x8  variable.o [1]
    .data             inited   0x20000044     0x8  variable.o [1]
    .data             inited   0x2000004c     0x8  variable.o [1]
    .data             inited   0x20000054     0x8  variable.o [1]
    .data             inited   0x2000005c     0x8  variable.o [1]
    .data             inited   0x20000064     0x8  variable.o [1]
    .data             inited   0x2000006c     0x8  variable.o [1]
    .data             inited   0x20000074     0x8  variable.o [1]
    .data             inited   0x2000007c     0x8  variable.o [1]
    .data             inited   0x20000084     0x8  variable.o [1]
    .data             inited   0x2000008c     0x8  variable.o [1]
    .data             inited   0x20000094     0x8  variable.o [1]
    .data             inited   0x2000009c     0x8  variable.o [1]
    .data             inited   0x200000a4    0x40  xfiles.o [3]
    __DLIB_PERTHREAD  inited   0x200000e4     0x4  strtok.o [3]
    __DLIB_PERTHREAD  inited   0x200000e8     0x4  errno.o [3]
    __DLIB_PERTHREAD  inited   0x200000ec    0x74  setlocale.o [3]
    __DLIB_PERTHREAD  inited   0x20000160    0x88  localeconv.o [3]
    .data             inited   0x200001e8     0x2  variable.o [1]
    .data             inited   0x200001ea     0x1  main.o [1]
                             - 0x200001eb   0x1eb

"P2", part 2 of 3:                         0x2000
  CSTACK                       0x200001f0  0x1000  <Block>
    CSTACK            uninit   0x200001f0  0x1000  <Block tail>
  HEAP                         0x200011f0  0x1000  <Block>
    HEAP              uninit   0x200011f0  0x1000  <Block tail>
                             - 0x200021f0  0x2000

"P2", part 3 of 3:                         0x1284
  .bss                zero     0x200021f0   0x758  variable.o [1]
  .bss                zero     0x20002948   0x3e8  variable.o [1]
  .bss                zero     0x20002d30   0x1f8  variable.o [1]
  .bss                zero     0x20002f28   0x1d8  dlmalloc.o [3]
  .bss                zero     0x20003100   0x118  variable.o [1]
  .bss                zero     0x20003218    0x58  bsp_spiflash.o [1]
  .bss                zero     0x20003270    0x50  xfiles.o [3]
  .bss                zero     0x200032c0    0x40  bsp_debug_usart.o [1]
  .bss                zero     0x20003300    0x40  bsp_debug_usart.o [1]
  .bss                zero     0x20003340    0x40  bsp_usartx_RS485.o [1]
  .bss                zero     0x20003380    0x3c  bsp_BasicTIM.o [1]
  .bss                zero     0x200033bc    0x34  variable.o [1]
  .bss                zero     0x200033f0    0x20  bsp_rtc.o [1]
  .bss                zero     0x20003410    0x18  dlmalloc.o [3]
  .bss                zero     0x20003428     0x4  bsp_usartx_RS485.o [1]
  .bss                zero     0x2000342c     0x4  stm32f4xx_hal.o [1]
  .bss                zero     0x20003430     0x4  variable.o [1]
  .bss                zero     0x20003434     0x4  variable.o [1]
  .bss                zero     0x20003438     0x4  variable.o [1]
  .bss                zero     0x2000343c     0x4  variable.o [1]
  .bss                zero     0x20003440     0x4  variable.o [1]
  .bss                zero     0x20003444     0x4  variable.o [1]
  .bss                zero     0x20003448     0x4  xgetmemchunk.o [3]
  .bss                zero     0x2000344c     0x2  main.o [1]
  .bss                zero     0x2000344e     0x2  main.o [1]
  .bss                zero     0x20003450     0x2  variable.o [1]
  .bss                zero     0x20003452     0x2  variable.o [1]
  .bss                zero     0x20003454     0x2  variable.o [1]
  .bss                zero     0x20003456     0x1  main.o [1]
  .bss                zero     0x20003457     0x1  main.o [1]
  .bss                zero     0x20003458     0x1  main.o [1]
  .bss                zero     0x20003459     0x1  main.o [1]
  .bss                zero     0x2000345a     0x1  main.o [1]
  .bss                zero     0x2000345b     0x1  main.o [1]
  .bss                zero     0x2000345c     0x1  main.o [1]
  .bss                zero     0x2000345d     0x1  main.o [1]
  .bss                zero     0x2000345e     0x1  main.o [1]
  .bss                zero     0x2000345f     0x1  main.o [1]
  .bss                zero     0x20003460     0x1  main.o [1]
  .bss                zero     0x20003461     0x1  main.o [1]
  .bss                zero     0x20003462     0x1  variable.o [1]
  .bss                zero     0x20003463     0x1  variable.o [1]
  .bss                zero     0x20003464     0x1  variable.o [1]
  .bss                zero     0x20003465     0x1  variable.o [1]
  .bss                zero     0x20003466     0x1  variable.o [1]
  .bss                zero     0x20003467     0x1  variable.o [1]
  .bss                zero     0x20003468     0x1  variable.o [1]
  .bss                zero     0x20003469     0x1  variable.o [1]
  .bss                zero     0x2000346a     0x1  variable.o [1]
  .bss                zero     0x2000346b     0x1  variable.o [1]
  .bss                zero     0x2000346c     0x1  variable.o [1]
  .bss                zero     0x2000346d     0x1  variable.o [1]
  .bss                zero     0x2000346e     0x1  variable.o [1]
  .bss                zero     0x2000346f     0x1  variable.o [1]
  .bss                zero     0x20003470     0x1  variable.o [1]
  .bss                zero     0x20003471     0x1  variable.o [1]
  .bss                zero     0x20003472     0x1  variable.o [1]
  .bss                zero     0x20003473     0x1  variable.o [1]
                             - 0x20003474  0x1284


*******************************************************************************
*** INIT TABLE
***

          Address     Size
          -------     ----
Zero (__iar_zero_init3)
    1 destination range, total size 0x1284:
          0x200021f0  0x1284

Copy/packbits (__iar_packbits_init_single3)
    1 source range, total size 0xd4 (43% of destination):
          0x0800d58c    0xd4
    1 destination range, total size 0x1eb:
          0x20000000   0x1eb



*******************************************************************************
*** MODULE SUMMARY
***

    Module                  ro code  ro data  rw data
    ------                  -------  -------  -------
F:\STM32F407-RS485数据采集-V2\RS485-主机端 - 删减版 - dev\EWARM\YS-F4Pro\Obj: [1]
    bsp_BasicTIM.o              124                60
    bsp_debug_usart.o           620               128
    bsp_gpio.o                  884
    bsp_led.o                   200
    bsp_rtc.o                   772      440       32
    bsp_spiflash.o            1 020                88
    bsp_usartx_RS485.o          436       48       68
    crc16.o                     206
    function.o               12 400    3 568
    main.o                    3 480      537       17
    sample.o                    396       36
    startup_stm32f407xx.o       708
    stm32f4xx_hal.o             124                 4
    stm32f4xx_hal_cortex.o      338
    stm32f4xx_hal_dma.o          38
    stm32f4xx_hal_gpio.o        592
    stm32f4xx_hal_msp.o         110
    stm32f4xx_hal_pwr.o          24
    stm32f4xx_hal_rcc.o       1 724
    stm32f4xx_hal_rcc_ex.o      380
    stm32f4xx_hal_rtc.o       1 032
    stm32f4xx_hal_rtc_ex.o       32
    stm32f4xx_hal_spi.o         876
    stm32f4xx_hal_tim.o         792
    stm32f4xx_hal_tim_ex.o       92
    stm32f4xx_hal_uart.o      1 992
    stm32f4xx_it.o              192      144
    system_stm32f4xx.o          108       25        4
    variable.o                            70    3 926
    -------------------------------------------------
    Total:                   29 692    4 868    4 327

command line: [2]
    -------------------------------------------------
    Total:

dl7M_tlf.a: [3]
    abort.o                       6
    atoi.o                        8
    div.o                        14
    dlmalloc.o                5 360               496
    errno.o                      12        1        4
    exit.o                        4
    isxxx.o                      40
    localeconv.o                108       59      136
    low_level_init.o              4
    printf.o                     36
    putchar.o                    12
    setlocale.o                  36       50      116
    sprintf.o                    52
    strcspn.o                    34
    strspn.o                     34
    strtok.o                     76        2        4
    tolower.o                    20
    xencoding_sb.o               96
    xfiles.o                              28      144
    xgetmemchunk.o               44                 4
    xlocale_c.o                  54
    xmbcurmax.o                  10
    xmbtowc.o                    32
    xprintffull.o             4 454
    xprout.o                     22
    xsprout.o                    10
    xstoflt.o                   440
    xstopfx.o                   292
    xstoul.o                    408
    xstoxflt.o                  536
    xtls.o                        2
    xwctomb.o                    26
    -------------------------------------------------
    Total:                   12 282      140      904

m7M_tls.a: [4]
    DblAdd.o                    232
    DblCmpEq.o                   32
    DblCmpGe.o                   46
    DblCmpLe.o                   46
    DblDiv.o                    598
    DblMul.o                    418
    DblSub.o                    384
    DblToFlt.o                  144
    DblToI32.o                   88
    FltToDbl.o                   78
    I32ToDbl.o                   48
    atof.o                       16
    fpinit_M.o                   34
    pow.o                     2 240
    strtod.o                     14
    xdint.o                     122
    xdnorm.o                     66
    xdscale.o                   276
    xdtento.o                   512
    xdtest.o                     64
    xdunscal.o                   82
    xexp.o                      710
    xlog.o                      176
    xstod.o                     360
    -------------------------------------------------
    Total:                    6 786

rt7M_tl.a: [5]
    ABImemclr4.o                  6
    ABImemcpy_unaligned.o       118
    ABImemset.o                 102
    ABImemset48.o                50
    I64DivMod.o                 238
    I64DivZer.o                   2
    cexit.o                      10
    cmain.o                      26
    cstartup_M.o                 12
    data_init.o                  40
    memchr.o                     88
    packbits_init_single.o       56
    strchr.o                     22
    strcmp_unaligned.o           66
    strcpy_unaligned.o           68
    strlen.o                     54
    zero_init3.o                 64
    -------------------------------------------------
    Total:                    1 022

shb_l.a: [6]
    exit.o                       20
    -------------------------------------------------
    Total:                       20

    Gaps                         34        4
    Linker created                        32    8 192
-----------------------------------------------------
    Grand Total:             49 836    5 044   13 423


*******************************************************************************
*** ENTRY LIST
***

Entry                      Address   Size  Type      Object
-----                      -------   ----  ----      ------
.iar.init_table$$Base   0x0800cdbc          --   Gb  - Linker created -
.iar.init_table$$Limit  0x0800cddc          --   Gb  - Linker created -
?main                   0x0800d169         Code  Gb  cmain.o [5]
AHBPrescTable           0x0800d3ac   0x10  Data  Gb  system_stm32f4xx.o [1]
APBPrescTable           0x0800d458    0x8  Data  Gb  system_stm32f4xx.o [1]
Alarm                   0x0800163d   0x28  Code  Gb  function.o [1]
Android_Rx_Count        0x20003450    0x2  Data  Gb  variable.o [1]
Android_Rx_buf          0x20002948  0x3e8  Data  Gb  variable.o [1]
BASIC_TIMx_Init         0x0800afcd   0x36  Code  Gb  bsp_BasicTIM.o [1]
Backups_Data            0x080001ab   0x6c  Code  Gb  function.o [1]
BitToFloat              0x08002bf5  0x17e  Code  Gb  function.o [1]
BitToInt                0x08002bdd   0x18  Code  Gb  function.o [1]
BusFault_Handler        0x0800bff3    0xe  Code  Gb  stm32f4xx_it.o [1]
CRC16_MODBUS            0x08005dcf   0x7e  Code  Gb  crc16.o [1]
CSTACK$$Base            0x200001f0          --   Gb  - Linker created -
CSTACK$$Limit           0x200011f0          --   Gb  - Linker created -
Chang_Start_time        0x08001851  0x12c  Code  Gb  function.o [1]
Clean_Data              0x080004a1  0x270  Code  Gb  function.o [1]
Clear_FLASH_Data        0x0800307d   0x16  Code  Gb  function.o [1]
Clear_RS485Buf          0x080025e5   0x22  Code  Gb  function.o [1]
Close_Beep              0x08002ffd   0x18  Code  Gb  function.o [1]
Close_Delay             0x08001989  0x114  Code  Gb  function.o [1]
Close_Error             0x080016e1   0x42  Code  Gb  function.o [1]
Close_Light             0x08003039   0x18  Code  Gb  function.o [1]
Close_YiYe_pupm         0x0800306b   0x12  Code  Gb  function.o [1]
Command_Data            0x08000217   0x7e  Code  Gb  function.o [1]
Control                 0x08002515   0xd0  Code  Gb  function.o [1]
Control_flag            0x20003466    0x1  Data  Gb  variable.o [1]
Control_index_time      0x0800220d  0x2f4  Code  Gb  function.o [1]
Control_max_from_min    0x08001bd5   0xd8  Code  Gb  function.o [1]
Control_min_from_max    0x08001afd   0xd8  Code  Gb  function.o [1]
Control_sys_temer       0x08001e1d  0x39c  Code  Gb  function.o [1]
Control_temer           0x08001cb1  0x134  Code  Gb  function.o [1]
D0_Close                0x2000002c    0x8  Data  Gb  variable.o [1]
D0_Open                 0x20000024    0x8  Data  Gb  variable.o [1]
D1_Close                0x2000003c    0x8  Data  Gb  variable.o [1]
D1_Open                 0x20000034    0x8  Data  Gb  variable.o [1]
D2_Close                0x2000004c    0x8  Data  Gb  variable.o [1]
D2_Open                 0x20000044    0x8  Data  Gb  variable.o [1]
D3_Close                0x2000005c    0x8  Data  Gb  variable.o [1]
D3_Open                 0x20000054    0x8  Data  Gb  variable.o [1]
D4_Close                0x2000006c    0x8  Data  Gb  variable.o [1]
D4_Open                 0x20000064    0x8  Data  Gb  variable.o [1]
D5_Close                0x2000007c    0x8  Data  Gb  variable.o [1]
D5_Open                 0x20000074    0x8  Data  Gb  variable.o [1]
D6_Close                0x2000008c    0x8  Data  Gb  variable.o [1]
D6_Open                 0x20000084    0x8  Data  Gb  variable.o [1]
D7_Close                0x2000009c    0x8  Data  Gb  variable.o [1]
D7_Open                 0x20000094    0x8  Data  Gb  variable.o [1]
DebugMon_Handler        0x0800c011    0x2  Code  Gb  stm32f4xx_it.o [1]
Delay_Cfg_Mode          0x20003463    0x1  Data  Gb  variable.o [1]
Detection               0x080014ed  0x14a  Code  Gb  function.o [1]
EXTI15_10_IRQHandler    0x0800c06d   0x14  Code  Gb  stm32f4xx_it.o [1]
EXTI9_5_IRQHandler      0x0800c081   0x14  Code  Gb  stm32f4xx_it.o [1]
Error_flag              0x2000346d    0x1  Data  Gb  variable.o [1]
FLAG                    0x20003471    0x1  Data  Gb  variable.o [1]
Get_Average             0x08000879  0x2f0  Code  Gb  function.o [1]
Get_Data                0x08000bd1  0x900  Code  Gb  function.o [1]
Get_Device_Data         0x08002ed5   0xe4  Code  Gb  function.o [1]
HAL_DMA_Abort_IT        0x080080dd   0x26  Code  Gb  stm32f4xx_hal_dma.o [1]
HAL_GPIO_EXTI_Callback  0x08008c0d   0xe8  Code  Gb  main.o [1]
HAL_GPIO_EXTI_IRQHandler
                        0x08009c51   0x1a  Code  Gb  stm32f4xx_hal_gpio.o [1]
HAL_GPIO_Init           0x08009a59  0x1da  Code  Gb  stm32f4xx_hal_gpio.o [1]
HAL_GPIO_TogglePin      0x08009c47    0xa  Code  Gb  stm32f4xx_hal_gpio.o [1]
HAL_GPIO_WritePin       0x08009c33   0x14  Code  Gb  stm32f4xx_hal_gpio.o [1]
HAL_GetTick             0x080080cb    0x6  Code  Wk  stm32f4xx_hal.o [1]
HAL_IncTick             0x080080bf    0xc  Code  Wk  stm32f4xx_hal.o [1]
HAL_Init                0x08008061   0x3a  Code  Gb  stm32f4xx_hal.o [1]
HAL_InitTick            0x0800809b   0x24  Code  Wk  stm32f4xx_hal.o [1]
HAL_MspInit             0x0800ab23   0x6e  Code  Gb  stm32f4xx_hal_msp.o [1]
HAL_NVIC_EnableIRQ      0x080099f7    0xa  Code  Gb  stm32f4xx_hal_cortex.o [1]
HAL_NVIC_SetPriority    0x080099d5   0x22  Code  Gb  stm32f4xx_hal_cortex.o [1]
HAL_NVIC_SetPriorityGrouping
                        0x080099cd    0x8  Code  Gb  stm32f4xx_hal_cortex.o [1]
HAL_PWR_EnableBkUpAccess
                        0x0800bc95   0x12  Code  Gb  stm32f4xx_hal_pwr.o [1]
HAL_RCCEx_PeriphCLKConfig
                        0x0800bcad  0x154  Code  Gb  stm32f4xx_hal_rcc_ex.o [1]
HAL_RCC_ClockConfig     0x08009285  0x1b2  Code  Gb  stm32f4xx_hal_rcc.o [1]
HAL_RCC_EnableCSS       0x08009437    0x8  Code  Gb  stm32f4xx_hal_rcc.o [1]
HAL_RCC_GetHCLKFreq     0x080094cb    0x6  Code  Gb  stm32f4xx_hal_rcc.o [1]
HAL_RCC_GetPCLK1Freq    0x080094d1   0x20  Code  Gb  stm32f4xx_hal_rcc.o [1]
HAL_RCC_GetPCLK2Freq    0x080094f1   0x20  Code  Gb  stm32f4xx_hal_rcc.o [1]
HAL_RCC_GetSysClockFreq
                        0x0800943f   0x8c  Code  Wk  stm32f4xx_hal_rcc.o [1]
HAL_RCC_OscConfig       0x08008e9d  0x3e8  Code  Wk  stm32f4xx_hal_rcc.o [1]
HAL_RTCEx_BKUPRead      0x0800bc85   0x10  Code  Gb  stm32f4xx_hal_rtc_ex.o [1]
HAL_RTCEx_BKUPWrite     0x0800bc75   0x10  Code  Gb  stm32f4xx_hal_rtc_ex.o [1]
HAL_RTC_GetDate         0x080056bb   0x4a  Code  Gb  stm32f4xx_hal_rtc.o [1]
HAL_RTC_GetTime         0x08005565   0x5e  Code  Gb  stm32f4xx_hal_rtc.o [1]
HAL_RTC_Init            0x080053a5   0xae  Code  Gb  stm32f4xx_hal_rtc.o [1]
HAL_RTC_MspInit         0x08009f31   0x3c  Code  Gb  bsp_rtc.o [1]
HAL_RTC_SetDate         0x080055c3   0xf8  Code  Gb  stm32f4xx_hal_rtc.o [1]
HAL_RTC_SetTime         0x08005453  0x112  Code  Gb  stm32f4xx_hal_rtc.o [1]
HAL_RTC_WaitForSynchro  0x08005711   0x34  Code  Gb  stm32f4xx_hal_rtc.o [1]
HAL_SPI_Init            0x0800a40d   0x8e  Code  Gb  stm32f4xx_hal_spi.o [1]
HAL_SPI_MspInit         0x08006903   0xc8  Code  Gb  bsp_spiflash.o [1]
HAL_SPI_TransmitReceive
                        0x0800a49b  0x214  Code  Gb  stm32f4xx_hal_spi.o [1]
HAL_SYSTICK_CLKSourceConfig
                        0x08009a09   0x20  Code  Gb  stm32f4xx_hal_cortex.o [1]
HAL_SYSTICK_Callback    0x08009a55    0x2  Code  Wk  stm32f4xx_hal_cortex.o [1]
HAL_SYSTICK_Config      0x08009a01    0x8  Code  Gb  stm32f4xx_hal_cortex.o [1]
HAL_SYSTICK_IRQHandler  0x08009a4d    0x8  Code  Gb  stm32f4xx_hal_cortex.o [1]
HAL_TIMEx_BreakCallback
                        0x0800bf4b    0x2  Code  Wk  stm32f4xx_hal_tim_ex.o [1]
HAL_TIMEx_CommutationCallback
                        0x0800bf49    0x2  Code  Wk  stm32f4xx_hal_tim_ex.o [1]
HAL_TIMEx_MasterConfigSynchronization
                        0x0800bef1   0x58  Code  Gb  stm32f4xx_hal_tim_ex.o [1]
HAL_TIM_Base_Init       0x0800b049   0x38  Code  Gb  stm32f4xx_hal_tim.o [1]
HAL_TIM_Base_MspInit    0x0800b003   0x38  Code  Gb  bsp_BasicTIM.o [1]
HAL_TIM_Base_Start_IT   0x0800b0b5   0x1c  Code  Gb  stm32f4xx_hal_tim.o [1]
HAL_TIM_Base_Stop       0x0800b081   0x34  Code  Gb  stm32f4xx_hal_tim.o [1]
HAL_TIM_IC_CaptureCallback
                        0x0800b249    0x2  Code  Wk  stm32f4xx_hal_tim.o [1]
HAL_TIM_IRQHandler      0x0800b0d1  0x176  Code  Gb  stm32f4xx_hal_tim.o [1]
HAL_TIM_OC_DelayElapsedCallback
                        0x0800b247    0x2  Code  Wk  stm32f4xx_hal_tim.o [1]
HAL_TIM_PWM_PulseFinishedCallback
                        0x0800b24b    0x2  Code  Wk  stm32f4xx_hal_tim.o [1]
HAL_TIM_PeriodElapsedCallback
                        0x08008af7   0xd0  Code  Gb  main.o [1]
HAL_TIM_TriggerCallback
                        0x0800b24d    0x2  Code  Wk  stm32f4xx_hal_tim.o [1]
HAL_UART_ErrorCallback  0x08003503    0x2  Code  Wk  stm32f4xx_hal_uart.o [1]
HAL_UART_IRQHandler     0x080033cd  0x134  Code  Gb  stm32f4xx_hal_uart.o [1]
HAL_UART_Init           0x0800321d   0x76  Code  Gb  stm32f4xx_hal_uart.o [1]
HAL_UART_MspInit        0x08007e1d  0x148  Code  Gb  bsp_debug_usart.o [1]
HAL_UART_Receive_IT     0x0800336f   0x5e  Code  Gb  stm32f4xx_hal_uart.o [1]
HAL_UART_RxCpltCallback
                        0x08008811  0x2e6  Code  Gb  main.o [1]
HAL_UART_Transmit       0x08003293   0xdc  Code  Gb  stm32f4xx_hal_uart.o [1]
HAL_UART_TxCpltCallback
                        0x08003501    0x2  Code  Wk  stm32f4xx_hal_uart.o [1]
HEAP$$Base              0x200011f0          --   Gb  - Linker created -
HEAP$$Limit             0x200021f0          --   Gb  - Linker created -
HardFault_Handler       0x0800bfd7    0xe  Code  Gb  stm32f4xx_it.o [1]
INPUT_GPIO_Init         0x0800ac59  0x290  Code  Gb  bsp_gpio.o [1]
InvertUint16            0x08005da7   0x28  Code  Gb  crc16.o [1]
InvertUint8             0x08005d7f   0x28  Code  Gb  crc16.o [1]
LED_GPIO_Init           0x0800ab91   0xba  Code  Gb  bsp_led.o [1]
LEVEL_High              0x20000004    0x4  Data  Gb  variable.o [1]
LEVEL_Low               0x20003430    0x4  Data  Gb  variable.o [1]
LoadInt                 0x080072db   0x6e  Code  Lc  xprintffull.o [3]
MX_DEBUG_USART_Init     0x08007fc1   0x5c  Code  Gb  bsp_debug_usart.o [1]
MX_NVIC_USART1_Init     0x08007df5   0x14  Code  Lc  bsp_debug_usart.o [1]
MX_NVIC_USART3_Init     0x080051f1   0x14  Code  Lc  bsp_usartx_RS485.o [1]
MX_NVIC_USART5_Init     0x08007e09   0x14  Code  Lc  bsp_debug_usart.o [1]
MX_RTC_Init             0x08009ec5   0x6c  Code  Gb  bsp_rtc.o [1]
MX_SPIFlash_Init        0x08006891   0x72  Code  Gb  bsp_spiflash.o [1]
MX_USARTx_Init          0x08007f65   0x5c  Code  Gb  bsp_debug_usart.o [1]
MemManage_Handler       0x0800bfe5    0xe  Code  Gb  stm32f4xx_it.o [1]
Modbusprocess           0x080027ad  0x428  Code  Gb  function.o [1]
NMI_Handler             0x0800bfd5    0x2  Code  Gb  stm32f4xx_it.o [1]
NVIC_EnableIRQ          0x0800992b   0x14  Code  Lc  stm32f4xx_hal_cortex.o [1]
NVIC_EncodePriority     0x08009961   0x3e  Code  Lc  stm32f4xx_hal_cortex.o [1]
NVIC_GetPriorityGrouping
                        0x08009921    0xa  Code  Lc  stm32f4xx_hal_cortex.o [1]
NVIC_SetPriority        0x0800993f   0x22  Code  Lc  stm32f4xx_hal_cortex.o [1]
NVIC_SetPriorityGrouping
                        0x08009905   0x1c  Code  Lc  stm32f4xx_hal_cortex.o [1]
NVIC_SystemReset        0x08000189   0x22  Code  Lc  function.o [1]
OUTPUT_GPIO_Init        0x0800aee9   0xd0  Code  Gb  bsp_gpio.o [1]
Open_Beep               0x08002fdd   0x18  Code  Gb  function.o [1]
Open_Delay              0x08001739  0x110  Code  Gb  function.o [1]
Open_Error              0x08001669   0x72  Code  Gb  function.o [1]
Open_Light              0x0800301d   0x18  Code  Gb  function.o [1]
Open_YiYe_pupm          0x08003059   0x12  Code  Gb  function.o [1]
PendSV_Handler          0x0800c013    0xe  Code  Gb  stm32f4xx_it.o [1]
RCC_IRQHandler          0x0800c02d    0x2  Code  Gb  stm32f4xx_it.o [1]
RS485_Receive_Data      0x080052b3   0xc4  Code  Gb  bsp_usartx_RS485.o [1]
RS485_Rx_Count          0x20003452    0x2  Data  Gb  variable.o [1]
RS485_Rx_Count_Old      0x200001e8    0x2  Data  Gb  variable.o [1]
RS485_Rx_buf            0x200033bc   0x34  Data  Gb  variable.o [1]
RS485_Send_Data         0x08005261   0x52  Code  Gb  bsp_usartx_RS485.o [1]
RS485_USARTx_Init       0x08005205   0x5c  Code  Gb  bsp_usartx_RS485.o [1]
RTC_Bcd2ToByte          0x08005793   0x1a  Code  Gb  stm32f4xx_hal_rtc.o [1]
RTC_ByteToBcd2          0x0800577d   0x16  Code  Gb  stm32f4xx_hal_rtc.o [1]
RTC_CalendarConfig      0x08009d3b  0x18a  Code  Gb  bsp_rtc.o [1]
RTC_CalendarShow        0x08001aa1   0x4c  Code  Gb  function.o [1]
RTC_Config_flag         0x2000346e    0x1  Data  Gb  variable.o [1]
RTC_EnterInitMode       0x08005745   0x38  Code  Gb  stm32f4xx_hal_rtc.o [1]
Reboot                  0x08002fb9   0x1c  Code  Gb  function.o [1]
Reboot_flag             0x2000346c    0x1  Data  Gb  variable.o [1]
Region$$Table$$Base     0x0800cdbc          --   Gb  - Linker created -
Region$$Table$$Limit    0x0800cddc          --   Gb  - Linker created -
RevCommand              0x2000345d    0x1  Data  Gb  main.o [1]
RevDevicesData          0x2000345c    0x1  Data  Gb  main.o [1]
Rx_Count                0x2000345f    0x1  Data  Gb  main.o [1]
SCM_state               0x20000020    0x4  Data  Gb  variable.o [1]
SPI_CheckFlag_BSY       0x0800a751   0x28  Code  Lc  stm32f4xx_hal_spi.o [1]
SPI_FLASH_BufferRead    0x08006bab   0x52  Code  Gb  bsp_spiflash.o [1]
SPI_FLASH_BufferWrite   0x08006a73  0x138  Code  Gb  bsp_spiflash.o [1]
SPI_FLASH_PageWrite     0x08006a0f   0x64  Code  Gb  bsp_spiflash.o [1]
SPI_FLASH_SectorErase   0x080069cb   0x44  Code  Gb  bsp_spiflash.o [1]
SPI_FLASH_SendByte      0x08006bfd   0x2c  Code  Gb  bsp_spiflash.o [1]
SPI_FLASH_WaitForWriteEnd
                        0x08006c47   0x2c  Code  Gb  bsp_spiflash.o [1]
SPI_FLASH_WriteEnable   0x08006c29   0x1e  Code  Gb  bsp_spiflash.o [1]
SPI_WaitFlagStateUntilTimeout
                        0x0800a6af   0xa2  Code  Lc  stm32f4xx_hal_spi.o [1]
STREES_High             0x20000008    0x4  Data  Gb  variable.o [1]
STREES_Low              0x20003434    0x4  Data  Gb  variable.o [1]
SVC_Handler             0x0800c00f    0x2  Code  Gb  stm32f4xx_it.o [1]
Sample_RS485            0x0800b403   0xd6  Code  Gb  sample.o [1]
Sample_flag             0x20003464    0x1  Data  Gb  variable.o [1]
Save_Data               0x08000295  0x1f6  Code  Gb  function.o [1]
Save_Device_Data        0x08002d9d   0xc0  Code  Gb  function.o [1]
Save_flag               0x20003469    0x1  Data  Gb  variable.o [1]
Sensor_Cfg_Mode         0x20003462    0x1  Data  Gb  variable.o [1]
Show_Data               0x08002d73   0x22  Code  Gb  function.o [1]
StringToArray           0x08009ca9   0x92  Code  Gb  bsp_rtc.o [1]
SysTick_Config          0x0800999f   0x2e  Code  Lc  stm32f4xx_hal_cortex.o [1]
SysTick_Handler         0x0800c021    0xc  Code  Gb  stm32f4xx_it.o [1]
SystemClock_Config      0x08008d0d   0xb2  Code  Gb  main.o [1]
SystemCoreClock         0x20000000    0x4  Data  Gb  system_stm32f4xx.o [1]
SystemInit              0x08005f65   0x4c  Code  Gb  system_stm32f4xx.o [1]
TEMP_High               0x20000018    0x4  Data  Gb  variable.o [1]
TEMP_Low                0x20000014    0x4  Data  Gb  variable.o [1]
TIM6_DAC_IRQHandler     0x0800c043    0xa  Code  Gb  stm32f4xx_it.o [1]
TIM_Base_SetConfig      0x0800b24f   0xe4  Code  Gb  stm32f4xx_hal_tim.o [1]
UART_DMAAbortOnError    0x08003599   0x12  Code  Lc  stm32f4xx_hal_uart.o [1]
UART_EndRxTransfer      0x08003575   0x20  Code  Lc  stm32f4xx_hal_uart.o [1]
UART_EndTransmit_IT     0x08003617   0x1c  Code  Lc  stm32f4xx_hal_uart.o [1]
UART_Receive_IT         0x08003633   0x9a  Code  Lc  stm32f4xx_hal_uart.o [1]
UART_SetConfig          0x080036cd  0x30c  Code  Lc  stm32f4xx_hal_uart.o [1]
UART_Transmit_IT        0x080035ad   0x6a  Code  Lc  stm32f4xx_hal_uart.o [1]
UART_WaitOnFlagUntilTimeout
                        0x08003505   0x70  Code  Lc  stm32f4xx_hal_uart.o [1]
USART1_IRQHandler       0x0800c02f    0xa  Code  Gb  stm32f4xx_it.o [1]
USART3_IRQHandler       0x0800c039    0xa  Code  Gb  stm32f4xx_it.o [1]
UpData                  0x08000711  0x15a  Code  Gb  function.o [1]
UpData_flag             0x20003465    0x1  Data  Gb  variable.o [1]
UsageFault_Handler      0x0800c001    0xe  Code  Gb  stm32f4xx_it.o [1]
WCOND_High              0x20000010    0x4  Data  Gb  variable.o [1]
WCOND_Low               0x2000343c    0x4  Data  Gb  variable.o [1]
WEIGHT_High             0x2000001c    0x4  Data  Gb  variable.o [1]
WEIGHT_Low              0x20003440    0x4  Data  Gb  variable.o [1]
WPH_High                0x2000000c    0x4  Data  Gb  variable.o [1]
WPH_Low                 0x20003438    0x4  Data  Gb  variable.o [1]
YiYe_pump_control_flag  0x2000346b    0x1  Data  Gb  variable.o [1]
YiYe_pump_flag          0x2000346a    0x1  Data  Gb  variable.o [1]
_EncodingSb_Mbtowc      0x0800bea7   0x30  Code  Gb  xencoding_sb.o [3]
_EncodingSb_Wctomb      0x0800be8d   0x1a  Code  Gb  xencoding_sb.o [3]
_GenldFull              0x08007b5f  0x24c  Code  Lc  xprintffull.o [3]
_IsdstStr               0x200000f0    0x4  Data  Gb  setlocale.o [3]
_LdtobFull              0x0800775d  0x3fc  Code  Lc  xprintffull.o [3]
_LitobFull              0x08007655  0x106  Code  Lc  xprintffull.o [3]
_LocaleC_isalpha        0x0800bf9f   0x16  Code  Gb  xlocale_c.o [3]
_LocaleC_isspace        0x0800bfb5   0x14  Code  Gb  xlocale_c.o [3]
_LocaleC_tolower        0x0800bfc9    0xc  Code  Gb  xlocale_c.o [3]
_LocaleEncoding         0x0800be7b    0xe  Code  Gb  setlocale.o [3]
_LocaleForCat           0x0800be69   0x12  Code  Gb  setlocale.o [3]
_LocaleReturnString     0x20000110   0x50  Data  Lc  setlocale.o [3]
_Locale_Profile         0x200000f4   0x1c  Data  Gb  setlocale.o [3]
_Locale_aeabi_lconv     0x200001b0   0x38  Data  Gb  localeconv.o [3]
_Locale_lconv           0x20000160   0x50  Data  Gb  localeconv.o [3]
_Mbtowc                 0x0800a779   0x20  Code  Gb  xmbtowc.o [3]
_PrintfFull             0x08006c8d  0x638  Code  Gb  xprintffull.o [3]
_Prout                  0x0800d2b9   0x16  Code  Gb  xprout.o [3]
_PutcharsFull           0x08007dab   0x2e  Code  Lc  xprintffull.o [3]
_PutstrFull             0x08007349  0x306  Code  Lc  xprintffull.o [3]
_SProut                 0x08003a73    0xa  Code  Gb  xsprout.o [3]
_Stoflt                 0x0800b625  0x1b8  Code  Gb  xstoflt.o [3]
_Stopfx                 0x0800b501  0x124  Code  Gb  xstopfx.o [3]
_Stoxflt                0x0800ba21  0x1e2  Code  Gb  xstoxflt.o [3]
_Strtok_ssave           0x200000e4    0x4  Data  Lc  strtok.o [3]
_TzoneStr               0x200000ec    0x4  Data  Gb  setlocale.o [3]
_Wctomb                 0x0800a813   0x1a  Code  Gb  xwctomb.o [3]
__aeabi_cdcmpeq         0x0800a069         Code  Gb  DblCmpEq.o [4]
__aeabi_cdcmple         0x0800517d         Code  Gb  DblCmpLe.o [4]
__aeabi_cdrcmple        0x080051b5         Code  Gb  DblCmpGe.o [4]
__aeabi_d2f             0x080050ed         Code  Gb  DblToFlt.o [4]
__aeabi_d2iz            0x080057ad         Code  Gb  DblToI32.o [4]
__aeabi_d2uiz           0x080057d9         Code  Gb  DblToI32.o [4]
__aeabi_dadd            0x08005e4d         Code  Gb  DblAdd.o [4]
__aeabi_ddiv            0x08005b29         Code  Gb  DblDiv.o [4]
__aeabi_dmul            0x08005985         Code  Gb  DblMul.o [4]
__aeabi_dsub            0x08005805         Code  Gb  DblSub.o [4]
__aeabi_errno_addr      0x0800a089    0x6  Code  Gb  errno.o [3]
__aeabi_f2d             0x08005059         Code  Gb  FltToDbl.o [4]
__aeabi_i2d             0x08005f35         Code  Gb  I32ToDbl.o [4]
__aeabi_ldiv0           0x0800beed         Code  Gb  I64DivZer.o [5]
__aeabi_memclr4         0x08003a7d         Code  Gb  ABImemclr4.o [5]
__aeabi_memset          0x08003b01         Code  Gb  ABImemset.o [5]
__aeabi_ui2d            0x08005f49         Code  Gb  I32ToDbl.o [4]
__aeabi_uldivmod        0x0800a8a5         Code  Gb  I64DivMod.o [5]
__cmain                 0x0800d169         Code  Gb  cmain.o [5]
__data_GetMemChunk      0x080095d9   0x2c  Code  Gb  xgetmemchunk.o [3]
__exit                  0x0800b4ed   0x14  Code  Gb  exit.o [6]
__iar_Dint              0x08009fef   0x7a  Code  Gb  xdint.o [4]
__iar_Dnorm             0x08009fad   0x42  Code  Gb  xdnorm.o [4]
__iar_Dscale            0x0800a995  0x114  Code  Gb  xdscale.o [4]
__iar_Dtentox           0x0800b87d  0x13e  Code  Gb  xdtento.o [4]
__iar_Dtest             0x0800be29   0x30  Code  Gb  xdtest.o [4]
__iar_Dunscale          0x0800bf4d   0x52  Code  Gb  xdunscal.o [4]
__iar_Errno             0x200000e8    0x4  Data  Gb  errno.o [3]
__iar_Exp               0x0800a145  0x2be  Code  Gb  xexp.o [4]
__iar_Locale_lconv_init
                        0x0800aaa9   0x3a  Code  Gb  localeconv.o [3]
__iar_Logpoly           0x0800a095   0x76  Code  Gb  xlog.o [4]
__iar_Mbcurmax          0x0800a809    0xa  Code  Gb  xmbcurmax.o [3]
__iar_Memchr            0x0800a7b1         Code  Gb  memchr.o [5]
__iar_Memset            0x08003b01         Code  Gb  ABImemset.o [5]
__iar_Memset4_word      0x080095a1         Code  Gb  ABImemset48.o [5]
__iar_Memset8_word      0x080095a1         Code  Gb  ABImemset48.o [5]
__iar_Memset_word       0x08003b09         Code  Gb  ABImemset.o [5]
__iar_Stdout            0x200000a4   0x40  Data  Gb  xfiles.o [3]
__iar_Stod              0x08009769    0x4  Code  Gb  xstod.o [4]
__iar_Stodx             0x08009605  0x14e  Code  Gb  xstod.o [4]
__iar_Stoul             0x080098b1    0x4  Code  Gb  xstoul.o [3]
__iar_Stoulx            0x0800976d  0x13e  Code  Gb  xstoul.o [3]
__iar_Strchr            0x0800a799         Code  Gb  strchr.o [5]
__iar_d2uiz             0x080057e5         Code  Gb  DblToI32.o [4]
__iar_dadd              0x08005e61         Code  Gb  DblAdd.o [4]
__iar_data_init3        0x0800ca35   0x28  Code  Gb  data_init.o [5]
__iar_dlfree            0x08004b3f  0x510  Code  Gb  dlmalloc.o [3]
__iar_dlib_perthread_access
                        0x08009559    0x2  Code  Gb  xtls.o [3]
__iar_dlmalloc          0x08004889  0x2aa  Code  Gb  dlmalloc.o [3]
__iar_dsub              0x08005819         Code  Gb  DblSub.o [4]
__iar_dsubStart         0x0800582b         Code  Gb  DblSub.o [4]
__iar_init_vfp          0x0800cd99         Code  Gb  fpinit_M.o [4]
__iar_packbits_init_single3
                        0x0800c405   0x38  Code  Gb  packbits_init_single.o [5]
__iar_program_start     0x0800d415         Code  Gb  cstartup_M.o [5]
__iar_ui2d              0x08005f4d         Code  Gb  I32ToDbl.o [4]
__iar_unaligned___aeabi_memcpy
                        0x0800a82d         Code  Gb  ABImemcpy_unaligned.o [5]
__iar_unaligned___aeabi_memcpy4
                        0x0800a84d         Code  Gb  ABImemcpy_unaligned.o [5]
__iar_unaligned___aeabi_memcpy8
                        0x0800a84d         Code  Gb  ABImemcpy_unaligned.o [5]
__iar_unaligned_strcmp  0x08003a31         Code  Gb  strcmp_unaligned.o [5]
__iar_unaligned_strcpy  0x08003a85         Code  Gb  strcpy_unaligned.o [5]
__iar_vfp_atof          0x080050dd   0x10  Code  Gb  atof.o [4]
__iar_vfp_pow           0x08006453   0x18  Code  Gb  pow.o [4]
__iar_vfp_strtod        0x080051e3    0xe  Code  Gb  strtod.o [4]
__iar_zero_init3        0x0800c315   0x40  Code  Gb  zero_init3.o [5]
__low_level_init        0x0800d183    0x4  Code  Gb  low_level_init.o [3]
__vector_table          0x08000000         Data  Gb  startup_stm32f407xx.o [1]
_call_main              0x0800d175         Code  Gb  cmain.o [5]
_exit                   0x0800d18d         Code  Gb  cexit.o [5]
_gm_                    0x20002f28  0x1d8  Data  Lc  dlmalloc.o [3]
_main                   0x0800d17f         Code  Gb  cmain.o [5]
aRxBuffer               0x2000345a    0x1  Data  Gb  main.o [1]
aRxBuffer_485           0x2000345b    0x1  Data  Gb  main.o [1]
aRxBuffer_Android       0x20003460    0x1  Data  Gb  main.o [1]
abort                   0x080095d3    0x6  Code  Gb  abort.o [3]
atoi                    0x080051ab    0x8  Code  Gb  atoi.o [3]
clear_flag              0x20003470    0x1  Data  Gb  variable.o [1]
com_flag                0x2000345e    0x1  Data  Gb  main.o [1]
delay                   0x200021f0  0x758  Data  Gb  variable.o [1]
delay_ms2               0x08003099   0x30  Code  Gb  function.o [1]
digits                  0x080098b4   0x28  Data  Lc  xstoul.o [3]
div                     0x0800ab15    0xe  Code  Gb  div.o [3]
dmul                    0x0800b821   0x5a  Code  Lc  xdtento.o [4]
error                   0x20003456    0x1  Data  Gb  main.o [1]
error_num               0x20003457    0x1  Data  Gb  main.o [1]
exit                    0x0800d187    0x4  Code  Gb  exit.o [3]
fputc                   0x0800801d   0x14  Code  Gb  bsp_debug_usart.o [1]
frist                   0x200001ea    0x1  Data  Gb  main.o [1]
h                       0x20003428    0x4  Data  Lc  bsp_usartx_RS485.o [1]
hrtc                    0x200033f0   0x20  Data  Gb  bsp_rtc.o [1]
hspiflash               0x20003218   0x58  Data  Gb  bsp_spiflash.o [1]
htimx                   0x20003380   0x3c  Data  Gb  bsp_BasicTIM.o [1]
htoi                    0x0800b395   0x6e  Code  Gb  sample.o [1]
husart_debug            0x200032c0   0x40  Data  Gb  bsp_debug_usart.o [1]
husartx                 0x20003300   0x40  Data  Gb  bsp_debug_usart.o [1]
husartx_rs485           0x20003340   0x40  Data  Gb  bsp_usartx_RS485.o [1]
index_time_control_flag
                        0x20003472    0x1  Data  Gb  variable.o [1]
index_time_control_flag_assist
                        0x2000346f    0x1  Data  Gb  variable.o [1]
init_mparams            0x08003b83   0x32  Code  Lc  dlmalloc.o [3]
init_top                0x08003bb5   0x34  Code  Lc  dlmalloc.o [3]
internal_Pow            0x08005fd1  0x478  Code  Lc  pow.o [4]
isalpha                 0x0800bc39   0x14  Code  Gb  isxxx.o [3]
isspace                 0x0800bc4d   0x14  Code  Gb  isxxx.o [3]
itoa                    0x08002e71   0x64  Code  Gb  function.o [1]
keyTimeFlag             0x20003459    0x1  Data  Gb  main.o [1]
lnbias                  0x08006470  0x420  Data  Lc  pow.o [4]
localeconv              0x0800aae3   0x16  Code  Gb  localeconv.o [3]
main                    0x08008105  0x706  Code  Gb  main.o [1]
memchr                  0x0800a7b1         Code  Gb  memchr.o [5]
minute_timer_count      0x2000344c    0x2  Data  Gb  main.o [1]
movedigit               0x08002631  0x152  Code  Gb  function.o [1]
mparams                 0x20003410   0x18  Data  Lc  dlmalloc.o [3]
ndigs                   0x080098dc   0x28  Data  Lc  xstoul.o [3]
obuf                    0x20003270   0x50  Data  Lc  xfiles.o [3]
pows                    0x0800b9d8   0x48  Data  Lc  xdtento.o [4]
prepend_alloc           0x08003be9  0x36c  Code  Lc  dlmalloc.o [3]
printf                  0x080031f9   0x24  Code  Gb  printf.o [3]
putchar                 0x0800d2d1    0xc  Code  Gb  putchar.o [3]
recv_flag_num           0x20003461    0x1  Data  Gb  main.o [1]
recv_flag_save          0x20003458    0x1  Data  Gb  main.o [1]
save_data_flag          0x20003473    0x1  Data  Gb  variable.o [1]
second_timer_count      0x2000344e    0x2  Data  Gb  main.o [1]
segment_holding         0x08003b69   0x1a  Code  Lc  dlmalloc.o [3]
sensor_array            0x20002d30  0x1f8  Data  Gb  variable.o [1]
sensor_data             0x20003100  0x118  Data  Gb  variable.o [1]
split                   0x0800b361   0x34  Code  Gb  sample.o [1]
sprintf                 0x080050a9   0x34  Code  Gb  sprintf.o [3]
strchr                  0x0800a799         Code  Gb  strchr.o [5]
strcspn                 0x0800957d   0x22  Code  Gb  strcspn.o [3]
strlen                  0x08003ac9         Code  Gb  strlen.o [5]
strspn                  0x0800955b   0x22  Code  Gb  strspn.o [3]
strtok                  0x080039e5   0x4c  Code  Gb  strtok.o [3]
sys_alloc               0x08003f55  0x386  Code  Lc  dlmalloc.o [3]
sys_time_Control_flag   0x20003468    0x1  Data  Gb  variable.o [1]
time_Control_flag       0x20003467    0x1  Data  Gb  variable.o [1]
time_num                0x20003444    0x4  Data  Gb  variable.o [1]
tmalloc_large           0x080042e9  0x390  Code  Lc  dlmalloc.o [3]
tmalloc_small           0x08004679  0x210  Code  Lc  dlmalloc.o [3]
tolower                 0x0800bc61   0x14  Code  Gb  tolower.o [3]
uwTick                  0x2000342c    0x4  Data  Gb  stm32f4xx_hal.o [1]
warn_timer_count        0x20003454    0x2  Data  Gb  variable.o [1]


[1] = F:\STM32F407-RS485数据采集-V2\RS485-主机端 - 删减版 - dev\EWARM\YS-F4Pro\Obj
[2] = command line
[3] = dl7M_tlf.a
[4] = m7M_tls.a
[5] = rt7M_tl.a
[6] = shb_l.a

  49 836 bytes of readonly  code memory
   5 044 bytes of readonly  data memory
  13 423 bytes of readwrite data memory

Errors: none
Warnings: none
