###############################################################################
#
# IAR ELF Linker V7.50.2.10312/W32 for ARM                28/Dec/2018  15:56:21
# Copyright 2007-2015 IAR Systems AB.
#
#    Output file  =  
#        F:\STM32F407-RS485数据采集-V2\RS485-主机端 - 删减版 -
#        dev\EWARM\YS-F4Pro\Exe\YS-F4Pro.out
#    Map file     =  
#        F:\STM32F407-RS485数据采集-V2\RS485-主机端 - 删减版 -
#        dev\EWARM\YS-F4Pro\List\YS-F4Pro.map
#    Command line =  
#        "F:\STM32F407-RS485数据采集-V2\RS485-主机端 - 删减版 -
#        dev\EWARM\YS-F4Pro\Obj\bsp_BasicTIM.o"
#        "F:\STM32F407-RS485数据采集-V2\RS485-主机端 - 删减版 -
#        dev\EWARM\YS-F4Pro\Obj\bsp_debug_usart.o"
#        "F:\STM32F407-RS485数据采集-V2\RS485-主机端 - 删减版 -
#        dev\EWARM\YS-F4Pro\Obj\bsp_gpio.o"
#        "F:\STM32F407-RS485数据采集-V2\RS485-主机端 - 删减版 -
#        dev\EWARM\YS-F4Pro\Obj\bsp_led.o"
#        "F:\STM32F407-RS485数据采集-V2\RS485-主机端 - 删减版 -
#        dev\EWARM\YS-F4Pro\Obj\bsp_rtc.o"
#        "F:\STM32F407-RS485数据采集-V2\RS485-主机端 - 删减版 -
#        dev\EWARM\YS-F4Pro\Obj\bsp_spiflash.o"
#        "F:\STM32F407-RS485数据采集-V2\RS485-主机端 - 删减版 -
#        dev\EWARM\YS-F4Pro\Obj\bsp_usartx_RS485.o"
#        "F:\STM32F407-RS485数据采集-V2\RS485-主机端 - 删减版 -
#        dev\EWARM\YS-F4Pro\Obj\crc16.o"
#        "F:\STM32F407-RS485数据采集-V2\RS485-主机端 - 删减版 -
#        dev\EWARM\YS-F4Pro\Obj\function.o"
#        "F:\STM32F407-RS485数据采集-V2\RS485-主机端 - 删减版 -
#        dev\EWARM\YS-F4Pro\Obj\main.o"
#        "F:\STM32F407-RS485数据采集-V2\RS485-主机端 - 删减版 -
#        dev\EWARM\YS-F4Pro\Obj\sample.o"
#        "F:\STM32F407-RS485数据采集-V2\RS485-主机端 - 删减版 -
#        dev\EWARM\YS-F4Pro\Obj\startup_stm32f407xx.o"
#        "F:\STM32F407-RS485数据采集-V2\RS485-主机端 - 删减版 -
#        dev\EWARM\YS-F4Pro\Obj\stm32f4xx_assert.o"
#        "F:\STM32F407-RS485数据采集-V2\RS485-主机端 - 删减版 -
#        dev\EWARM\YS-F4Pro\Obj\stm32f4xx_hal.o"
#        "F:\STM32F407-RS485数据采集-V2\RS485-主机端 - 删减版 -
#        dev\EWARM\YS-F4Pro\Obj\stm32f4xx_hal_adc.o"
#        "F:\STM32F407-RS485数据采集-V2\RS485-主机端 - 删减版 -
#        dev\EWARM\YS-F4Pro\Obj\stm32f4xx_hal_adc_ex.o"
#        "F:\STM32F407-RS485数据采集-V2\RS485-主机端 - 删减版 -
#        dev\EWARM\YS-F4Pro\Obj\stm32f4xx_hal_can.o"
#        "F:\STM32F407-RS485数据采集-V2\RS485-主机端 - 删减版 -
#        dev\EWARM\YS-F4Pro\Obj\stm32f4xx_hal_cec.o"
#        "F:\STM32F407-RS485数据采集-V2\RS485-主机端 - 删减版 -
#        dev\EWARM\YS-F4Pro\Obj\stm32f4xx_hal_cortex.o"
#        "F:\STM32F407-RS485数据采集-V2\RS485-主机端 - 删减版 -
#        dev\EWARM\YS-F4Pro\Obj\stm32f4xx_hal_crc.o"
#        "F:\STM32F407-RS485数据采集-V2\RS485-主机端 - 删减版 -
#        dev\EWARM\YS-F4Pro\Obj\stm32f4xx_hal_cryp.o"
#        "F:\STM32F407-RS485数据采集-V2\RS485-主机端 - 删减版 -
#        dev\EWARM\YS-F4Pro\Obj\stm32f4xx_hal_cryp_ex.o"
#        "F:\STM32F407-RS485数据采集-V2\RS485-主机端 - 删减版 -
#        dev\EWARM\YS-F4Pro\Obj\stm32f4xx_hal_dac.o"
#        "F:\STM32F407-RS485数据采集-V2\RS485-主机端 - 删减版 -
#        dev\EWARM\YS-F4Pro\Obj\stm32f4xx_hal_dac_ex.o"
#        "F:\STM32F407-RS485数据采集-V2\RS485-主机端 - 删减版 -
#        dev\EWARM\YS-F4Pro\Obj\stm32f4xx_hal_dcmi.o"
#        "F:\STM32F407-RS485数据采集-V2\RS485-主机端 - 删减版 -
#        dev\EWARM\YS-F4Pro\Obj\stm32f4xx_hal_dcmi_ex.o"
#        "F:\STM32F407-RS485数据采集-V2\RS485-主机端 - 删减版 -
#        dev\EWARM\YS-F4Pro\Obj\stm32f4xx_hal_dfsdm.o"
#        "F:\STM32F407-RS485数据采集-V2\RS485-主机端 - 删减版 -
#        dev\EWARM\YS-F4Pro\Obj\stm32f4xx_hal_dma.o"
#        "F:\STM32F407-RS485数据采集-V2\RS485-主机端 - 删减版 -
#        dev\EWARM\YS-F4Pro\Obj\stm32f4xx_hal_dma2d.o"
#        "F:\STM32F407-RS485数据采集-V2\RS485-主机端 - 删减版 -
#        dev\EWARM\YS-F4Pro\Obj\stm32f4xx_hal_dma_ex.o"
#        "F:\STM32F407-RS485数据采集-V2\RS485-主机端 - 删减版 -
#        dev\EWARM\YS-F4Pro\Obj\stm32f4xx_hal_dsi.o"
#        "F:\STM32F407-RS485数据采集-V2\RS485-主机端 - 删减版 -
#        dev\EWARM\YS-F4Pro\Obj\stm32f4xx_hal_eth.o"
#        "F:\STM32F407-RS485数据采集-V2\RS485-主机端 - 删减版 -
#        dev\EWARM\YS-F4Pro\Obj\stm32f4xx_hal_flash.o"
#        "F:\STM32F407-RS485数据采集-V2\RS485-主机端 - 删减版 -
#        dev\EWARM\YS-F4Pro\Obj\stm32f4xx_hal_flash_ex.o"
#        "F:\STM32F407-RS485数据采集-V2\RS485-主机端 - 删减版 -
#        dev\EWARM\YS-F4Pro\Obj\stm32f4xx_hal_flash_ramfunc.o"
#        "F:\STM32F407-RS485数据采集-V2\RS485-主机端 - 删减版 -
#        dev\EWARM\YS-F4Pro\Obj\stm32f4xx_hal_fmpi2c.o"
#        "F:\STM32F407-RS485数据采集-V2\RS485-主机端 - 删减版 -
#        dev\EWARM\YS-F4Pro\Obj\stm32f4xx_hal_fmpi2c_ex.o"
#        "F:\STM32F407-RS485数据采集-V2\RS485-主机端 - 删减版 -
#        dev\EWARM\YS-F4Pro\Obj\stm32f4xx_hal_gpio.o"
#        "F:\STM32F407-RS485数据采集-V2\RS485-主机端 - 删减版 -
#        dev\EWARM\YS-F4Pro\Obj\stm32f4xx_hal_hash.o"
#        "F:\STM32F407-RS485数据采集-V2\RS485-主机端 - 删减版 -
#        dev\EWARM\YS-F4Pro\Obj\stm32f4xx_hal_hash_ex.o"
#        "F:\STM32F407-RS485数据采集-V2\RS485-主机端 - 删减版 -
#        dev\EWARM\YS-F4Pro\Obj\stm32f4xx_hal_hcd.o"
#        "F:\STM32F407-RS485数据采集-V2\RS485-主机端 - 删减版 -
#        dev\EWARM\YS-F4Pro\Obj\stm32f4xx_hal_i2c.o"
#        "F:\STM32F407-RS485数据采集-V2\RS485-主机端 - 删减版 -
#        dev\EWARM\YS-F4Pro\Obj\stm32f4xx_hal_i2c_ex.o"
#        "F:\STM32F407-RS485数据采集-V2\RS485-主机端 - 删减版 -
#        dev\EWARM\YS-F4Pro\Obj\stm32f4xx_hal_i2s.o"
#        "F:\STM32F407-RS485数据采集-V2\RS485-主机端 - 删减版 -
#        dev\EWARM\YS-F4Pro\Obj\stm32f4xx_hal_i2s_ex.o"
#        "F:\STM32F407-RS485数据采集-V2\RS485-主机端 - 删减版 -
#        dev\EWARM\YS-F4Pro\Obj\stm32f4xx_hal_irda.o"
#        "F:\STM32F407-RS485数据采集-V2\RS485-主机端 - 删减版 -
#        dev\EWARM\YS-F4Pro\Obj\stm32f4xx_hal_iwdg.o"
#        "F:\STM32F407-RS485数据采集-V2\RS485-主机端 - 删减版 -
#        dev\EWARM\YS-F4Pro\Obj\stm32f4xx_hal_lptim.o"
#        "F:\STM32F407-RS485数据采集-V2\RS485-主机端 - 删减版 -
#        dev\EWARM\YS-F4Pro\Obj\stm32f4xx_hal_ltdc.o"
#        "F:\STM32F407-RS485数据采集-V2\RS485-主机端 - 删减版 -
#        dev\EWARM\YS-F4Pro\Obj\stm32f4xx_hal_ltdc_ex.o"
#        "F:\STM32F407-RS485数据采集-V2\RS485-主机端 - 删减版 -
#        dev\EWARM\YS-F4Pro\Obj\stm32f4xx_hal_mmc.o"
#        "F:\STM32F407-RS485数据采集-V2\RS485-主机端 - 删减版 -
#        dev\EWARM\YS-F4Pro\Obj\stm32f4xx_hal_msp.o"
#        "F:\STM32F407-RS485数据采集-V2\RS485-主机端 - 删减版 -
#        dev\EWARM\YS-F4Pro\Obj\stm32f4xx_hal_nand.o"
#        "F:\STM32F407-RS485数据采集-V2\RS485-主机端 - 删减版 -
#        dev\EWARM\YS-F4Pro\Obj\stm32f4xx_hal_nor.o"
#        "F:\STM32F407-RS485数据采集-V2\RS485-主机端 - 删减版 -
#        dev\EWARM\YS-F4Pro\Obj\stm32f4xx_hal_pccard.o"
#        "F:\STM32F407-RS485数据采集-V2\RS485-主机端 - 删减版 -
#        dev\EWARM\YS-F4Pro\Obj\stm32f4xx_hal_pcd.o"
#        "F:\STM32F407-RS485数据采集-V2\RS485-主机端 - 删减版 -
#        dev\EWARM\YS-F4Pro\Obj\stm32f4xx_hal_pcd_ex.o"
#        "F:\STM32F407-RS485数据采集-V2\RS485-主机端 - 删减版 -
#        dev\EWARM\YS-F4Pro\Obj\stm32f4xx_hal_pwr.o"
#        "F:\STM32F407-RS485数据采集-V2\RS485-主机端 - 删减版 -
#        dev\EWARM\YS-F4Pro\Obj\stm32f4xx_hal_pwr_ex.o"
#        "F:\STM32F407-RS485数据采集-V2\RS485-主机端 - 删减版 -
#        dev\EWARM\YS-F4Pro\Obj\stm32f4xx_hal_qspi.o"
#        "F:\STM32F407-RS485数据采集-V2\RS485-主机端 - 删减版 -
#        dev\EWARM\YS-F4Pro\Obj\stm32f4xx_hal_rcc.o"
#        "F:\STM32F407-RS485数据采集-V2\RS485-主机端 - 删减版 -
#        dev\EWARM\YS-F4Pro\Obj\stm32f4xx_hal_rcc_ex.o"
#        "F:\STM32F407-RS485数据采集-V2\RS485-主机端 - 删减版 -
#        dev\EWARM\YS-F4Pro\Obj\stm32f4xx_hal_rng.o"
#        "F:\STM32F407-RS485数据采集-V2\RS485-主机端 - 删减版 -
#        dev\EWARM\YS-F4Pro\Obj\stm32f4xx_hal_rtc.o"
#        "F:\STM32F407-RS485数据采集-V2\RS485-主机端 - 删减版 -
#        dev\EWARM\YS-F4Pro\Obj\stm32f4xx_hal_rtc_ex.o"
#        "F:\STM32F407-RS485数据采集-V2\RS485-主机端 - 删减版 -
#        dev\EWARM\YS-F4Pro\Obj\stm32f4xx_hal_sai.o"
#        "F:\STM32F407-RS485数据采集-V2\RS485-主机端 - 删减版 -
#        dev\EWARM\YS-F4Pro\Obj\stm32f4xx_hal_sai_ex.o"
#        "F:\STM32F407-RS485数据采集-V2\RS485-主机端 - 删减版 -
#        dev\EWARM\YS-F4Pro\Obj\stm32f4xx_hal_sd.o"
#        "F:\STM32F407-RS485数据采集-V2\RS485-主机端 - 删减版 -
#        dev\EWARM\YS-F4Pro\Obj\stm32f4xx_hal_sdram.o"
#        "F:\STM32F407-RS485数据采集-V2\RS485-主机端 - 删减版 -
#        dev\EWARM\YS-F4Pro\Obj\stm32f4xx_hal_smartcard.o"
#        "F:\STM32F407-RS485数据采集-V2\RS485-主机端 - 删减版 -
#        dev\EWARM\YS-F4Pro\Obj\stm32f4xx_hal_spdifrx.o"
#        "F:\STM32F407-RS485数据采集-V2\RS485-主机端 - 删减版 -
#        dev\EWARM\YS-F4Pro\Obj\stm32f4xx_hal_spi.o"
#        "F:\STM32F407-RS485数据采集-V2\RS485-主机端 - 删减版 -
#        dev\EWARM\YS-F4Pro\Obj\stm32f4xx_hal_sram.o"
#        "F:\STM32F407-RS485数据采集-V2\RS485-主机端 - 删减版 -
#        dev\EWARM\YS-F4Pro\Obj\stm32f4xx_hal_tim.o"
#        "F:\STM32F407-RS485数据采集-V2\RS485-主机端 - 删减版 -
#        dev\EWARM\YS-F4Pro\Obj\stm32f4xx_hal_tim_ex.o"
#        "F:\STM32F407-RS485数据采集-V2\RS485-主机端 - 删减版 -
#        dev\EWARM\YS-F4Pro\Obj\stm32f4xx_hal_uart.o"
#        "F:\STM32F407-RS485数据采集-V2\RS485-主机端 - 删减版 -
#        dev\EWARM\YS-F4Pro\Obj\stm32f4xx_hal_usart.o"
#        "F:\STM32F407-RS485数据采集-V2\RS485-主机端 - 删减版 -
#        dev\EWARM\YS-F4Pro\Obj\stm32f4xx_hal_wwdg.o"
#        "F:\STM32F407-RS485数据采集-V2\RS485-主机端 - 删减版 -
#        dev\EWARM\YS-F4Pro\Obj\stm32f4xx_it.o"
#        "F:\STM32F407-RS485数据采集-V2\RS485-主机端 - 删减版 -
#        dev\EWARM\YS-F4Pro\Obj\stm32f4xx_ll_adc.o"
#        "F:\STM32F407-RS485数据采集-V2\RS485-主机端 - 删减版 -
#        dev\EWARM\YS-F4Pro\Obj\stm32f4xx_ll_crc.o"
#        "F:\STM32F407-RS485数据采集-V2\RS485-主机端 - 删减版 -
#        dev\EWARM\YS-F4Pro\Obj\stm32f4xx_ll_dac.o"
#        "F:\STM32F407-RS485数据采集-V2\RS485-主机端 - 删减版 -
#        dev\EWARM\YS-F4Pro\Obj\stm32f4xx_ll_dma.o"
#        "F:\STM32F407-RS485数据采集-V2\RS485-主机端 - 删减版 -
#        dev\EWARM\YS-F4Pro\Obj\stm32f4xx_ll_dma2d.o"
#        "F:\STM32F407-RS485数据采集-V2\RS485-主机端 - 删减版 -
#        dev\EWARM\YS-F4Pro\Obj\stm32f4xx_ll_exti.o"
#        "F:\STM32F407-RS485数据采集-V2\RS485-主机端 - 删减版 -
#        dev\EWARM\YS-F4Pro\Obj\stm32f4xx_ll_fmc.o"
#        "F:\STM32F407-RS485数据采集-V2\RS485-主机端 - 删减版 -
#        dev\EWARM\YS-F4Pro\Obj\stm32f4xx_ll_fsmc.o"
#        "F:\STM32F407-RS485数据采集-V2\RS485-主机端 - 删减版 -
#        dev\EWARM\YS-F4Pro\Obj\stm32f4xx_ll_gpio.o"
#        "F:\STM32F407-RS485数据采集-V2\RS485-主机端 - 删减版 -
#        dev\EWARM\YS-F4Pro\Obj\stm32f4xx_ll_i2c.o"
#        "F:\STM32F407-RS485数据采集-V2\RS485-主机端 - 删减版 -
#        dev\EWARM\YS-F4Pro\Obj\stm32f4xx_ll_lptim.o"
#        "F:\STM32F407-RS485数据采集-V2\RS485-主机端 - 删减版 -
#        dev\EWARM\YS-F4Pro\Obj\stm32f4xx_ll_pwr.o"
#        "F:\STM32F407-RS485数据采集-V2\RS485-主机端 - 删减版 -
#        dev\EWARM\YS-F4Pro\Obj\stm32f4xx_ll_rcc.o"
#        "F:\STM32F407-RS485数据采集-V2\RS485-主机端 - 删减版 -
#        dev\EWARM\YS-F4Pro\Obj\stm32f4xx_ll_rng.o"
#        "F:\STM32F407-RS485数据采集-V2\RS485-主机端 - 删减版 -
#        dev\EWARM\YS-F4Pro\Obj\stm32f4xx_ll_rtc.o"
#        "F:\STM32F407-RS485数据采集-V2\RS485-主机端 - 删减版 -
#        dev\EWARM\YS-F4Pro\Obj\stm32f4xx_ll_sdmmc.o"
#        "F:\STM32F407-RS485数据采集-V2\RS485-主机端 - 删减版 -
#        dev\EWARM\YS-F4Pro\Obj\stm32f4xx_ll_spi.o"
#        "F:\STM32F407-RS485数据采集-V2\RS485-主机端 - 删减版 -
#        dev\EWARM\YS-F4Pro\Obj\stm32f4xx_ll_tim.o"
#        "F:\STM32F407-RS485数据采集-V2\RS485-主机端 - 删减版 -
#        dev\EWARM\YS-F4Pro\Obj\stm32f4xx_ll_usart.o"
#        "F:\STM32F407-RS485数据采集-V2\RS485-主机端 - 删减版 -
#        dev\EWARM\YS-F4Pro\Obj\stm32f4xx_ll_usb.o"
#        "F:\STM32F407-RS485数据采集-V2\RS485-主机端 - 删减版 -
#        dev\EWARM\YS-F4Pro\Obj\stm32f4xx_ll_utils.o"
#        "F:\STM32F407-RS485数据采集-V2\RS485-主机端 - 删减版 -
#        dev\EWARM\YS-F4Pro\Obj\system_stm32f4xx.o"
#        "F:\STM32F407-RS485数据采集-V2\RS485-主机端 - 删减版 -
#        dev\EWARM\YS-F4Pro\Obj\variable.o" --redirect _Printf=_PrintfFull
#        --redirect _Scanf=_ScanfFull -o
#        "F:\STM32F407-RS485数据采集-V2\RS485-主机端 - 删减版 -
#        dev\EWARM\YS-F4Pro\Exe\YS-F4Pro.out" --map
#        "F:\STM32F407-RS485数据采集-V2\RS485-主机端 - 删减版 -
#        dev\EWARM\YS-F4Pro\List\YS-F4Pro.map" --config
#        "F:\STM32F407-RS485数据采集-V2\RS485-主机端 - 删减版 -
#        dev\EWARM\stm32f407xx_flash.icf" --semihosting --entry
#        __iar_program_start --vfe
#
###############################################################################

*******************************************************************************
*** RUNTIME MODEL ATTRIBUTES
***

CppFlavor                     = *
__Heap_Handler                = DLMalloc
__SystemLibrary               = DLib
__dlib_dynamic_initialization = normal


*******************************************************************************
*** PLACEMENT SUMMARY
***

"A1":  place at 0x08000000 { ro section .intvec };
"P1":  place in [from 0x08000000 to 0x080fffff] { ro };
"P2":  place in [from 0x20000000 to 0x2001ffff] { rw, block CSTACK, block HEAP };

  Section             Kind        Address    Size  Object
  -------             ----        -------    ----  ------
"A1":                                       0x188
  .intvec             ro code  0x08000000   0x188  startup_stm32f407xx.o [1]
                             - 0x08000188   0x188

"P1":                                      0xce40
  .text               ro code  0x08000188  0x2ba4  function.o [1]
  .text               ro code  0x08002d2c    0x24  printf.o [3]
  .text               ro code  0x08002d50   0x7c8  stm32f4xx_hal_uart.o [1]
  .text               ro code  0x08003518    0x4c  strtok.o [3]
  .text               ro code  0x08003564    0x42  strcmp_unaligned.o [5]
  .text               ro code  0x080035a6     0xa  xsprout.o [3]
  .text               ro code  0x080035b0     0x6  ABImemclr4.o [5]
  .text               ro code  0x080035b8    0x44  strcpy_unaligned.o [5]
  .text               ro code  0x080035fc    0x36  strlen.o [5]
  .text               ro code  0x08003634  0x14f0  dlmalloc.o [3]
  .text               ro code  0x08004b24    0x4e  FltToDbl.o [4]
  .text               ro code  0x08004b74    0x34  sprintf.o [3]
  .text               ro code  0x08004ba8     0x8  atoi.o [3]
  .text               ro code  0x08004bb0    0x10  atof.o [4]
  .text               ro code  0x08004bc0    0x2e  DblCmpLe.o [4]
  .text               ro code  0x08004bf0    0x2e  DblCmpGe.o [4]
  .text               ro code  0x08004c1e     0xe  strtod.o [4]
  .text               ro code  0x08004c2c    0x20  DblCmpEq.o [4]
  .text               ro code  0x08004c4c    0x9c  stm32f4xx_hal.o [1]
  .text               ro code  0x08004ce8   0x130  bsp_usartx_RS485.o [1]
  .text               ro code  0x08004e18   0x408  stm32f4xx_hal_rtc.o [1]
  .text               ro code  0x08005220   0x1a2  DblMul.o [4]
  .text               ro code  0x080053c4    0x58  DblToI32.o [4]
  .text               ro code  0x0800541c   0x180  DblSub.o [4]
  .text               ro code  0x0800559c   0x256  DblDiv.o [4]
  .text               ro code  0x080057f4    0x90  DblToFlt.o [4]
  .text               ro code  0x08005884    0xce  crc16.o [1]
  .text               ro code  0x08005952     0x8  abs.o [3]
  .text               ro code  0x0800595c    0x30  I32ToDbl.o [4]
  .text               ro code  0x0800598c    0xe8  DblAdd.o [4]
  .text               ro code  0x08005a74    0x6c  system_stm32f4xx.o [1]
  .text               ro code  0x08005ae0   0x8c0  pow.o [4]
  .text               ro code  0x080063a0   0x3fc  bsp_spiflash.o [1]
  .text               ro code  0x0800679c   0x418  bsp_gpio.o [1]
  .text               ro code  0x08006bb4  0x1166  xprintffull.o [3]
  .text               ro code  0x08007d1c   0x26c  bsp_debug_usart.o [1]
  .text               ro code  0x08007f88    0x26  stm32f4xx_hal_dma.o [1]
  .text               ro code  0x08007fb0   0xc18  main.o [1]
  .text               ro code  0x08008bc8   0x6bc  stm32f4xx_hal_rcc.o [1]
  .text               ro code  0x08009284     0x2  xtls.o [3]
  .text               ro code  0x08009286    0x22  strspn.o [3]
  .text               ro code  0x080092a8    0x22  strcspn.o [3]
  .text               ro code  0x080092cc    0x32  ABImemset48.o [5]
  .text               ro code  0x080092fe     0x6  abort.o [3]
  .text               ro code  0x08009304    0x2c  xgetmemchunk.o [3]
  .text               ro code  0x08009330   0x198  xstoul.o [3]
  .text               ro code  0x080094c8   0x168  xstod.o [4]
  .text               ro code  0x08009630   0x152  stm32f4xx_hal_cortex.o [1]
  .text               ro code  0x08009782    0x6e  stm32f4xx_hal_msp.o [1]
  .text               ro code  0x080097f0   0x260  stm32f4xx_hal_gpio.o [1]
  .text               ro code  0x08009a50   0x2e4  bsp_rtc.o [1]
  .text               ro code  0x08009d34    0x42  xdnorm.o [4]
  .text               ro code  0x08009d76    0x7a  xdint.o [4]
  .text               ro code  0x08009df0     0xc  errno.o [3]
  .text               ro code  0x08009dfc    0xb0  xlog.o [4]
  .text               ro code  0x08009eac   0x2c6  xexp.o [4]
  .text               ro code  0x0800a174   0x36c  stm32f4xx_hal_spi.o [1]
  .text               ro code  0x0800a4e0    0x20  xmbtowc.o [3]
  .text               ro code  0x0800a500    0x16  strchr.o [5]
  .text               ro code  0x0800a518    0x58  memchr.o [5]
  .text               ro code  0x0800a570     0xa  xmbcurmax.o [3]
  .text               ro code  0x0800a57a    0x1a  xwctomb.o [3]
  .text               ro code  0x0800a594    0x76  ABImemcpy_unaligned.o [5]
  .text               ro code  0x0800a60c    0xee  I64DivMod.o [5]
  .text               ro code  0x0800a6fc   0x114  xdscale.o [4]
  .text               ro code  0x0800a810    0x6c  localeconv.o [3]
  .text               ro code  0x0800a87c     0xe  div.o [3]
  .text               ro code  0x0800a88c    0xc8  bsp_led.o [1]
  .text               ro code  0x0800a954    0x7c  bsp_BasicTIM.o [1]
  .text               ro code  0x0800a9d0   0x318  stm32f4xx_hal_tim.o [1]
  .text               ro code  0x0800ace8   0x1cc  sample.o [1]
  .text               ro code  0x0800aeb4    0x14  exit.o [6]
  .text               ro code  0x0800aec8    0x28  isxxx.o [3]
  .text               ro code  0x0800aef0    0x14  tolower.o [3]
  .text               ro code  0x0800af04   0x124  xstopfx.o [3]
  .text               ro code  0x0800b028   0x1b8  xstoflt.o [3]
  .text               ro code  0x0800b1e0   0x200  xdtento.o [4]
  .text               ro code  0x0800b3e0   0x218  xstoxflt.o [3]
  .text               ro code  0x0800b5f8    0x20  stm32f4xx_hal_rtc_ex.o [1]
  .text               ro code  0x0800b618    0x18  stm32f4xx_hal_pwr.o [1]
  .text               ro code  0x0800b630   0x17c  stm32f4xx_hal_rcc_ex.o [1]
  .text               ro code  0x0800b7ac    0x40  xdtest.o [4]
  .text               ro code  0x0800b7ec    0x24  setlocale.o [3]
  .text               ro code  0x0800b810    0x60  xencoding_sb.o [3]
  .text               ro code  0x0800b870     0x2  I64DivZer.o [5]
  .text               ro code  0x0800b874    0x5c  stm32f4xx_hal_tim_ex.o [1]
  .text               ro code  0x0800b8d0    0x16  xlocale_c.o [3]
  .text               ro code  0x0800b8e6    0x14  xlocale_c.o [3]
  .text               ro code  0x0800b8fa     0xc  xlocale_c.o [3]
  .text               ro code  0x0800b906    0x52  xdunscal.o [4]
  .text               ro code  0x0800b958    0xc0  stm32f4xx_it.o [1]
  .rodata             const    0x0800ba18    0x40  function.o [1]
  .rodata             const    0x0800ba58    0x40  function.o [1]
  .rodata             const    0x0800ba98    0x40  function.o [1]
  .rodata             const    0x0800bad8    0x40  function.o [1]
  .rodata             const    0x0800bb18    0x40  function.o [1]
  .rodata             const    0x0800bb58    0x40  function.o [1]
  .rodata             const    0x0800bb98    0x40  function.o [1]
  .rodata             const    0x0800bbd8    0x40  function.o [1]
  .text               ro code  0x0800bc18    0x40  zero_init3.o [5]
  .rodata             const    0x0800bc58    0x3c  bsp_rtc.o [1]
  .rodata             const    0x0800bc94    0x3c  function.o [1]
  .rodata             const    0x0800bcd0    0x3c  function.o [1]
  .rodata             const    0x0800bd0c    0x38  function.o [1]
  .text               ro code  0x0800bd44    0x38  packbits_init_single.o [5]
  .rodata             const    0x0800bd7c    0x34  function.o [1]
  .rodata             const    0x0800bdb0    0x34  function.o [1]
  .rodata             const    0x0800bde4    0x34  function.o [1]
  .rodata             const    0x0800be18    0x30  bsp_rtc.o [1]
  .rodata             const    0x0800be48    0x30  bsp_rtc.o [1]
  .rodata             const    0x0800be78    0x30  bsp_rtc.o [1]
  .rodata             const    0x0800bea8    0x30  bsp_rtc.o [1]
  .rodata             const    0x0800bed8    0x30  bsp_rtc.o [1]
  .rodata             const    0x0800bf08    0x30  bsp_rtc.o [1]
  .rodata             const    0x0800bf38    0x30  bsp_rtc.o [1]
  .rodata             const    0x0800bf68    0x30  function.o [1]
  .rodata             const    0x0800bf98    0x30  function.o [1]
  .rodata             const    0x0800bfc8    0x30  function.o [1]
  .rodata             const    0x0800bff8    0x30  function.o [1]
  .rodata             const    0x0800c028    0x30  function.o [1]
  .rodata             const    0x0800c058    0x30  function.o [1]
  .rodata             const    0x0800c088    0x30  function.o [1]
  .rodata             const    0x0800c0b8    0x30  function.o [1]
  .rodata             const    0x0800c0e8    0x30  function.o [1]
  .rodata             const    0x0800c118    0x2c  function.o [1]
  .rodata             const    0x0800c144    0x2c  function.o [1]
  .rodata             const    0x0800c170    0x2c  function.o [1]
  .rodata             const    0x0800c19c    0x2c  function.o [1]
  .rodata             const    0x0800c1c8    0x2c  function.o [1]
  .rodata             const    0x0800c1f4    0x2c  function.o [1]
  .rodata             const    0x0800c220    0x2c  function.o [1]
  .rodata             const    0x0800c24c    0x2c  function.o [1]
  .rodata             const    0x0800c278    0x2c  function.o [1]
  .rodata             const    0x0800c2a4    0x2c  function.o [1]
  .rodata             const    0x0800c2d0    0x28  function.o [1]
  .rodata             const    0x0800c2f8    0x28  function.o [1]
  .rodata             const    0x0800c320    0x28  function.o [1]
  .rodata             const    0x0800c348    0x28  function.o [1]
  .rodata             const    0x0800c370    0x28  main.o [1]
  .rodata             const    0x0800c398    0x28  main.o [1]
  .text               ro code  0x0800c3c0    0x28  data_init.o [5]
  .rodata             const    0x0800c3e8    0x24  function.o [1]
  .rodata             const    0x0800c40c    0x24  function.o [1]
  .rodata             const    0x0800c430    0x24  function.o [1]
  .rodata             const    0x0800c454    0x24  function.o [1]
  .rodata             const    0x0800c478    0x24  function.o [1]
  .rodata             const    0x0800c49c    0x24  function.o [1]
  .rodata             const    0x0800c4c0    0x24  function.o [1]
  .rodata             const    0x0800c4e4    0x24  function.o [1]
  .rodata             const    0x0800c508    0x24  function.o [1]
  .rodata             const    0x0800c52c    0x24  function.o [1]
  .rodata             const    0x0800c550    0x24  function.o [1]
  .rodata             const    0x0800c574    0x24  function.o [1]
  .rodata             const    0x0800c598    0x24  function.o [1]
  .rodata             const    0x0800c5bc    0x24  function.o [1]
  .rodata             const    0x0800c5e0    0x24  function.o [1]
  .rodata             const    0x0800c604    0x24  function.o [1]
  .rodata             const    0x0800c628    0x24  function.o [1]
  .rodata             const    0x0800c64c    0x24  main.o [1]
  .rodata             const    0x0800c670    0x24  stm32f4xx_it.o [1]
  .rodata             const    0x0800c694    0x24  stm32f4xx_it.o [1]
  .rodata             const    0x0800c6b8    0x24  stm32f4xx_it.o [1]
  .rodata             const    0x0800c6dc    0x24  stm32f4xx_it.o [1]
  .text               ro code  0x0800c700    0x22  fpinit_M.o [4]
  .iar.init_table     const    0x0800c724    0x20  - Linker created -
  .rodata             const    0x0800c744    0x20  function.o [1]
  .rodata             const    0x0800c764    0x20  function.o [1]
  .rodata             const    0x0800c784    0x20  function.o [1]
  .rodata             const    0x0800c7a4    0x20  function.o [1]
  .rodata             const    0x0800c7c4    0x20  function.o [1]
  .rodata             const    0x0800c7e4    0x20  function.o [1]
  .rodata             const    0x0800c804    0x20  function.o [1]
  .rodata             const    0x0800c824    0x20  function.o [1]
  .rodata             const    0x0800c844    0x20  function.o [1]
  .rodata             const    0x0800c864    0x20  function.o [1]
  .rodata             const    0x0800c884    0x20  function.o [1]
  .rodata             const    0x0800c8a4    0x20  function.o [1]
  .rodata             const    0x0800c8c4    0x20  function.o [1]
  .rodata             const    0x0800c8e4    0x20  function.o [1]
  .rodata             const    0x0800c904    0x20  function.o [1]
  .rodata             const    0x0800c924    0x20  function.o [1]
  .rodata             const    0x0800c944    0x20  function.o [1]
  .rodata             const    0x0800c964    0x20  function.o [1]
  .rodata             const    0x0800c984    0x20  function.o [1]
  .rodata             const    0x0800c9a4    0x20  function.o [1]
  .rodata             const    0x0800c9c4    0x20  main.o [1]
  .rodata             const    0x0800c9e4    0x20  sample.o [1]
  .rodata             const    0x0800ca04    0x1c  function.o [1]
  .rodata             const    0x0800ca20    0x1c  function.o [1]
  .rodata             const    0x0800ca3c    0x1c  function.o [1]
  .rodata             const    0x0800ca58    0x1c  function.o [1]
  .rodata             const    0x0800ca74    0x1c  function.o [1]
  .rodata             const    0x0800ca90    0x1c  function.o [1]
  .rodata             const    0x0800caac    0x1c  function.o [1]
  .rodata             const    0x0800cac8    0x1c  function.o [1]
  .rodata             const    0x0800cae4    0x1c  main.o [1]
  .rodata             const    0x0800cb00    0x1c  main.o [1]
  .text               ro code  0x0800cb1c    0x1a  cmain.o [5]
  .text               ro code  0x0800cb36     0x4  low_level_init.o [3]
  .text               ro code  0x0800cb3a     0x4  exit.o [3]
  .text               ro code  0x0800cb40     0xa  cexit.o [5]
  .rodata             const    0x0800cb4c    0x18  function.o [1]
  .rodata             const    0x0800cb64    0x18  function.o [1]
  .rodata             const    0x0800cb7c    0x18  function.o [1]
  .rodata             const    0x0800cb94    0x18  main.o [1]
  .rodata             const    0x0800cbac    0x18  main.o [1]
  .rodata             const    0x0800cbc4    0x18  main.o [1]
  .rodata             const    0x0800cbdc    0x18  main.o [1]
  .rodata             const    0x0800cbf4    0x18  main.o [1]
  .rodata             const    0x0800cc0c    0x18  main.o [1]
  .rodata             const    0x0800cc24    0x18  main.o [1]
  .rodata             const    0x0800cc3c    0x18  main.o [1]
  .text               ro code  0x0800cc54    0x16  xprout.o [3]
  .text               ro code  0x0800cc6c     0xc  putchar.o [3]
  .rodata             const    0x0800cc78    0x14  main.o [1]
  .rodata             const    0x0800cc8c    0x14  main.o [1]
  .rodata             const    0x0800cca0    0x14  main.o [1]
  .rodata             const    0x0800ccb4    0x10  bsp_rtc.o [1]
  .rodata             const    0x0800ccc4    0x10  bsp_usartx_RS485.o [1]
  .rodata             const    0x0800ccd4    0x10  bsp_usartx_RS485.o [1]
  .rodata             const    0x0800cce4    0x10  function.o [1]
  .rodata             const    0x0800ccf4    0x10  main.o [1]
  .rodata             const    0x0800cd04    0x10  system_stm32f4xx.o [1]
  .text               ro code  0x0800cd14    0x10  startup_stm32f407xx.o [1]
  .rodata             const    0x0800cd24     0xc  bsp_usartx_RS485.o [1]
  .rodata             const    0x0800cd30     0xc  function.o [1]
  .rodata             const    0x0800cd3c     0xc  function.o [1]
  .rodata             const    0x0800cd48     0xc  function.o [1]
  .rodata             const    0x0800cd54     0xc  function.o [1]
  .rodata             const    0x0800cd60     0xc  main.o [1]
  .rodata             const    0x0800cd6c     0xc  main.o [1]
  .rodata             const    0x0800cd78     0xc  main.o [1]
  .text               ro code  0x0800cd84     0xc  cstartup_M.o [5]
  .rodata             const    0x0800cd90     0x8  function.o [1]
  .rodata             const    0x0800cd98     0x8  function.o [1]
  .rodata             const    0x0800cda0     0x8  function.o [1]
  .rodata             const    0x0800cda8     0x8  function.o [1]
  .rodata             const    0x0800cdb0     0x8  function.o [1]
  .rodata             const    0x0800cdb8     0x8  main.o [1]
  .rodata             const    0x0800cdc0     0x8  system_stm32f4xx.o [1]
  .text               ro code  0x0800cdc8     0x4  startup_stm32f407xx.o [1]
  .text               ro code  0x0800cdcc     0x4  startup_stm32f407xx.o [1]
  .text               ro code  0x0800cdd0     0x4  startup_stm32f407xx.o [1]
  .text               ro code  0x0800cdd4     0x4  startup_stm32f407xx.o [1]
  .text               ro code  0x0800cdd8     0x4  startup_stm32f407xx.o [1]
  .text               ro code  0x0800cddc     0x4  startup_stm32f407xx.o [1]
  .text               ro code  0x0800cde0     0x4  startup_stm32f407xx.o [1]
  .text               ro code  0x0800cde4     0x4  startup_stm32f407xx.o [1]
  .text               ro code  0x0800cde8     0x4  startup_stm32f407xx.o [1]
  .text               ro code  0x0800cdec     0x4  startup_stm32f407xx.o [1]
  .text               ro code  0x0800cdf0     0x4  startup_stm32f407xx.o [1]
  .text               ro code  0x0800cdf4     0x4  startup_stm32f407xx.o [1]
  .text               ro code  0x0800cdf8     0x4  startup_stm32f407xx.o [1]
  .text               ro code  0x0800cdfc     0x4  startup_stm32f407xx.o [1]
  .text               ro code  0x0800ce00     0x4  startup_stm32f407xx.o [1]
  .text               ro code  0x0800ce04     0x4  startup_stm32f407xx.o [1]
  .text               ro code  0x0800ce08     0x4  startup_stm32f407xx.o [1]
  .text               ro code  0x0800ce0c     0x4  startup_stm32f407xx.o [1]
  .text               ro code  0x0800ce10     0x4  startup_stm32f407xx.o [1]
  .text               ro code  0x0800ce14     0x4  startup_stm32f407xx.o [1]
  .text               ro code  0x0800ce18     0x4  startup_stm32f407xx.o [1]
  .text               ro code  0x0800ce1c     0x4  startup_stm32f407xx.o [1]
  .text               ro code  0x0800ce20     0x4  startup_stm32f407xx.o [1]
  .text               ro code  0x0800ce24     0x4  startup_stm32f407xx.o [1]
  .text               ro code  0x0800ce28     0x4  startup_stm32f407xx.o [1]
  .text               ro code  0x0800ce2c     0x4  startup_stm32f407xx.o [1]
  .text               ro code  0x0800ce30     0x4  startup_stm32f407xx.o [1]
  .text               ro code  0x0800ce34     0x4  startup_stm32f407xx.o [1]
  .text               ro code  0x0800ce38     0x4  startup_stm32f407xx.o [1]
  .text               ro code  0x0800ce3c     0x4  startup_stm32f407xx.o [1]
  .text               ro code  0x0800ce40     0x4  startup_stm32f407xx.o [1]
  .text               ro code  0x0800ce44     0x4  startup_stm32f407xx.o [1]
  .text               ro code  0x0800ce48     0x4  startup_stm32f407xx.o [1]
  .text               ro code  0x0800ce4c     0x4  startup_stm32f407xx.o [1]
  .text               ro code  0x0800ce50     0x4  startup_stm32f407xx.o [1]
  .text               ro code  0x0800ce54     0x4  startup_stm32f407xx.o [1]
  .text               ro code  0x0800ce58     0x4  startup_stm32f407xx.o [1]
  .text               ro code  0x0800ce5c     0x4  startup_stm32f407xx.o [1]
  .text               ro code  0x0800ce60     0x4  startup_stm32f407xx.o [1]
  .text               ro code  0x0800ce64     0x4  startup_stm32f407xx.o [1]
  .text               ro code  0x0800ce68     0x4  startup_stm32f407xx.o [1]
  .text               ro code  0x0800ce6c     0x4  startup_stm32f407xx.o [1]
  .text               ro code  0x0800ce70     0x4  startup_stm32f407xx.o [1]
  .text               ro code  0x0800ce74     0x4  startup_stm32f407xx.o [1]
  .text               ro code  0x0800ce78     0x4  startup_stm32f407xx.o [1]
  .text               ro code  0x0800ce7c     0x4  startup_stm32f407xx.o [1]
  .text               ro code  0x0800ce80     0x4  startup_stm32f407xx.o [1]
  .text               ro code  0x0800ce84     0x4  startup_stm32f407xx.o [1]
  .text               ro code  0x0800ce88     0x4  startup_stm32f407xx.o [1]
  .text               ro code  0x0800ce8c     0x4  startup_stm32f407xx.o [1]
  .text               ro code  0x0800ce90     0x4  startup_stm32f407xx.o [1]
  .text               ro code  0x0800ce94     0x4  startup_stm32f407xx.o [1]
  .text               ro code  0x0800ce98     0x4  startup_stm32f407xx.o [1]
  .text               ro code  0x0800ce9c     0x4  startup_stm32f407xx.o [1]
  .text               ro code  0x0800cea0     0x4  startup_stm32f407xx.o [1]
  .text               ro code  0x0800cea4     0x4  startup_stm32f407xx.o [1]
  .text               ro code  0x0800cea8     0x4  startup_stm32f407xx.o [1]
  .text               ro code  0x0800ceac     0x4  startup_stm32f407xx.o [1]
  .text               ro code  0x0800ceb0     0x4  startup_stm32f407xx.o [1]
  .text               ro code  0x0800ceb4     0x4  startup_stm32f407xx.o [1]
  .text               ro code  0x0800ceb8     0x4  startup_stm32f407xx.o [1]
  .text               ro code  0x0800cebc     0x4  startup_stm32f407xx.o [1]
  .text               ro code  0x0800cec0     0x4  startup_stm32f407xx.o [1]
  .text               ro code  0x0800cec4     0x4  startup_stm32f407xx.o [1]
  .text               ro code  0x0800cec8     0x4  startup_stm32f407xx.o [1]
  .text               ro code  0x0800cecc     0x4  startup_stm32f407xx.o [1]
  .text               ro code  0x0800ced0     0x4  startup_stm32f407xx.o [1]
  .text               ro code  0x0800ced4     0x4  startup_stm32f407xx.o [1]
  .text               ro code  0x0800ced8     0x4  startup_stm32f407xx.o [1]
  .text               ro code  0x0800cedc     0x4  startup_stm32f407xx.o [1]
  .text               ro code  0x0800cee0     0x4  startup_stm32f407xx.o [1]
  .text               ro code  0x0800cee4     0x4  startup_stm32f407xx.o [1]
  .text               ro code  0x0800cee8     0x4  startup_stm32f407xx.o [1]
  .text               ro code  0x0800ceec     0x4  startup_stm32f407xx.o [1]
  .text               ro code  0x0800cef0     0x4  startup_stm32f407xx.o [1]
  .rodata             const    0x0800cef4     0x0  zero_init3.o [5]
  .rodata             const    0x0800cef4     0x0  packbits_init_single.o [5]
  Initializer bytes   const    0x0800cef4    0xd4  <for P2-1>
                             - 0x0800cfc8  0xce40

"P2", part 1 of 3:                          0x1ea
  P2-1                         0x20000000   0x1ea  <Init block>
    .data             inited   0x20000000     0x4  system_stm32f4xx.o [1]
    .data             inited   0x20000004     0x4  variable.o [1]
    .data             inited   0x20000008     0x4  variable.o [1]
    .data             inited   0x2000000c     0x4  variable.o [1]
    .data             inited   0x20000010     0x4  variable.o [1]
    .data             inited   0x20000014     0x4  variable.o [1]
    .data             inited   0x20000018     0x4  variable.o [1]
    .data             inited   0x2000001c     0x4  variable.o [1]
    .data             inited   0x20000020     0x4  variable.o [1]
    .data             inited   0x20000024     0x8  variable.o [1]
    .data             inited   0x2000002c     0x8  variable.o [1]
    .data             inited   0x20000034     0x8  variable.o [1]
    .data             inited   0x2000003c     0x8  variable.o [1]
    .data             inited   0x20000044     0x8  variable.o [1]
    .data             inited   0x2000004c     0x8  variable.o [1]
    .data             inited   0x20000054     0x8  variable.o [1]
    .data             inited   0x2000005c     0x8  variable.o [1]
    .data             inited   0x20000064     0x8  variable.o [1]
    .data             inited   0x2000006c     0x8  variable.o [1]
    .data             inited   0x20000074     0x8  variable.o [1]
    .data             inited   0x2000007c     0x8  variable.o [1]
    .data             inited   0x20000084     0x8  variable.o [1]
    .data             inited   0x2000008c     0x8  variable.o [1]
    .data             inited   0x20000094     0x8  variable.o [1]
    .data             inited   0x2000009c     0x8  variable.o [1]
    .data             inited   0x200000a4    0x40  xfiles.o [3]
    __DLIB_PERTHREAD  inited   0x200000e4     0x4  strtok.o [3]
    __DLIB_PERTHREAD  inited   0x200000e8     0x4  errno.o [3]
    __DLIB_PERTHREAD  inited   0x200000ec    0x74  setlocale.o [3]
    __DLIB_PERTHREAD  inited   0x20000160    0x88  localeconv.o [3]
    .data             inited   0x200001e8     0x2  variable.o [1]
                             - 0x200001ea   0x1ea

"P2", part 2 of 3:                         0x2000
  CSTACK                       0x200001f0  0x1000  <Block>
    CSTACK            uninit   0x200001f0  0x1000  <Block tail>
  HEAP                         0x200011f0  0x1000  <Block>
    HEAP              uninit   0x200011f0  0x1000  <Block tail>
                             - 0x200021f0  0x2000

"P2", part 3 of 3:                          0xda4
  .bss                zero     0x200021f0   0x3e8  variable.o [1]
  .bss                zero     0x200025d8   0x280  variable.o [1]
  .bss                zero     0x20002858   0x1f8  variable.o [1]
  .bss                zero     0x20002a50   0x1d8  dlmalloc.o [3]
  .bss                zero     0x20002c28   0x118  variable.o [1]
  .bss                zero     0x20002d40    0x58  bsp_spiflash.o [1]
  .bss                zero     0x20002d98    0x50  xfiles.o [3]
  .bss                zero     0x20002de8    0x40  bsp_debug_usart.o [1]
  .bss                zero     0x20002e28    0x40  bsp_debug_usart.o [1]
  .bss                zero     0x20002e68    0x40  bsp_usartx_RS485.o [1]
  .bss                zero     0x20002ea8    0x3c  bsp_BasicTIM.o [1]
  .bss                zero     0x20002ee4    0x34  variable.o [1]
  .bss                zero     0x20002f18    0x20  bsp_rtc.o [1]
  .bss                zero     0x20002f38    0x18  dlmalloc.o [3]
  .bss                zero     0x20002f50     0x4  stm32f4xx_hal.o [1]
  .bss                zero     0x20002f54     0x4  variable.o [1]
  .bss                zero     0x20002f58     0x4  variable.o [1]
  .bss                zero     0x20002f5c     0x4  variable.o [1]
  .bss                zero     0x20002f60     0x4  variable.o [1]
  .bss                zero     0x20002f64     0x4  variable.o [1]
  .bss                zero     0x20002f68     0x4  variable.o [1]
  .bss                zero     0x20002f6c     0x4  xgetmemchunk.o [3]
  .bss                zero     0x20002f70     0x2  main.o [1]
  .bss                zero     0x20002f72     0x2  main.o [1]
  .bss                zero     0x20002f74     0x2  variable.o [1]
  .bss                zero     0x20002f76     0x2  variable.o [1]
  .bss                zero     0x20002f78     0x1  main.o [1]
  .bss                zero     0x20002f79     0x1  main.o [1]
  .bss                zero     0x20002f7a     0x1  main.o [1]
  .bss                zero     0x20002f7b     0x1  main.o [1]
  .bss                zero     0x20002f7c     0x1  main.o [1]
  .bss                zero     0x20002f7d     0x1  main.o [1]
  .bss                zero     0x20002f7e     0x1  main.o [1]
  .bss                zero     0x20002f7f     0x1  main.o [1]
  .bss                zero     0x20002f80     0x1  main.o [1]
  .bss                zero     0x20002f81     0x1  main.o [1]
  .bss                zero     0x20002f82     0x1  variable.o [1]
  .bss                zero     0x20002f83     0x1  variable.o [1]
  .bss                zero     0x20002f84     0x1  variable.o [1]
  .bss                zero     0x20002f85     0x1  variable.o [1]
  .bss                zero     0x20002f86     0x1  variable.o [1]
  .bss                zero     0x20002f87     0x1  variable.o [1]
  .bss                zero     0x20002f88     0x1  variable.o [1]
  .bss                zero     0x20002f89     0x1  variable.o [1]
  .bss                zero     0x20002f8a     0x1  variable.o [1]
  .bss                zero     0x20002f8b     0x1  variable.o [1]
  .bss                zero     0x20002f8c     0x1  variable.o [1]
  .bss                zero     0x20002f8d     0x1  variable.o [1]
  .bss                zero     0x20002f8e     0x1  variable.o [1]
  .bss                zero     0x20002f8f     0x1  variable.o [1]
  .bss                zero     0x20002f90     0x1  variable.o [1]
  .bss                zero     0x20002f91     0x1  variable.o [1]
  .bss                zero     0x20002f92     0x1  variable.o [1]
  .bss                zero     0x20002f93     0x1  variable.o [1]
                             - 0x20002f94   0xda4


*******************************************************************************
*** INIT TABLE
***

          Address     Size
          -------     ----
Zero (__iar_zero_init3)
    1 destination range, total size 0xda4:
          0x200021f0  0xda4

Copy/packbits (__iar_packbits_init_single3)
    1 source range, total size 0xd4 (43% of destination):
          0x0800cef4   0xd4
    1 destination range, total size 0x1ea:
          0x20000000  0x1ea



*******************************************************************************
*** MODULE SUMMARY
***

    Module                  ro code  ro data  rw data
    ------                  -------  -------  -------
F:\STM32F407-RS485数据采集-V2\RS485-主机端 - 删减版 - dev\EWARM\YS-F4Pro\Obj: [1]
    bsp_BasicTIM.o              124                60
    bsp_debug_usart.o           620               128
    bsp_gpio.o                1 048
    bsp_led.o                   200
    bsp_rtc.o                   740      412       32
    bsp_spiflash.o            1 020                88
    bsp_usartx_RS485.o          304       44       64
    crc16.o                     206
    function.o               11 172    3 528
    main.o                    3 096      516       14
    sample.o                    460       32
    startup_stm32f407xx.o       708
    stm32f4xx_hal.o             156                 4
    stm32f4xx_hal_cortex.o      338
    stm32f4xx_hal_dma.o          38
    stm32f4xx_hal_gpio.o        608
    stm32f4xx_hal_msp.o         110
    stm32f4xx_hal_pwr.o          24
    stm32f4xx_hal_rcc.o       1 724
    stm32f4xx_hal_rcc_ex.o      380
    stm32f4xx_hal_rtc.o       1 032
    stm32f4xx_hal_rtc_ex.o       32
    stm32f4xx_hal_spi.o         876
    stm32f4xx_hal_tim.o         792
    stm32f4xx_hal_tim_ex.o       92
    stm32f4xx_hal_uart.o      1 992
    stm32f4xx_it.o              192      144
    system_stm32f4xx.o          108       25        4
    variable.o                            70    2 684
    -------------------------------------------------
    Total:                   28 192    4 771    3 078

command line: [2]
    -------------------------------------------------
    Total:

dl7M_tlf.a: [3]
    abort.o                       6
    abs.o                         8
    atoi.o                        8
    div.o                        14
    dlmalloc.o                5 360               496
    errno.o                      12        2        4
    exit.o                        4
    isxxx.o                      40
    localeconv.o                108       59      136
    low_level_init.o              4
    printf.o                     36
    putchar.o                    12
    setlocale.o                  36       50      116
    sprintf.o                    52
    strcspn.o                    34
    strspn.o                     34
    strtok.o                     76        2        4
    tolower.o                    20
    xencoding_sb.o               96
    xfiles.o                              28      144
    xgetmemchunk.o               44                 4
    xlocale_c.o                  54
    xmbcurmax.o                  10
    xmbtowc.o                    32
    xprintffull.o             4 454
    xprout.o                     22
    xsprout.o                    10
    xstoflt.o                   440
    xstopfx.o                   292
    xstoul.o                    408
    xstoxflt.o                  536
    xtls.o                        2
    xwctomb.o                    26
    -------------------------------------------------
    Total:                   12 290      141      904

m7M_tls.a: [4]
    DblAdd.o                    232
    DblCmpEq.o                   32
    DblCmpGe.o                   46
    DblCmpLe.o                   46
    DblDiv.o                    598
    DblMul.o                    418
    DblSub.o                    384
    DblToFlt.o                  144
    DblToI32.o                   88
    FltToDbl.o                   78
    I32ToDbl.o                   48
    atof.o                       16
    fpinit_M.o                   34
    pow.o                     2 240
    strtod.o                     14
    xdint.o                     122
    xdnorm.o                     66
    xdscale.o                   276
    xdtento.o                   512
    xdtest.o                     64
    xdunscal.o                   82
    xexp.o                      710
    xlog.o                      176
    xstod.o                     360
    -------------------------------------------------
    Total:                    6 786

rt7M_tl.a: [5]
    ABImemclr4.o                  6
    ABImemcpy_unaligned.o       118
    ABImemset48.o                50
    I64DivMod.o                 238
    I64DivZer.o                   2
    cexit.o                      10
    cmain.o                      26
    cstartup_M.o                 12
    data_init.o                  40
    memchr.o                     88
    packbits_init_single.o       56
    strchr.o                     22
    strcmp_unaligned.o           66
    strcpy_unaligned.o           68
    strlen.o                     54
    zero_init3.o                 64
    -------------------------------------------------
    Total:                      920

shb_l.a: [6]
    exit.o                       20
    -------------------------------------------------
    Total:                       20

    Gaps                         36        4
    Linker created                        32    8 192
-----------------------------------------------------
    Grand Total:             48 244    4 948   12 174


*******************************************************************************
*** ENTRY LIST
***

Entry                      Address   Size  Type      Object
-----                      -------   ----  ----      ------
.iar.init_table$$Base   0x0800c724          --   Gb  - Linker created -
.iar.init_table$$Limit  0x0800c744          --   Gb  - Linker created -
?main                   0x0800cb1d         Code  Gb  cmain.o [5]
AHBPrescTable           0x0800cd04   0x10  Data  Gb  system_stm32f4xx.o [1]
APBPrescTable           0x0800cdc0    0x8  Data  Gb  system_stm32f4xx.o [1]
Alarm                   0x080014f9   0x24  Code  Gb  function.o [1]
Android_Rx_Count        0x20002f74    0x2  Data  Gb  variable.o [1]
Android_Rx_buf          0x200021f0  0x3e8  Data  Gb  variable.o [1]
BASIC_TIMx_Init         0x0800a955   0x36  Code  Gb  bsp_BasicTIM.o [1]
Backups_Data            0x080001ab   0x6c  Code  Gb  function.o [1]
BitToFloat              0x080026e9  0x17e  Code  Gb  function.o [1]
BitToInt                0x080026cd   0x18  Code  Gb  function.o [1]
BusFault_Handler        0x0800b977    0xe  Code  Gb  stm32f4xx_it.o [1]
CRC16_MODBUS            0x080058d5   0x7e  Code  Gb  crc16.o [1]
CSTACK$$Base            0x200001f0          --   Gb  - Linker created -
CSTACK$$Limit           0x200011f0          --   Gb  - Linker created -
Chang_Start_time        0x08001729  0x114  Code  Gb  function.o [1]
Clean_Data              0x08000469  0x1e6  Code  Gb  function.o [1]
Clear_FLASH_Data        0x08002bf9   0x16  Code  Gb  function.o [1]
Clear_RS485Buf          0x08002119   0x18  Code  Gb  function.o [1]
Close_Beep              0x08002b09    0xc  Code  Gb  function.o [1]
Close_Delay             0x08001849  0x12e  Code  Gb  function.o [1]
Close_Error             0x08001595   0x3e  Code  Gb  function.o [1]
Close_Light             0x08002b21    0xc  Code  Gb  function.o [1]
Close_YiYe_pupm         0x08002b4d    0xc  Code  Gb  function.o [1]
Command_Data            0x08000217   0x72  Code  Gb  function.o [1]
Control                 0x08002061   0xb2  Code  Gb  function.o [1]
Control_flag            0x20002f86    0x1  Data  Gb  variable.o [1]
Control_index_time      0x08001d85  0x2ce  Code  Gb  function.o [1]
Control_max_from_min    0x08001a91   0xb8  Code  Gb  function.o [1]
Control_min_from_max    0x080019cd   0xba  Code  Gb  function.o [1]
Control_sys_temer       0x08001c69   0xe8  Code  Gb  function.o [1]
Control_temer           0x08001b55  0x104  Code  Gb  function.o [1]
D0_Close                0x2000002c    0x8  Data  Gb  variable.o [1]
D0_Open                 0x20000024    0x8  Data  Gb  variable.o [1]
D1_Close                0x2000003c    0x8  Data  Gb  variable.o [1]
D1_Open                 0x20000034    0x8  Data  Gb  variable.o [1]
D2_Close                0x2000004c    0x8  Data  Gb  variable.o [1]
D2_Open                 0x20000044    0x8  Data  Gb  variable.o [1]
D3_Close                0x2000005c    0x8  Data  Gb  variable.o [1]
D3_Open                 0x20000054    0x8  Data  Gb  variable.o [1]
D4_Close                0x2000006c    0x8  Data  Gb  variable.o [1]
D4_Open                 0x20000064    0x8  Data  Gb  variable.o [1]
D5_Close                0x2000007c    0x8  Data  Gb  variable.o [1]
D5_Open                 0x20000074    0x8  Data  Gb  variable.o [1]
D6_Close                0x2000008c    0x8  Data  Gb  variable.o [1]
D6_Open                 0x20000084    0x8  Data  Gb  variable.o [1]
D7_Close                0x2000009c    0x8  Data  Gb  variable.o [1]
D7_Open                 0x20000094    0x8  Data  Gb  variable.o [1]
DebugMon_Handler        0x0800b995    0x2  Code  Gb  stm32f4xx_it.o [1]
Delay_Cfg_Mode          0x20002f83    0x1  Data  Gb  variable.o [1]
Detection               0x08001165  0x390  Code  Gb  function.o [1]
EXTI15_10_IRQHandler    0x0800b9f1   0x14  Code  Gb  stm32f4xx_it.o [1]
EXTI9_5_IRQHandler      0x0800ba05   0x14  Code  Gb  stm32f4xx_it.o [1]
Error_flag              0x20002f8d    0x1  Data  Gb  variable.o [1]
FLAG                    0x20002f91    0x1  Data  Gb  variable.o [1]
Find_Min_Max            0x08002b6d   0x8c  Code  Gb  function.o [1]
Get_Average             0x080007a1  0x18a  Code  Gb  function.o [1]
Get_Data                0x08000971  0x7ba  Code  Gb  function.o [1]
Get_Device_Data         0x080029d1   0xe4  Code  Gb  function.o [1]
HAL_DMA_Abort_IT        0x08007f89   0x26  Code  Gb  stm32f4xx_hal_dma.o [1]
HAL_Delay               0x08004cbd   0x1e  Code  Wk  stm32f4xx_hal.o [1]
HAL_GPIO_EXTI_Callback  0x0800892d   0xce  Code  Gb  main.o [1]
HAL_GPIO_EXTI_IRQHandler
                        0x080099fb   0x1a  Code  Gb  stm32f4xx_hal_gpio.o [1]
HAL_GPIO_Init           0x080097f1  0x1da  Code  Gb  stm32f4xx_hal_gpio.o [1]
HAL_GPIO_ReadPin        0x080099cb   0x12  Code  Gb  stm32f4xx_hal_gpio.o [1]
HAL_GPIO_TogglePin      0x080099f1    0xa  Code  Gb  stm32f4xx_hal_gpio.o [1]
HAL_GPIO_WritePin       0x080099dd   0x14  Code  Gb  stm32f4xx_hal_gpio.o [1]
HAL_GetTick             0x08004cb7    0x6  Code  Wk  stm32f4xx_hal.o [1]
HAL_IncTick             0x08004cab    0xc  Code  Wk  stm32f4xx_hal.o [1]
HAL_Init                0x08004c4d   0x3a  Code  Gb  stm32f4xx_hal.o [1]
HAL_InitTick            0x08004c87   0x24  Code  Wk  stm32f4xx_hal.o [1]
HAL_MspInit             0x08009783   0x6e  Code  Gb  stm32f4xx_hal_msp.o [1]
HAL_NVIC_EnableIRQ      0x08009723    0xa  Code  Gb  stm32f4xx_hal_cortex.o [1]
HAL_NVIC_SetPriority    0x08009701   0x22  Code  Gb  stm32f4xx_hal_cortex.o [1]
HAL_NVIC_SetPriorityGrouping
                        0x080096f9    0x8  Code  Gb  stm32f4xx_hal_cortex.o [1]
HAL_PWR_EnableBkUpAccess
                        0x0800b619   0x12  Code  Gb  stm32f4xx_hal_pwr.o [1]
HAL_RCCEx_PeriphCLKConfig
                        0x0800b631  0x154  Code  Gb  stm32f4xx_hal_rcc_ex.o [1]
HAL_RCC_ClockConfig     0x08008fb1  0x1b2  Code  Gb  stm32f4xx_hal_rcc.o [1]
HAL_RCC_EnableCSS       0x08009163    0x8  Code  Gb  stm32f4xx_hal_rcc.o [1]
HAL_RCC_GetHCLKFreq     0x080091f7    0x6  Code  Gb  stm32f4xx_hal_rcc.o [1]
HAL_RCC_GetPCLK1Freq    0x080091fd   0x20  Code  Gb  stm32f4xx_hal_rcc.o [1]
HAL_RCC_GetPCLK2Freq    0x0800921d   0x20  Code  Gb  stm32f4xx_hal_rcc.o [1]
HAL_RCC_GetSysClockFreq
                        0x0800916b   0x8c  Code  Wk  stm32f4xx_hal_rcc.o [1]
HAL_RCC_OscConfig       0x08008bc9  0x3e8  Code  Wk  stm32f4xx_hal_rcc.o [1]
HAL_RTCEx_BKUPRead      0x0800b609   0x10  Code  Gb  stm32f4xx_hal_rtc_ex.o [1]
HAL_RTCEx_BKUPWrite     0x0800b5f9   0x10  Code  Gb  stm32f4xx_hal_rtc_ex.o [1]
HAL_RTC_GetDate         0x0800512f   0x4a  Code  Gb  stm32f4xx_hal_rtc.o [1]
HAL_RTC_GetTime         0x08004fd9   0x5e  Code  Gb  stm32f4xx_hal_rtc.o [1]
HAL_RTC_Init            0x08004e19   0xae  Code  Gb  stm32f4xx_hal_rtc.o [1]
HAL_RTC_MspInit         0x08009cbd   0x3c  Code  Gb  bsp_rtc.o [1]
HAL_RTC_SetDate         0x08005037   0xf8  Code  Gb  stm32f4xx_hal_rtc.o [1]
HAL_RTC_SetTime         0x08004ec7  0x112  Code  Gb  stm32f4xx_hal_rtc.o [1]
HAL_RTC_WaitForSynchro  0x08005185   0x34  Code  Gb  stm32f4xx_hal_rtc.o [1]
HAL_SPI_Init            0x0800a175   0x8e  Code  Gb  stm32f4xx_hal_spi.o [1]
HAL_SPI_MspInit         0x08006413   0xc8  Code  Gb  bsp_spiflash.o [1]
HAL_SPI_TransmitReceive
                        0x0800a203  0x214  Code  Gb  stm32f4xx_hal_spi.o [1]
HAL_SYSTICK_CLKSourceConfig
                        0x08009735   0x20  Code  Gb  stm32f4xx_hal_cortex.o [1]
HAL_SYSTICK_Callback    0x08009781    0x2  Code  Wk  stm32f4xx_hal_cortex.o [1]
HAL_SYSTICK_Config      0x0800972d    0x8  Code  Gb  stm32f4xx_hal_cortex.o [1]
HAL_SYSTICK_IRQHandler  0x08009779    0x8  Code  Gb  stm32f4xx_hal_cortex.o [1]
HAL_TIMEx_BreakCallback
                        0x0800b8cf    0x2  Code  Wk  stm32f4xx_hal_tim_ex.o [1]
HAL_TIMEx_CommutationCallback
                        0x0800b8cd    0x2  Code  Wk  stm32f4xx_hal_tim_ex.o [1]
HAL_TIMEx_MasterConfigSynchronization
                        0x0800b875   0x58  Code  Gb  stm32f4xx_hal_tim_ex.o [1]
HAL_TIM_Base_Init       0x0800a9d1   0x38  Code  Gb  stm32f4xx_hal_tim.o [1]
HAL_TIM_Base_MspInit    0x0800a98b   0x38  Code  Gb  bsp_BasicTIM.o [1]
HAL_TIM_Base_Start_IT   0x0800aa3d   0x1c  Code  Gb  stm32f4xx_hal_tim.o [1]
HAL_TIM_Base_Stop       0x0800aa09   0x34  Code  Gb  stm32f4xx_hal_tim.o [1]
HAL_TIM_IC_CaptureCallback
                        0x0800abd1    0x2  Code  Wk  stm32f4xx_hal_tim.o [1]
HAL_TIM_IRQHandler      0x0800aa59  0x176  Code  Gb  stm32f4xx_hal_tim.o [1]
HAL_TIM_OC_DelayElapsedCallback
                        0x0800abcf    0x2  Code  Wk  stm32f4xx_hal_tim.o [1]
HAL_TIM_PWM_PulseFinishedCallback
                        0x0800abd3    0x2  Code  Wk  stm32f4xx_hal_tim.o [1]
HAL_TIM_PeriodElapsedCallback
                        0x080087d9  0x154  Code  Gb  main.o [1]
HAL_TIM_TriggerCallback
                        0x0800abd5    0x2  Code  Wk  stm32f4xx_hal_tim.o [1]
HAL_UART_ErrorCallback  0x08003037    0x2  Code  Wk  stm32f4xx_hal_uart.o [1]
HAL_UART_IRQHandler     0x08002f01  0x134  Code  Gb  stm32f4xx_hal_uart.o [1]
HAL_UART_Init           0x08002d51   0x76  Code  Gb  stm32f4xx_hal_uart.o [1]
HAL_UART_MspInit        0x08007d45  0x148  Code  Gb  bsp_debug_usart.o [1]
HAL_UART_Receive_IT     0x08002ea3   0x5e  Code  Gb  stm32f4xx_hal_uart.o [1]
HAL_UART_RxCpltCallback
                        0x080084cd  0x308  Code  Gb  main.o [1]
HAL_UART_Transmit       0x08002dc7   0xdc  Code  Gb  stm32f4xx_hal_uart.o [1]
HAL_UART_TxCpltCallback
                        0x08003035    0x2  Code  Wk  stm32f4xx_hal_uart.o [1]
HEAP$$Base              0x200011f0          --   Gb  - Linker created -
HEAP$$Limit             0x200021f0          --   Gb  - Linker created -
HardFault_Handler       0x0800b95b    0xe  Code  Gb  stm32f4xx_it.o [1]
INPUT_GPIO_Init         0x0800679d  0x290  Code  Gb  bsp_gpio.o [1]
INPUT_StateRead         0x08006a2d   0xa6  Code  Gb  bsp_gpio.o [1]
InvertUint16            0x080058ad   0x28  Code  Gb  crc16.o [1]
InvertUint8             0x08005885   0x28  Code  Gb  crc16.o [1]
LED_GPIO_Init           0x0800a88d   0xba  Code  Gb  bsp_led.o [1]
LEVEL_High              0x20000004    0x4  Data  Gb  variable.o [1]
LEVEL_Low               0x20002f54    0x4  Data  Gb  variable.o [1]
LoadInt                 0x08007203   0x6e  Code  Lc  xprintffull.o [3]
MX_DEBUG_USART_Init     0x08007ee9   0x5c  Code  Gb  bsp_debug_usart.o [1]
MX_NVIC_USART1_Init     0x08007d1d   0x14  Code  Lc  bsp_debug_usart.o [1]
MX_NVIC_USART3_Init     0x08004ce9   0x14  Code  Lc  bsp_usartx_RS485.o [1]
MX_NVIC_USART5_Init     0x08007d31   0x14  Code  Lc  bsp_debug_usart.o [1]
MX_RTC_Init             0x08009c63   0x5a  Code  Gb  bsp_rtc.o [1]
MX_SPIFlash_Init        0x080063a1   0x72  Code  Gb  bsp_spiflash.o [1]
MX_USARTx_Init          0x08007e8d   0x5c  Code  Gb  bsp_debug_usart.o [1]
MemManage_Handler       0x0800b969    0xe  Code  Gb  stm32f4xx_it.o [1]
Modbusprocess           0x080022fd  0x3b2  Code  Gb  function.o [1]
NMI_Handler             0x0800b959    0x2  Code  Gb  stm32f4xx_it.o [1]
NVIC_EnableIRQ          0x08009657   0x14  Code  Lc  stm32f4xx_hal_cortex.o [1]
NVIC_EncodePriority     0x0800968d   0x3e  Code  Lc  stm32f4xx_hal_cortex.o [1]
NVIC_GetPriorityGrouping
                        0x0800964d    0xa  Code  Lc  stm32f4xx_hal_cortex.o [1]
NVIC_SetPriority        0x0800966b   0x22  Code  Lc  stm32f4xx_hal_cortex.o [1]
NVIC_SetPriorityGrouping
                        0x08009631   0x1c  Code  Lc  stm32f4xx_hal_cortex.o [1]
NVIC_SystemReset        0x08000189   0x22  Code  Lc  function.o [1]
OUTPUT_GPIO_Init        0x08006ad3   0xd0  Code  Gb  bsp_gpio.o [1]
Open_Beep               0x08002afd    0xc  Code  Gb  function.o [1]
Open_Delay              0x080015f1  0x132  Code  Gb  function.o [1]
Open_Error              0x0800151d   0x6e  Code  Gb  function.o [1]
Open_Light              0x08002b15    0xc  Code  Gb  function.o [1]
Open_YiYe_pupm          0x08002b31    0xc  Code  Gb  function.o [1]
PendSV_Handler          0x0800b997    0xe  Code  Gb  stm32f4xx_it.o [1]
RCC_IRQHandler          0x0800b9b1    0x2  Code  Gb  stm32f4xx_it.o [1]
RS485_Receive_Data      0x08004da5   0x4a  Code  Gb  bsp_usartx_RS485.o [1]
RS485_Rx_Count          0x20002f76    0x2  Data  Gb  variable.o [1]
RS485_Rx_Count_Old      0x200001e8    0x2  Data  Gb  variable.o [1]
RS485_Rx_buf            0x20002ee4   0x34  Data  Gb  variable.o [1]
RS485_Send_Data         0x08004d59   0x4c  Code  Gb  bsp_usartx_RS485.o [1]
RS485_USARTx_Init       0x08004cfd   0x5c  Code  Gb  bsp_usartx_RS485.o [1]
RTC_Bcd2ToByte          0x08005207   0x1a  Code  Gb  stm32f4xx_hal_rtc.o [1]
RTC_ByteToBcd2          0x080051f1   0x16  Code  Gb  stm32f4xx_hal_rtc.o [1]
RTC_CalendarConfig      0x08009ae3  0x180  Code  Gb  bsp_rtc.o [1]
RTC_CalendarShow        0x0800197d   0x4c  Code  Gb  function.o [1]
RTC_Config_flag         0x20002f8e    0x1  Data  Gb  variable.o [1]
RTC_EnterInitMode       0x080051b9   0x38  Code  Gb  stm32f4xx_hal_rtc.o [1]
Reboot                  0x08002ad7   0x1c  Code  Gb  function.o [1]
Reboot_flag             0x20002f8c    0x1  Data  Gb  variable.o [1]
Region$$Table$$Base     0x0800c724          --   Gb  - Linker created -
Region$$Table$$Limit    0x0800c744          --   Gb  - Linker created -
RevCommand              0x20002f7e    0x1  Data  Gb  main.o [1]
RevDevicesData          0x20002f7d    0x1  Data  Gb  main.o [1]
Rx_Count                0x20002f80    0x1  Data  Gb  main.o [1]
SCM_state               0x20000020    0x4  Data  Gb  variable.o [1]
SPI_CheckFlag_BSY       0x0800a4b9   0x28  Code  Lc  stm32f4xx_hal_spi.o [1]
SPI_FLASH_BufferRead    0x080066bb   0x52  Code  Gb  bsp_spiflash.o [1]
SPI_FLASH_BufferWrite   0x08006583  0x138  Code  Gb  bsp_spiflash.o [1]
SPI_FLASH_PageWrite     0x0800651f   0x64  Code  Gb  bsp_spiflash.o [1]
SPI_FLASH_SectorErase   0x080064db   0x44  Code  Gb  bsp_spiflash.o [1]
SPI_FLASH_SendByte      0x0800670d   0x2c  Code  Gb  bsp_spiflash.o [1]
SPI_FLASH_WaitForWriteEnd
                        0x08006757   0x2c  Code  Gb  bsp_spiflash.o [1]
SPI_FLASH_WriteEnable   0x08006739   0x1e  Code  Gb  bsp_spiflash.o [1]
SPI_WaitFlagStateUntilTimeout
                        0x0800a417   0xa2  Code  Lc  stm32f4xx_hal_spi.o [1]
STREES_High             0x20000008    0x4  Data  Gb  variable.o [1]
STREES_Low              0x20002f58    0x4  Data  Gb  variable.o [1]
SVC_Handler             0x0800b993    0x2  Code  Gb  stm32f4xx_it.o [1]
Sample_RS485            0x0800ad8b  0x11a  Code  Gb  sample.o [1]
Sample_flag             0x20002f84    0x1  Data  Gb  variable.o [1]
Save_Data               0x08000289  0x1d0  Code  Gb  function.o [1]
Save_Device_Data        0x08002891   0xc0  Code  Gb  function.o [1]
Save_flag               0x20002f89    0x1  Data  Gb  variable.o [1]
Sensor_Cfg_Mode         0x20002f82    0x1  Data  Gb  variable.o [1]
Show_Data               0x08002867   0x22  Code  Gb  function.o [1]
Simulation_Level        0x08002ab9   0x1e  Code  Gb  function.o [1]
StringToArray           0x08009a51   0x92  Code  Gb  bsp_rtc.o [1]
SysTick_Config          0x080096cb   0x2e  Code  Lc  stm32f4xx_hal_cortex.o [1]
SysTick_Handler         0x0800b9a5    0xc  Code  Gb  stm32f4xx_it.o [1]
SystemClock_Config      0x08008a15   0xb2  Code  Gb  main.o [1]
SystemCoreClock         0x20000000    0x4  Data  Gb  system_stm32f4xx.o [1]
SystemInit              0x08005a75   0x4c  Code  Gb  system_stm32f4xx.o [1]
TEMP_High               0x20000018    0x4  Data  Gb  variable.o [1]
TEMP_Low                0x20000014    0x4  Data  Gb  variable.o [1]
TIM6_DAC_IRQHandler     0x0800b9c7    0xa  Code  Gb  stm32f4xx_it.o [1]
TIM_Base_SetConfig      0x0800abd7   0xe4  Code  Gb  stm32f4xx_hal_tim.o [1]
UART_DMAAbortOnError    0x080030cd   0x12  Code  Lc  stm32f4xx_hal_uart.o [1]
UART_EndRxTransfer      0x080030a9   0x20  Code  Lc  stm32f4xx_hal_uart.o [1]
UART_EndTransmit_IT     0x0800314b   0x1c  Code  Lc  stm32f4xx_hal_uart.o [1]
UART_Receive_IT         0x08003167   0x9a  Code  Lc  stm32f4xx_hal_uart.o [1]
UART_SetConfig          0x08003201  0x30c  Code  Lc  stm32f4xx_hal_uart.o [1]
UART_Transmit_IT        0x080030e1   0x6a  Code  Lc  stm32f4xx_hal_uart.o [1]
UART_WaitOnFlagUntilTimeout
                        0x08003039   0x70  Code  Lc  stm32f4xx_hal_uart.o [1]
USART1_IRQHandler       0x0800b9b3    0xa  Code  Gb  stm32f4xx_it.o [1]
USART3_IRQHandler       0x0800b9bd    0xa  Code  Gb  stm32f4xx_it.o [1]
UpData                  0x08000655  0x14c  Code  Gb  function.o [1]
UpData_flag             0x20002f85    0x1  Data  Gb  variable.o [1]
UsageFault_Handler      0x0800b985    0xe  Code  Gb  stm32f4xx_it.o [1]
WCOND_High              0x20000010    0x4  Data  Gb  variable.o [1]
WCOND_Low               0x20002f60    0x4  Data  Gb  variable.o [1]
WEIGHT_High             0x2000001c    0x4  Data  Gb  variable.o [1]
WEIGHT_Low              0x20002f64    0x4  Data  Gb  variable.o [1]
WPH_High                0x2000000c    0x4  Data  Gb  variable.o [1]
WPH_Low                 0x20002f5c    0x4  Data  Gb  variable.o [1]
YiYe_pump_control_flag  0x20002f8b    0x1  Data  Gb  variable.o [1]
YiYe_pump_flag          0x20002f8a    0x1  Data  Gb  variable.o [1]
_EncodingSb_Mbtowc      0x0800b82b   0x30  Code  Gb  xencoding_sb.o [3]
_EncodingSb_Wctomb      0x0800b811   0x1a  Code  Gb  xencoding_sb.o [3]
_GenldFull              0x08007a87  0x24c  Code  Lc  xprintffull.o [3]
_IsdstStr               0x200000f0    0x4  Data  Gb  setlocale.o [3]
_LdtobFull              0x08007685  0x3fc  Code  Lc  xprintffull.o [3]
_LitobFull              0x0800757d  0x106  Code  Lc  xprintffull.o [3]
_LocaleC_isalpha        0x0800b8d1   0x16  Code  Gb  xlocale_c.o [3]
_LocaleC_isspace        0x0800b8e7   0x14  Code  Gb  xlocale_c.o [3]
_LocaleC_tolower        0x0800b8fb    0xc  Code  Gb  xlocale_c.o [3]
_LocaleEncoding         0x0800b7ff    0xe  Code  Gb  setlocale.o [3]
_LocaleForCat           0x0800b7ed   0x12  Code  Gb  setlocale.o [3]
_LocaleReturnString     0x20000110   0x50  Data  Lc  setlocale.o [3]
_Locale_Profile         0x200000f4   0x1c  Data  Gb  setlocale.o [3]
_Locale_aeabi_lconv     0x200001b0   0x38  Data  Gb  localeconv.o [3]
_Locale_lconv           0x20000160   0x50  Data  Gb  localeconv.o [3]
_Mbtowc                 0x0800a4e1   0x20  Code  Gb  xmbtowc.o [3]
_PrintfFull             0x08006bb5  0x638  Code  Gb  xprintffull.o [3]
_Prout                  0x0800cc55   0x16  Code  Gb  xprout.o [3]
_PutcharsFull           0x08007cd3   0x2e  Code  Lc  xprintffull.o [3]
_PutstrFull             0x08007271  0x306  Code  Lc  xprintffull.o [3]
_SProut                 0x080035a7    0xa  Code  Gb  xsprout.o [3]
_Stoflt                 0x0800b029  0x1b8  Code  Gb  xstoflt.o [3]
_Stopfx                 0x0800af05  0x124  Code  Gb  xstopfx.o [3]
_Stoxflt                0x0800b3e1  0x1e2  Code  Gb  xstoxflt.o [3]
_Strtok_ssave           0x200000e4    0x4  Data  Lc  strtok.o [3]
_TzoneStr               0x200000ec    0x4  Data  Gb  setlocale.o [3]
_Wctomb                 0x0800a57b   0x1a  Code  Gb  xwctomb.o [3]
__aeabi_cdcmpeq         0x08004c2d         Code  Gb  DblCmpEq.o [4]
__aeabi_cdcmple         0x08004bc1         Code  Gb  DblCmpLe.o [4]
__aeabi_cdrcmple        0x08004bf1         Code  Gb  DblCmpGe.o [4]
__aeabi_d2f             0x080057f5         Code  Gb  DblToFlt.o [4]
__aeabi_d2iz            0x080053c5         Code  Gb  DblToI32.o [4]
__aeabi_d2uiz           0x080053f1         Code  Gb  DblToI32.o [4]
__aeabi_dadd            0x0800598d         Code  Gb  DblAdd.o [4]
__aeabi_ddiv            0x0800559d         Code  Gb  DblDiv.o [4]
__aeabi_dmul            0x08005221         Code  Gb  DblMul.o [4]
__aeabi_dsub            0x0800541d         Code  Gb  DblSub.o [4]
__aeabi_errno_addr      0x08009df1    0x6  Code  Gb  errno.o [3]
__aeabi_f2d             0x08004b25         Code  Gb  FltToDbl.o [4]
__aeabi_i2d             0x0800595d         Code  Gb  I32ToDbl.o [4]
__aeabi_ldiv0           0x0800b871         Code  Gb  I64DivZer.o [5]
__aeabi_memclr4         0x080035b1         Code  Gb  ABImemclr4.o [5]
__aeabi_ui2d            0x08005971         Code  Gb  I32ToDbl.o [4]
__aeabi_uldivmod        0x0800a60d         Code  Gb  I64DivMod.o [5]
__cmain                 0x0800cb1d         Code  Gb  cmain.o [5]
__data_GetMemChunk      0x08009305   0x2c  Code  Gb  xgetmemchunk.o [3]
__exit                  0x0800aeb5   0x14  Code  Gb  exit.o [6]
__iar_Dint              0x08009d77   0x7a  Code  Gb  xdint.o [4]
__iar_Dnorm             0x08009d35   0x42  Code  Gb  xdnorm.o [4]
__iar_Dscale            0x0800a6fd  0x114  Code  Gb  xdscale.o [4]
__iar_Dtentox           0x0800b23d  0x13e  Code  Gb  xdtento.o [4]
__iar_Dtest             0x0800b7ad   0x30  Code  Gb  xdtest.o [4]
__iar_Dunscale          0x0800b907   0x52  Code  Gb  xdunscal.o [4]
__iar_Errno             0x200000e8    0x4  Data  Gb  errno.o [3]
__iar_Exp               0x08009ead  0x2be  Code  Gb  xexp.o [4]
__iar_Locale_lconv_init
                        0x0800a811   0x3a  Code  Gb  localeconv.o [3]
__iar_Logpoly           0x08009dfd   0x76  Code  Gb  xlog.o [4]
__iar_Mbcurmax          0x0800a571    0xa  Code  Gb  xmbcurmax.o [3]
__iar_Memchr            0x0800a519         Code  Gb  memchr.o [5]
__iar_Memset4_word      0x080092cd         Code  Gb  ABImemset48.o [5]
__iar_Memset8_word      0x080092cd         Code  Gb  ABImemset48.o [5]
__iar_Stdout            0x200000a4   0x40  Data  Gb  xfiles.o [3]
__iar_Stod              0x0800962d    0x4  Code  Gb  xstod.o [4]
__iar_Stodx             0x080094c9  0x14e  Code  Gb  xstod.o [4]
__iar_Stoul             0x08009475    0x4  Code  Gb  xstoul.o [3]
__iar_Stoulx            0x08009331  0x13e  Code  Gb  xstoul.o [3]
__iar_Strchr            0x0800a501         Code  Gb  strchr.o [5]
__iar_d2uiz             0x080053fd         Code  Gb  DblToI32.o [4]
__iar_dadd              0x080059a1         Code  Gb  DblAdd.o [4]
__iar_data_init3        0x0800c3c1   0x28  Code  Gb  data_init.o [5]
__iar_dlfree            0x0800460b  0x510  Code  Gb  dlmalloc.o [3]
__iar_dlib_perthread_access
                        0x08009285    0x2  Code  Gb  xtls.o [3]
__iar_dlmalloc          0x08004355  0x2aa  Code  Gb  dlmalloc.o [3]
__iar_dsub              0x08005431         Code  Gb  DblSub.o [4]
__iar_dsubStart         0x08005443         Code  Gb  DblSub.o [4]
__iar_init_vfp          0x0800c701         Code  Gb  fpinit_M.o [4]
__iar_packbits_init_single3
                        0x0800bd45   0x38  Code  Gb  packbits_init_single.o [5]
__iar_program_start     0x0800cd85         Code  Gb  cstartup_M.o [5]
__iar_ui2d              0x08005975         Code  Gb  I32ToDbl.o [4]
__iar_unaligned___aeabi_memcpy
                        0x0800a595         Code  Gb  ABImemcpy_unaligned.o [5]
__iar_unaligned___aeabi_memcpy4
                        0x0800a5b5         Code  Gb  ABImemcpy_unaligned.o [5]
__iar_unaligned___aeabi_memcpy8
                        0x0800a5b5         Code  Gb  ABImemcpy_unaligned.o [5]
__iar_unaligned_strcmp  0x08003565         Code  Gb  strcmp_unaligned.o [5]
__iar_unaligned_strcpy  0x080035b9         Code  Gb  strcpy_unaligned.o [5]
__iar_vfp_atof          0x08004bb1   0x10  Code  Gb  atof.o [4]
__iar_vfp_pow           0x08005f63   0x18  Code  Gb  pow.o [4]
__iar_vfp_strtod        0x08004c1f    0xe  Code  Gb  strtod.o [4]
__iar_zero_init3        0x0800bc19   0x40  Code  Gb  zero_init3.o [5]
__low_level_init        0x0800cb37    0x4  Code  Gb  low_level_init.o [3]
__vector_table          0x08000000         Data  Gb  startup_stm32f407xx.o [1]
_call_main              0x0800cb29         Code  Gb  cmain.o [5]
_exit                   0x0800cb41         Code  Gb  cexit.o [5]
_gm_                    0x20002a50  0x1d8  Data  Lc  dlmalloc.o [3]
_main                   0x0800cb33         Code  Gb  cmain.o [5]
aRxBuffer               0x20002f7a    0x1  Data  Gb  main.o [1]
aRxBuffer_485           0x20002f7b    0x1  Data  Gb  main.o [1]
aRxBuffer_Android       0x20002f81    0x1  Data  Gb  main.o [1]
abort                   0x080092ff    0x6  Code  Gb  abort.o [3]
abs                     0x08005953    0x8  Code  Gb  abs.o [3]
atoi                    0x08004ba9    0x8  Code  Gb  atoi.o [3]
clear_flag              0x20002f90    0x1  Data  Gb  variable.o [1]
com_flag                0x20002f7f    0x1  Data  Gb  main.o [1]
delay                   0x200025d8  0x280  Data  Gb  variable.o [1]
digits                  0x08009478   0x28  Data  Lc  xstoul.o [3]
div                     0x0800a87d    0xe  Code  Gb  div.o [3]
dmul                    0x0800b1e1   0x5a  Code  Lc  xdtento.o [4]
error                   0x20002f78    0x1  Data  Gb  main.o [1]
error_num               0x20002f79    0x1  Data  Gb  main.o [1]
exit                    0x0800cb3b    0x4  Code  Gb  exit.o [3]
fputc                   0x08007f45   0x14  Code  Gb  bsp_debug_usart.o [1]
frist                   0x20002f7c    0x1  Data  Gb  main.o [1]
hrtc                    0x20002f18   0x20  Data  Gb  bsp_rtc.o [1]
hspiflash               0x20002d40   0x58  Data  Gb  bsp_spiflash.o [1]
htimx                   0x20002ea8   0x3c  Data  Gb  bsp_BasicTIM.o [1]
htoi                    0x0800ad1d   0x6e  Code  Gb  sample.o [1]
husart_debug            0x20002de8   0x40  Data  Gb  bsp_debug_usart.o [1]
husartx                 0x20002e28   0x40  Data  Gb  bsp_debug_usart.o [1]
husartx_rs485           0x20002e68   0x40  Data  Gb  bsp_usartx_RS485.o [1]
index_time_control_flag
                        0x20002f92    0x1  Data  Gb  variable.o [1]
index_time_control_flag_assist
                        0x20002f8f    0x1  Data  Gb  variable.o [1]
init_mparams            0x0800364f   0x32  Code  Lc  dlmalloc.o [3]
init_top                0x08003681   0x34  Code  Lc  dlmalloc.o [3]
internal_Pow            0x08005ae1  0x478  Code  Lc  pow.o [4]
isalpha                 0x0800aec9   0x14  Code  Gb  isxxx.o [3]
isspace                 0x0800aedd   0x14  Code  Gb  isxxx.o [3]
itoa                    0x0800296d   0x64  Code  Gb  function.o [1]
lnbias                  0x08005f80  0x420  Data  Lc  pow.o [4]
localeconv              0x0800a84b   0x16  Code  Gb  localeconv.o [3]
main                    0x08007fb1  0x518  Code  Gb  main.o [1]
memchr                  0x0800a519         Code  Gb  memchr.o [5]
minute_timer_count      0x20002f70    0x2  Data  Gb  main.o [1]
movedigit               0x0800216d  0x152  Code  Gb  function.o [1]
mparams                 0x20002f38   0x18  Data  Lc  dlmalloc.o [3]
ndigs                   0x080094a0   0x28  Data  Lc  xstoul.o [3]
obuf                    0x20002d98   0x50  Data  Lc  xfiles.o [3]
pows                    0x0800b398   0x48  Data  Lc  xdtento.o [4]
prepend_alloc           0x080036b5  0x36c  Code  Lc  dlmalloc.o [3]
printf                  0x08002d2d   0x24  Code  Gb  printf.o [3]
putchar                 0x0800cc6d    0xc  Code  Gb  putchar.o [3]
save_data_flag          0x20002f93    0x1  Data  Gb  variable.o [1]
second_timer_count      0x20002f72    0x2  Data  Gb  main.o [1]
segment_holding         0x08003635   0x1a  Code  Lc  dlmalloc.o [3]
sensor_array            0x20002858  0x1f8  Data  Gb  variable.o [1]
sensor_data             0x20002c28  0x118  Data  Gb  variable.o [1]
split                   0x0800ace9   0x34  Code  Gb  sample.o [1]
sprintf                 0x08004b75   0x34  Code  Gb  sprintf.o [3]
strchr                  0x0800a501         Code  Gb  strchr.o [5]
strcspn                 0x080092a9   0x22  Code  Gb  strcspn.o [3]
strlen                  0x080035fd         Code  Gb  strlen.o [5]
strspn                  0x08009287   0x22  Code  Gb  strspn.o [3]
strtok                  0x08003519   0x4c  Code  Gb  strtok.o [3]
sys_alloc               0x08003a21  0x386  Code  Lc  dlmalloc.o [3]
sys_time_Control_flag   0x20002f88    0x1  Data  Gb  variable.o [1]
time_Control_flag       0x20002f87    0x1  Data  Gb  variable.o [1]
time_num                0x20002f68    0x4  Data  Gb  variable.o [1]
tmalloc_large           0x08003db5  0x390  Code  Lc  dlmalloc.o [3]
tmalloc_small           0x08004145  0x210  Code  Lc  dlmalloc.o [3]
tolower                 0x0800aef1   0x14  Code  Gb  tolower.o [3]
uwTick                  0x20002f50    0x4  Data  Gb  stm32f4xx_hal.o [1]


[1] = F:\STM32F407-RS485数据采集-V2\RS485-主机端 - 删减版 - dev\EWARM\YS-F4Pro\Obj
[2] = command line
[3] = dl7M_tlf.a
[4] = m7M_tls.a
[5] = rt7M_tl.a
[6] = shb_l.a

  48 244 bytes of readonly  code memory
   4 948 bytes of readonly  data memory
  12 174 bytes of readwrite data memory

Errors: none
Warnings: none
