<html>
<body>
<pre>
<h1>礦ision Build Log</h1>
<h2>Tool Versions:</h2>
IDE-Version: μVision V5.18.0.0
Copyright (C) 2016 ARM Ltd and ARM Germany GmbH. All rights reserved.
License Information: xx xx, xx, LIC=RC930-BXIBW-UHA8H-W78PA-U2XWQ-CTL0R
 
Tool Versions:
Toolchain:       MDK-ARM Standard  Version: 5.18
Toolchain Path:  F:\Keil_v5\ARM\ARMCC\Bin
C Compiler:      Armcc.exe V5.06 update 1 (build 61)
Assembler:       Armasm.exe V5.06 update 1 (build 61)
Linker/Locator:  ArmLink.exe V5.06 update 1 (build 61)
Library Manager: ArmAr.exe V5.06 update 1 (build 61)
Hex Converter:   FromElf.exe V5.06 update 1 (build 61)
CPU DLL:         SARMCM3.DLL V5.18
Dialog DLL:      DCM.DLL V1.13.6.0
Target DLL:      STLink\ST-LINKIII-KEIL_SWO.dll V2.0.18.0
Dialog DLL:      TCM.DLL V1.14.8.0
 
<h2>Project:</h2>
G:\STM32F407-RS485数据采集-V2\RS485-主机端 - 删减版 - dev\MDK-ARM\YS-F4Pro.uvprojx
Project File Date:  11/22/2018

<h2>Output:</h2>
*** Using Compiler 'V5.06 update 1 (build 61)', folder: 'F:\Keil_v5\ARM\ARMCC\Bin'
Rebuild target 'YS-F4Pro'
assembling startup_stm32f407xx.s...
compiling main.c...
../Inc/function.h(7): warning:  #1295-D: Deprecated declaration Backups_Data - give arg types
  void Backups_Data();
../Inc/function.h(14): warning:  #1295-D: Deprecated declaration Clear_RS485Buf - give arg types
  void Clear_RS485Buf();
../Inc/function.h(18): warning:  #1295-D: Deprecated declaration Save_Data - give arg types
  void Save_Data();
../Inc/function.h(20): warning:  #1295-D: Deprecated declaration UpData - give arg types
  void UpData();
../Inc/function.h(21): warning:  #1295-D: Deprecated declaration Get_Average - give arg types
  void Get_Average();
../Inc/function.h(23): warning:  #1295-D: Deprecated declaration Detection - give arg types
  void Detection();
../Inc/function.h(24): warning:  #1295-D: Deprecated declaration Control - give arg types
  void Control();
../Inc/function.h(36): warning:  #1295-D: Deprecated declaration Reboot - give arg types
  void Reboot();
../Inc/function.h(37): warning:  #1295-D: Deprecated declaration Open_Beep - give arg types
  void Open_Beep();
../Inc/function.h(38): warning:  #1295-D: Deprecated declaration Close_Beep - give arg types
  void Close_Beep();
../Inc/function.h(39): warning:  #1295-D: Deprecated declaration Open_Light - give arg types
  void Open_Light();
../Inc/function.h(40): warning:  #1295-D: Deprecated declaration Close_Light - give arg types
  void Close_Light();
../Src/main.c(134): warning:  #167-D: argument of type "uint8_t *" is incompatible with parameter of type "char *"
    Get_Device_Data(Android_Rx_buf);
../Src/main.c(135): warning:  #167-D: argument of type "uint8_t *" is incompatible with parameter of type "char *restrict"
    strcpy(Rx_buf,Android_Rx_buf);
../Src/main.c(135): warning:  #167-D: argument of type "uint8_t *" is incompatible with parameter of type "const char *restrict"
    strcpy(Rx_buf,Android_Rx_buf);
../Src/main.c(159): warning:  #167-D: argument of type "uint8_t *" is incompatible with parameter of type "char *"
            Save_Device_Data(RS232_Rx_buf);
../Src/main.c(162): warning:  #167-D: argument of type "uint8_t *" is incompatible with parameter of type "char *"
            Save_Device_Data(Android_Rx_buf);
../Src/main.c(188): warning:  #167-D: argument of type "uint8_t *" is incompatible with parameter of type "char *"
        Save_Device_Data(Rx_buf);
../Src/main.c(312): warning:  #167-D: argument of type "char *" is incompatible with parameter of type "uint8_t *"
          HAL_UART_Transmit(&husart_debug,data,strlen((char *)data),1000);    
../Src/main.c: 19 warnings, 0 errors
compiling stm32f4xx_hal_msp.c...
compiling stm32f4xx_it.c...
../Inc/function.h(7): warning:  #1295-D: Deprecated declaration Backups_Data - give arg types
  void Backups_Data();
../Inc/function.h(14): warning:  #1295-D: Deprecated declaration Clear_RS485Buf - give arg types
  void Clear_RS485Buf();
../Inc/function.h(18): warning:  #1295-D: Deprecated declaration Save_Data - give arg types
  void Save_Data();
../Inc/function.h(20): warning:  #1295-D: Deprecated declaration UpData - give arg types
  void UpData();
../Inc/function.h(21): warning:  #1295-D: Deprecated declaration Get_Average - give arg types
  void Get_Average();
../Inc/function.h(23): warning:  #1295-D: Deprecated declaration Detection - give arg types
  void Detection();
../Inc/function.h(24): warning:  #1295-D: Deprecated declaration Control - give arg types
  void Control();
../Inc/function.h(36): warning:  #1295-D: Deprecated declaration Reboot - give arg types
  void Reboot();
../Inc/function.h(37): warning:  #1295-D: Deprecated declaration Open_Beep - give arg types
  void Open_Beep();
../Inc/function.h(38): warning:  #1295-D: Deprecated declaration Close_Beep - give arg types
  void Close_Beep();
../Inc/function.h(39): warning:  #1295-D: Deprecated declaration Open_Light - give arg types
  void Open_Light();
../Inc/function.h(40): warning:  #1295-D: Deprecated declaration Close_Light - give arg types
  void Close_Light();
../Src/stm32f4xx_it.c: 12 warnings, 0 errors
compiling stm32f4xx_assert.c...
compiling variable.c...
..\Src\variable.c(38): warning:  #68-D: integer conversion resulted in a change of sign
  uint16_t RS485_Rx_Count_Old = -1;
..\Src\variable.c: 1 warning, 0 errors
compiling stm32f4xx_hal_flash_ramfunc.c...
compiling stm32f4xx_hal_dma_ex.c...
compiling stm32f4xx_hal_pwr.c...
compiling stm32f4xx_hal_gpio.c...
compiling stm32f4xx_hal_cortex.c...
compiling stm32f4xx_hal_flash.c...
compiling stm32f4xx_hal_dma.c...
compiling stm32f4xx_hal_rcc.c...
compiling stm32f4xx_hal_flash_ex.c...
compiling stm32f4xx_hal.c...
compiling stm32f4xx_hal_pwr_ex.c...
compiling stm32f4xx_hal_rcc_ex.c...
compiling stm32f4xx_hal_tim_ex.c...
compiling stm32f4xx_hal_tim.c...
compiling stm32f4xx_hal_uart.c...
compiling stm32f4xx_hal_adc.c...
compiling stm32f4xx_hal_adc_ex.c...
compiling stm32f4xx_hal_can.c...
compiling stm32f4xx_hal_cec.c...
compiling stm32f4xx_hal_crc.c...
compiling stm32f4xx_hal_cryp.c...
compiling stm32f4xx_hal_cryp_ex.c...
compiling stm32f4xx_hal_dac.c...
compiling stm32f4xx_hal_dac_ex.c...
compiling stm32f4xx_hal_dcmi.c...
compiling stm32f4xx_hal_dcmi_ex.c...
compiling stm32f4xx_hal_dfsdm.c...
compiling stm32f4xx_hal_dma2d.c...
compiling stm32f4xx_hal_dsi.c...
compiling stm32f4xx_hal_eth.c...
compiling stm32f4xx_hal_fmpi2c.c...
compiling stm32f4xx_hal_fmpi2c_ex.c...
compiling stm32f4xx_hal_hash.c...
compiling stm32f4xx_hal_hash_ex.c...
compiling stm32f4xx_hal_hcd.c...
compiling stm32f4xx_hal_i2c.c...
compiling stm32f4xx_hal_i2c_ex.c...
compiling stm32f4xx_hal_i2s.c...
compiling stm32f4xx_hal_i2s_ex.c...
compiling stm32f4xx_hal_irda.c...
compiling stm32f4xx_hal_iwdg.c...
compiling stm32f4xx_hal_lptim.c...
compiling stm32f4xx_hal_ltdc.c...
compiling stm32f4xx_hal_ltdc_ex.c...
compiling stm32f4xx_hal_mmc.c...
compiling stm32f4xx_hal_nand.c...
compiling stm32f4xx_hal_nor.c...
compiling stm32f4xx_hal_pccard.c...
compiling stm32f4xx_hal_pcd.c...
compiling stm32f4xx_hal_pcd_ex.c...
compiling stm32f4xx_hal_qspi.c...
compiling stm32f4xx_hal_rng.c...
compiling stm32f4xx_hal_rtc.c...
compiling stm32f4xx_hal_rtc_ex.c...
compiling stm32f4xx_hal_sai.c...
compiling stm32f4xx_hal_sai_ex.c...
compiling stm32f4xx_hal_sd.c...
compiling stm32f4xx_hal_sdram.c...
compiling stm32f4xx_hal_smartcard.c...
compiling stm32f4xx_hal_spdifrx.c...
compiling stm32f4xx_hal_spi.c...
compiling stm32f4xx_hal_sram.c...
compiling stm32f4xx_hal_usart.c...
compiling stm32f4xx_hal_wwdg.c...
compiling stm32f4xx_ll_adc.c...
compiling stm32f4xx_ll_crc.c...
compiling stm32f4xx_ll_dac.c...
compiling stm32f4xx_ll_dma.c...
compiling stm32f4xx_ll_dma2d.c...
compiling stm32f4xx_ll_exti.c...
compiling stm32f4xx_ll_fmc.c...
compiling stm32f4xx_ll_fsmc.c...
compiling stm32f4xx_ll_gpio.c...
compiling stm32f4xx_ll_i2c.c...
compiling stm32f4xx_ll_lptim.c...
compiling stm32f4xx_ll_pwr.c...
compiling stm32f4xx_ll_rcc.c...
compiling stm32f4xx_ll_rng.c...
compiling stm32f4xx_ll_rtc.c...
compiling stm32f4xx_ll_sdmmc.c...
compiling stm32f4xx_ll_spi.c...
compiling stm32f4xx_ll_tim.c...
compiling stm32f4xx_ll_usart.c...
compiling stm32f4xx_ll_usb.c...
compiling stm32f4xx_ll_utils.c...
compiling system_stm32f4xx.c...
compiling bsp_debug_usart.c...
compiling bsp_usartx_RS485.c...
../Inc/function.h(7): warning:  #1295-D: Deprecated declaration Backups_Data - give arg types
  void Backups_Data();
../Inc/function.h(14): warning:  #1295-D: Deprecated declaration Clear_RS485Buf - give arg types
  void Clear_RS485Buf();
../Inc/function.h(18): warning:  #1295-D: Deprecated declaration Save_Data - give arg types
  void Save_Data();
../Inc/function.h(20): warning:  #1295-D: Deprecated declaration UpData - give arg types
  void UpData();
../Inc/function.h(21): warning:  #1295-D: Deprecated declaration Get_Average - give arg types
  void Get_Average();
../Inc/function.h(23): warning:  #1295-D: Deprecated declaration Detection - give arg types
  void Detection();
../Inc/function.h(24): warning:  #1295-D: Deprecated declaration Control - give arg types
  void Control();
../Inc/function.h(36): warning:  #1295-D: Deprecated declaration Reboot - give arg types
  void Reboot();
../Inc/function.h(37): warning:  #1295-D: Deprecated declaration Open_Beep - give arg types
  void Open_Beep();
../Inc/function.h(38): warning:  #1295-D: Deprecated declaration Close_Beep - give arg types
  void Close_Beep();
../Inc/function.h(39): warning:  #1295-D: Deprecated declaration Open_Light - give arg types
  void Open_Light();
../Inc/function.h(40): warning:  #1295-D: Deprecated declaration Close_Light - give arg types
  void Close_Light();
..\Src\bsp\RS485\bsp_usartx_RS485.c: 12 warnings, 0 errors
compiling function.c...
../Inc/function.h(7): warning:  #1295-D: Deprecated declaration Backups_Data - give arg types
  void Backups_Data();
../Inc/function.h(14): warning:  #1295-D: Deprecated declaration Clear_RS485Buf - give arg types
  void Clear_RS485Buf();
../Inc/function.h(18): warning:  #1295-D: Deprecated declaration Save_Data - give arg types
  void Save_Data();
../Inc/function.h(20): warning:  #1295-D: Deprecated declaration UpData - give arg types
  void UpData();
../Inc/function.h(21): warning:  #1295-D: Deprecated declaration Get_Average - give arg types
  void Get_Average();
../Inc/function.h(23): warning:  #1295-D: Deprecated declaration Detection - give arg types
  void Detection();
../Inc/function.h(24): warning:  #1295-D: Deprecated declaration Control - give arg types
  void Control();
../Inc/function.h(36): warning:  #1295-D: Deprecated declaration Reboot - give arg types
  void Reboot();
../Inc/function.h(37): warning:  #1295-D: Deprecated declaration Open_Beep - give arg types
  void Open_Beep();
../Inc/function.h(38): warning:  #1295-D: Deprecated declaration Close_Beep - give arg types
  void Close_Beep();
../Inc/function.h(39): warning:  #1295-D: Deprecated declaration Open_Light - give arg types
  void Open_Light();
../Inc/function.h(40): warning:  #1295-D: Deprecated declaration Close_Light - give arg types
  void Close_Light();
..\Src\Sample\function.c(24): warning:  #167-D: argument of type "uint8_t *" is incompatible with parameter of type "char *restrict"
    strcpy(RS232_Rx_buf,Rx_buf);
..\Src\Sample\function.c(24): warning:  #167-D: argument of type "uint8_t *" is incompatible with parameter of type "const char *restrict"
    strcpy(RS232_Rx_buf,Rx_buf);
..\Src\Sample\function.c(25): warning:  #167-D: argument of type "uint8_t *" is incompatible with parameter of type "char *restrict"
    strcpy(Android_Rx_buf,Rx_buf);
..\Src\Sample\function.c(25): warning:  #167-D: argument of type "uint8_t *" is incompatible with parameter of type "const char *restrict"
    strcpy(Android_Rx_buf,Rx_buf);
..\Src\Sample\function.c(43): warning:  #167-D: argument of type "uint8_t *" is incompatible with parameter of type "char *restrict"
      port = strtok(RS232_Rx_buf, ",");
..\Src\Sample\function.c(47): warning:  #167-D: argument of type "uint8_t *" is incompatible with parameter of type "char *restrict"
      port = strtok(Android_Rx_buf, ",");
..\Src\Sample\function.c(78): warning:  #167-D: argument of type "uint8_t *" is incompatible with parameter of type "char *restrict"
      strcpy(buf,RS232_Rx_buf);
..\Src\Sample\function.c(78): warning:  #167-D: argument of type "uint8_t *" is incompatible with parameter of type "const char *restrict"
      strcpy(buf,RS232_Rx_buf);
..\Src\Sample\function.c(83): warning:  #167-D: argument of type "uint8_t *" is incompatible with parameter of type "char *restrict"
      strcpy(buf,Android_Rx_buf);
..\Src\Sample\function.c(83): warning:  #167-D: argument of type "uint8_t *" is incompatible with parameter of type "const char *restrict"
      strcpy(buf,Android_Rx_buf);
..\Src\Sample\function.c(87): warning:  #167-D: argument of type "uint8_t *" is incompatible with parameter of type "const char *"
    data_len = strlen(buf);
..\Src\Sample\function.c(94): warning:  #167-D: argument of type "uint8_t *" is incompatible with parameter of type "char *restrict"
    p = strtok(buf, ";");
..\Src\Sample\function.c(103): warning:  #513-D: a value of type "uint8_t *" cannot be assigned to an entity of type "char *"
      p = &buf[len];
..\Src\Sample\function.c(225): warning:  #167-D: argument of type "char *" is incompatible with parameter of type "uint8_t *"
      HAL_UART_Transmit(&husart_debug,data,strlen((char *)data),1000);
..\Src\Sample\function.c(231): warning:  #167-D: argument of type "char *" is incompatible with parameter of type "uint8_t *"
          HAL_UART_Transmit(&husart_debug,data,strlen((char *)data),1000);
..\Src\Sample\function.c(265): warning:  #167-D: argument of type "char *" is incompatible with parameter of type "uint8_t *"
              HAL_UART_Transmit(&husart_debug,data,strlen((char *)data),1000);
..\Src\Sample\function.c(307): warning:  #520-D: initialization with "{...}" expected for aggregate object
      char *temp_data[50] = 
ULL;
..\Src\Sample\function.c(449): warning:  #177-D: variable "data" was declared but never referenced
    char data[20] = {0};
..\Src\Sample\function.c(501): warning:  #167-D: argument of type "char *" is incompatible with parameter of type "uint8_t *"
        HAL_UART_Transmit(&husart_debug,data,strlen((char *)data),1000);
..\Src\Sample\function.c(507): warning:  #167-D: argument of type "char *" is incompatible with parameter of type "uint8_t *"
        HAL_UART_Transmit(&husart_debug,data,strlen((char *)data),1000);
..\Src\Sample\function.c(513): warning:  #167-D: argument of type "char *" is incompatible with parameter of type "uint8_t *"
        HAL_UART_Transmit(&husart_debug,data,strlen((char *)data),1000);
..\Src\Sample\function.c(519): warning:  #167-D: argument of type "char *" is incompatible with parameter of type "uint8_t *"
        HAL_UART_Transmit(&husart_debug,data,strlen((char *)data),1000);
..\Src\Sample\function.c(594): warning:  #167-D: argument of type "char *" is incompatible with parameter of type "uint8_t *"
        HAL_UART_Transmit(&husart_debug,data,strlen((char *)data),1000);
..\Src\Sample\function.c(600): warning:  #167-D: argument of type "char *" is incompatible with parameter of type "uint8_t *"
        HAL_UART_Transmit(&husart_debug,data,strlen((char *)data),1000);
..\Src\Sample\function.c(606): warning:  #167-D: argument of type "char *" is incompatible with parameter of type "uint8_t *"
        HAL_UART_Transmit(&husart_debug,data,strlen((char *)data),1000);
..\Src\Sample\function.c(612): warning:  #167-D: argument of type "char *" is incompatible with parameter of type "uint8_t *"
        HAL_UART_Transmit(&husart_debug,data,strlen((char *)data),1000);
..\Src\Sample\function.c(866): warning:  #1035-D: single-precision operand implicitly converted to double-precision
                        f = f * 0.1;
..\Src\Sample\function.c(869): warning:  #1035-D: single-precision operand implicitly converted to double-precision
                        f = f * 0.01;
..\Src\Sample\function.c(872): warning:  #1035-D: single-precision operand implicitly converted to double-precision
                        f = f * 0.001;
..\Src\Sample\function.c(875): warning:  #1035-D: single-precision operand implicitly converted to double-precision
                        f = f * 0.0001;
..\Src\Sample\function.c(878): warning:  #1035-D: single-precision operand implicitly converted to double-precision
                        f = f * 0.00001;
..\Src\Sample\function.c(881): warning:  #1035-D: single-precision operand implicitly converted to double-precision
                        f = f * 0.000001;
..\Src\Sample\function.c(884): warning:  #1035-D: single-precision operand implicitly converted to double-precision
                        f = f * 0.0000001;
..\Src\Sample\function.c(887): warning:  #1035-D: single-precision operand implicitly converted to double-precision
                        f = f * 0.00000001;
..\Src\Sample\function.c(890): warning:  #1035-D: single-precision operand implicitly converted to double-precision
                        f = f * 0.000000001;
..\Src\Sample\function.c(1134): warning:  #1035-D: single-precision operand implicitly converted to double-precision
      jie = jie * 2.;
..\Src\Sample\function.c(1136): warning:  #1035-D: single-precision operand implicitly converted to double-precision
          jie += 1.;
..\Src\Sample\function.c(1138): warning:  #1035-D: single-precision operand implicitly converted to double-precision
      jie -= 127.;
..\Src\Sample\function.c(1182): warning:  #167-D: argument of type "uint8_t *" is incompatible with parameter of type "char *restrict"
    strcpy(Rx_buf,buf);
..\Src\Sample\function.c(1183): warning:  #167-D: argument of type "uint8_t *" is incompatible with parameter of type "char *restrict"
    strcpy(buffer,buf);
..\Src\Sample\function.c(1198): warning:  #167-D: argument of type "char *" is incompatible with parameter of type "uint8_t *"
    SPI_FLASH_BufferWrite(c, 
LASH_WriteAddress,strlen(c));
..\Src\Sample\function.c(1200): warning:  #167-D: argument of type "uint8_t *" is incompatible with parameter of type "const char *"
    SPI_FLASH_BufferWrite(buffer, 
LASH_WriteAddress+10,strlen(buffer));
..\Src\Sample\function.c(1243): warning:  #167-D: argument of type "char *" is incompatible with parameter of type "uint8_t *"
    SPI_FLASH_BufferRead(size, 
LASH_WriteAddress,10);
..\Src\Sample\function.c(1266): warning:  #167-D: argument of type "uint8_t *" is incompatible with parameter of type "const char *restrict"
      strcpy(buf,buffer);
..\Src\Sample\function.c: 56 warnings, 0 errors
compiling sample.c...
../Inc/function.h(7): warning:  #1295-D: Deprecated declaration Backups_Data - give arg types
  void Backups_Data();
../Inc/function.h(14): warning:  #1295-D: Deprecated declaration Clear_RS485Buf - give arg types
  void Clear_RS485Buf();
../Inc/function.h(18): warning:  #1295-D: Deprecated declaration Save_Data - give arg types
  void Save_Data();
../Inc/function.h(20): warning:  #1295-D: Deprecated declaration UpData - give arg types
  void UpData();
../Inc/function.h(21): warning:  #1295-D: Deprecated declaration Get_Average - give arg types
  void Get_Average();
../Inc/function.h(23): warning:  #1295-D: Deprecated declaration Detection - give arg types
  void Detection();
../Inc/function.h(24): warning:  #1295-D: Deprecated declaration Control - give arg types
  void Control();
../Inc/function.h(36): warning:  #1295-D: Deprecated declaration Reboot - give arg types
  void Reboot();
../Inc/function.h(37): warning:  #1295-D: Deprecated declaration Open_Beep - give arg types
  void Open_Beep();
../Inc/function.h(38): warning:  #1295-D: Deprecated declaration Close_Beep - give arg types
  void Close_Beep();
../Inc/function.h(39): warning:  #1295-D: Deprecated declaration Open_Light - give arg types
  void Open_Light();
../Inc/function.h(40): warning:  #1295-D: Deprecated declaration Close_Light - give arg types
  void Close_Light();
..\Src\Sample\sample.c(89): warning:  #167-D: argument of type "unsigned char *" is incompatible with parameter of type "char *restrict"
              strcpy(command,p->command);
..\Src\Sample\sample.c(90): warning:  #167-D: argument of type "unsigned char *" is incompatible with parameter of type "char *"
              cnt = split(dst,command, ".");
..\Src\Sample\sample.c: 14 warnings, 0 errors
compiling bsp_BasicTIM.c...
compiling bsp_led.c...
compiling crc16.c...
compiling bsp_gpio.c...
compiling bsp_spiflash.c...
compiling bsp_rtc.c...
linking...
Program Size: Code=32068 RO-data=732 RW-data=124 ZI-data=15660  
FromELF: creating hex file...
After Build - User command #1: F:\Keil_v5\ARM\ARMCC\bin\fromelf.exe --bin -o YCXZ.bin YS-F4Pro\YS-F4Pro.axf
".\YS-F4Pro\YS-F4Pro.axf" - 0 Error(s), 114 Warning(s).

<h2>Collection of Component include folders:</h2>
  G:\STM32F407-RS485数据采集-V2\RS485-主机端 - 删减版 - dev\MDK-ARM\RTE
  F:\Keil_v51\ARM\PACK\Keil\STM32F4xx_DFP\2.13.0\Drivers\CMSIS\Device\ST\STM32F4xx\Include

<h2>Collection of Component Files used:</h2>
Build Time Elapsed:  00:03:01
</pre>
</body>
</html>
