Component: ARM Compiler 5.06 update 1 (build 61) Tool: armlink [4d35a8]

==============================================================================

Section Cross References

    startup_stm32f407xx.o(RESET) refers to startup_stm32f407xx.o(STACK) for __initial_sp
    startup_stm32f407xx.o(RESET) refers to startup_stm32f407xx.o(.text) for Reset_Handler
    startup_stm32f407xx.o(RESET) refers to stm32f4xx_it.o(i.NMI_Handler) for NMI_Handler
    startup_stm32f407xx.o(RESET) refers to stm32f4xx_it.o(i.HardFault_Handler) for HardFault_Handler
    startup_stm32f407xx.o(RESET) refers to stm32f4xx_it.o(i.MemManage_Handler) for MemManage_Handler
    startup_stm32f407xx.o(RESET) refers to stm32f4xx_it.o(i.BusFault_Handler) for BusFault_Handler
    startup_stm32f407xx.o(RESET) refers to stm32f4xx_it.o(i.UsageFault_Handler) for UsageFault_Handler
    startup_stm32f407xx.o(RESET) refers to stm32f4xx_it.o(i.SVC_Handler) for SVC_Handler
    startup_stm32f407xx.o(RESET) refers to stm32f4xx_it.o(i.DebugMon_Handler) for DebugMon_Handler
    startup_stm32f407xx.o(RESET) refers to stm32f4xx_it.o(i.PendSV_Handler) for PendSV_Handler
    startup_stm32f407xx.o(RESET) refers to stm32f4xx_it.o(i.SysTick_Handler) for SysTick_Handler
    startup_stm32f407xx.o(RESET) refers to stm32f4xx_it.o(i.RCC_IRQHandler) for RCC_IRQHandler
    startup_stm32f407xx.o(RESET) refers to stm32f4xx_it.o(i.EXTI9_5_IRQHandler) for EXTI9_5_IRQHandler
    startup_stm32f407xx.o(RESET) refers to stm32f4xx_it.o(i.USART1_IRQHandler) for USART1_IRQHandler
    startup_stm32f407xx.o(RESET) refers to stm32f4xx_it.o(i.USART3_IRQHandler) for USART3_IRQHandler
    startup_stm32f407xx.o(RESET) refers to stm32f4xx_it.o(i.EXTI15_10_IRQHandler) for EXTI15_10_IRQHandler
    startup_stm32f407xx.o(RESET) refers to stm32f4xx_it.o(i.UART5_IRQHandler) for UART5_IRQHandler
    startup_stm32f407xx.o(RESET) refers to stm32f4xx_it.o(i.TIM6_DAC_IRQHandler) for TIM6_DAC_IRQHandler
    startup_stm32f407xx.o(.text) refers to system_stm32f4xx.o(i.SystemInit) for SystemInit
    startup_stm32f407xx.o(.text) refers to entry.o(.ARM.Collect$$$$00000000) for __main
    main.o(i.HAL_GPIO_EXTI_Callback) refers to stm32f4xx_hal_gpio.o(i.HAL_GPIO_WritePin) for HAL_GPIO_WritePin
    main.o(i.HAL_GPIO_EXTI_Callback) refers to stm32f4xx_hal_tim.o(i.HAL_TIM_Base_Stop) for HAL_TIM_Base_Stop
    main.o(i.HAL_GPIO_EXTI_Callback) refers to stm32f4xx_hal_tim.o(i.HAL_TIM_Base_Start_IT) for HAL_TIM_Base_Start_IT
    main.o(i.HAL_GPIO_EXTI_Callback) refers to printfa.o(i.__0printf) for __2printf
    main.o(i.HAL_GPIO_EXTI_Callback) refers to variable.o(.data) for Save_flag
    main.o(i.HAL_GPIO_EXTI_Callback) refers to variable.o(.data) for SCM_state
    main.o(i.HAL_GPIO_EXTI_Callback) refers to bsp_basictim.o(.bss) for htimx
    main.o(i.HAL_GPIO_EXTI_Callback) refers to variable.o(.data) for YiYe_pump_control_flag
    main.o(i.HAL_GPIO_EXTI_Callback) refers to variable.o(.data) for YiYe_pump_flag
    main.o(i.HAL_TIM_PeriodElapsedCallback) refers to printfa.o(i.__0sprintf) for __2sprintf
    main.o(i.HAL_TIM_PeriodElapsedCallback) refers to strlen.o(.text) for strlen
    main.o(i.HAL_TIM_PeriodElapsedCallback) refers to stm32f4xx_hal_uart.o(i.HAL_UART_Transmit) for HAL_UART_Transmit
    main.o(i.HAL_TIM_PeriodElapsedCallback) refers to main.o(.data) for .data
    main.o(i.HAL_TIM_PeriodElapsedCallback) refers to variable.o(.data) for Sensor_Cfg_Mode
    main.o(i.HAL_TIM_PeriodElapsedCallback) refers to variable.o(.data) for Sample_flag
    main.o(i.HAL_TIM_PeriodElapsedCallback) refers to variable.o(.data) for Delay_Cfg_Mode
    main.o(i.HAL_TIM_PeriodElapsedCallback) refers to variable.o(.data) for Control_flag
    main.o(i.HAL_TIM_PeriodElapsedCallback) refers to variable.o(.data) for SCM_state
    main.o(i.HAL_TIM_PeriodElapsedCallback) refers to bsp_debug_usart.o(.bss) for husart_debug
    main.o(i.HAL_TIM_PeriodElapsedCallback) refers to variable.o(.data) for UpData_flag
    main.o(i.HAL_TIM_PeriodElapsedCallback) refers to variable.o(.bss) for delay
    main.o(i.HAL_UART_RxCpltCallback) refers to stm32f4xx_hal_uart.o(i.HAL_UART_Receive_IT) for HAL_UART_Receive_IT
    main.o(i.HAL_UART_RxCpltCallback) refers to printfa.o(i.__0printf) for __2printf
    main.o(i.HAL_UART_RxCpltCallback) refers to main.o(.data) for .data
    main.o(i.HAL_UART_RxCpltCallback) refers to variable.o(.bss) for RS485_Rx_buf
    main.o(i.HAL_UART_RxCpltCallback) refers to variable.o(.data) for RS485_Rx_Count
    main.o(i.HAL_UART_RxCpltCallback) refers to bsp_usartx_rs485.o(.bss) for husartx_rs485
    main.o(i.HAL_UART_RxCpltCallback) refers to variable.o(.data) for Android_Rx_Count
    main.o(i.HAL_UART_RxCpltCallback) refers to variable.o(.bss) for Android_Rx_buf
    main.o(i.HAL_UART_RxCpltCallback) refers to variable.o(.data) for Reboot_flag
    main.o(i.HAL_UART_RxCpltCallback) refers to bsp_debug_usart.o(.bss) for husart_debug
[...]
    i.Save_Data                              0x08015540   Section        0  function.o(i.Save_Data)
    i.Save_Device_Data                       0x08015704   Section        0  function.o(i.Save_Device_Data)
    i.Show_Data                              0x080157d0   Section        0  function.o(i.Show_Data)
    i.Simulation_Level                       0x08015800   Section        0  function.o(i.Simulation_Level)
    i.SysTick_Handler                        0x08015860   Section        0  stm32f4xx_it.o(i.SysTick_Handler)
    i.SystemClock_Config                     0x08015870   Section        0  main.o(i.SystemClock_Config)
    i.SystemInit                             0x0801590c   Section        0  system_stm32f4xx.o(i.SystemInit)
    i.TIM6_DAC_IRQHandler                    0x08015968   Section        0  stm32f4xx_it.o(i.TIM6_DAC_IRQHandler)
    i.TIM_Base_SetConfig                     0x08015974   Section        0  stm32f4xx_hal_tim.o(i.TIM_Base_SetConfig)
    i.UART5_IRQHandler                       0x08015a28   Section        0  stm32f4xx_it.o(i.UART5_IRQHandler)
    i.UART_DMAAbortOnError                   0x08015a34   Section        0  stm32f4xx_hal_uart.o(i.UART_DMAAbortOnError)
    UART_DMAAbortOnError                     0x08015a35   Thumb Code    16  stm32f4xx_hal_uart.o(i.UART_DMAAbortOnError)
    i.UART_EndRxTransfer                     0x08015a44   Section        0  stm32f4xx_hal_uart.o(i.UART_EndRxTransfer)
    UART_EndRxTransfer                       0x08015a45   Thumb Code    28  stm32f4xx_hal_uart.o(i.UART_EndRxTransfer)
    i.UART_EndTransmit_IT                    0x08015a60   Section        0  stm32f4xx_hal_uart.o(i.UART_EndTransmit_IT)
    UART_EndTransmit_IT                      0x08015a61   Thumb Code    26  stm32f4xx_hal_uart.o(i.UART_EndTransmit_IT)
    i.UART_Receive_IT                        0x08015a7a   Section        0  stm32f4xx_hal_uart.o(i.UART_Receive_IT)
    UART_Receive_IT                          0x08015a7b   Thumb Code   146  stm32f4xx_hal_uart.o(i.UART_Receive_IT)
    i.UART_SetConfig                         0x08015b0c   Section        0  stm32f4xx_hal_uart.o(i.UART_SetConfig)
    UART_SetConfig                           0x08015b0d   Thumb Code   822  stm32f4xx_hal_uart.o(i.UART_SetConfig)
    i.UART_Transmit_IT                       0x08015e50   Section        0  stm32f4xx_hal_uart.o(i.UART_Transmit_IT)
    UART_Transmit_IT                         0x08015e51   Thumb Code   102  stm32f4xx_hal_uart.o(i.UART_Transmit_IT)
    i.UART_WaitOnFlagUntilTimeout            0x08015eb6   Section        0  stm32f4xx_hal_uart.o(i.UART_WaitOnFlagUntilTimeout)
    UART_WaitOnFlagUntilTimeout              0x08015eb7   Thumb Code   120  stm32f4xx_hal_uart.o(i.UART_WaitOnFlagUntilTimeout)
    i.USART1_IRQHandler                      0x08015f30   Section        0  stm32f4xx_it.o(i.USART1_IRQHandler)
    i.USART3_IRQHandler                      0x08015f3c   Section        0  stm32f4xx_it.o(i.USART3_IRQHandler)
    i.UpData                                 0x08015f48   Section        0  function.o(i.UpData)
    i.UsageFault_Handler                     0x0801610c   Section        0  stm32f4xx_it.o(i.UsageFault_Handler)
    i.__0printf                              0x08016114   Section        0  printfa.o(i.__0printf)
    i.__0sprintf                             0x08016134   Section        0  printfa.o(i.__0sprintf)
    i.__ARM_fpclassify                       0x0801615c   Section        0  fpclassify.o(i.__ARM_fpclassify)
    i.__aeabi_errno_addr                     0x0801618c   Section        0  errno.o(i.__aeabi_errno_addr)
    i.__hardfp_pow                           0x08016198   Section        0  pow.o(i.__hardfp_pow)
    i.__hardfp_strtod                        0x08016de8   Section        0  strtod.o(i.__hardfp_strtod)
    i.__kernel_poly                          0x08016e10   Section        0  poly.o(i.__kernel_poly)
    i.__mathlib_dbl_divzero                  0x08016f08   Section        0  dunder.o(i.__mathlib_dbl_divzero)
    i.__mathlib_dbl_infnan2                  0x08016f38   Section        0  dunder.o(i.__mathlib_dbl_infnan2)
    i.__mathlib_dbl_invalid                  0x08016f50   Section        0  dunder.o(i.__mathlib_dbl_invalid)
    i.__mathlib_dbl_overflow                 0x08016f70   Section        0  dunder.o(i.__mathlib_dbl_overflow)
    i.__mathlib_dbl_underflow                0x08016f90   Section        0  dunder.o(i.__mathlib_dbl_underflow)
    i.__scatterload_copy                     0x08016fb0   Section       14  handlers.o(i.__scatterload_copy)
    i.__scatterload_null                     0x08016fbe   Section        2  handlers.o(i.__scatterload_null)
    i.__scatterload_zeroinit                 0x08016fc0   Section       14  handlers.o(i.__scatterload_zeroinit)
    i.__set_errno                            0x08016fd0   Section        0  errno.o(i.__set_errno)
    i._fp_digits                             0x08016fdc   Section        0  printfa.o(i._fp_digits)
    _fp_digits                               0x08016fdd   Thumb Code   334  printfa.o(i._fp_digits)
    i._is_digit                              0x08017140   Section        0  scanf_fp.o(i._is_digit)
    i._printf_core                           0x08017150   Section        0  printfa.o(i._printf_core)
    _printf_core                             0x08017151   Thumb Code  1744  printfa.o(i._printf_core)
    i._printf_post_padding                   0x0801782c   Section        0  printfa.o(i._printf_post_padding)
    _printf_post_padding                     0x0801782d   Thumb Code    36  printfa.o(i._printf_post_padding)
    i._printf_pre_padding                    0x08017850   Section        0  printfa.o(i._printf_pre_padding)
    _printf_pre_padding                      0x08017851   Thumb Code    46  printfa.o(i._printf_pre_padding)
    i._sputc                                 0x0801787e   Section        0  printfa.o(i._sputc)
    _sputc                                   0x0801787f   Thumb Code    10  printfa.o(i._sputc)
    i.fabs                                   0x08017888   Section        0  fabs.o(i.fabs)
    i.fputc                                  0x080178a0   Section        0  bsp_debug_usart.o(i.fputc)
    i.free                                   0x080178bc   Section        0  malloc.o(i.free)
    i.htoi                                   0x0801790c   Section        0  sample.o(i.htoi)
    i.itoa                                   0x0801796c   Section        0  function.o(i.itoa)
    i.main                                   0x080179dc   Section        0  main.o(i.main)
    i.malloc                                 0x08017c18   Section        0  malloc.o(i.malloc)
    i.movedigit                              0x08017c88   Section        0  function.o(i.movedigit)
    i.split                                  0x08017e28   Section        0  sample.o(i.split)
    i.sqrt                                   0x08017e5e   Section        0  sqrt.o(i.sqrt)
    .constdata                               0x08017ecc   Section       16  system_stm32f4xx.o(.constdata)
    .constdata                               0x08017edc   Section        8  system_stm32f4xx.o(.constdata)
    .constdata                               0x08017ee8   Section      136  pow.o(.constdata)
    bp                                       0x08017ee8   Data          16  pow.o(.constdata)
    dp_h                                     0x08017ef8   Data          16  pow.o(.constdata)
    dp_l                                     0x08017f08   Data          16  pow.o(.constdata)
    L                                        0x08017f18   Data          48  pow.o(.constdata)
    P                                        0x08017f48   Data          40  pow.o(.constdata)
    .constdata                               0x08017f70   Section        8  qnan.o(.constdata)
    .constdata                               0x08017f78   Section      129  ctype_o.o(.constdata)
    .constdata                               0x08017ffc   Section        4  ctype_o.o(.constdata)
    table                                    0x08017ffc   Data           4  ctype_o.o(.constdata)
    .data                                    0x20000000   Section        8  main.o(.data)
    .data                                    0x20000008   Section        4  variable.o(.data)
    .data                                    0x2000000c   Section        4  variable.o(.data)
    .data                                    0x20000010   Section        4  variable.o(.data)
    .data                                    0x20000014   Section        4  variable.o(.data)
    .data                                    0x20000018   Section        4  variable.o(.data)
    .data                                    0x2000001c   Section        4  variable.o(.data)
    .data                                    0x20000020   Section        4  variable.o(.data)
    .data                                    0x20000024   Section        4  variable.o(.data)
    .data                                    0x20000028   Section        4  variable.o(.data)
    .data                                    0x2000002c   Section        4  variable.o(.data)
    .data                                    0x20000030   Section        1  variable.o(.data)
    .data                                    0x20000031   Section        1  variable.o(.data)
    .data                                    0x20000032   Section        2  variable.o(.data)
    .data                                    0x20000034   Section        2  variable.o(.data)
    .data                                    0x20000036   Section        2  variable.o(.data)
    .data                                    0x20000038   Section        1  variable.o(.data)
    .data                                    0x20000039   Section        1  variable.o(.data)
    .data                                    0x2000003a   Section        1  variable.o(.data)
    .data                                    0x2000003b   Section        1  variable.o(.data)
    .data                                    0x2000003c   Section        1  variable.o(.data)
    .data                                    0x2000003d   Section        1  variable.o(.data)
    .data                                    0x20000040   Section        4  variable.o(.data)
    .data                                    0x20000044   Section        1  variable.o(.data)
    .data                                    0x20000045   Section        1  variable.o(.data)
    .data                                    0x20000046   Section        1  variable.o(.data)
    .data                                    0x20000047   Section        1  variable.o(.data)
    .data                                    0x20000048   Section        8  variable.o(.data)
    .data                                    0x20000050   Section        8  variable.o(.data)
    .data                                    0x20000058   Section        8  variable.o(.data)
    .data                                    0x20000060   Section        4  stm32f4xx_hal.o(.data)
    .data                                    0x20000064   Section        4  system_stm32f4xx.o(.data)
    .data                                    0x20000068   Section        4  strtok.o(.data)
    state                                    0x20000068   Data           4  strtok.o(.data)
    .data                                    0x2000006c   Section        4  stdout.o(.data)
    .data                                    0x20000070   Section        4  mvars.o(.data)
    .data                                    0x20000074   Section        4  mvars.o(.data)
    .data                                    0x20000078   Section        4  errno.o(.data)
    _errno                                   0x20000078   Data           4  errno.o(.data)
    .bss                                     0x2000007c   Section      416  variable.o(.bss)
    .bss                                     0x2000021c   Section      200  variable.o(.bss)
    .bss                                     0x200002e8   Section      280  variable.o(.bss)
    .bss                                     0x20000400   Section       50  variable.o(.bss)
    .bss                                     0x20000432   Section       50  variable.o(.bss)
    .bss                                     0x20000464   Section     1000  variable.o(.bss)
    .bss                                     0x2000084c   Section     1000  variable.o(.bss)
    .bss                                     0x20000c34   Section      128  bsp_debug_usart.o(.bss)
    .bss                                     0x20000cb4   Section       64  bsp_usartx_rs485.o(.bss)
    .bss                                     0x20000cf4   Section       60  bsp_basictim.o(.bss)
    .bss                                     0x20000d30   Section       88  bsp_spiflash.o(.bss)
    .bss                                     0x20000d88   Section       32  bsp_rtc.o(.bss)
    HEAP                                     0x20000da8   Section     8192  startup_stm32f407xx.o(HEAP)
    STACK                                    0x20002da8   Section     4096  startup_stm32f407xx.o(STACK)

    Global Symbols

    Symbol Name                              Value     Ov Type        Size  Object(Section)

    BuildAttributes$$THM_ISAv4$E$P$D$K$B$S$7EM$VFPi3$EXTD16$VFPS$VFMA$PE$A:L22UL41UL21$X:L11$S22US41US21$IEEE1$IW$USESV6$~STKCKD$USESV7$~SHL$OTIME$ROPI$IEEEX$EBA8$MICROLIB$REQ8$PRES8$EABIv2 0x00000000   Number         0  anon$$obj.o ABSOLUTE
    __ARM_use_no_argv                        0x00000000   Number         0  main.o ABSOLUTE
    _printf_a                                0x00000000   Number         0  stubs.o ABSOLUTE
    _printf_c                                0x00000000   Number         0  stubs.o ABSOLUTE
    _printf_charcount                        0x00000000   Number         0  stubs.o ABSOLUTE
    _printf_d                                0x00000000   Number         0  stubs.o ABSOLUTE
    _printf_e                                0x00000000   Number         0  stubs.o ABSOLUTE
    _printf_f                                0x00000000   Number         0  stubs.o ABSOLUTE
    _printf_flags                            0x00000000   Number         0  stubs.o ABSOLUTE
    _printf_fp_dec                           0x00000000   Number         0  stubs.o ABSOLUTE
    _printf_fp_hex                           0x00000000   Number         0  stubs.o ABSOLUTE
    _printf_g                                0x00000000   Number         0  stubs.o ABSOLUTE
    _printf_i                                0x00000000   Number         0  stubs.o ABSOLUTE
    _printf_int_dec                          0x00000000   Number         0  stubs.o ABSOLUTE
    _printf_l                                0x00000000   Number         0  stubs.o ABSOLUTE
    _printf_lc                               0x00000000   Number         0  stubs.o ABSOLUTE
    _printf_ll                               0x00000000   Number         0  stubs.o ABSOLUTE
    _printf_lld                              0x00000000   Number         0  stubs.o ABSOLUTE
    _printf_lli                              0x00000000   Number         0  stubs.o ABSOLUTE
    _printf_llo                              0x00000000   Number         0  stubs.o ABSOLUTE
    _printf_llu                              0x00000000   Number         0  stubs.o ABSOLUTE
    _printf_llx                              0x00000000   Number         0  stubs.o ABSOLUTE
    _printf_longlong_dec                     0x00000000   Number         0  stubs.o ABSOLUTE
    _printf_longlong_hex                     0x00000000   Number         0  stubs.o ABSOLUTE
    _printf_longlong_oct                     0x00000000   Number         0  stubs.o ABSOLUTE
    _printf_ls                               0x00000000   Number         0  stubs.o ABSOLUTE
    _printf_mbtowc                           0x00000000   Number         0  stubs.o ABSOLUTE
    _printf_n                                0x00000000   Number         0  stubs.o ABSOLUTE
    _printf_o                                0x00000000   Number         0  stubs.o ABSOLUTE
    _printf_p                                0x00000000   Number         0  stubs.o ABSOLUTE
    _printf_percent                          0x00000000   Number         0  stubs.o ABSOLUTE
    _printf_pre_padding                      0x00000000   Number         0  stubs.o ABSOLUTE
    _printf_return_value                     0x00000000   Number         0  stubs.o ABSOLUTE
    _printf_s                                0x00000000   Number         0  stubs.o ABSOLUTE
    _printf_sizespec                         0x00000000   Number         0  stubs.o ABSOLUTE
    _printf_str                              0x00000000   Number         0  stubs.o ABSOLUTE
    _printf_truncate_signed                  0x00000000   Number         0  stubs.o ABSOLUTE
    _printf_truncate_unsigned                0x00000000   Number         0  stubs.o ABSOLUTE
    _printf_u                                0x00000000   Number         0  stubs.o ABSOLUTE
    _printf_wc                               0x00000000   Number         0  stubs.o ABSOLUTE
    _printf_wctomb                           0x00000000   Number         0  stubs.o ABSOLUTE
    _printf_widthprec                        0x00000000   Number         0  stubs.o ABSOLUTE
    _printf_x                                0x00000000   Number         0  stubs.o ABSOLUTE
    __cpp_initialize__aeabi_                  - Undefined Weak Reference
    __cxa_finalize                            - Undefined Weak Reference
    __decompress                              - Undefined Weak Reference
    _clock_init                               - Undefined Weak Reference
    _microlib_exit                            - Undefined Weak Reference
    __Vectors_Size                           0x00000188   Number         0  startup_stm32f407xx.o ABSOLUTE
    __Vectors                                0x08010000   Data           4  startup_stm32f407xx.o(RESET)
    __Vectors_End                            0x08010188   Data           0  startup_stm32f407xx.o(RESET)
    __main                                   0x08010189   Thumb Code     0  entry.o(.ARM.Collect$$$$00000000)
    _main_stk                                0x08010189   Thumb Code     0  entry2.o(.ARM.Collect$$$$00000001)
    _main_scatterload                        0x0801018d   Thumb Code     0  entry5.o(.ARM.Collect$$$$00000004)
    __main_after_scatterload                 0x08010191   Thumb Code     0  entry5.o(.ARM.Collect$$$$00000004)
    _main_clock                              0x08010191   Thumb Code     0  entry7b.o(.ARM.Collect$$$$00000008)
    _main_cpp_init                           0x08010191   Thumb Code     0  entry8b.o(.ARM.Collect$$$$0000000A)
    _main_init                               0x08010191   Thumb Code     0  entry9a.o(.ARM.Collect$$$$0000000B)
    __rt_final_cpp                           0x08010199   Thumb Code     0  entry10a.o(.ARM.Collect$$$$0000000D)
    __rt_final_exit                          0x08010199   Thumb Code     0  entry11a.o(.ARM.Collect$$$$0000000F)
    Reset_Handler                            0x0801019d   Thumb Code     8  startup_stm32f407xx.o(.text)
    ADC_IRQHandler                           0x080101b7   Thumb Code     0  startup_stm32f407xx.o(.text)
    CAN1_RX0_IRQHandler                      0x080101b7   Thumb Code     0  startup_stm32f407xx.o(.text)
    CAN1_RX1_IRQHandler                      0x080101b7   Thumb Code     0  startup_stm32f407xx.o(.text)
    CAN1_SCE_IRQHandler                      0x080101b7   Thumb Code     0  startup_stm32f407xx.o(.text)
    CAN1_TX_IRQHandler                       0x080101b7   Thumb Code     0  startup_stm32f407xx.o(.text)
    CAN2_RX0_IRQHandler                      0x080101b7   Thumb Code     0  startup_stm32f407xx.o(.text)
    CAN2_RX1_IRQHandler                      0x080101b7   Thumb Code     0  startup_stm32f407xx.o(.text)
    CAN2_SCE_IRQHandler                      0x080101b7   Thumb Code     0  startup_stm32f407xx.o(.text)
    CAN2_TX_IRQHandler                       0x080101b7   Thumb Code     0  startup_stm32f407xx.o(.text)
    DCMI_IRQHandler                          0x080101b7   Thumb Code     0  startup_stm32f407xx.o(.text)
    DMA1_Stream0_IRQHandler                  0x080101b7   Thumb Code     0  startup_stm32f407xx.o(.text)
    DMA1_Stream1_IRQHandler                  0x080101b7   Thumb Code     0  startup_stm32f407xx.o(.text)
    DMA1_Stream2_IRQHandler                  0x080101b7   Thumb Code     0  startup_stm32f407xx.o(.text)
    DMA1_Stream3_IRQHandler                  0x080101b7   Thumb Code     0  startup_stm32f407xx.o(.text)
    DMA1_Stream4_IRQHandler                  0x080101b7   Thumb Code     0  startup_stm32f407xx.o(.text)
    DMA1_Stream5_IRQHandler                  0x080101b7   Thumb Code     0  startup_stm32f407xx.o(.text)
    DMA1_Stream6_IRQHandler                  0x080101b7   Thumb Code     0  startup_stm32f407xx.o(.text)
    DMA1_Stream7_IRQHandler                  0x080101b7   Thumb Code     0  startup_stm32f407xx.o(.text)
    DMA2_Stream0_IRQHandler                  0x080101b7   Thumb Code     0  startup_stm32f407xx.o(.text)
    DMA2_Stream1_IRQHandler                  0x080101b7   Thumb Code     0  startup_stm32f407xx.o(.text)
    DMA2_Stream2_IRQHandler                  0x080101b7   Thumb Code     0  startup_stm32f407xx.o(.text)
    DMA2_Stream3_IRQHandler                  0x080101b7   Thumb Code     0  startup_stm32f407xx.o(.text)
    DMA2_Stream4_IRQHandler                  0x080101b7   Thumb Code     0  startup_stm32f407xx.o(.text)
    DMA2_Stream5_IRQHandler                  0x080101b7   Thumb Code     0  startup_stm32f407xx.o(.text)
    DMA2_Stream6_IRQHandler                  0x080101b7   Thumb Code     0  startup_stm32f407xx.o(.text)
    DMA2_Stream7_IRQHandler                  0x080101b7   Thumb Code     0  startup_stm32f407xx.o(.text)
    ETH_IRQHandler                           0x080101b7   Thumb Code     0  startup_stm32f407xx.o(.text)
    ETH_WKUP_IRQHandler                      0x080101b7   Thumb Code     0  startup_stm32f407xx.o(.text)
    EXTI0_IRQHandler                         0x080101b7   Thumb Code     0  startup_stm32f407xx.o(.text)
    EXTI1_IRQHandler                         0x080101b7   Thumb Code     0  startup_stm32f407xx.o(.text)
    EXTI2_IRQHandler                         0x080101b7   Thumb Code     0  startup_stm32f407xx.o(.text)
    EXTI3_IRQHandler                         0x080101b7   Thumb Code     0  startup_stm32f407xx.o(.text)
    EXTI4_IRQHandler                         0x080101b7   Thumb Code     0  startup_stm32f407xx.o(.text)
    FLASH_IRQHandler                         0x080101b7   Thumb Code     0  startup_stm32f407xx.o(.text)
    FMC_IRQHandler                           0x080101b7   Thumb Code     0  startup_stm32f407xx.o(.text)
    FPU_IRQHandler                           0x080101b7   Thumb Code     0  startup_stm32f407xx.o(.text)
    HASH_RNG_IRQHandler                      0x080101b7   Thumb Code     0  startup_stm32f407xx.o(.text)
    I2C1_ER_IRQHandler                       0x080101b7   Thumb Code     0  startup_stm32f407xx.o(.text)
    I2C1_EV_IRQHandler                       0x080101b7   Thumb Code     0  startup_stm32f407xx.o(.text)
    I2C2_ER_IRQHandler                       0x080101b7   Thumb Code     0  startup_stm32f407xx.o(.text)
    I2C2_EV_IRQHandler                       0x080101b7   Thumb Code     0  startup_stm32f407xx.o(.text)
    I2C3_ER_IRQHandler                       0x080101b7   Thumb Code     0  startup_stm32f407xx.o(.text)
    I2C3_EV_IRQHandler                       0x080101b7   Thumb Code     0  startup_stm32f407xx.o(.text)
    OTG_FS_IRQHandler                        0x080101b7   Thumb Code     0  startup_stm32f407xx.o(.text)
    OTG_FS_WKUP_IRQHandler                   0x080101b7   Thumb Code     0  startup_stm32f407xx.o(.text)
    OTG_HS_EP1_IN_IRQHandler                 0x080101b7   Thumb Code     0  startup_stm32f407xx.o(.text)
    OTG_HS_EP1_OUT_IRQHandler                0x080101b7   Thumb Code     0  startup_stm32f407xx.o(.text)
    OTG_HS_IRQHandler                        0x080101b7   Thumb Code     0  startup_stm32f407xx.o(.text)
    OTG_HS_WKUP_IRQHandler                   0x080101b7   Thumb Code     0  startup_stm32f407xx.o(.text)
    PVD_IRQHandler                           0x080101b7   Thumb Code     0  startup_stm32f407xx.o(.text)
    RTC_Alarm_IRQHandler                     0x080101b7   Thumb Code     0  startup_stm32f407xx.o(.text)
    RTC_WKUP_IRQHandler                      0x080101b7   Thumb Code     0  startup_stm32f407xx.o(.text)
    SDIO_IRQHandler                          0x080101b7   Thumb Code     0  startup_stm32f407xx.o(.text)
    SPI1_IRQHandler                          0x080101b7   Thumb Code     0  startup_stm32f407xx.o(.text)
    SPI2_IRQHandler                          0x080101b7   Thumb Code     0  startup_stm32f407xx.o(.text)
    SPI3_IRQHandler                          0x080101b7   Thumb Code     0  startup_stm32f407xx.o(.text)
    TAMP_STAMP_IRQHandler                    0x080101b7   Thumb Code     0  startup_stm32f407xx.o(.text)
    TIM1_BRK_TIM9_IRQHandler                 0x080101b7   Thumb Code     0  startup_stm32f407xx.o(.text)
    TIM1_CC_IRQHandler                       0x080101b7   Thumb Code     0  startup_stm32f407xx.o(.text)
    TIM1_TRG_COM_TIM11_IRQHandler            0x080101b7   Thumb Code     0  startup_stm32f407xx.o(.text)
    TIM1_UP_TIM10_IRQHandler                 0x080101b7   Thumb Code     0  startup_stm32f407xx.o(.text)
    TIM2_IRQHandler                          0x080101b7   Thumb Code     0  startup_stm32f407xx.o(.text)
    TIM3_IRQHandler                          0x080101b7   Thumb Code     0  startup_stm32f407xx.o(.text)
    TIM4_IRQHandler                          0x080101b7   Thumb Code     0  startup_stm32f407xx.o(.text)
    TIM5_IRQHandler                          0x080101b7   Thumb Code     0  startup_stm32f407xx.o(.text)
    TIM7_IRQHandler                          0x080101b7   Thumb Code     0  startup_stm32f407xx.o(.text)
    TIM8_BRK_TIM12_IRQHandler                0x080101b7   Thumb Code     0  startup_stm32f407xx.o(.text)
    TIM8_CC_IRQHandler                       0x080101b7   Thumb Code     0  startup_stm32f407xx.o(.text)
    TIM8_TRG_COM_TIM14_IRQHandler            0x080101b7   Thumb Code     0  startup_stm32f407xx.o(.text)
    TIM8_UP_TIM13_IRQHandler                 0x080101b7   Thumb Code     0  startup_stm32f407xx.o(.text)
    UART4_IRQHandler                         0x080101b7   Thumb Code     0  startup_stm32f407xx.o(.text)
    USART2_IRQHandler                        0x080101b7   Thumb Code     0  startup_stm32f407xx.o(.text)
    USART6_IRQHandler                        0x080101b7   Thumb Code     0  startup_stm32f407xx.o(.text)
    WWDG_IRQHandler                          0x080101b7   Thumb Code     0  startup_stm32f407xx.o(.text)
    tolower                                  0x080101c1   Thumb Code    12  tolower.o(.text)
    __aeabi_memset                           0x080101cd   Thumb Code    14  memseta.o(.text)
    __aeabi_memset4                          0x080101cd   Thumb Code     0  memseta.o(.text)
    __aeabi_memset8                          0x080101cd   Thumb Code     0  memseta.o(.text)
    __aeabi_memclr                           0x080101db   Thumb Code     4  memseta.o(.text)
    __aeabi_memclr4                          0x080101db   Thumb Code     0  memseta.o(.text)
    __aeabi_memclr8                          0x080101db   Thumb Code     0  memseta.o(.text)
    _memset$wrapper                          0x080101df   Thumb Code    18  memseta.o(.text)
    strlen                                   0x080101f1   Thumb Code    14  strlen.o(.text)
    strcmp                                   0x080101ff   Thumb Code    28  strcmp.o(.text)
    strcpy                                   0x0801021b   Thumb Code    18  strcpy.o(.text)
    strtok                                   0x0801022d   Thumb Code    62  strtok.o(.text)
    atoi                                     0x08010271   Thumb Code    26  atoi.o(.text)
    __aeabi_dadd                             0x0801028b   Thumb Code   322  dadd.o(.text)
    __aeabi_dsub                             0x080103cd   Thumb Code     6  dadd.o(.text)
    __aeabi_drsub                            0x080103d3   Thumb Code     6  dadd.o(.text)
    __aeabi_dmul                             0x080103d9   Thumb Code   228  dmul.o(.text)
    __aeabi_ui2d                             0x080104bd   Thumb Code    26  dfltui.o(.text)
    __aeabi_d2uiz                            0x080104d7   Thumb Code    50  dfixui.o(.text)
    __aeabi_f2d                              0x08010509   Thumb Code    38  f2d.o(.text)
    __aeabi_cdcmpeq                          0x08010531   Thumb Code     0  cdcmple.o(.text)
    __aeabi_cdcmple                          0x08010531   Thumb Code    48  cdcmple.o(.text)
    __aeabi_cdrcmple                         0x08010561   Thumb Code    48  cdrcmple.o(.text)
    __aeabi_d2f                              0x08010591   Thumb Code    56  d2f.o(.text)
    __aeabi_uidiv                            0x080105c9   Thumb Code     0  uidiv.o(.text)
    __aeabi_uidivmod                         0x080105c9   Thumb Code    44  uidiv.o(.text)
    __aeabi_uldivmod                         0x080105f5   Thumb Code    98  uldiv.o(.text)
    __aeabi_llsl                             0x08010657   Thumb Code    30  llshl.o(.text)
    _ll_shift_l                              0x08010657   Thumb Code     0  llshl.o(.text)
    __aeabi_llsr                             0x08010675   Thumb Code    32  llushr.o(.text)
    _ll_ushift_r                             0x08010675   Thumb Code     0  llushr.o(.text)
    __aeabi_lasr                             0x08010695   Thumb Code    36  llsshr.o(.text)
    _ll_sshift_r                             0x08010695   Thumb Code     0  llsshr.o(.text)
    __strtod_int                             0x080106ef   Thumb Code    88  strtod.o(.text)
    strtol                                   0x08010755   Thumb Code   112  strtol.o(.text)
    __I$use$fp                               0x080107c5   Thumb Code     0  iusefp.o(.text)
    _float_round                             0x080107c5   Thumb Code    18  fepilogue.o(.text)
    _float_epilogue                          0x080107d7   Thumb Code    92  fepilogue.o(.text)
    _double_round                            0x08010833   Thumb Code    30  depilogue.o(.text)
    _double_epilogue                         0x08010851   Thumb Code   156  depilogue.o(.text)
    __aeabi_ddiv                             0x080108ed   Thumb Code   222  ddiv.o(.text)
    __ARM_scalbn                             0x080109cb   Thumb Code    46  dscalb.o(.text)
    scalbn                                   0x080109cb   Thumb Code     0  dscalb.o(.text)
    __aeabi_i2d                              0x080109f9   Thumb Code    34  dflti.o(.text)
    __aeabi_d2ulz                            0x08010a1b   Thumb Code    48  dfixul.o(.text)
    __scatterload                            0x08010a4d   Thumb Code    28  init.o(.text)
    __scatterload_rt2                        0x08010a4d   Thumb Code     0  init.o(.text)
    __rt_ctype_table                         0x08010a71   Thumb Code     4  ctype_o.o(.text)
    isspace                                  0x08010a79   Thumb Code    18  isspace_o.o(.text)
    _scanf_real                              0x08010b8d   Thumb Code     0  scanf_fp.o(.text)
    _scanf_really_real                       0x08010b8d   Thumb Code   556  scanf_fp.o(.text)
    _sgetc                                   0x08010dc5   Thumb Code    30  _sgetc.o(.text)
    _sbackspace                              0x08010de3   Thumb Code    34  _sgetc.o(.text)
    _strtoul                                 0x08010e05   Thumb Code   158  _strtoul.o(.text)
    _dsqrt                                   0x08010ea3   Thumb Code   162  dsqrt.o(.text)
    _chval                                   0x08010f45   Thumb Code    28  _chval.o(.text)
    __aeabi_ul2d                             0x08010f61   Thumb Code    24  dfltul.o(.text)
    BASIC_TIMx_Init                          0x08010f79   Thumb Code    44  bsp_basictim.o(i.BASIC_TIMx_Init)
    Backups_Data                             0x08010fad   Thumb Code    32  function.o(i.Backups_Data)
    BitToFloat                               0x08010ff9   Thumb Code   320  function.o(i.BitToFloat)
    BitToInt                                 0x08011169   Thumb Code    22  function.o(i.BitToInt)
    BusFault_Handler                         0x0801117f   Thumb Code     6  stm32f4xx_it.o(i.BusFault_Handler)
    CRC16_MODBUS                             0x08011185   Thumb Code   104  crc16.o(i.CRC16_MODBUS)
    Chang_Start_time                         0x080111ed   Thumb Code   300  function.o(i.Chang_Start_time)
    Clean_Data                               0x08011339   Thumb Code   162  function.o(i.Clean_Data)
    Clear_RS485Buf                           0x08011439   Thumb Code    24  function.o(i.Clear_RS485Buf)
    Close_Beep                               0x08011459   Thumb Code     8  function.o(i.Close_Beep)
    Close_Delay                              0x08011465   Thumb Code   282  function.o(i.Close_Delay)
    Close_Light                              0x08011609   Thumb Code     8  function.o(i.Close_Light)
    Command_Data                             0x08011615   Thumb Code    88  function.o(i.Command_Data)
    Control                                  0x080116b5   Thumb Code    92  function.o(i.Control)
    Control_max_from_min                     0x08011715   Thumb Code   116  function.o(i.Control_max_from_min)
    Control_min_from_max                     0x080117c1   Thumb Code   116  function.o(i.Control_min_from_max)
    Control_sys_temer                        0x0801186d   Thumb Code   242  function.o(i.Control_sys_temer)
    Control_temer                            0x080119e9   Thumb Code   268  function.o(i.Control_temer)
    DebugMon_Handler                         0x08011b8d   Thumb Code     4  stm32f4xx_it.o(i.DebugMon_Handler)
    Detection                                0x08011b91   Thumb Code   198  function.o(i.Detection)
    EXTI15_10_IRQHandler                     0x08011ca1   Thumb Code    22  stm32f4xx_it.o(i.EXTI15_10_IRQHandler)
    EXTI9_5_IRQHandler                       0x08011cb7   Thumb Code    22  stm32f4xx_it.o(i.EXTI9_5_IRQHandler)
    Get_Average                              0x08011ccd   Thumb Code   254  function.o(i.Get_Average)
    Get_Data                                 0x08011e25   Thumb Code   826  function.o(i.Get_Data)
    Get_Device_Data                          0x08012329   Thumb Code   158  function.o(i.Get_Device_Data)
    HAL_DMA_Abort_IT                         0x0801245d   Thumb Code    36  stm32f4xx_hal_dma.o(i.HAL_DMA_Abort_IT)
    HAL_Delay                                0x08012481   Thumb Code    30  stm32f4xx_hal.o(i.HAL_Delay)
    HAL_GPIO_EXTI_Callback                   0x080124a1   Thumb Code   258  main.o(i.HAL_GPIO_EXTI_Callback)
    HAL_GPIO_EXTI_IRQHandler                 0x080125e1   Thumb Code    18  stm32f4xx_hal_gpio.o(i.HAL_GPIO_EXTI_IRQHandler)
    HAL_GPIO_Init                            0x080125f9   Thumb Code   490  stm32f4xx_hal_gpio.o(i.HAL_GPIO_Init)
    HAL_GPIO_ReadPin                         0x080127f9   Thumb Code    14  stm32f4xx_hal_gpio.o(i.HAL_GPIO_ReadPin)
    HAL_GPIO_WritePin                        0x08012807   Thumb Code    14  stm32f4xx_hal_gpio.o(i.HAL_GPIO_WritePin)
    HAL_GetTick                              0x08012815   Thumb Code     6  stm32f4xx_hal.o(i.HAL_GetTick)
    HAL_IncTick                              0x08012821   Thumb Code    10  stm32f4xx_hal.o(i.HAL_IncTick)
    HAL_Init                                 0x08012831   Thumb Code    48  stm32f4xx_hal.o(i.HAL_Init)
    HAL_InitTick                             0x08012865   Thumb Code    34  stm32f4xx_hal.o(i.HAL_InitTick)
    HAL_MspInit                              0x0801288d   Thumb Code   104  stm32f4xx_hal_msp.o(i.HAL_MspInit)
    HAL_NVIC_EnableIRQ                       0x080128f5   Thumb Code    24  stm32f4xx_hal_cortex.o(i.HAL_NVIC_EnableIRQ)
    HAL_NVIC_SetPriority                     0x0801290d   Thumb Code    98  stm32f4xx_hal_cortex.o(i.HAL_NVIC_SetPriority)
    HAL_NVIC_SetPriorityGrouping             0x08012975   Thumb Code    30  stm32f4xx_hal_cortex.o(i.HAL_NVIC_SetPriorityGrouping)
    HAL_PWR_EnableBkUpAccess                 0x08012999   Thumb Code    26  stm32f4xx_hal_pwr.o(i.HAL_PWR_EnableBkUpAccess)
    HAL_RCCEx_PeriphCLKConfig                0x080129b5   Thumb Code   370  stm32f4xx_hal_rcc_ex.o(i.HAL_RCCEx_PeriphCLKConfig)
    HAL_RCC_ClockConfig                      0x08012b49   Thumb Code   474  stm32f4xx_hal_rcc.o(i.HAL_RCC_ClockConfig)
    HAL_RCC_EnableCSS                        0x08012d39   Thumb Code     8  stm32f4xx_hal_rcc.o(i.HAL_RCC_EnableCSS)
    HAL_RCC_GetHCLKFreq                      0x08012d45   Thumb Code     6  stm32f4xx_hal_rcc.o(i.HAL_RCC_GetHCLKFreq)
    HAL_RCC_GetPCLK1Freq                     0x08012d51   Thumb Code    36  stm32f4xx_hal_rcc.o(i.HAL_RCC_GetPCLK1Freq)
    HAL_RCC_GetPCLK2Freq                     0x08012d7d   Thumb Code    36  stm32f4xx_hal_rcc.o(i.HAL_RCC_GetPCLK2Freq)
    HAL_RCC_GetSysClockFreq                  0x08012da9   Thumb Code   126  stm32f4xx_hal_rcc.o(i.HAL_RCC_GetSysClockFreq)
    HAL_RCC_OscConfig                        0x08012e35   Thumb Code  1058  stm32f4xx_hal_rcc.o(i.HAL_RCC_OscConfig)
    HAL_RTCEx_BKUPRead                       0x08013275   Thumb Code    12  stm32f4xx_hal_rtc_ex.o(i.HAL_RTCEx_BKUPRead)
    HAL_RTCEx_BKUPWrite                      0x08013281   Thumb Code    12  stm32f4xx_hal_rtc_ex.o(i.HAL_RTCEx_BKUPWrite)
    HAL_RTC_GetDate                          0x0801328d   Thumb Code    72  stm32f4xx_hal_rtc.o(i.HAL_RTC_GetDate)
    HAL_RTC_GetTime                          0x080132d5   Thumb Code    88  stm32f4xx_hal_rtc.o(i.HAL_RTC_GetTime)
    HAL_RTC_Init                             0x08013331   Thumb Code   162  stm32f4xx_hal_rtc.o(i.HAL_RTC_Init)
    HAL_RTC_MspInit                          0x080133d5   Thumb Code    60  bsp_rtc.o(i.HAL_RTC_MspInit)
    HAL_RTC_SetDate                          0x08013415   Thumb Code   240  stm32f4xx_hal_rtc.o(i.HAL_RTC_SetDate)
    HAL_RTC_SetTime                          0x08013505   Thumb Code   266  stm32f4xx_hal_rtc.o(i.HAL_RTC_SetTime)
    HAL_RTC_WaitForSynchro                   0x08013615   Thumb Code    60  stm32f4xx_hal_rtc.o(i.HAL_RTC_WaitForSynchro)
    HAL_SPI_Init                             0x08013651   Thumb Code   130  stm32f4xx_hal_spi.o(i.HAL_SPI_Init)
    HAL_SPI_MspInit                          0x080136d5   Thumb Code   142  bsp_spiflash.o(i.HAL_SPI_MspInit)
    HAL_SPI_TransmitReceive                  0x08013775   Thumb Code   490  stm32f4xx_hal_spi.o(i.HAL_SPI_TransmitReceive)
    HAL_SYSTICK_CLKSourceConfig              0x0801395f   Thumb Code    28  stm32f4xx_hal_cortex.o(i.HAL_SYSTICK_CLKSourceConfig)
    HAL_SYSTICK_Callback                     0x0801397b   Thumb Code     2  stm32f4xx_hal_cortex.o(i.HAL_SYSTICK_Callback)
    HAL_SYSTICK_Config                       0x0801397d   Thumb Code    36  stm32f4xx_hal_cortex.o(i.HAL_SYSTICK_Config)
    HAL_SYSTICK_IRQHandler                   0x080139a5   Thumb Code     8  stm32f4xx_hal_cortex.o(i.HAL_SYSTICK_IRQHandler)
    HAL_TIMEx_BreakCallback                  0x080139ad   Thumb Code     2  stm32f4xx_hal_tim_ex.o(i.HAL_TIMEx_BreakCallback)
    HAL_TIMEx_CommutationCallback            0x080139af   Thumb Code     2  stm32f4xx_hal_tim_ex.o(i.HAL_TIMEx_CommutationCallback)
    HAL_TIMEx_MasterConfigSynchronization    0x080139b1   Thumb Code   102  stm32f4xx_hal_tim_ex.o(i.HAL_TIMEx_MasterConfigSynchronization)
    HAL_TIM_Base_Init                        0x08013a17   Thumb Code    56  stm32f4xx_hal_tim.o(i.HAL_TIM_Base_Init)
    HAL_TIM_Base_MspInit                     0x08013a51   Thumb Code    54  bsp_basictim.o(i.HAL_TIM_Base_MspInit)
    HAL_TIM_Base_Start_IT                    0x08013a8d   Thumb Code    24  stm32f4xx_hal_tim.o(i.HAL_TIM_Base_Start_IT)
    HAL_TIM_Base_Stop                        0x08013aa5   Thumb Code    44  stm32f4xx_hal_tim.o(i.HAL_TIM_Base_Stop)
    HAL_TIM_IC_CaptureCallback               0x08013ad1   Thumb Code     2  stm32f4xx_hal_tim.o(i.HAL_TIM_IC_CaptureCallback)
    HAL_TIM_IRQHandler                       0x08013ad3   Thumb Code   372  stm32f4xx_hal_tim.o(i.HAL_TIM_IRQHandler)
    HAL_TIM_OC_DelayElapsedCallback          0x08013c47   Thumb Code     2  stm32f4xx_hal_tim.o(i.HAL_TIM_OC_DelayElapsedCallback)
    HAL_TIM_PWM_PulseFinishedCallback        0x08013c49   Thumb Code     2  stm32f4xx_hal_tim.o(i.HAL_TIM_PWM_PulseFinishedCallback)
    HAL_TIM_PeriodElapsedCallback            0x08013c4d   Thumb Code   162  main.o(i.HAL_TIM_PeriodElapsedCallback)
    HAL_TIM_TriggerCallback                  0x08013d19   Thumb Code     2  stm32f4xx_hal_tim.o(i.HAL_TIM_TriggerCallback)
    HAL_UART_ErrorCallback                   0x08013d1b   Thumb Code     2  stm32f4xx_hal_uart.o(i.HAL_UART_ErrorCallback)
    HAL_UART_IRQHandler                      0x08013d1d   Thumb Code   306  stm32f4xx_hal_uart.o(i.HAL_UART_IRQHandler)
    HAL_UART_Init                            0x08013e55   Thumb Code   100  stm32f4xx_hal_uart.o(i.HAL_UART_Init)
    HAL_UART_MspInit                         0x08013eb9   Thumb Code   268  bsp_debug_usart.o(i.HAL_UART_MspInit)
    HAL_UART_Receive_IT                      0x08013fe1   Thumb Code    76  stm32f4xx_hal_uart.o(i.HAL_UART_Receive_IT)
    HAL_UART_RxCpltCallback                  0x0801402d   Thumb Code   174  main.o(i.HAL_UART_RxCpltCallback)
    HAL_UART_Transmit                        0x08014161   Thumb Code   220  stm32f4xx_hal_uart.o(i.HAL_UART_Transmit)
    HAL_UART_TxCpltCallback                  0x0801423d   Thumb Code     2  stm32f4xx_hal_uart.o(i.HAL_UART_TxCpltCallback)
    HardFault_Handler                        0x0801423f   Thumb Code     6  stm32f4xx_it.o(i.HardFault_Handler)
    INPUT_GPIO_Init                          0x08014245   Thumb Code   430  bsp_gpio.o(i.INPUT_GPIO_Init)
    INPUT_StateRead                          0x08014401   Thumb Code   134  bsp_gpio.o(i.INPUT_StateRead)
    InvertUint16                             0x0801448d   Thumb Code    46  crc16.o(i.InvertUint16)
    InvertUint8                              0x080144bb   Thumb Code    46  crc16.o(i.InvertUint8)
    LED_GPIO_Init                            0x080144e9   Thumb Code   146  bsp_led.o(i.LED_GPIO_Init)
    MX_DEBUG_USART_Init                      0x08014589   Thumb Code    60  bsp_debug_usart.o(i.MX_DEBUG_USART_Init)
    MX_RTC_Init                              0x08014615   Thumb Code    94  bsp_rtc.o(i.MX_RTC_Init)
    MX_SPIFlash_Init                         0x080146ad   Thumb Code    48  bsp_spiflash.o(i.MX_SPIFlash_Init)
    MX_USARTx_Init                           0x080146e5   Thumb Code    60  bsp_debug_usart.o(i.MX_USARTx_Init)
    MemManage_Handler                        0x0801472d   Thumb Code     6  stm32f4xx_it.o(i.MemManage_Handler)
    Modbusprocess                            0x08014735   Thumb Code   822  function.o(i.Modbusprocess)
    NMI_Handler                              0x08014b65   Thumb Code     4  stm32f4xx_it.o(i.NMI_Handler)
    OUTPUT_GPIO_Init                         0x08014b69   Thumb Code   146  bsp_gpio.o(i.OUTPUT_GPIO_Init)
    Open_Beep                                0x08014c05   Thumb Code     8  function.o(i.Open_Beep)
    Open_Delay                               0x08014c11   Thumb Code   284  function.o(i.Open_Delay)
    Open_Light                               0x08014dc5   Thumb Code     8  function.o(i.Open_Light)
    PendSV_Handler                           0x08014dd1   Thumb Code     4  stm32f4xx_it.o(i.PendSV_Handler)
    RCC_IRQHandler                           0x08014dd5   Thumb Code     2  stm32f4xx_it.o(i.RCC_IRQHandler)
    RS485_Receive_Data                       0x08014dd9   Thumb Code    68  bsp_usartx_rs485.o(i.RS485_Receive_Data)
    RS485_Send_Data                          0x08014e65   Thumb Code    88  bsp_usartx_rs485.o(i.RS485_Send_Data)
    RS485_USARTx_Init                        0x08014edd   Thumb Code    60  bsp_usartx_rs485.o(i.RS485_USARTx_Init)
    RTC_Bcd2ToByte                           0x08014f25   Thumb Code    18  stm32f4xx_hal_rtc.o(i.RTC_Bcd2ToByte)
    RTC_ByteToBcd2                           0x08014f37   Thumb Code    24  stm32f4xx_hal_rtc.o(i.RTC_ByteToBcd2)
    RTC_CalendarShow                         0x08014fa9   Thumb Code    68  function.o(i.RTC_CalendarShow)
    RTC_EnterInitMode                        0x08015021   Thumb Code    66  stm32f4xx_hal_rtc.o(i.RTC_EnterInitMode)
    Reboot                                   0x08015065   Thumb Code    32  function.o(i.Reboot)
    SPI_FLASH_BufferRead                     0x080150b1   Thumb Code    86  bsp_spiflash.o(i.SPI_FLASH_BufferRead)
    SPI_FLASH_BufferWrite                    0x0801510d   Thumb Code   226  bsp_spiflash.o(i.SPI_FLASH_BufferWrite)
    SPI_FLASH_PageWrite                      0x080151f1   Thumb Code   100  bsp_spiflash.o(i.SPI_FLASH_PageWrite)
    SPI_FLASH_SectorErase                    0x08015259   Thumb Code    70  bsp_spiflash.o(i.SPI_FLASH_SectorErase)
    SPI_FLASH_SendByte                       0x080152a5   Thumb Code    38  bsp_spiflash.o(i.SPI_FLASH_SendByte)
    SPI_FLASH_WaitForWriteEnd                0x080152d1   Thumb Code    46  bsp_spiflash.o(i.SPI_FLASH_WaitForWriteEnd)
    SPI_FLASH_WriteEnable                    0x08015305   Thumb Code    34  bsp_spiflash.o(i.SPI_FLASH_WriteEnable)
    SVC_Handler                              0x080153d7   Thumb Code     4  stm32f4xx_it.o(i.SVC_Handler)
    Sample_RS485                             0x080153dd   Thumb Code   306  sample.o(i.Sample_RS485)
    Save_Data                                0x08015541   Thumb Code   336  function.o(i.Save_Data)
    Save_Device_Data                         0x08015705   Thumb Code   142  function.o(i.Save_Device_Data)
    Show_Data                                0x080157d1   Thumb Code    36  function.o(i.Show_Data)
    Simulation_Level                         0x08015801   Thumb Code    28  function.o(i.Simulation_Level)
    SysTick_Handler                          0x08015861   Thumb Code    14  stm32f4xx_it.o(i.SysTick_Handler)
    SystemClock_Config                       0x08015871   Thumb Code   146  main.o(i.SystemClock_Config)
    SystemInit                               0x0801590d   Thumb Code    64  system_stm32f4xx.o(i.SystemInit)
    TIM6_DAC_IRQHandler                      0x08015969   Thumb Code     6  stm32f4xx_it.o(i.TIM6_DAC_IRQHandler)
    TIM_Base_SetConfig                       0x08015975   Thumb Code   158  stm32f4xx_hal_tim.o(i.TIM_Base_SetConfig)
    UART5_IRQHandler                         0x08015a29   Thumb Code     6  stm32f4xx_it.o(i.UART5_IRQHandler)
    USART1_IRQHandler                        0x08015f31   Thumb Code     6  stm32f4xx_it.o(i.USART1_IRQHandler)
    USART3_IRQHandler                        0x08015f3d   Thumb Code     6  stm32f4xx_it.o(i.USART3_IRQHandler)
    UpData                                   0x08015f49   Thumb Code   302  function.o(i.UpData)
    UsageFault_Handler                       0x0801610d   Thumb Code     6  stm32f4xx_it.o(i.UsageFault_Handler)
    __0printf                                0x08016115   Thumb Code    22  printfa.o(i.__0printf)
    __1printf                                0x08016115   Thumb Code     0  printfa.o(i.__0printf)
    __2printf                                0x08016115   Thumb Code     0  printfa.o(i.__0printf)
    __c89printf                              0x08016115   Thumb Code     0  printfa.o(i.__0printf)
    printf                                   0x08016115   Thumb Code     0  printfa.o(i.__0printf)
    __0sprintf                               0x08016135   Thumb Code    34  printfa.o(i.__0sprintf)
    __1sprintf                               0x08016135   Thumb Code     0  printfa.o(i.__0sprintf)
    __2sprintf                               0x08016135   Thumb Code     0  printfa.o(i.__0sprintf)
    __c89sprintf                             0x08016135   Thumb Code     0  printfa.o(i.__0sprintf)
    sprintf                                  0x08016135   Thumb Code     0  printfa.o(i.__0sprintf)
    __ARM_fpclassify                         0x0801615d   Thumb Code    48  fpclassify.o(i.__ARM_fpclassify)
    __aeabi_errno_addr                       0x0801618d   Thumb Code     4  errno.o(i.__aeabi_errno_addr)
    __rt_errno_addr                          0x0801618d   Thumb Code     0  errno.o(i.__aeabi_errno_addr)
    __hardfp_pow                             0x08016199   Thumb Code  3072  pow.o(i.__hardfp_pow)
    __hardfp_strtod                          0x08016de9   Thumb Code    30  strtod.o(i.__hardfp_strtod)
    __kernel_poly                            0x08016e11   Thumb Code   248  poly.o(i.__kernel_poly)
    __mathlib_dbl_divzero                    0x08016f09   Thumb Code    28  dunder.o(i.__mathlib_dbl_divzero)
    __mathlib_dbl_infnan2                    0x08016f39   Thumb Code    20  dunder.o(i.__mathlib_dbl_infnan2)
    __mathlib_dbl_invalid                    0x08016f51   Thumb Code    24  dunder.o(i.__mathlib_dbl_invalid)
    __mathlib_dbl_overflow                   0x08016f71   Thumb Code    24  dunder.o(i.__mathlib_dbl_overflow)
    __mathlib_dbl_underflow                  0x08016f91   Thumb Code    24  dunder.o(i.__mathlib_dbl_underflow)
    __scatterload_copy                       0x08016fb1   Thumb Code    14  handlers.o(i.__scatterload_copy)
    __scatterload_null                       0x08016fbf   Thumb Code     2  handlers.o(i.__scatterload_null)
    __scatterload_zeroinit                   0x08016fc1   Thumb Code    14  handlers.o(i.__scatterload_zeroinit)
    __set_errno                              0x08016fd1   Thumb Code     6  errno.o(i.__set_errno)
    _is_digit                                0x08017141   Thumb Code    14  scanf_fp.o(i._is_digit)
    fabs                                     0x08017889   Thumb Code    24  fabs.o(i.fabs)
    fputc                                    0x080178a1   Thumb Code    22  bsp_debug_usart.o(i.fputc)
    free                                     0x080178bd   Thumb Code    76  malloc.o(i.free)
    htoi                                     0x0801790d   Thumb Code    94  sample.o(i.htoi)
    itoa                                     0x0801796d   Thumb Code   108  function.o(i.itoa)
    main                                     0x080179dd   Thumb Code   456  main.o(i.main)
    malloc                                   0x08017c19   Thumb Code    92  malloc.o(i.malloc)
    movedigit                                0x08017c89   Thumb Code   320  function.o(i.movedigit)
    split                                    0x08017e29   Thumb Code    54  sample.o(i.split)
    sqrt                                     0x08017e5f   Thumb Code   110  sqrt.o(i.sqrt)
    AHBPrescTable                            0x08017ecc   Data          16  system_stm32f4xx.o(.constdata)
    APBPrescTable                            0x08017edc   Data           8  system_stm32f4xx.o(.constdata)
    __mathlib_zero                           0x08017f70   Data           8  qnan.o(.constdata)
    __ctype_table                            0x08017f78   Data         129  ctype_o.o(.constdata)
    Region$$Table$$Base                      0x08018000   Number         0  anon$$obj.o(Region$$Table)
    Region$$Table$$Limit                     0x08018020   Number         0  anon$$obj.o(Region$$Table)
    aRxBuffer                                0x20000000   Data           1  main.o(.data)
    frist                                    0x20000001   Data           1  main.o(.data)
    RevDevicesData                           0x20000002   Data           1  main.o(.data)
    RevCommand                               0x20000003   Data           1  main.o(.data)
    minute_timer_count                       0x20000004   Data           2  main.o(.data)
    second_timer_count                       0x20000006   Data           2  main.o(.data)
    LEVEL_Low                                0x20000008   Data           4  variable.o(.data)
    LEVEL_High                               0x2000000c   Data           4  variable.o(.data)
    STREES_Low                               0x20000010   Data           4  variable.o(.data)
    STREES_High                              0x20000014   Data           4  variable.o(.data)
    WPH_Low                                  0x20000018   Data           4  variable.o(.data)
    WPH_High                                 0x2000001c   Data           4  variable.o(.data)
    WCOND_Low                                0x20000020   Data           4  variable.o(.data)
    WCOND_High                               0x20000024   Data           4  variable.o(.data)
    TEMP_Low                                 0x20000028   Data           4  variable.o(.data)
    TEMP_High                                0x2000002c   Data           4  variable.o(.data)
    Sensor_Cfg_Mode                          0x20000030   Data           1  variable.o(.data)
    Delay_Cfg_Mode                           0x20000031   Data           1  variable.o(.data)
    Android_Rx_Count                         0x20000032   Data           2  variable.o(.data)
    RS485_Rx_Count                           0x20000034   Data           2  variable.o(.data)
    RS485_Rx_Count_Old                       0x20000036   Data           2  variable.o(.data)
    Sample_flag                              0x20000038   Data           1  variable.o(.data)
    UpData_flag                              0x20000039   Data           1  variable.o(.data)
    Control_flag                             0x2000003a   Data           1  variable.o(.data)
    Debug_flag                               0x2000003b   Data           1  variable.o(.data)
    time_Control_flag                        0x2000003c   Data           1  variable.o(.data)
    sys_time_Control_flag                    0x2000003d   Data           1  variable.o(.data)
    SCM_state                                0x20000040   Data           4  variable.o(.data)
    Save_flag                                0x20000044   Data           1  variable.o(.data)
    YiYe_pump_flag                           0x20000045   Data           1  variable.o(.data)
    YiYe_pump_control_flag                   0x20000046   Data           1  variable.o(.data)
    Reboot_flag                              0x20000047   Data           1  variable.o(.data)
    D0_Open                                  0x20000048   Data           8  variable.o(.data)
    D1_Open                                  0x20000050   Data           8  variable.o(.data)
    D1_Close                                 0x20000058   Data           8  variable.o(.data)
    uwTick                                   0x20000060   Data           4  stm32f4xx_hal.o(.data)
    SystemCoreClock                          0x20000064   Data           4  system_stm32f4xx.o(.data)
    __stdout                                 0x2000006c   Data           4  stdout.o(.data)
    __microlib_freelist                      0x20000070   Data           4  mvars.o(.data)
    __microlib_freelist_initialised          0x20000074   Data           4  mvars.o(.data)
    delay                                    0x2000007c   Data         416  variable.o(.bss)
    sensor_data                              0x2000021c   Data         200  variable.o(.bss)
    sensor_array                             0x200002e8   Data         280  variable.o(.bss)
    RS485_Rx_buf                             0x20000400   Data          50  variable.o(.bss)
    RS232_Rx_buf                             0x20000432   Data          50  variable.o(.bss)
    Android_Rx_buf                           0x20000464   Data        1000  variable.o(.bss)
    Rx_buf                                   0x2000084c   Data        1000  variable.o(.bss)
    husart_debug                             0x20000c34   Data          64  bsp_debug_usart.o(.bss)
    husartx                                  0x20000c74   Data          64  bsp_debug_usart.o(.bss)
    husartx_rs485                            0x20000cb4   Data          64  bsp_usartx_rs485.o(.bss)
    htimx                                    0x20000cf4   Data          60  bsp_basictim.o(.bss)
    hspiflash                                0x20000d30   Data          88  bsp_spiflash.o(.bss)
    hrtc                                     0x20000d88   Data          32  bsp_rtc.o(.bss)
    __heap_base                              0x20000da8   Data           0  startup_stm32f407xx.o(HEAP)
    __heap_limit                             0x20002da8   Data           0  startup_stm32f407xx.o(HEAP)
    __initial_sp                             0x20003da8   Data           0  startup_stm32f407xx.o(STACK)



==============================================================================

Memory Map of the image

  Image Entry point : 0x08010189

  Load Region LR_IROM1 (Base: 0x08010000, Size: 0x0000809c, Max: 0x000f0000, ABSOLUTE)

    Execution Region ER_IROM1 (Base: 0x08010000, Size: 0x00008020, Max: 0x000f0000, ABSOLUTE)

    Base Addr    Size         Type   Attr      Idx    E Section Name        Object

    0x08010000   0x00000188   Data   RO            3    RESET               startup_stm32f407xx.o
    0x08010188   0x00000000   Code   RO         9548  * .ARM.Collect$$$$00000000  mc_w.l(entry.o)
    0x08010188   0x00000004   Code   RO         9911    .ARM.Collect$$$$00000001  mc_w.l(entry2.o)
    0x0801018c   0x00000004   Code   RO         9914    .ARM.Collect$$$$00000004  mc_w.l(entry5.o)
    0x08010190   0x00000000   Code   RO         9916    .ARM.Collect$$$$00000008  mc_w.l(entry7b.o)
    0x08010190   0x00000000   Code   RO         9918    .ARM.Collect$$$$0000000A  mc_w.l(entry8b.o)
    0x08010190   0x00000008   Code   RO         9919    .ARM.Collect$$$$0000000B  mc_w.l(entry9a.o)
    0x08010198   0x00000000   Code   RO         9921    .ARM.Collect$$$$0000000D  mc_w.l(entry10a.o)
    0x08010198   0x00000000   Code   RO         9923    .ARM.Collect$$$$0000000F  mc_w.l(entry11a.o)
    0x08010198   0x00000004   Code   RO         9912    .ARM.Collect$$$$00002712  mc_w.l(entry2.o)
    0x0801019c   0x00000024   Code   RO            4    .text               startup_stm32f407xx.o
    0x080101c0   0x0000000c   Code   RO         9551    .text               mc_w.l(tolower.o)
    0x080101cc   0x00000024   Code   RO         9553    .text               mc_w.l(memseta.o)
    0x080101f0   0x0000000e   Code   RO         9555    .text               mc_w.l(strlen.o)
    0x080101fe   0x0000001c   Code   RO         9557    .text               mc_w.l(strcmp.o)
    0x0801021a   0x00000012   Code   RO         9559    .text               mc_w.l(strcpy.o)
    0x0801022c   0x00000044   Code   RO         9561    .text               mc_w.l(strtok.o)
    0x08010270   0x0000001a   Code   RO         9856    .text               mc_w.l(atoi.o)
    0x0801028a   0x0000014e   Code   RO         9858    .text               mf_w.l(dadd.o)
    0x080103d8   0x000000e4   Code   RO         9860    .text               mf_w.l(dmul.o)
    0x080104bc   0x0000001a   Code   RO         9862    .text               mf_w.l(dfltui.o)
    0x080104d6   0x00000032   Code   RO         9864    .text               mf_w.l(dfixui.o)
    0x08010508   0x00000026   Code   RO         9866    .text               mf_w.l(f2d.o)
    0x0801052e   0x00000002   PAD
    0x08010530   0x00000030   Code   RO         9868    .text               mf_w.l(cdcmple.o)
    0x08010560   0x00000030   Code   RO         9870    .text               mf_w.l(cdrcmple.o)
    0x08010590   0x00000038   Code   RO         9872    .text               mf_w.l(d2f.o)
    0x080105c8   0x0000002c   Code   RO         9926    .text               mc_w.l(uidiv.o)
    0x080105f4   0x00000062   Code   RO         9928    .text               mc_w.l(uldiv.o)
    0x08010656   0x0000001e   Code   RO         9930    .text               mc_w.l(llshl.o)
    0x08010674   0x00000020   Code   RO         9932    .text               mc_w.l(llushr.o)
    0x08010694   0x00000024   Code   RO         9934    .text               mc_w.l(llsshr.o)
    0x080106b8   0x0000009c   Code   RO         9949    .text               mc_w.l(strtod.o)
    0x08010754   0x00000070   Code   RO         9951    .text               mc_w.l(strtol.o)
    0x080107c4   0x00000000   Code   RO         9953    .text               mc_w.l(iusefp.o)
    0x080107c4   0x0000006e   Code   RO         9954    .text               mf_w.l(fepilogue.o)
    0x08010832   0x000000ba   Code   RO         9956    .text               mf_w.l(depilogue.o)
    0x080108ec   0x000000de   Code   RO         9958    .text               mf_w.l(ddiv.o)
    0x080109ca   0x0000002e   Code   RO         9962    .text               mf_w.l(dscalb.o)
    0x080109f8   0x00000022   Code   RO         9964    .text               mf_w.l(dflti.o)
    0x08010a1a   0x00000030   Code   RO         9966    .text               mf_w.l(dfixul.o)
    0x08010a4a   0x00000002   PAD
    0x08010a4c   0x00000024   Code   RO         9968    .text               mc_w.l(init.o)
    0x08010a70   0x00000008   Code   RO         9972    .text               mc_w.l(ctype_o.o)
    0x08010a78   0x00000012   Code   RO         9994    .text               mc_w.l(isspace_o.o)
    0x08010a8a   0x00000002   PAD
    0x08010a8c   0x00000338   Code   RO        10000    .text               mc_w.l(scanf_fp.o)
    0x08010dc4   0x00000040   Code   RO        10004    .text               mc_w.l(_sgetc.o)
    0x08010e04   0x0000009e   Code   RO        10006    .text               mc_w.l(_strtoul.o)
    0x08010ea2   0x000000a2   Code   RO        10008    .text               mf_w.l(dsqrt.o)
    0x08010f44   0x0000001c   Code   RO        10013    .text               mc_w.l(_chval.o)
    0x08010f60   0x00000018   Code   RO        10015    .text               mf_w.l(dfltul.o)
    0x08010f78   0x00000034   Code   RO         9238    i.BASIC_TIMx_Init   bsp_basictim.o
    0x08010fac   0x00000048   Code   RO         8963    i.Backups_Data      function.o
    0x08010ff4   0x00000004   PAD
    0x08010ff8   0x00000170   Code   RO         8964    i.BitToFloat        function.o
    0x08011168   0x00000016   Code   RO         8965    i.BitToInt          function.o
    0x0801117e   0x00000006   Code   RO          366    i.BusFault_Handler  stm32f4xx_it.o
    0x08011184   0x00000068   Code   RO         9310    i.CRC16_MODBUS      crc16.o
    0x080111ec   0x0000014c   Code   RO         8966    i.Chang_Start_time  function.o
    0x08011338   0x00000100   Code   RO         8968    i.Clean_Data        function.o
    0x08011438   0x00000020   Code   RO         8969    i.Clear_RS485Buf    function.o
    0x08011458   0x0000000c   Code   RO         8970    i.Close_Beep        function.o
    0x08011464   0x000001a4   Code   RO         8971    i.Close_Delay       function.o
    0x08011608   0x0000000c   Code   RO         8972    i.Close_Light       function.o
    0x08011614   0x000000a0   Code   RO         8973    i.Command_Data      function.o
    0x080116b4   0x00000060   Code   RO         8974    i.Control           function.o
    0x08011714   0x000000ac   Code   RO         8975    i.Control_max_from_min  function.o
    0x080117c0   0x000000ac   Code   RO         8976    i.Control_min_from_max  function.o
    0x0801186c   0x0000017c   Code   RO         8977    i.Control_sys_temer  function.o
    0x080119e8   0x000001a4   Code   RO         8978    i.Control_temer     function.o
    0x08011b8c   0x00000004   Code   RO          367    i.DebugMon_Handler  stm32f4xx_it.o
    0x08011b90   0x00000110   Code   RO         8979    i.Detection         function.o
    0x08011ca0   0x00000016   Code   RO          368    i.EXTI15_10_IRQHandler  stm32f4xx_it.o
    0x08011cb6   0x00000016   Code   RO          369    i.EXTI9_5_IRQHandler  stm32f4xx_it.o
    0x08011ccc   0x00000158   Code   RO         8980    i.Get_Average       function.o
    0x08011e24   0x00000504   Code   RO         8981    i.Get_Data          function.o
    0x08012328   0x00000134   Code   RO         8982    i.Get_Device_Data   function.o
    0x0801245c   0x00000024   Code   RO         1064    i.HAL_DMA_Abort_IT  stm32f4xx_hal_dma.o
    0x08012480   0x0000001e   Code   RO         1380    i.HAL_Delay         stm32f4xx_hal.o
    0x0801249e   0x00000002   PAD
    0x080124a0   0x00000140   Code   RO           13    i.HAL_GPIO_EXTI_Callback  main.o
    0x080125e0   0x00000018   Code   RO          748    i.HAL_GPIO_EXTI_IRQHandler  stm32f4xx_hal_gpio.o
    0x080125f8   0x00000200   Code   RO          749    i.HAL_GPIO_Init     stm32f4xx_hal_gpio.o
    0x080127f8   0x0000000e   Code   RO          751    i.HAL_GPIO_ReadPin  stm32f4xx_hal_gpio.o
    0x08012806   0x0000000e   Code   RO          753    i.HAL_GPIO_WritePin  stm32f4xx_hal_gpio.o
    0x08012814   0x0000000c   Code   RO         1386    i.HAL_GetTick       stm32f4xx_hal.o
    0x08012820   0x00000010   Code   RO         1388    i.HAL_IncTick       stm32f4xx_hal.o
    0x08012830   0x00000034   Code   RO         1389    i.HAL_Init          stm32f4xx_hal.o
    0x08012864   0x00000028   Code   RO         1390    i.HAL_InitTick      stm32f4xx_hal.o
    0x0801288c   0x00000068   Code   RO          342    i.HAL_MspInit       stm32f4xx_hal_msp.o
    0x080128f4   0x00000018   Code   RO          817    i.HAL_NVIC_EnableIRQ  stm32f4xx_hal_cortex.o
    0x0801290c   0x00000068   Code   RO          823    i.HAL_NVIC_SetPriority  stm32f4xx_hal_cortex.o
    0x08012974   0x00000024   Code   RO          824    i.HAL_NVIC_SetPriorityGrouping  stm32f4xx_hal_cortex.o
    0x08012998   0x0000001a   Code   RO          633    i.HAL_PWR_EnableBkUpAccess  stm32f4xx_hal_pwr.o
    0x080129b2   0x00000002   PAD
    0x080129b4   0x00000194   Code   RO         1582    i.HAL_RCCEx_PeriphCLKConfig  stm32f4xx_hal_rcc_ex.o
    0x08012b48   0x000001f0   Code   RO         1167    i.HAL_RCC_ClockConfig  stm32f4xx_hal_rcc.o
    0x08012d38   0x0000000c   Code   RO         1170    i.HAL_RCC_EnableCSS  stm32f4xx_hal_rcc.o
    0x08012d44   0x0000000c   Code   RO         1172    i.HAL_RCC_GetHCLKFreq  stm32f4xx_hal_rcc.o
    0x08012d50   0x0000002c   Code   RO         1174    i.HAL_RCC_GetPCLK1Freq  stm32f4xx_hal_rcc.o
    0x08012d7c   0x0000002c   Code   RO         1175    i.HAL_RCC_GetPCLK2Freq  stm32f4xx_hal_rcc.o
    0x08012da8   0x0000008c   Code   RO         1176    i.HAL_RCC_GetSysClockFreq  stm32f4xx_hal_rcc.o
    0x08012e34   0x00000440   Code   RO         1179    i.HAL_RCC_OscConfig  stm32f4xx_hal_rcc.o
    0x08013274   0x0000000c   Code   RO         6424    i.HAL_RTCEx_BKUPRead  stm32f4xx_hal_rtc_ex.o
    0x08013280   0x0000000c   Code   RO         6425    i.HAL_RTCEx_BKUPWrite  stm32f4xx_hal_rtc_ex.o
    0x0801328c   0x00000048   Code   RO         6290    i.HAL_RTC_GetDate   stm32f4xx_hal_rtc.o
    0x080132d4   0x0000005c   Code   RO         6292    i.HAL_RTC_GetTime   stm32f4xx_hal_rtc.o
    0x08013330   0x000000a2   Code   RO         6293    i.HAL_RTC_Init      stm32f4xx_hal_rtc.o
    0x080133d2   0x00000002   PAD
    0x080133d4   0x00000040   Code   RO         9485    i.HAL_RTC_MspInit   bsp_rtc.o
    0x08013414   0x000000f0   Code   RO         6299    i.HAL_RTC_SetDate   stm32f4xx_hal_rtc.o
    0x08013504   0x00000110   Code   RO         6300    i.HAL_RTC_SetTime   stm32f4xx_hal_rtc.o
    0x08013614   0x0000003c   Code   RO         6301    i.HAL_RTC_WaitForSynchro  stm32f4xx_hal_rtc.o
    0x08013650   0x00000082   Code   RO         7232    i.HAL_SPI_Init      stm32f4xx_hal_spi.o
    0x080136d2   0x00000002   PAD
    0x080136d4   0x000000a0   Code   RO         9383    i.HAL_SPI_MspInit   bsp_spiflash.o
    0x08013774   0x000001ea   Code   RO         7241    i.HAL_SPI_TransmitReceive  stm32f4xx_hal_spi.o
    0x0801395e   0x0000001c   Code   RO          826    i.HAL_SYSTICK_CLKSourceConfig  stm32f4xx_hal_cortex.o
    0x0801397a   0x00000002   Code   RO          827    i.HAL_SYSTICK_Callback  stm32f4xx_hal_cortex.o
    0x0801397c   0x00000028   Code   RO          828    i.HAL_SYSTICK_Config  stm32f4xx_hal_cortex.o
    0x080139a4   0x00000008   Code   RO          829    i.HAL_SYSTICK_IRQHandler  stm32f4xx_hal_cortex.o
    0x080139ac   0x00000002   Code   RO         1622    i.HAL_TIMEx_BreakCallback  stm32f4xx_hal_tim_ex.o
    0x080139ae   0x00000002   Code   RO         1623    i.HAL_TIMEx_CommutationCallback  stm32f4xx_hal_tim_ex.o
    0x080139b0   0x00000066   Code   RO         1639    i.HAL_TIMEx_MasterConfigSynchronization  stm32f4xx_hal_tim_ex.o
    0x08013a16   0x00000038   Code   RO         1863    i.HAL_TIM_Base_Init  stm32f4xx_hal_tim.o
    0x08013a4e   0x00000002   PAD
    0x08013a50   0x0000003c   Code   RO         9240    i.HAL_TIM_Base_MspInit  bsp_basictim.o
    0x08013a8c   0x00000018   Code   RO         1868    i.HAL_TIM_Base_Start_IT  stm32f4xx_hal_tim.o
    0x08013aa4   0x0000002c   Code   RO         1869    i.HAL_TIM_Base_Stop  stm32f4xx_hal_tim.o
    0x08013ad0   0x00000002   Code   RO         1892    i.HAL_TIM_IC_CaptureCallback  stm32f4xx_hal_tim.o
    0x08013ad2   0x00000174   Code   RO         1905    i.HAL_TIM_IRQHandler  stm32f4xx_hal_tim.o
    0x08013c46   0x00000002   Code   RO         1908    i.HAL_TIM_OC_DelayElapsedCallback  stm32f4xx_hal_tim.o
    0x08013c48   0x00000002   Code   RO         1935    i.HAL_TIM_PWM_PulseFinishedCallback  stm32f4xx_hal_tim.o
    0x08013c4a   0x00000002   PAD
    0x08013c4c   0x000000cc   Code   RO           14    i.HAL_TIM_PeriodElapsedCallback  main.o
    0x08013d18   0x00000002   Code   RO         1946    i.HAL_TIM_TriggerCallback  stm32f4xx_hal_tim.o
    0x08013d1a   0x00000002   Code   RO         2523    i.HAL_UART_ErrorCallback  stm32f4xx_hal_uart.o
    0x08013d1c   0x00000138   Code   RO         2526    i.HAL_UART_IRQHandler  stm32f4xx_hal_uart.o
    0x08013e54   0x00000064   Code   RO         2527    i.HAL_UART_Init     stm32f4xx_hal_uart.o
    0x08013eb8   0x00000128   Code   RO         8847    i.HAL_UART_MspInit  bsp_debug_usart.o
    0x08013fe0   0x0000004c   Code   RO         2532    i.HAL_UART_Receive_IT  stm32f4xx_hal_uart.o
    0x0801402c   0x00000134   Code   RO           15    i.HAL_UART_RxCpltCallback  main.o
    0x08014160   0x000000dc   Code   RO         2535    i.HAL_UART_Transmit  stm32f4xx_hal_uart.o
    0x0801423c   0x00000002   Code   RO         2538    i.HAL_UART_TxCpltCallback  stm32f4xx_hal_uart.o
    0x0801423e   0x00000006   Code   RO          370    i.HardFault_Handler  stm32f4xx_it.o
    0x08014244   0x000001bc   Code   RO         9346    i.INPUT_GPIO_Init   bsp_gpio.o
    0x08014400   0x0000008c   Code   RO         9347    i.INPUT_StateRead   bsp_gpio.o
    0x0801448c   0x0000002e   Code   RO         9311    i.InvertUint16      crc16.o
    0x080144ba   0x0000002e   Code   RO         9312    i.InvertUint8       crc16.o
    0x080144e8   0x000000a0   Code   RO         9280    i.LED_GPIO_Init     bsp_led.o
    0x08014588   0x00000048   Code   RO         8848    i.MX_DEBUG_USART_Init  bsp_debug_usart.o
    0x080145d0   0x00000016   Code   RO         8849    i.MX_NVIC_USART1_Init  bsp_debug_usart.o
    0x080145e6   0x00000016   Code   RO         8916    i.MX_NVIC_USART3_Init  bsp_usartx_rs485.o
    0x080145fc   0x00000016   Code   RO         8850    i.MX_NVIC_USART5_Init  bsp_debug_usart.o
    0x08014612   0x00000002   PAD
    0x08014614   0x00000098   Code   RO         9486    i.MX_RTC_Init       bsp_rtc.o
    0x080146ac   0x00000038   Code   RO         9384    i.MX_SPIFlash_Init  bsp_spiflash.o
    0x080146e4   0x00000048   Code   RO         8851    i.MX_USARTx_Init    bsp_debug_usart.o
    0x0801472c   0x00000006   Code   RO          371    i.MemManage_Handler  stm32f4xx_it.o
    0x08014732   0x00000002   PAD
    0x08014734   0x00000430   Code   RO         8984    i.Modbusprocess     function.o
    0x08014b64   0x00000004   Code   RO          372    i.NMI_Handler       stm32f4xx_it.o
    0x08014b68   0x0000009c   Code   RO         9348    i.OUTPUT_GPIO_Init  bsp_gpio.o
    0x08014c04   0x0000000c   Code   RO         8985    i.Open_Beep         function.o
    0x08014c10   0x000001b4   Code   RO         8986    i.Open_Delay        function.o
    0x08014dc4   0x0000000c   Code   RO         8987    i.Open_Light        function.o
    0x08014dd0   0x00000004   Code   RO          373    i.PendSV_Handler    stm32f4xx_it.o
    0x08014dd4   0x00000002   Code   RO          374    i.RCC_IRQHandler    stm32f4xx_it.o
    0x08014dd6   0x00000002   PAD
    0x08014dd8   0x0000008c   Code   RO         8917    i.RS485_Receive_Data  bsp_usartx_rs485.o
    0x08014e64   0x00000078   Code   RO         8918    i.RS485_Send_Data   bsp_usartx_rs485.o
    0x08014edc   0x00000048   Code   RO         8919    i.RS485_USARTx_Init  bsp_usartx_rs485.o
    0x08014f24   0x00000012   Code   RO         6302    i.RTC_Bcd2ToByte    stm32f4xx_hal_rtc.o
    0x08014f36   0x00000018   Code   RO         6303    i.RTC_ByteToBcd2    stm32f4xx_hal_rtc.o
    0x08014f4e   0x00000002   PAD
    0x08014f50   0x00000058   Code   RO         9487    i.RTC_CalendarConfig  bsp_rtc.o
    0x08014fa8   0x00000078   Code   RO         8988    i.RTC_CalendarShow  function.o
    0x08015020   0x00000042   Code   RO         6304    i.RTC_EnterInitMode  stm32f4xx_hal_rtc.o
    0x08015062   0x00000002   PAD
    0x08015064   0x00000028   Code   RO         8989    i.Reboot            function.o
    0x0801508c   0x00000024   Code   RO         7256    i.SPI_CheckFlag_BSY  stm32f4xx_hal_spi.o
    0x080150b0   0x0000005c   Code   RO         9385    i.SPI_FLASH_BufferRead  bsp_spiflash.o
    0x0801510c   0x000000e2   Code   RO         9386    i.SPI_FLASH_BufferWrite  bsp_spiflash.o
    0x080151ee   0x00000002   PAD
    0x080151f0   0x00000068   Code   RO         9387    i.SPI_FLASH_PageWrite  bsp_spiflash.o
    0x08015258   0x0000004c   Code   RO         9389    i.SPI_FLASH_SectorErase  bsp_spiflash.o
    0x080152a4   0x0000002c   Code   RO         9390    i.SPI_FLASH_SendByte  bsp_spiflash.o
    0x080152d0   0x00000034   Code   RO         9391    i.SPI_FLASH_WaitForWriteEnd  bsp_spiflash.o
    0x08015304   0x00000028   Code   RO         9392    i.SPI_FLASH_WriteEnable  bsp_spiflash.o
    0x0801532c   0x000000aa   Code   RO         7274    i.SPI_WaitFlagStateUntilTimeout  stm32f4xx_hal_spi.o
    0x080153d6   0x00000004   Code   RO          375    i.SVC_Handler       stm32f4xx_it.o
    0x080153da   0x00000002   PAD
    0x080153dc   0x00000164   Code   RO         9199    i.Sample_RS485      sample.o
    0x08015540   0x000001c4   Code   RO         8990    i.Save_Data         function.o
    0x08015704   0x000000cc   Code   RO         8991    i.Save_Device_Data  function.o
    0x080157d0   0x00000030   Code   RO         8992    i.Show_Data         function.o
    0x08015800   0x00000060   Code   RO         8993    i.Simulation_Level  function.o
    0x08015860   0x0000000e   Code   RO          376    i.SysTick_Handler   stm32f4xx_it.o
    0x0801586e   0x00000002   PAD
    0x08015870   0x0000009c   Code   RO           16    i.SystemClock_Config  main.o
    0x0801590c   0x0000005c   Code   RO         8809    i.SystemInit        system_stm32f4xx.o
    0x08015968   0x0000000c   Code   RO          377    i.TIM6_DAC_IRQHandler  stm32f4xx_it.o
    0x08015974   0x000000b4   Code   RO         1947    i.TIM_Base_SetConfig  stm32f4xx_hal_tim.o
    0x08015a28   0x0000000c   Code   RO          378    i.UART5_IRQHandler  stm32f4xx_it.o
    0x08015a34   0x00000010   Code   RO         2540    i.UART_DMAAbortOnError  stm32f4xx_hal_uart.o
    0x08015a44   0x0000001c   Code   RO         2550    i.UART_EndRxTransfer  stm32f4xx_hal_uart.o
    0x08015a60   0x0000001a   Code   RO         2551    i.UART_EndTransmit_IT  stm32f4xx_hal_uart.o
    0x08015a7a   0x00000092   Code   RO         2553    i.UART_Receive_IT   stm32f4xx_hal_uart.o
    0x08015b0c   0x00000344   Code   RO         2554    i.UART_SetConfig    stm32f4xx_hal_uart.o
    0x08015e50   0x00000066   Code   RO         2555    i.UART_Transmit_IT  stm32f4xx_hal_uart.o
    0x08015eb6   0x00000078   Code   RO         2556    i.UART_WaitOnFlagUntilTimeout  stm32f4xx_hal_uart.o
    0x08015f2e   0x00000002   PAD
    0x08015f30   0x0000000c   Code   RO          379    i.USART1_IRQHandler  stm32f4xx_it.o
    0x08015f3c   0x0000000c   Code   RO          380    i.USART3_IRQHandler  stm32f4xx_it.o
    0x08015f48   0x000001c4   Code   RO         8994    i.UpData            function.o
    0x0801610c   0x00000006   Code   RO          381    i.UsageFault_Handler  stm32f4xx_it.o
    0x08016112   0x00000002   PAD
    0x08016114   0x00000020   Code   RO         9800    i.__0printf         mc_w.l(printfa.o)
    0x08016134   0x00000028   Code   RO         9802    i.__0sprintf        mc_w.l(printfa.o)
    0x0801615c   0x00000030   Code   RO         9894    i.__ARM_fpclassify  m_wm.l(fpclassify.o)
    0x0801618c   0x00000008   Code   RO         9942    i.__aeabi_errno_addr  mc_w.l(errno.o)
    0x08016194   0x00000004   PAD
    0x08016198   0x00000c50   Code   RO         9528    i.__hardfp_pow      m_wm.l(pow.o)
    0x08016de8   0x00000028   Code   RO         9542    i.__hardfp_strtod   m_wm.l(strtod.o)
    0x08016e10   0x000000f8   Code   RO         9896    i.__kernel_poly     m_wm.l(poly.o)
    0x08016f08   0x00000030   Code   RO         9874    i.__mathlib_dbl_divzero  m_wm.l(dunder.o)
    0x08016f38   0x00000014   Code   RO         9876    i.__mathlib_dbl_infnan2  m_wm.l(dunder.o)
    0x08016f4c   0x00000004   PAD
    0x08016f50   0x00000020   Code   RO         9877    i.__mathlib_dbl_invalid  m_wm.l(dunder.o)
    0x08016f70   0x00000020   Code   RO         9878    i.__mathlib_dbl_overflow  m_wm.l(dunder.o)
    0x08016f90   0x00000020   Code   RO         9880    i.__mathlib_dbl_underflow  m_wm.l(dunder.o)
    0x08016fb0   0x0000000e   Code   RO        10019    i.__scatterload_copy  mc_w.l(handlers.o)
    0x08016fbe   0x00000002   Code   RO        10020    i.__scatterload_null  mc_w.l(handlers.o)
    0x08016fc0   0x0000000e   Code   RO        10021    i.__scatterload_zeroinit  mc_w.l(handlers.o)
    0x08016fce   0x00000002   PAD
    0x08016fd0   0x0000000c   Code   RO         9944    i.__set_errno       mc_w.l(errno.o)
    0x08016fdc   0x00000164   Code   RO         9807    i._fp_digits        mc_w.l(printfa.o)
    0x08017140   0x0000000e   Code   RO        10002    i._is_digit         mc_w.l(scanf_fp.o)
    0x0801714e   0x00000002   PAD
    0x08017150   0x000006dc   Code   RO         9808    i._printf_core      mc_w.l(printfa.o)
    0x0801782c   0x00000024   Code   RO         9809    i._printf_post_padding  mc_w.l(printfa.o)
    0x08017850   0x0000002e   Code   RO         9810    i._printf_pre_padding  mc_w.l(printfa.o)
    0x0801787e   0x0000000a   Code   RO         9812    i._sputc            mc_w.l(printfa.o)
    0x08017888   0x00000018   Code   RO         9890    i.fabs              m_wm.l(fabs.o)
    0x080178a0   0x0000001c   Code   RO         8853    i.fputc             bsp_debug_usart.o
    0x080178bc   0x00000050   Code   RO         9828    i.free              mc_w.l(malloc.o)
    0x0801790c   0x0000005e   Code   RO         9200    i.htoi              sample.o
    0x0801796a   0x00000002   PAD
    0x0801796c   0x00000070   Code   RO         8995    i.itoa              function.o
    0x080179dc   0x0000023c   Code   RO           17    i.main              main.o
    0x08017c18   0x0000006c   Code   RO         9829    i.malloc            mc_w.l(malloc.o)
    0x08017c84   0x00000004   PAD
    0x08017c88   0x000001a0   Code   RO         8996    i.movedigit         function.o
    0x08017e28   0x00000036   Code   RO         9201    i.split             sample.o
    0x08017e5e   0x0000006e   Code   RO         9901    i.sqrt              m_wm.l(sqrt.o)
    0x08017ecc   0x00000010   Data   RO         8810    .constdata          system_stm32f4xx.o
    0x08017edc   0x00000008   Data   RO         8811    .constdata          system_stm32f4xx.o
    0x08017ee4   0x00000004   PAD
    0x08017ee8   0x00000088   Data   RO         9531    .constdata          m_wm.l(pow.o)
    0x08017f70   0x00000008   Data   RO         9898    .constdata          m_wm.l(qnan.o)
    0x08017f78   0x00000081   Data   RO         9973    .constdata          mc_w.l(ctype_o.o)
    0x08017ff9   0x00000003   PAD
    0x08017ffc   0x00000004   Data   RO         9974    .constdata          mc_w.l(ctype_o.o)
    0x08018000   0x00000020   Data   RO        10017    Region$$Table       anon$$obj.o


    Execution Region RW_IRAM1 (Base: 0x20000000, Size: 0x00003da8, Max: 0x00020000, ABSOLUTE)

    Base Addr    Size         Type   Attr      Idx    E Section Name        Object

    0x20000000   0x00000008   Data   RW           18    .data               main.o
    0x20000008   0x00000004   Data   RW          509    .data               variable.o
    0x2000000c   0x00000004   Data   RW          510    .data               variable.o
    0x20000010   0x00000004   Data   RW          511    .data               variable.o
    0x20000014   0x00000004   Data   RW          512    .data               variable.o
    0x20000018   0x00000004   Data   RW          513    .data               variable.o
    0x2000001c   0x00000004   Data   RW          514    .data               variable.o
    0x20000020   0x00000004   Data   RW          515    .data               variable.o
    0x20000024   0x00000004   Data   RW          516    .data               variable.o
    0x20000028   0x00000004   Data   RW          517    .data               variable.o
    0x2000002c   0x00000004   Data   RW          518    .data               variable.o
    0x20000030   0x00000001   Data   RW          521    .data               variable.o
    0x20000031   0x00000001   Data   RW          522    .data               variable.o
    0x20000032   0x00000002   Data   RW          523    .data               variable.o
    0x20000034   0x00000002   Data   RW          524    .data               variable.o
    0x20000036   0x00000002   Data   RW          525    .data               variable.o
    0x20000038   0x00000001   Data   RW          527    .data               variable.o
    0x20000039   0x00000001   Data   RW          528    .data               variable.o
    0x2000003a   0x00000001   Data   RW          529    .data               variable.o
    0x2000003b   0x00000001   Data   RW          530    .data               variable.o
    0x2000003c   0x00000001   Data   RW          531    .data               variable.o
    0x2000003d   0x00000001   Data   RW          532    .data               variable.o
    0x2000003e   0x00000002   PAD
    0x20000040   0x00000004   Data   RW          535    .data               variable.o
    0x20000044   0x00000001   Data   RW          536    .data               variable.o
    0x20000045   0x00000001   Data   RW          537    .data               variable.o
    0x20000046   0x00000001   Data   RW          538    .data               variable.o
    0x20000047   0x00000001   Data   RW          539    .data               variable.o
    0x20000048   0x00000008   Data   RW          540    .data               variable.o
    0x20000050   0x00000008   Data   RW          542    .data               variable.o
    0x20000058   0x00000008   Data   RW          543    .data               variable.o
    0x20000060   0x00000004   Data   RW         1395    .data               stm32f4xx_hal.o
    0x20000064   0x00000004   Data   RW         8812    .data               system_stm32f4xx.o
    0x20000068   0x00000004   Data   RW         9562    .data               mc_w.l(strtok.o)
    0x2000006c   0x00000004   Data   RW         9925    .data               mc_w.l(stdout.o)
    0x20000070   0x00000004   Data   RW         9940    .data               mc_w.l(mvars.o)
    0x20000074   0x00000004   Data   RW         9941    .data               mc_w.l(mvars.o)
    0x20000078   0x00000004   Data   RW         9945    .data               mc_w.l(errno.o)
    0x2000007c   0x000001a0   Zero   RW          501    .bss                variable.o
    0x2000021c   0x000000c8   Zero   RW          502    .bss                variable.o
    0x200002e4   0x00000004   PAD
    0x200002e8   0x00000118   Zero   RW          503    .bss                variable.o
    0x20000400   0x00000032   Zero   RW          504    .bss                variable.o
    0x20000432   0x00000032   Zero   RW          505    .bss                variable.o
    0x20000464   0x000003e8   Zero   RW          506    .bss                variable.o
    0x2000084c   0x000003e8   Zero   RW          507    .bss                variable.o
    0x20000c34   0x00000080   Zero   RW         8854    .bss                bsp_debug_usart.o
    0x20000cb4   0x00000040   Zero   RW         8920    .bss                bsp_usartx_rs485.o
    0x20000cf4   0x0000003c   Zero   RW         9241    .bss                bsp_basictim.o
    0x20000d30   0x00000058   Zero   RW         9395    .bss                bsp_spiflash.o
    0x20000d88   0x00000020   Zero   RW         9488    .bss                bsp_rtc.o
    0x20000da8   0x00002000   Zero   RW            2    HEAP                startup_stm32f407xx.o
    0x20002da8   0x00001000   Zero   RW            1    STACK               startup_stm32f407xx.o


==============================================================================

Image component sizes


      Code (inc. data)   RO Data    RW Data    ZI Data      Debug   Object Name

       112         14          0          0         60       1873   bsp_basictim.o
       512         58          0          0        128       4557   bsp_debug_usart.o
       740         44          0          0          0       3051   bsp_gpio.o
       160         14          0          0          0       1040   bsp_led.o
       304         68          0          0         32       2463   bsp_rtc.o
       850         60          0          0         88       8035   bsp_spiflash.o
       354        116          0          0         64       3123   bsp_usartx_rs485.o
       196          0          0          0          0       2232   crc16.o
      8606       2618          0          0          0      57286   function.o
      1560        364          0          8          0     716853   main.o
       504         50          0          0          0       2966   sample.o
        36          8        392          0      12288        856   startup_stm32f407xx.o
       150         22          0          4          0       4627   stm32f4xx_hal.o
       242         16          0          0          0      32093   stm32f4xx_hal_cortex.o
        36          0          0          0          0       1191   stm32f4xx_hal_dma.o
       564         28          0          0          0       3998   stm32f4xx_hal_gpio.o
       104          0          0          0          0        562   stm32f4xx_hal_msp.o
        26          0          0          0          0        575   stm32f4xx_hal_pwr.o
      1836         92          0          0          0       7212   stm32f4xx_hal_rcc.o
       404         34          0          0          0       1584   stm32f4xx_hal_rcc_ex.o
      1006         10          0          0          0       7798   stm32f4xx_hal_rtc.o
        24          0          0          0          0       1843   stm32f4xx_hal_rtc_ex.o
       826          0          0          0          0       4525   stm32f4xx_hal_spi.o
       684         22          0          0          0       6719   stm32f4xx_hal_tim.o
       106          0          0          0          0       2546   stm32f4xx_hal_tim_ex.o
      1986         20          0          0          0      10783   stm32f4xx_hal_uart.o
       148         24          0          0          0       7944   stm32f4xx_it.o
        92         28         24          4          0       1247   system_stm32f4xx.o
         0          0          0         86       2996       3560   variable.o

    ----------------------------------------------------------------------
     22206       3714        452        104      15660     903142   Object Totals
         0          0         32          0          0          0   (incl. Generated)
        38          4          4          2          4          0   (incl. Padding)

    ----------------------------------------------------------------------

      Code (inc. data)   RO Data    RW Data    ZI Data      Debug   Library Member Name

       164         44          0          0          0        620   dunder.o
        24          0          0          0          0        124   fabs.o
        48          0          0          0          0        124   fpclassify.o
       248          0          0          0          0        152   poly.o
      3152        296        136          0          0        352   pow.o
         0          0          8          0          0          0   qnan.o
       110          0          0          0          0        148   sqrt.o
        40         10          0          0          0        128   strtod.o
        28          0          0          0          0         68   _chval.o
        64          0          0          0          0         84   _sgetc.o
       158          0          0          0          0         92   _strtoul.o
        26          0          0          0          0         80   atoi.o
         8          4        133          0          0         68   ctype_o.o
         0          0          0          0          0          0   entry.o
         0          0          0          0          0          0   entry10a.o
         0          0          0          0          0          0   entry11a.o
         8          4          0          0          0          0   entry2.o
         4          0          0          0          0          0   entry5.o
         0          0          0          0          0          0   entry7b.o
         0          0          0          0          0          0   entry8b.o
         8          4          0          0          0          0   entry9a.o
        20         10          0          4          0        136   errno.o
        30          0          0          0          0          0   handlers.o
        36          8          0          0          0         68   init.o
        18          0          0          0          0         76   isspace_o.o
         0          0          0          0          0          0   iusefp.o
        30          0          0          0          0         68   llshl.o
        36          0          0          0          0         68   llsshr.o
        32          0          0          0          0         68   llushr.o
       188         20          0          0          0        160   malloc.o
        36          0          0          0          0        108   memseta.o
         0          0          0          8          0          0   mvars.o
      2276         96          0          0          0        596   printfa.o
       838         12          0          0          0        216   scanf_fp.o
         0          0          0          4          0          0   stdout.o
        28          0          0          0          0         76   strcmp.o
        18          0          0          0          0         68   strcpy.o
        14          0          0          0          0         68   strlen.o
       156         14          0          0          0        120   strtod.o
        68          6          0          4          0         80   strtok.o
       112          0          0          0          0         88   strtol.o
        12          0          0          0          0         68   tolower.o
        44          0          0          0          0         80   uidiv.o
        98          0          0          0          0         92   uldiv.o
        48          0          0          0          0         68   cdcmple.o
        48          0          0          0          0         68   cdrcmple.o
        56          0          0          0          0         88   d2f.o
       334          0          0          0          0        148   dadd.o
       222          0          0          0          0        100   ddiv.o
       186          0          0          0          0        176   depilogue.o
        50          0          0          0          0         76   dfixui.o
        48          0          0          0          0         68   dfixul.o
        34          0          0          0          0         76   dflti.o
        26          0          0          0          0         76   dfltui.o
        24          0          0          0          0         76   dfltul.o
       228          0          0          0          0         96   dmul.o
        46          0          0          0          0         80   dscalb.o
       162          0          0          0          0        100   dsqrt.o
        38          0          0          0          0         68   f2d.o
       110          0          0          0          0        168   fepilogue.o

    ----------------------------------------------------------------------
      9862        536        280         20          0       5876   Library Totals
        22          8          3          0          0          0   (incl. Padding)

    ----------------------------------------------------------------------

      Code (inc. data)   RO Data    RW Data    ZI Data      Debug   Library Name

      3786        350        144          0          0       1648   m_wm.l
      4394        178        133         20          0       2696   mc_w.l
      1660          0          0          0          0       1532   mf_w.l

    ----------------------------------------------------------------------
      9862        536        280         20          0       5876   Library Totals

    ----------------------------------------------------------------------

==============================================================================


      Code (inc. data)   RO Data    RW Data    ZI Data      Debug   

     32068       4250        732        124      15660     890882   Grand Totals
     32068       4250        732        124      15660     890882   ELF Image Totals
     32068       4250        732        124          0          0   ROM Totals

==============================================================================

    Total RO  Size (Code + RO Data)                32800 (  32.03kB)
    Total RW  Size (RW Data + ZI Data)             15784 (  15.41kB)
    Total ROM Size (Code + RO Data + RW Data)      32924 (  32.15kB)

==============================================================================

