Component: ARM Compiler 5.06 update 4 (build 422) Tool: armlink [4d35d2]

==============================================================================

Section Cross References

    startup_stm32f407xx.o(RESET) refers to startup_stm32f407xx.o(STACK) for __initial_sp
    startup_stm32f407xx.o(RESET) refers to startup_stm32f407xx.o(.text) for Reset_Handler
    startup_stm32f407xx.o(RESET) refers to stm32f4xx_it.o(i.NMI_Handler) for NMI_Handler
    startup_stm32f407xx.o(RESET) refers to stm32f4xx_it.o(i.HardFault_Handler) for HardFault_Handler
    startup_stm32f407xx.o(RESET) refers to stm32f4xx_it.o(i.MemManage_Handler) for MemManage_Handler
    startup_stm32f407xx.o(RESET) refers to stm32f4xx_it.o(i.BusFault_Handler) for BusFault_Handler
    startup_stm32f407xx.o(RESET) refers to stm32f4xx_it.o(i.UsageFault_Handler) for UsageFault_Handler
    startup_stm32f407xx.o(RESET) refers to stm32f4xx_it.o(i.SVC_Handler) for SVC_Handler
    startup_stm32f407xx.o(RESET) refers to stm32f4xx_it.o(i.DebugMon_Handler) for DebugMon_Handler
    startup_stm32f407xx.o(RESET) refers to stm32f4xx_it.o(i.PendSV_Handler) for PendSV_Handler
    startup_stm32f407xx.o(RESET) refers to stm32f4xx_it.o(i.SysTick_Handler) for SysTick_Handler
    startup_stm32f407xx.o(RESET) refers to stm32f4xx_it.o(i.RCC_IRQHandler) for RCC_IRQHandler
    startup_stm32f407xx.o(RESET) refers to stm32f4xx_it.o(i.USART1_IRQHandler) for USART1_IRQHandler
    startup_stm32f407xx.o(RESET) refers to stm32f4xx_it.o(i.USART3_IRQHandler) for USART3_IRQHandler
    startup_stm32f407xx.o(RESET) refers to stm32f4xx_it.o(i.TIM6_DAC_IRQHandler) for TIM6_DAC_IRQHandler
    startup_stm32f407xx.o(.text) refers to system_stm32f4xx.o(i.SystemInit) for SystemInit
    startup_stm32f407xx.o(.text) refers to entry.o(.ARM.Collect$$$$00000000) for __main
    main.o(i.HAL_TIM_PeriodElapsedCallback) refers to stm32f4xx_hal_gpio.o(i.HAL_GPIO_TogglePin) for HAL_GPIO_TogglePin
    main.o(i.HAL_TIM_PeriodElapsedCallback) refers to main.o(.data) for .data
    main.o(i.HAL_UART_RxCpltCallback) refers to printf2.o(i.__0printf$2) for __2printf
    main.o(i.HAL_UART_RxCpltCallback) refers to stm32f4xx_hal_uart.o(i.HAL_UART_Receive_IT) for HAL_UART_Receive_IT
    main.o(i.HAL_UART_RxCpltCallback) refers to function.o(i.Save_Data) for Save_Data
    main.o(i.HAL_UART_RxCpltCallback) refers to main.o(.data) for .data
    main.o(i.HAL_UART_RxCpltCallback) refers to variable.o(.bss) for RS485_Rx_buf
    main.o(i.HAL_UART_RxCpltCallback) refers to bsp_usartx_rs485.o(.bss) for husartx_rs485
    main.o(i.HAL_UART_RxCpltCallback) refers to variable.o(.bss) for RS232_Rx_buf
    main.o(i.HAL_UART_RxCpltCallback) refers to bsp_debug_usart.o(.bss) for husart_debug
    main.o(i.SystemClock_Config) refers to stm32f4xx_hal_rcc.o(i.HAL_RCC_OscConfig) for HAL_RCC_OscConfig
    main.o(i.SystemClock_Config) refers to stm32f4xx_hal_rcc.o(i.HAL_RCC_ClockConfig) for HAL_RCC_ClockConfig
    main.o(i.SystemClock_Config) refers to stm32f4xx_hal_rcc.o(i.HAL_RCC_EnableCSS) for HAL_RCC_EnableCSS
    main.o(i.SystemClock_Config) refers to stm32f4xx_hal_rcc.o(i.HAL_RCC_GetHCLKFreq) for HAL_RCC_GetHCLKFreq
    main.o(i.SystemClock_Config) refers to stm32f4xx_hal_cortex.o(i.HAL_SYSTICK_Config) for HAL_SYSTICK_Config
    main.o(i.SystemClock_Config) refers to stm32f4xx_hal_cortex.o(i.HAL_SYSTICK_CLKSourceConfig) for HAL_SYSTICK_CLKSourceConfig
    main.o(i.SystemClock_Config) refers to stm32f4xx_hal_cortex.o(i.HAL_NVIC_SetPriority) for HAL_NVIC_SetPriority
    main.o(i.main) refers to stm32f4xx_hal.o(i.HAL_Init) for HAL_Init
    main.o(i.main) refers to main.o(i.SystemClock_Config) for SystemClock_Config
    main.o(i.main) refers to bsp_debug_usart.o(i.MX_DEBUG_USART_Init) for MX_DEBUG_USART_Init
    main.o(i.main) refers to bsp_usartx_rs485.o(i.RS485_USARTx_Init) for RS485_USARTx_Init
    main.o(i.main) refers to bsp_led.o(i.LED_GPIO_Init) for LED_GPIO_Init
    main.o(i.main) refers to bsp_basictim.o(i.BASIC_TIMx_Init) for BASIC_TIMx_Init
    main.o(i.main) refers to stm32f4xx_hal_tim.o(i.HAL_TIM_Base_Start_IT) for HAL_TIM_Base_Start_IT
    main.o(i.main) refers to printf2.o(i.__0printf$2) for __2printf
    main.o(i.main) refers to stm32f4xx_hal_uart.o(i.HAL_UART_Receive_IT) for HAL_UART_Receive_IT
    main.o(i.main) refers to stm32f4xx_hal_gpio.o(i.HAL_GPIO_WritePin) for HAL_GPIO_WritePin
    main.o(i.main) refers to bsp_basictim.o(.bss) for htimx
    main.o(i.main) refers to main.o(.data) for .data
    main.o(i.main) refers to bsp_debug_usart.o(.bss) for husart_debug
    main.o(i.main) refers to bsp_usartx_rs485.o(.bss) for husartx_rs485
    stm32f4xx_hal_msp.o(i.HAL_MspInit) refers to stm32f4xx_hal_cortex.o(i.HAL_NVIC_SetPriorityGrouping) for HAL_NVIC_SetPriorityGrouping
    stm32f4xx_hal_msp.o(i.HAL_MspInit) refers to stm32f4xx_hal_cortex.o(i.HAL_NVIC_SetPriority) for HAL_NVIC_SetPriority
    stm32f4xx_hal_msp.o(i.HAL_MspInit) refers to stm32f4xx_hal_cortex.o(i.HAL_NVIC_EnableIRQ) for HAL_NVIC_EnableIRQ
[...]
    Removing stm32f4xx_hal_tim.o(i.HAL_TIM_IC_ConfigChannel), (190 bytes).
    Removing stm32f4xx_hal_tim.o(i.HAL_TIM_IC_DeInit), (56 bytes).
    Removing stm32f4xx_hal_tim.o(i.HAL_TIM_IC_GetState), (6 bytes).
    Removing stm32f4xx_hal_tim.o(i.HAL_TIM_IC_Init), (56 bytes).
    Removing stm32f4xx_hal_tim.o(i.HAL_TIM_IC_MspDeInit), (2 bytes).
    Removing stm32f4xx_hal_tim.o(i.HAL_TIM_IC_MspInit), (2 bytes).
    Removing stm32f4xx_hal_tim.o(i.HAL_TIM_IC_Start), (26 bytes).
    Removing stm32f4xx_hal_tim.o(i.HAL_TIM_IC_Start_DMA), (232 bytes).
    Removing stm32f4xx_hal_tim.o(i.HAL_TIM_IC_Start_IT), (84 bytes).
    Removing stm32f4xx_hal_tim.o(i.HAL_TIM_IC_Stop), (44 bytes).
    Removing stm32f4xx_hal_tim.o(i.HAL_TIM_IC_Stop_DMA), (108 bytes).
    Removing stm32f4xx_hal_tim.o(i.HAL_TIM_IC_Stop_IT), (102 bytes).
    Removing stm32f4xx_hal_tim.o(i.HAL_TIM_OC_ConfigChannel), (86 bytes).
    Removing stm32f4xx_hal_tim.o(i.HAL_TIM_OC_DeInit), (56 bytes).
    Removing stm32f4xx_hal_tim.o(i.HAL_TIM_OC_GetState), (6 bytes).
    Removing stm32f4xx_hal_tim.o(i.HAL_TIM_OC_Init), (56 bytes).
    Removing stm32f4xx_hal_tim.o(i.HAL_TIM_OC_MspDeInit), (2 bytes).
    Removing stm32f4xx_hal_tim.o(i.HAL_TIM_OC_MspInit), (2 bytes).
    Removing stm32f4xx_hal_tim.o(i.HAL_TIM_OC_Start), (56 bytes).
    Removing stm32f4xx_hal_tim.o(i.HAL_TIM_OC_Start_DMA), (264 bytes).
    Removing stm32f4xx_hal_tim.o(i.HAL_TIM_OC_Start_IT), (114 bytes).
    Removing stm32f4xx_hal_tim.o(i.HAL_TIM_OC_Stop), (86 bytes).
    Removing stm32f4xx_hal_tim.o(i.HAL_TIM_OC_Stop_DMA), (150 bytes).
    Removing stm32f4xx_hal_tim.o(i.HAL_TIM_OC_Stop_IT), (144 bytes).
    Removing stm32f4xx_hal_tim.o(i.HAL_TIM_OnePulse_ConfigChannel), (246 bytes).
    Removing stm32f4xx_hal_tim.o(i.HAL_TIM_OnePulse_DeInit), (56 bytes).
    Removing stm32f4xx_hal_tim.o(i.HAL_TIM_OnePulse_GetState), (6 bytes).
    Removing stm32f4xx_hal_tim.o(i.HAL_TIM_OnePulse_Init), (76 bytes).
    Removing stm32f4xx_hal_tim.o(i.HAL_TIM_OnePulse_MspDeInit), (2 bytes).
    Removing stm32f4xx_hal_tim.o(i.HAL_TIM_OnePulse_MspInit), (2 bytes).
    Removing stm32f4xx_hal_tim.o(i.HAL_TIM_OnePulse_Start), (58 bytes).
    Removing stm32f4xx_hal_tim.o(i.HAL_TIM_OnePulse_Start_IT), (78 bytes).
    Removing stm32f4xx_hal_tim.o(i.HAL_TIM_OnePulse_Stop), (98 bytes).
    Removing stm32f4xx_hal_tim.o(i.HAL_TIM_OnePulse_Stop_IT), (118 bytes).
    Removing stm32f4xx_hal_tim.o(i.HAL_TIM_PWM_ConfigChannel), (220 bytes).
    Removing stm32f4xx_hal_tim.o(i.HAL_TIM_PWM_DeInit), (56 bytes).
    Removing stm32f4xx_hal_tim.o(i.HAL_TIM_PWM_GetState), (6 bytes).
    Removing stm32f4xx_hal_tim.o(i.HAL_TIM_PWM_Init), (56 bytes).
    Removing stm32f4xx_hal_tim.o(i.HAL_TIM_PWM_MspDeInit), (2 bytes).
    Removing stm32f4xx_hal_tim.o(i.HAL_TIM_PWM_MspInit), (2 bytes).
    Removing stm32f4xx_hal_tim.o(i.HAL_TIM_PWM_Start), (56 bytes).
    Removing stm32f4xx_hal_tim.o(i.HAL_TIM_PWM_Start_DMA), (264 bytes).
    Removing stm32f4xx_hal_tim.o(i.HAL_TIM_PWM_Start_IT), (114 bytes).
    Removing stm32f4xx_hal_tim.o(i.HAL_TIM_PWM_Stop), (92 bytes).
    Removing stm32f4xx_hal_tim.o(i.HAL_TIM_PWM_Stop_DMA), (150 bytes).
    Removing stm32f4xx_hal_tim.o(i.HAL_TIM_PWM_Stop_IT), (144 bytes).
    Removing stm32f4xx_hal_tim.o(i.HAL_TIM_PeriodElapsedCallback), (2 bytes).
    Removing stm32f4xx_hal_tim.o(i.HAL_TIM_ReadCapturedValue), (68 bytes).
    Removing stm32f4xx_hal_tim.o(i.HAL_TIM_SlaveConfigSynchronization), (66 bytes).
    Removing stm32f4xx_hal_tim.o(i.HAL_TIM_SlaveConfigSynchronization_IT), (66 bytes).
    Removing stm32f4xx_hal_tim.o(i.TIM_CCxChannelCmd), (26 bytes).
    Removing stm32f4xx_hal_tim.o(i.TIM_DMACaptureCplt), (66 bytes).
    Removing stm32f4xx_hal_tim.o(i.TIM_DMADelayPulseCplt), (66 bytes).
    Removing stm32f4xx_hal_tim.o(i.TIM_DMAError), (16 bytes).
    Removing stm32f4xx_hal_tim.o(i.TIM_DMAPeriodElapsedCplt), (16 bytes).
    Removing stm32f4xx_hal_tim.o(i.TIM_DMATriggerCplt), (16 bytes).
    Removing stm32f4xx_hal_tim.o(i.TIM_ETR_SetConfig), (22 bytes).
    Removing stm32f4xx_hal_tim.o(i.TIM_ITRx_SetConfig), (16 bytes).
    Removing stm32f4xx_hal_tim.o(i.TIM_OC1_SetConfig), (104 bytes).
    Removing stm32f4xx_hal_tim.o(i.TIM_OC2_SetConfig), (112 bytes).
    Removing stm32f4xx_hal_tim.o(i.TIM_OC3_SetConfig), (112 bytes).
    Removing stm32f4xx_hal_tim.o(i.TIM_OC4_SetConfig), (88 bytes).
    Removing stm32f4xx_hal_tim.o(i.TIM_SlaveTimer_SetConfig), (128 bytes).
    Removing stm32f4xx_hal_tim.o(i.TIM_TI1_ConfigInputStage), (38 bytes).
    Removing stm32f4xx_hal_tim.o(i.TIM_TI1_SetConfig), (146 bytes).
    Removing stm32f4xx_hal_tim.o(i.TIM_TI2_ConfigInputStage), (36 bytes).
    Removing stm32f4xx_hal_tim.o(i.TIM_TI2_SetConfig), (64 bytes).
    Removing stm32f4xx_hal_tim.o(i.TIM_TI3_SetConfig), (60 bytes).
    Removing stm32f4xx_hal_tim.o(i.TIM_TI4_SetConfig), (64 bytes).
    Removing stm32f4xx_hal_uart.o(.rev16_text), (4 bytes).
    Removing stm32f4xx_hal_uart.o(.revsh_text), (4 bytes).
    Removing stm32f4xx_hal_uart.o(.rrx_text), (6 bytes).
    Removing stm32f4xx_hal_uart.o(i.HAL_HalfDuplex_EnableReceiver), (54 bytes).
    Removing stm32f4xx_hal_uart.o(i.HAL_HalfDuplex_EnableTransmitter), (54 bytes).
    Removing stm32f4xx_hal_uart.o(i.HAL_HalfDuplex_Init), (110 bytes).
    Removing stm32f4xx_hal_uart.o(i.HAL_LIN_Init), (130 bytes).
    Removing stm32f4xx_hal_uart.o(i.HAL_LIN_SendBreak), (50 bytes).
    Removing stm32f4xx_hal_uart.o(i.HAL_MultiProcessor_EnterMuteMode), (50 bytes).
    Removing stm32f4xx_hal_uart.o(i.HAL_MultiProcessor_ExitMuteMode), (50 bytes).
    Removing stm32f4xx_hal_uart.o(i.HAL_MultiProcessor_Init), (146 bytes).
    Removing stm32f4xx_hal_uart.o(i.HAL_UART_Abort), (108 bytes).
    Removing stm32f4xx_hal_uart.o(i.HAL_UART_AbortCpltCallback), (2 bytes).
    Removing stm32f4xx_hal_uart.o(i.HAL_UART_AbortReceive), (70 bytes).
    Removing stm32f4xx_hal_uart.o(i.HAL_UART_AbortReceiveCpltCallback), (2 bytes).
    Removing stm32f4xx_hal_uart.o(i.HAL_UART_AbortReceive_IT), (108 bytes).
    Removing stm32f4xx_hal_uart.o(i.HAL_UART_AbortTransmit), (60 bytes).
    Removing stm32f4xx_hal_uart.o(i.HAL_UART_AbortTransmitCpltCallback), (2 bytes).
    Removing stm32f4xx_hal_uart.o(i.HAL_UART_AbortTransmit_IT), (100 bytes).
    Removing stm32f4xx_hal_uart.o(i.HAL_UART_Abort_IT), (188 bytes).
    Removing stm32f4xx_hal_uart.o(i.HAL_UART_DMAPause), (102 bytes).
    Removing stm32f4xx_hal_uart.o(i.HAL_UART_DMAResume), (98 bytes).
    Removing stm32f4xx_hal_uart.o(i.HAL_UART_DMAStop), (88 bytes).
    Removing stm32f4xx_hal_uart.o(i.HAL_UART_DeInit), (42 bytes).
    Removing stm32f4xx_hal_uart.o(i.HAL_UART_GetError), (4 bytes).
    Removing stm32f4xx_hal_uart.o(i.HAL_UART_GetState), (12 bytes).
    Removing stm32f4xx_hal_uart.o(i.HAL_UART_MspDeInit), (2 bytes).
    Removing stm32f4xx_hal_uart.o(i.HAL_UART_MspInit), (2 bytes).
    Removing stm32f4xx_hal_uart.o(i.HAL_UART_Receive), (226 bytes).
    Removing stm32f4xx_hal_uart.o(i.HAL_UART_Receive_DMA), (164 bytes).
    Removing stm32f4xx_hal_uart.o(i.HAL_UART_RxCpltCallback), (2 bytes).
    Removing stm32f4xx_hal_uart.o(i.HAL_UART_RxHalfCpltCallback), (2 bytes).
    Removing stm32f4xx_hal_uart.o(i.HAL_UART_Transmit_DMA), (152 bytes).
    Removing stm32f4xx_hal_uart.o(i.HAL_UART_Transmit_IT), (66 bytes).
    Removing stm32f4xx_hal_uart.o(i.HAL_UART_TxHalfCpltCallback), (2 bytes).
    Removing stm32f4xx_hal_uart.o(i.UART_DMAError), (74 bytes).
    Removing stm32f4xx_hal_uart.o(i.UART_DMAReceiveCplt), (62 bytes).
    Removing stm32f4xx_hal_uart.o(i.UART_DMARxAbortCallback), (44 bytes).
    Removing stm32f4xx_hal_uart.o(i.UART_DMARxHalfCplt), (10 bytes).
    Removing stm32f4xx_hal_uart.o(i.UART_DMARxOnlyAbortCallback), (20 bytes).
    Removing stm32f4xx_hal_uart.o(i.UART_DMATransmitCplt), (48 bytes).
    Removing stm32f4xx_hal_uart.o(i.UART_DMATxAbortCallback), (44 bytes).
    Removing stm32f4xx_hal_uart.o(i.UART_DMATxHalfCplt), (10 bytes).
    Removing stm32f4xx_hal_uart.o(i.UART_DMATxOnlyAbortCallback), (20 bytes).
    Removing stm32f4xx_hal_uart.o(i.UART_EndTxTransfer), (18 bytes).
    Removing stm32f4xx_hal_adc.o(.rev16_text), (4 bytes).
    Removing stm32f4xx_hal_adc.o(.revsh_text), (4 bytes).
    Removing stm32f4xx_hal_adc.o(.rrx_text), (6 bytes).
    Removing stm32f4xx_hal_adc.o(i.ADC_DMAConvCplt), (102 bytes).
    Removing stm32f4xx_hal_adc.o(i.ADC_DMAError), (22 bytes).
    Removing stm32f4xx_hal_adc.o(i.ADC_DMAHalfConvCplt), (10 bytes).
    Removing stm32f4xx_hal_adc.o(i.ADC_Init), (312 bytes).
    Removing stm32f4xx_hal_adc.o(i.HAL_ADC_AnalogWDGConfig), (118 bytes).
    Removing stm32f4xx_hal_adc.o(i.HAL_ADC_ConfigChannel), (372 bytes).
    Removing stm32f4xx_hal_adc.o(i.HAL_ADC_ConvCpltCallback), (2 bytes).
    Removing stm32f4xx_hal_adc.o(i.HAL_ADC_ConvHalfCpltCallback), (2 bytes).
    Removing stm32f4xx_hal_adc.o(i.HAL_ADC_DeInit), (64 bytes).
    Removing stm32f4xx_hal_adc.o(i.HAL_ADC_ErrorCallback), (2 bytes).
    Removing stm32f4xx_hal_adc.o(i.HAL_ADC_GetError), (4 bytes).
    Removing stm32f4xx_hal_adc.o(i.HAL_ADC_GetState), (4 bytes).
    Removing stm32f4xx_hal_adc.o(i.HAL_ADC_GetValue), (6 bytes).
    Removing stm32f4xx_hal_adc.o(i.HAL_ADC_IRQHandler), (334 bytes).
    Removing stm32f4xx_hal_adc.o(i.HAL_ADC_Init), (86 bytes).
    Removing stm32f4xx_hal_adc.o(i.HAL_ADC_LevelOutOfWindowCallback), (2 bytes).
    Removing stm32f4xx_hal_adc.o(i.HAL_ADC_MspDeInit), (2 bytes).
    Removing stm32f4xx_hal_adc.o(i.HAL_ADC_MspInit), (2 bytes).
    Removing stm32f4xx_hal_adc.o(i.HAL_ADC_PollForConversion), (186 bytes).
    Removing stm32f4xx_hal_adc.o(i.HAL_ADC_PollForEvent), (126 bytes).
    Removing stm32f4xx_hal_adc.o(i.HAL_ADC_Start), (232 bytes).
    Removing stm32f4xx_hal_adc.o(i.HAL_ADC_Start_DMA), (316 bytes).
    Removing stm32f4xx_hal_adc.o(i.HAL_ADC_Start_IT), (248 bytes).
    Removing stm32f4xx_hal_adc.o(i.HAL_ADC_Stop), (62 bytes).
    Removing stm32f4xx_hal_adc.o(i.HAL_ADC_Stop_DMA), (94 bytes).
    Removing stm32f4xx_hal_adc.o(i.HAL_ADC_Stop_IT), (74 bytes).
    Removing stm32f4xx_hal_adc_ex.o(.rev16_text), (4 bytes).
    Removing stm32f4xx_hal_adc_ex.o(.revsh_text), (4 bytes).
    Removing stm32f4xx_hal_adc_ex.o(.rrx_text), (6 bytes).
    Removing stm32f4xx_hal_adc_ex.o(i.ADC_MultiModeDMAConvCplt), (94 bytes).
    Removing stm32f4xx_hal_adc_ex.o(i.ADC_MultiModeDMAError), (18 bytes).
    Removing stm32f4xx_hal_adc_ex.o(i.ADC_MultiModeDMAHalfConvCplt), (6 bytes).
    Removing stm32f4xx_hal_adc_ex.o(i.HAL_ADCEx_InjectedConfigChannel), (520 bytes).
    Removing stm32f4xx_hal_adc_ex.o(i.HAL_ADCEx_InjectedConvCpltCallback), (2 bytes).
    Removing stm32f4xx_hal_adc_ex.o(i.HAL_ADCEx_InjectedGetValue), (64 bytes).
    Removing stm32f4xx_hal_adc_ex.o(i.HAL_ADCEx_InjectedPollForConversion), (154 bytes).
    Removing stm32f4xx_hal_adc_ex.o(i.HAL_ADCEx_InjectedStart), (252 bytes).
    Removing stm32f4xx_hal_adc_ex.o(i.HAL_ADCEx_InjectedStart_IT), (264 bytes).
    Removing stm32f4xx_hal_adc_ex.o(i.HAL_ADCEx_InjectedStop), (92 bytes).
    Removing stm32f4xx_hal_adc_ex.o(i.HAL_ADCEx_InjectedStop_IT), (100 bytes).
    Removing stm32f4xx_hal_adc_ex.o(i.HAL_ADCEx_MultiModeConfigChannel), (92 bytes).
    Removing stm32f4xx_hal_adc_ex.o(i.HAL_ADCEx_MultiModeGetValue), (12 bytes).
    Removing stm32f4xx_hal_adc_ex.o(i.HAL_ADCEx_MultiModeStart_DMA), (284 bytes).
    Removing stm32f4xx_hal_adc_ex.o(i.HAL_ADCEx_MultiModeStop_DMA), (100 bytes).
    Removing stm32f4xx_hal_can.o(.rev16_text), (4 bytes).
    Removing stm32f4xx_hal_can.o(.revsh_text), (4 bytes).
    Removing stm32f4xx_hal_can.o(.rrx_text), (6 bytes).
    Removing stm32f4xx_hal_can.o(i.CAN_Receive_IT), (422 bytes).
    Removing stm32f4xx_hal_can.o(i.CAN_Transmit_IT), (84 bytes).
    Removing stm32f4xx_hal_can.o(i.HAL_CAN_ConfigFilter), (272 bytes).
    Removing stm32f4xx_hal_can.o(i.HAL_CAN_DeInit), (36 bytes).
    Removing stm32f4xx_hal_can.o(i.HAL_CAN_ErrorCallback), (2 bytes).
    Removing stm32f4xx_hal_can.o(i.HAL_CAN_GetError), (4 bytes).
    Removing stm32f4xx_hal_can.o(i.HAL_CAN_GetState), (6 bytes).
    Removing stm32f4xx_hal_can.o(i.HAL_CAN_IRQHandler), (516 bytes).
    Removing stm32f4xx_hal_can.o(i.HAL_CAN_Init), (420 bytes).
    Removing stm32f4xx_hal_can.o(i.HAL_CAN_MspDeInit), (2 bytes).
    Removing stm32f4xx_hal_can.o(i.HAL_CAN_MspInit), (2 bytes).
    Removing stm32f4xx_hal_can.o(i.HAL_CAN_Receive), (586 bytes).
    Removing stm32f4xx_hal_can.o(i.HAL_CAN_Receive_IT), (258 bytes).
    Removing stm32f4xx_hal_can.o(i.HAL_CAN_RxCpltCallback), (2 bytes).
    Removing stm32f4xx_hal_can.o(i.HAL_CAN_Sleep), (138 bytes).
    Removing stm32f4xx_hal_can.o(i.HAL_CAN_Transmit), (572 bytes).
    Removing stm32f4xx_hal_can.o(i.HAL_CAN_Transmit_IT), (392 bytes).
    Removing stm32f4xx_hal_can.o(i.HAL_CAN_TxCpltCallback), (2 bytes).
    Removing stm32f4xx_hal_can.o(i.HAL_CAN_WakeUp), (130 bytes).
    Removing stm32f4xx_hal_cec.o(.rev16_text), (4 bytes).
    Removing stm32f4xx_hal_cec.o(.revsh_text), (4 bytes).
    Removing stm32f4xx_hal_cec.o(.rrx_text), (6 bytes).
    Removing stm32f4xx_hal_crc.o(.rev16_text), (4 bytes).
    Removing stm32f4xx_hal_crc.o(.revsh_text), (4 bytes).
    Removing stm32f4xx_hal_crc.o(.rrx_text), (6 bytes).
    Removing stm32f4xx_hal_crc.o(i.HAL_CRC_Accumulate), (66 bytes).
    Removing stm32f4xx_hal_crc.o(i.HAL_CRC_Calculate), (82 bytes).
    Removing stm32f4xx_hal_crc.o(i.HAL_CRC_DeInit), (30 bytes).
    Removing stm32f4xx_hal_crc.o(i.HAL_CRC_GetState), (4 bytes).
    Removing stm32f4xx_hal_crc.o(i.HAL_CRC_Init), (40 bytes).
    Removing stm32f4xx_hal_crc.o(i.HAL_CRC_MspDeInit), (2 bytes).
    Removing stm32f4xx_hal_crc.o(i.HAL_CRC_MspInit), (2 bytes).
    Removing stm32f4xx_hal_cryp.o(.rev16_text), (4 bytes).
    Removing stm32f4xx_hal_cryp.o(.revsh_text), (4 bytes).
    Removing stm32f4xx_hal_cryp.o(.rrx_text), (6 bytes).
    Removing stm32f4xx_hal_cryp_ex.o(.rev16_text), (4 bytes).
    Removing stm32f4xx_hal_cryp_ex.o(.revsh_text), (4 bytes).
    Removing stm32f4xx_hal_cryp_ex.o(.rrx_text), (6 bytes).
    Removing stm32f4xx_hal_dac.o(.rev16_text), (4 bytes).
    Removing stm32f4xx_hal_dac.o(.revsh_text), (4 bytes).
    Removing stm32f4xx_hal_dac.o(.rrx_text), (6 bytes).
    Removing stm32f4xx_hal_dac.o(i.DAC_DMAConvCpltCh1), (16 bytes).
    Removing stm32f4xx_hal_dac.o(i.DAC_DMAErrorCh1), (24 bytes).
    Removing stm32f4xx_hal_dac.o(i.DAC_DMAHalfConvCpltCh1), (10 bytes).
    Removing stm32f4xx_hal_dac.o(i.HAL_DAC_ConfigChannel), (82 bytes).
    Removing stm32f4xx_hal_dac.o(i.HAL_DAC_ConvCpltCallbackCh1), (2 bytes).
    Removing stm32f4xx_hal_dac.o(i.HAL_DAC_ConvHalfCpltCallbackCh1), (2 bytes).
    Removing stm32f4xx_hal_dac.o(i.HAL_DAC_DMAUnderrunCallbackCh1), (2 bytes).
    Removing stm32f4xx_hal_dac.o(i.HAL_DAC_DeInit), (32 bytes).
    Removing stm32f4xx_hal_dac.o(i.HAL_DAC_ErrorCallbackCh1), (2 bytes).
    Removing stm32f4xx_hal_dac.o(i.HAL_DAC_GetError), (4 bytes).
    Removing stm32f4xx_hal_dac.o(i.HAL_DAC_GetState), (4 bytes).
    Removing stm32f4xx_hal_dac.o(i.HAL_DAC_GetValue), (14 bytes).
    Removing stm32f4xx_hal_dac.o(i.HAL_DAC_IRQHandler), (96 bytes).
    Removing stm32f4xx_hal_dac.o(i.HAL_DAC_Init), (42 bytes).
    Removing stm32f4xx_hal_dac.o(i.HAL_DAC_MspDeInit), (2 bytes).
    Removing stm32f4xx_hal_dac.o(i.HAL_DAC_MspInit), (2 bytes).
    Removing stm32f4xx_hal_dac.o(i.HAL_DAC_SetValue), (38 bytes).
    Removing stm32f4xx_hal_dac.o(i.HAL_DAC_Start), (122 bytes).
    Removing stm32f4xx_hal_dac.o(i.HAL_DAC_Start_DMA), (248 bytes).
    Removing stm32f4xx_hal_dac.o(i.HAL_DAC_Stop), (24 bytes).
    Removing stm32f4xx_hal_dac.o(i.HAL_DAC_Stop_DMA), (62 bytes).
    Removing stm32f4xx_hal_dac_ex.o(.rev16_text), (4 bytes).
    Removing stm32f4xx_hal_dac_ex.o(.revsh_text), (4 bytes).
    Removing stm32f4xx_hal_dac_ex.o(.rrx_text), (6 bytes).
    Removing stm32f4xx_hal_dac_ex.o(i.DAC_DMAConvCpltCh2), (16 bytes).
    Removing stm32f4xx_hal_dac_ex.o(i.DAC_DMAErrorCh2), (24 bytes).
    Removing stm32f4xx_hal_dac_ex.o(i.DAC_DMAHalfConvCpltCh2), (10 bytes).
    Removing stm32f4xx_hal_dac_ex.o(i.HAL_DACEx_ConvCpltCallbackCh2), (2 bytes).
    Removing stm32f4xx_hal_dac_ex.o(i.HAL_DACEx_ConvHalfCpltCallbackCh2), (2 bytes).
    Removing stm32f4xx_hal_dac_ex.o(i.HAL_DACEx_DMAUnderrunCallbackCh2), (2 bytes).
    Removing stm32f4xx_hal_dac_ex.o(i.HAL_DACEx_DualGetValue), (12 bytes).
    Removing stm32f4xx_hal_dac_ex.o(i.HAL_DACEx_DualSetValue), (24 bytes).
    Removing stm32f4xx_hal_dac_ex.o(i.HAL_DACEx_ErrorCallbackCh2), (2 bytes).
    Removing stm32f4xx_hal_dac_ex.o(i.HAL_DACEx_NoiseWaveGenerate), (64 bytes).
    Removing stm32f4xx_hal_dac_ex.o(i.HAL_DACEx_TriangleWaveGenerate), (64 bytes).
    Removing stm32f4xx_hal_dcmi.o(.rev16_text), (4 bytes).
    Removing stm32f4xx_hal_dcmi.o(.revsh_text), (4 bytes).
    Removing stm32f4xx_hal_dcmi.o(.rrx_text), (6 bytes).
    Removing stm32f4xx_hal_dcmi.o(i.DCMI_DMAError), (24 bytes).
    Removing stm32f4xx_hal_dcmi.o(i.DCMI_DMAXferCplt), (156 bytes).
    Removing stm32f4xx_hal_dcmi.o(i.HAL_DCMI_ConfigCrop), (100 bytes).
    Removing stm32f4xx_hal_dcmi.o(i.HAL_DCMI_DeInit), (24 bytes).
    Removing stm32f4xx_hal_dcmi.o(i.HAL_DCMI_DisableCrop), (48 bytes).
    Removing stm32f4xx_hal_dcmi.o(i.HAL_DCMI_EnableCrop), (48 bytes).
    Removing stm32f4xx_hal_dcmi.o(i.HAL_DCMI_ErrorCallback), (2 bytes).
    Removing stm32f4xx_hal_dcmi.o(i.HAL_DCMI_FrameEventCallback), (2 bytes).
    Removing stm32f4xx_hal_dcmi.o(i.HAL_DCMI_GetError), (4 bytes).
    Removing stm32f4xx_hal_dcmi.o(i.HAL_DCMI_GetState), (6 bytes).
    Removing stm32f4xx_hal_dcmi.o(i.HAL_DCMI_IRQHandler), (164 bytes).
    Removing stm32f4xx_hal_dcmi.o(i.HAL_DCMI_Init), (170 bytes).
    Removing stm32f4xx_hal_dcmi.o(i.HAL_DCMI_LineEventCallback), (2 bytes).
    Removing stm32f4xx_hal_dcmi.o(i.HAL_DCMI_MspDeInit), (2 bytes).
    Removing stm32f4xx_hal_dcmi.o(i.HAL_DCMI_MspInit), (2 bytes).
    Removing stm32f4xx_hal_dcmi.o(i.HAL_DCMI_Resume), (54 bytes).
    Removing stm32f4xx_hal_dcmi.o(i.HAL_DCMI_Start_DMA), (200 bytes).
    Removing stm32f4xx_hal_dcmi.o(i.HAL_DCMI_Stop), (128 bytes).
    Removing stm32f4xx_hal_dcmi.o(i.HAL_DCMI_Suspend), (124 bytes).
    Removing stm32f4xx_hal_dcmi.o(i.HAL_DCMI_VsyncEventCallback), (2 bytes).
    Removing stm32f4xx_hal_dcmi_ex.o(.rev16_text), (4 bytes).
    Removing stm32f4xx_hal_dcmi_ex.o(.revsh_text), (4 bytes).
    Removing stm32f4xx_hal_dcmi_ex.o(.rrx_text), (6 bytes).
    Removing stm32f4xx_hal_dcmi_ex.o(i.HAL_DCMI_Init), (166 bytes).
    Removing stm32f4xx_hal_dfsdm.o(.rev16_text), (4 bytes).
    Removing stm32f4xx_hal_dfsdm.o(.revsh_text), (4 bytes).
    Removing stm32f4xx_hal_dfsdm.o(.rrx_text), (6 bytes).
    Removing stm32f4xx_hal_dma2d.o(.rev16_text), (4 bytes).
    Removing stm32f4xx_hal_dma2d.o(.revsh_text), (4 bytes).
    Removing stm32f4xx_hal_dma2d.o(.rrx_text), (6 bytes).
    Removing stm32f4xx_hal_dsi.o(.rev16_text), (4 bytes).
    Removing stm32f4xx_hal_dsi.o(.revsh_text), (4 bytes).
    Removing stm32f4xx_hal_dsi.o(.rrx_text), (6 bytes).
    Removing stm32f4xx_hal_eth.o(.rev16_text), (4 bytes).
    Removing stm32f4xx_hal_eth.o(.revsh_text), (4 bytes).
    Removing stm32f4xx_hal_eth.o(.rrx_text), (6 bytes).
    Removing stm32f4xx_hal_eth.o(i.ETH_DMAReceptionDisable), (16 bytes).
    Removing stm32f4xx_hal_eth.o(i.ETH_DMAReceptionEnable), (16 bytes).
    Removing stm32f4xx_hal_eth.o(i.ETH_DMATransmissionDisable), (16 bytes).
    Removing stm32f4xx_hal_eth.o(i.ETH_DMATransmissionEnable), (16 bytes).
    Removing stm32f4xx_hal_eth.o(i.ETH_Delay), (36 bytes).
    Removing stm32f4xx_hal_eth.o(i.ETH_FlushTransmitFIFO), (46 bytes).
    Removing stm32f4xx_hal_eth.o(i.ETH_MACAddressConfig), (42 bytes).
    Removing stm32f4xx_hal_eth.o(i.ETH_MACDMAConfig), (404 bytes).
    Removing stm32f4xx_hal_eth.o(i.ETH_MACReceptionDisable), (34 bytes).
    Removing stm32f4xx_hal_eth.o(i.ETH_MACReceptionEnable), (34 bytes).
    Removing stm32f4xx_hal_eth.o(i.ETH_MACTransmissionDisable), (34 bytes).
    Removing stm32f4xx_hal_eth.o(i.ETH_MACTransmissionEnable), (34 bytes).
    Removing stm32f4xx_hal_eth.o(i.HAL_ETH_ConfigDMA), (192 bytes).
    Removing stm32f4xx_hal_eth.o(i.HAL_ETH_ConfigMAC), (312 bytes).
    Removing stm32f4xx_hal_eth.o(i.HAL_ETH_DMARxDescListInit), (128 bytes).
    Removing stm32f4xx_hal_eth.o(i.HAL_ETH_DMATxDescListInit), (142 bytes).
    Removing stm32f4xx_hal_eth.o(i.HAL_ETH_DeInit), (28 bytes).
    Removing stm32f4xx_hal_eth.o(i.HAL_ETH_ErrorCallback), (2 bytes).
    Removing stm32f4xx_hal_eth.o(i.HAL_ETH_GetReceivedFrame), (138 bytes).
    Removing stm32f4xx_hal_eth.o(i.HAL_ETH_GetReceivedFrame_IT), (160 bytes).
    Removing stm32f4xx_hal_eth.o(i.HAL_ETH_GetState), (6 bytes).
    Removing stm32f4xx_hal_eth.o(i.HAL_ETH_IRQHandler), (136 bytes).
    Removing stm32f4xx_hal_eth.o(i.HAL_ETH_Init), (624 bytes).
    Removing stm32f4xx_hal_eth.o(i.HAL_ETH_MspDeInit), (2 bytes).
    Removing stm32f4xx_hal_eth.o(i.HAL_ETH_MspInit), (2 bytes).
    Removing stm32f4xx_hal_eth.o(i.HAL_ETH_ReadPHYRegister), (140 bytes).
    Removing stm32f4xx_hal_eth.o(i.HAL_ETH_RxCpltCallback), (2 bytes).
    Removing stm32f4xx_hal_eth.o(i.HAL_ETH_Start), (70 bytes).
    Removing stm32f4xx_hal_eth.o(i.HAL_ETH_Stop), (70 bytes).
    Removing stm32f4xx_hal_eth.o(i.HAL_ETH_TransmitFrame), (310 bytes).
    Removing stm32f4xx_hal_eth.o(i.HAL_ETH_TxCpltCallback), (2 bytes).
    Removing stm32f4xx_hal_eth.o(i.HAL_ETH_WritePHYRegister), (132 bytes).
    Removing stm32f4xx_hal_fmpi2c.o(.rev16_text), (4 bytes).
    Removing stm32f4xx_hal_fmpi2c.o(.revsh_text), (4 bytes).
    Removing stm32f4xx_hal_fmpi2c.o(.rrx_text), (6 bytes).
    Removing stm32f4xx_hal_fmpi2c_ex.o(.rev16_text), (4 bytes).
    Removing stm32f4xx_hal_fmpi2c_ex.o(.revsh_text), (4 bytes).
    Removing stm32f4xx_hal_fmpi2c_ex.o(.rrx_text), (6 bytes).
    Removing stm32f4xx_hal_hash.o(.rev16_text), (4 bytes).
    Removing stm32f4xx_hal_hash.o(.revsh_text), (4 bytes).
    Removing stm32f4xx_hal_hash.o(.rrx_text), (6 bytes).
    Removing stm32f4xx_hal_hash_ex.o(.rev16_text), (4 bytes).
    Removing stm32f4xx_hal_hash_ex.o(.revsh_text), (4 bytes).
    Removing stm32f4xx_hal_hash_ex.o(.rrx_text), (6 bytes).
    Removing stm32f4xx_hal_hcd.o(.rev16_text), (4 bytes).
    Removing stm32f4xx_hal_hcd.o(.revsh_text), (4 bytes).
    Removing stm32f4xx_hal_hcd.o(.rrx_text), (6 bytes).
    Removing stm32f4xx_hal_hcd.o(i.HAL_HCD_Connect_Callback), (2 bytes).
    Removing stm32f4xx_hal_hcd.o(i.HAL_HCD_DeInit), (38 bytes).
    Removing stm32f4xx_hal_hcd.o(i.HAL_HCD_Disconnect_Callback), (2 bytes).
    Removing stm32f4xx_hal_hcd.o(i.HAL_HCD_GetCurrentFrame), (6 bytes).
    Removing stm32f4xx_hal_hcd.o(i.HAL_HCD_GetCurrentSpeed), (6 bytes).
    Removing stm32f4xx_hal_hcd.o(i.HAL_HCD_GetState), (6 bytes).
    Removing stm32f4xx_hal_hcd.o(i.HAL_HCD_HC_GetState), (14 bytes).
    Removing stm32f4xx_hal_hcd.o(i.HAL_HCD_HC_GetURBState), (14 bytes).
    Removing stm32f4xx_hal_hcd.o(i.HAL_HCD_HC_GetXferCount), (12 bytes).
    Removing stm32f4xx_hal_hcd.o(i.HAL_HCD_HC_Halt), (36 bytes).
    Removing stm32f4xx_hal_hcd.o(i.HAL_HCD_HC_Init), (102 bytes).
    Removing stm32f4xx_hal_hcd.o(i.HAL_HCD_HC_NotifyURBChange_Callback), (2 bytes).
    Removing stm32f4xx_hal_hcd.o(i.HAL_HCD_HC_SubmitRequest), (244 bytes).
    Removing stm32f4xx_hal_hcd.o(i.HAL_HCD_IRQHandler), (326 bytes).
    Removing stm32f4xx_hal_hcd.o(i.HAL_HCD_Init), (150 bytes).
    Removing stm32f4xx_hal_hcd.o(i.HAL_HCD_MspDeInit), (2 bytes).
    Removing stm32f4xx_hal_hcd.o(i.HAL_HCD_MspInit), (2 bytes).
    Removing stm32f4xx_hal_hcd.o(i.HAL_HCD_ResetPort), (6 bytes).
    Removing stm32f4xx_hal_hcd.o(i.HAL_HCD_SOF_Callback), (2 bytes).
    Removing stm32f4xx_hal_hcd.o(i.HAL_HCD_Start), (44 bytes).
    Removing stm32f4xx_hal_hcd.o(i.HAL_HCD_Stop), (36 bytes).
    Removing stm32f4xx_hal_hcd.o(i.HCD_HC_IN_IRQHandler), (590 bytes).
    Removing stm32f4xx_hal_hcd.o(i.HCD_HC_OUT_IRQHandler), (578 bytes).
    Removing stm32f4xx_hal_hcd.o(i.HCD_Port_IRQHandler), (200 bytes).
    Removing stm32f4xx_hal_hcd.o(i.HCD_RXQLVL_IRQHandler), (116 bytes).
    Removing stm32f4xx_hal_i2c.o(.rev16_text), (4 bytes).
    Removing stm32f4xx_hal_i2c.o(.revsh_text), (4 bytes).
    Removing stm32f4xx_hal_i2c.o(.rrx_text), (6 bytes).
    Removing stm32f4xx_hal_i2c.o(i.HAL_I2C_AbortCpltCallback), (2 bytes).
    Removing stm32f4xx_hal_i2c.o(i.HAL_I2C_AddrCallback), (2 bytes).
    Removing stm32f4xx_hal_i2c.o(i.HAL_I2C_DeInit), (54 bytes).
    Removing stm32f4xx_hal_i2c.o(i.HAL_I2C_DisableListen_IT), (64 bytes).
    Removing stm32f4xx_hal_i2c.o(i.HAL_I2C_ER_IRQHandler), (204 bytes).
    Removing stm32f4xx_hal_i2c.o(i.HAL_I2C_EV_IRQHandler), (368 bytes).
    Removing stm32f4xx_hal_i2c.o(i.HAL_I2C_EnableListen_IT), (60 bytes).
    Removing stm32f4xx_hal_i2c.o(i.HAL_I2C_ErrorCallback), (2 bytes).
    Removing stm32f4xx_hal_i2c.o(i.HAL_I2C_GetError), (4 bytes).
    Removing stm32f4xx_hal_i2c.o(i.HAL_I2C_GetMode), (6 bytes).
    Removing stm32f4xx_hal_i2c.o(i.HAL_I2C_GetState), (6 bytes).
    Removing stm32f4xx_hal_i2c.o(i.HAL_I2C_Init), (272 bytes).
    Removing stm32f4xx_hal_i2c.o(i.HAL_I2C_IsDeviceReady), (380 bytes).
    Removing stm32f4xx_hal_i2c.o(i.HAL_I2C_ListenCpltCallback), (2 bytes).
    Removing stm32f4xx_hal_i2c.o(i.HAL_I2C_MasterRxCpltCallback), (2 bytes).
    Removing stm32f4xx_hal_i2c.o(i.HAL_I2C_MasterTxCpltCallback), (2 bytes).
    Removing stm32f4xx_hal_i2c.o(i.HAL_I2C_Master_Abort_IT), (86 bytes).
    Removing stm32f4xx_hal_i2c.o(i.HAL_I2C_Master_Receive), (716 bytes).
    Removing stm32f4xx_hal_i2c.o(i.HAL_I2C_Master_Receive_DMA), (316 bytes).
    Removing stm32f4xx_hal_i2c.o(i.HAL_I2C_Master_Receive_IT), (244 bytes).
    Removing stm32f4xx_hal_i2c.o(i.HAL_I2C_Master_Sequential_Receive_IT), (276 bytes).
    Removing stm32f4xx_hal_i2c.o(i.HAL_I2C_Master_Sequential_Transmit_IT), (256 bytes).
    Removing stm32f4xx_hal_i2c.o(i.HAL_I2C_Master_Transmit), (376 bytes).
    Removing stm32f4xx_hal_i2c.o(i.HAL_I2C_Master_Transmit_DMA), (316 bytes).
    Removing stm32f4xx_hal_i2c.o(i.HAL_I2C_Master_Transmit_IT), (232 bytes).
    Removing stm32f4xx_hal_i2c.o(i.HAL_I2C_MemRxCpltCallback), (2 bytes).
    Removing stm32f4xx_hal_i2c.o(i.HAL_I2C_MemTxCpltCallback), (2 bytes).
    Removing stm32f4xx_hal_i2c.o(i.HAL_I2C_Mem_Read), (748 bytes).
    Removing stm32f4xx_hal_i2c.o(i.HAL_I2C_Mem_Read_DMA), (452 bytes).
    Removing stm32f4xx_hal_i2c.o(i.HAL_I2C_Mem_Read_IT), (260 bytes).
    Removing stm32f4xx_hal_i2c.o(i.HAL_I2C_Mem_Write), (400 bytes).
    Removing stm32f4xx_hal_i2c.o(i.HAL_I2C_Mem_Write_DMA), (336 bytes).
    Removing stm32f4xx_hal_i2c.o(i.HAL_I2C_Mem_Write_IT), (244 bytes).
    Removing stm32f4xx_hal_i2c.o(i.HAL_I2C_MspDeInit), (2 bytes).
    Removing stm32f4xx_hal_i2c.o(i.HAL_I2C_MspInit), (2 bytes).
    Removing stm32f4xx_hal_i2c.o(i.HAL_I2C_SlaveRxCpltCallback), (2 bytes).
    Removing stm32f4xx_hal_i2c.o(i.HAL_I2C_SlaveTxCpltCallback), (2 bytes).
    Removing stm32f4xx_hal_i2c.o(i.HAL_I2C_Slave_Receive), (368 bytes).
    Removing stm32f4xx_hal_i2c.o(i.HAL_I2C_Slave_Receive_DMA), (256 bytes).
    Removing stm32f4xx_hal_i2c.o(i.HAL_I2C_Slave_Receive_IT), (212 bytes).
    Removing stm32f4xx_hal_i2c.o(i.HAL_I2C_Slave_Sequential_Receive_IT), (156 bytes).
    Removing stm32f4xx_hal_i2c.o(i.HAL_I2C_Slave_Sequential_Transmit_IT), (156 bytes).
    Removing stm32f4xx_hal_i2c.o(i.HAL_I2C_Slave_Transmit), (408 bytes).
    Removing stm32f4xx_hal_i2c.o(i.HAL_I2C_Slave_Transmit_DMA), (256 bytes).
    Removing stm32f4xx_hal_i2c.o(i.HAL_I2C_Slave_Transmit_IT), (216 bytes).
    Removing stm32f4xx_hal_i2c.o(i.I2C_DMAAbort), (86 bytes).
    Removing stm32f4xx_hal_i2c.o(i.I2C_DMAError), (52 bytes).
    Removing stm32f4xx_hal_i2c.o(i.I2C_DMAXferCplt), (144 bytes).
    Removing stm32f4xx_hal_i2c.o(i.I2C_ITError), (304 bytes).
    Removing stm32f4xx_hal_i2c.o(i.I2C_IsAcknowledgeFailed), (42 bytes).
    Removing stm32f4xx_hal_i2c.o(i.I2C_MasterReceive_BTF), (214 bytes).
    Removing stm32f4xx_hal_i2c.o(i.I2C_MasterReceive_RXNE), (172 bytes).
    Removing stm32f4xx_hal_i2c.o(i.I2C_MasterRequestRead), (296 bytes).
    Removing stm32f4xx_hal_i2c.o(i.I2C_MasterRequestWrite), (184 bytes).
    Removing stm32f4xx_hal_i2c.o(i.I2C_MasterTransmit_BTF), (150 bytes).
    Removing stm32f4xx_hal_i2c.o(i.I2C_MasterTransmit_TXE), (308 bytes).
    Removing stm32f4xx_hal_i2c.o(i.I2C_Master_ADD10), (12 bytes).
    Removing stm32f4xx_hal_i2c.o(i.I2C_Master_ADDR), (352 bytes).
    Removing stm32f4xx_hal_i2c.o(i.I2C_Master_SB), (130 bytes).
    Removing stm32f4xx_hal_i2c.o(i.I2C_RequestMemoryRead), (348 bytes).
    Removing stm32f4xx_hal_i2c.o(i.I2C_RequestMemoryWrite), (216 bytes).
    Removing stm32f4xx_hal_i2c.o(i.I2C_SlaveReceive_BTF), (28 bytes).
    Removing stm32f4xx_hal_i2c.o(i.I2C_SlaveReceive_RXNE), (70 bytes).
    Removing stm32f4xx_hal_i2c.o(i.I2C_SlaveTransmit_BTF), (28 bytes).
    Removing stm32f4xx_hal_i2c.o(i.I2C_SlaveTransmit_TXE), (66 bytes).
    Removing stm32f4xx_hal_i2c.o(i.I2C_Slave_ADDR), (42 bytes).
    Removing stm32f4xx_hal_i2c.o(i.I2C_Slave_AF), (132 bytes).
    Removing stm32f4xx_hal_i2c.o(i.I2C_Slave_STOPF), (284 bytes).
    Removing stm32f4xx_hal_i2c.o(i.I2C_WaitOnBTFFlagUntilTimeout), (88 bytes).
    Removing stm32f4xx_hal_i2c.o(i.I2C_WaitOnFlagUntilTimeout), (180 bytes).
    Removing stm32f4xx_hal_i2c.o(i.I2C_WaitOnMasterAddressFlagUntilTimeout), (186 bytes).
    Removing stm32f4xx_hal_i2c.o(i.I2C_WaitOnRXNEFlagUntilTimeout), (112 bytes).
    Removing stm32f4xx_hal_i2c.o(i.I2C_WaitOnSTOPFlagUntilTimeout), (82 bytes).
    Removing stm32f4xx_hal_i2c.o(i.I2C_WaitOnTXEFlagUntilTimeout), (88 bytes).
    Removing stm32f4xx_hal_i2c_ex.o(.rev16_text), (4 bytes).
    Removing stm32f4xx_hal_i2c_ex.o(.revsh_text), (4 bytes).
    Removing stm32f4xx_hal_i2c_ex.o(.rrx_text), (6 bytes).
    Removing stm32f4xx_hal_i2s.o(.rev16_text), (4 bytes).
    Removing stm32f4xx_hal_i2s.o(.revsh_text), (4 bytes).
    Removing stm32f4xx_hal_i2s.o(.rrx_text), (6 bytes).
    Removing stm32f4xx_hal_i2s.o(i.HAL_I2S_DMAPause), (132 bytes).
    Removing stm32f4xx_hal_i2s.o(i.HAL_I2S_DMAResume), (204 bytes).
    Removing stm32f4xx_hal_i2s.o(i.HAL_I2S_DMAStop), (212 bytes).
    Removing stm32f4xx_hal_i2s.o(i.HAL_I2S_DeInit), (38 bytes).
    Removing stm32f4xx_hal_i2s.o(i.HAL_I2S_ErrorCallback), (2 bytes).
    Removing stm32f4xx_hal_i2s.o(i.HAL_I2S_GetError), (4 bytes).
    Removing stm32f4xx_hal_i2s.o(i.HAL_I2S_GetState), (6 bytes).
    Removing stm32f4xx_hal_i2s.o(i.HAL_I2S_IRQHandler), (4 bytes).
    Removing stm32f4xx_hal_i2s.o(i.HAL_I2S_Init), (424 bytes).
    Removing stm32f4xx_hal_i2s.o(i.HAL_I2S_MspDeInit), (2 bytes).
    Removing stm32f4xx_hal_i2s.o(i.HAL_I2S_MspInit), (2 bytes).
    Removing stm32f4xx_hal_i2s.o(i.HAL_I2S_Receive), (256 bytes).
    Removing stm32f4xx_hal_i2s.o(i.HAL_I2S_Receive_DMA), (220 bytes).
    Removing stm32f4xx_hal_i2s.o(i.HAL_I2S_Receive_IT), (120 bytes).
    Removing stm32f4xx_hal_i2s.o(i.HAL_I2S_RxCpltCallback), (2 bytes).
    Removing stm32f4xx_hal_i2s.o(i.HAL_I2S_RxHalfCpltCallback), (2 bytes).
    Removing stm32f4xx_hal_i2s.o(i.HAL_I2S_Transmit), (236 bytes).
    Removing stm32f4xx_hal_i2s.o(i.HAL_I2S_Transmit_DMA), (192 bytes).
    Removing stm32f4xx_hal_i2s.o(i.HAL_I2S_Transmit_IT), (120 bytes).
    Removing stm32f4xx_hal_i2s.o(i.HAL_I2S_TxCpltCallback), (2 bytes).
    Removing stm32f4xx_hal_i2s.o(i.HAL_I2S_TxHalfCpltCallback), (2 bytes).
    Removing stm32f4xx_hal_i2s.o(i.I2S_DMAError), (40 bytes).
    Removing stm32f4xx_hal_i2s.o(i.I2S_DMARxCplt), (42 bytes).
    Removing stm32f4xx_hal_i2s.o(i.I2S_DMARxHalfCplt), (10 bytes).
    Removing stm32f4xx_hal_i2s.o(i.I2S_DMATxCplt), (42 bytes).
    Removing stm32f4xx_hal_i2s.o(i.I2S_DMATxHalfCplt), (10 bytes).
    Removing stm32f4xx_hal_i2s.o(i.I2S_IRQHandler), (186 bytes).
    Removing stm32f4xx_hal_i2s.o(i.I2S_Receive_IT), (50 bytes).
    Removing stm32f4xx_hal_i2s.o(i.I2S_Transmit_IT), (50 bytes).
    Removing stm32f4xx_hal_i2s.o(i.I2S_WaitFlagStateUntilTimeout), (100 bytes).
    Removing stm32f4xx_hal_i2s_ex.o(.rev16_text), (4 bytes).
    Removing stm32f4xx_hal_i2s_ex.o(.revsh_text), (4 bytes).
    Removing stm32f4xx_hal_i2s_ex.o(.rrx_text), (6 bytes).
    Removing stm32f4xx_hal_i2s_ex.o(i.HAL_I2SEx_FullDuplex_IRQHandler), (560 bytes).
    Removing stm32f4xx_hal_i2s_ex.o(i.HAL_I2SEx_TransmitReceive), (852 bytes).
    Removing stm32f4xx_hal_i2s_ex.o(i.HAL_I2SEx_TransmitReceive_DMA), (468 bytes).
    Removing stm32f4xx_hal_i2s_ex.o(i.HAL_I2SEx_TransmitReceive_IT), (536 bytes).
    Removing stm32f4xx_hal_i2s_ex.o(i.HAL_I2SEx_TxRxCpltCallback), (2 bytes).
    Removing stm32f4xx_hal_i2s_ex.o(i.I2SEx_FullDuplexRx_IT), (156 bytes).
    Removing stm32f4xx_hal_i2s_ex.o(i.I2SEx_FullDuplexTx_IT), (156 bytes).
    Removing stm32f4xx_hal_i2s_ex.o(i.I2SEx_FullDuplexWaitFlagStateUntilTimeout), (232 bytes).
    Removing stm32f4xx_hal_i2s_ex.o(i.I2SEx_TxRxDMACplt), (216 bytes).
    Removing stm32f4xx_hal_i2s_ex.o(i.I2SEx_TxRxDMAError), (80 bytes).
    Removing stm32f4xx_hal_irda.o(.rev16_text), (4 bytes).
    Removing stm32f4xx_hal_irda.o(.revsh_text), (4 bytes).
    Removing stm32f4xx_hal_irda.o(.rrx_text), (6 bytes).
    Removing stm32f4xx_hal_irda.o(i.HAL_IRDA_Abort), (108 bytes).
    Removing stm32f4xx_hal_irda.o(i.HAL_IRDA_AbortCpltCallback), (2 bytes).
    Removing stm32f4xx_hal_irda.o(i.HAL_IRDA_AbortReceive), (70 bytes).
    Removing stm32f4xx_hal_irda.o(i.HAL_IRDA_AbortReceiveCpltCallback), (2 bytes).
    Removing stm32f4xx_hal_irda.o(i.HAL_IRDA_AbortReceive_IT), (108 bytes).
    Removing stm32f4xx_hal_irda.o(i.HAL_IRDA_AbortTransmit), (60 bytes).
    Removing stm32f4xx_hal_irda.o(i.HAL_IRDA_AbortTransmitCpltCallback), (2 bytes).
    Removing stm32f4xx_hal_irda.o(i.HAL_IRDA_AbortTransmit_IT), (100 bytes).
    Removing stm32f4xx_hal_irda.o(i.HAL_IRDA_Abort_IT), (188 bytes).
    Removing stm32f4xx_hal_irda.o(i.HAL_IRDA_DMAPause), (102 bytes).
    Removing stm32f4xx_hal_irda.o(i.HAL_IRDA_DMAResume), (96 bytes).
    Removing stm32f4xx_hal_irda.o(i.HAL_IRDA_DMAStop), (88 bytes).
    Removing stm32f4xx_hal_irda.o(i.HAL_IRDA_DeInit), (52 bytes).
    Removing stm32f4xx_hal_irda.o(i.HAL_IRDA_ErrorCallback), (2 bytes).
    Removing stm32f4xx_hal_irda.o(i.HAL_IRDA_GetError), (4 bytes).
    Removing stm32f4xx_hal_irda.o(i.HAL_IRDA_GetState), (12 bytes).
    Removing stm32f4xx_hal_irda.o(i.HAL_IRDA_IRQHandler), (312 bytes).
    Removing stm32f4xx_hal_irda.o(i.HAL_IRDA_Init), (138 bytes).
    Removing stm32f4xx_hal_irda.o(i.HAL_IRDA_MspDeInit), (2 bytes).
    Removing stm32f4xx_hal_irda.o(i.HAL_IRDA_MspInit), (2 bytes).
    Removing stm32f4xx_hal_irda.o(i.HAL_IRDA_Receive), (226 bytes).
    Removing stm32f4xx_hal_irda.o(i.HAL_IRDA_Receive_DMA), (160 bytes).
    Removing stm32f4xx_hal_irda.o(i.HAL_IRDA_Receive_IT), (76 bytes).
    Removing stm32f4xx_hal_irda.o(i.HAL_IRDA_RxCpltCallback), (2 bytes).
    Removing stm32f4xx_hal_irda.o(i.HAL_IRDA_RxHalfCpltCallback), (2 bytes).
    Removing stm32f4xx_hal_irda.o(i.HAL_IRDA_Transmit), (220 bytes).
    Removing stm32f4xx_hal_irda.o(i.HAL_IRDA_Transmit_DMA), (152 bytes).
    Removing stm32f4xx_hal_irda.o(i.HAL_IRDA_Transmit_IT), (66 bytes).
    Removing stm32f4xx_hal_irda.o(i.HAL_IRDA_TxCpltCallback), (2 bytes).
    Removing stm32f4xx_hal_irda.o(i.HAL_IRDA_TxHalfCpltCallback), (2 bytes).
    Removing stm32f4xx_hal_irda.o(i.IRDA_DMAAbortOnError), (16 bytes).
    Removing stm32f4xx_hal_irda.o(i.IRDA_DMAError), (74 bytes).
    Removing stm32f4xx_hal_irda.o(i.IRDA_DMAReceiveCplt), (62 bytes).
    Removing stm32f4xx_hal_irda.o(i.IRDA_DMAReceiveHalfCplt), (10 bytes).
    Removing stm32f4xx_hal_irda.o(i.IRDA_DMARxAbortCallback), (44 bytes).
    Removing stm32f4xx_hal_irda.o(i.IRDA_DMARxOnlyAbortCallback), (20 bytes).
    Removing stm32f4xx_hal_irda.o(i.IRDA_DMATransmitCplt), (48 bytes).
    Removing stm32f4xx_hal_irda.o(i.IRDA_DMATransmitHalfCplt), (10 bytes).
    Removing stm32f4xx_hal_irda.o(i.IRDA_DMATxAbortCallback), (44 bytes).
    Removing stm32f4xx_hal_irda.o(i.IRDA_DMATxOnlyAbortCallback), (20 bytes).
    Removing stm32f4xx_hal_irda.o(i.IRDA_EndRxTransfer), (28 bytes).
    Removing stm32f4xx_hal_irda.o(i.IRDA_EndTransmit_IT), (36 bytes).
    Removing stm32f4xx_hal_irda.o(i.IRDA_EndTxTransfer), (18 bytes).
    Removing stm32f4xx_hal_irda.o(i.IRDA_Receive_IT), (146 bytes).
    Removing stm32f4xx_hal_irda.o(i.IRDA_SetConfig), (452 bytes).
    Removing stm32f4xx_hal_irda.o(i.IRDA_Transmit_IT), (102 bytes).
    Removing stm32f4xx_hal_irda.o(i.IRDA_WaitOnFlagUntilTimeout), (120 bytes).
    Removing stm32f4xx_hal_iwdg.o(.rev16_text), (4 bytes).
    Removing stm32f4xx_hal_iwdg.o(.revsh_text), (4 bytes).
    Removing stm32f4xx_hal_iwdg.o(.rrx_text), (6 bytes).
    Removing stm32f4xx_hal_iwdg.o(i.HAL_IWDG_Init), (86 bytes).
    Removing stm32f4xx_hal_iwdg.o(i.HAL_IWDG_Refresh), (12 bytes).
    Removing stm32f4xx_hal_lptim.o(.rev16_text), (4 bytes).
    Removing stm32f4xx_hal_lptim.o(.revsh_text), (4 bytes).
    Removing stm32f4xx_hal_lptim.o(.rrx_text), (6 bytes).
    Removing stm32f4xx_hal_ltdc.o(.rev16_text), (4 bytes).
    Removing stm32f4xx_hal_ltdc.o(.revsh_text), (4 bytes).
    Removing stm32f4xx_hal_ltdc.o(.rrx_text), (6 bytes).
    Removing stm32f4xx_hal_ltdc_ex.o(.rev16_text), (4 bytes).
    Removing stm32f4xx_hal_ltdc_ex.o(.revsh_text), (4 bytes).
    Removing stm32f4xx_hal_ltdc_ex.o(.rrx_text), (6 bytes).
    Removing stm32f4xx_hal_mmc.o(.rev16_text), (4 bytes).
    Removing stm32f4xx_hal_mmc.o(.revsh_text), (4 bytes).
    Removing stm32f4xx_hal_mmc.o(.rrx_text), (6 bytes).
    Removing stm32f4xx_hal_mmc.o(i.HAL_MMC_Abort), (98 bytes).
    Removing stm32f4xx_hal_mmc.o(i.HAL_MMC_AbortCallback), (2 bytes).
    Removing stm32f4xx_hal_mmc.o(i.HAL_MMC_Abort_IT), (144 bytes).
    Removing stm32f4xx_hal_mmc.o(i.HAL_MMC_ConfigWideBusOperation), (376 bytes).
    Removing stm32f4xx_hal_mmc.o(i.HAL_MMC_DeInit), (40 bytes).
    Removing stm32f4xx_hal_mmc.o(i.HAL_MMC_Erase), (234 bytes).
    Removing stm32f4xx_hal_mmc.o(i.HAL_MMC_ErrorCallback), (2 bytes).
    Removing stm32f4xx_hal_mmc.o(i.HAL_MMC_GetCardCID), (190 bytes).
    Removing stm32f4xx_hal_mmc.o(i.HAL_MMC_GetCardCSD), (402 bytes).
    Removing stm32f4xx_hal_mmc.o(i.HAL_MMC_GetCardInfo), (32 bytes).
    Removing stm32f4xx_hal_mmc.o(i.HAL_MMC_GetCardState), (32 bytes).
    Removing stm32f4xx_hal_mmc.o(i.HAL_MMC_GetError), (4 bytes).
    Removing stm32f4xx_hal_mmc.o(i.HAL_MMC_GetState), (6 bytes).
    Removing stm32f4xx_hal_mmc.o(i.HAL_MMC_IRQHandler), (464 bytes).
    Removing stm32f4xx_hal_mmc.o(i.HAL_MMC_Init), (56 bytes).
    Removing stm32f4xx_hal_mmc.o(i.HAL_MMC_InitCard), (120 bytes).
    Removing stm32f4xx_hal_mmc.o(i.HAL_MMC_MspDeInit), (2 bytes).
    Removing stm32f4xx_hal_mmc.o(i.HAL_MMC_MspInit), (2 bytes).
    Removing stm32f4xx_hal_mmc.o(i.HAL_MMC_ReadBlocks), (582 bytes).
    Removing stm32f4xx_hal_mmc.o(i.HAL_MMC_ReadBlocks_DMA), (304 bytes).
    Removing stm32f4xx_hal_mmc.o(i.HAL_MMC_ReadBlocks_IT), (248 bytes).
    Removing stm32f4xx_hal_mmc.o(i.HAL_MMC_RxCpltCallback), (2 bytes).
    Removing stm32f4xx_hal_mmc.o(i.HAL_MMC_TxCpltCallback), (2 bytes).
    Removing stm32f4xx_hal_mmc.o(i.HAL_MMC_WriteBlocks), (516 bytes).
    Removing stm32f4xx_hal_mmc.o(i.HAL_MMC_WriteBlocks_DMA), (308 bytes).
    Removing stm32f4xx_hal_mmc.o(i.HAL_MMC_WriteBlocks_IT), (260 bytes).
    Removing stm32f4xx_hal_mmc.o(i.MMC_DMAError), (86 bytes).
    Removing stm32f4xx_hal_mmc.o(i.MMC_DMAReceiveCplt), (62 bytes).
    Removing stm32f4xx_hal_mmc.o(i.MMC_DMARxAbort), (74 bytes).
    Removing stm32f4xx_hal_mmc.o(i.MMC_DMATransmitCplt), (14 bytes).
    Removing stm32f4xx_hal_mmc.o(i.MMC_DMATxAbort), (74 bytes).
    Removing stm32f4xx_hal_mmc.o(i.MMC_InitCard), (210 bytes).
    Removing stm32f4xx_hal_mmc.o(i.MMC_PowerOFF), (12 bytes).
    Removing stm32f4xx_hal_mmc.o(i.MMC_PowerON), (104 bytes).
    Removing stm32f4xx_hal_mmc.o(i.MMC_Read_IT), (34 bytes).
    Removing stm32f4xx_hal_mmc.o(i.MMC_SendStatus), (46 bytes).
    Removing stm32f4xx_hal_mmc.o(i.MMC_Write_IT), (34 bytes).
    Removing stm32f4xx_hal_nand.o(.rev16_text), (4 bytes).
    Removing stm32f4xx_hal_nand.o(.revsh_text), (4 bytes).
    Removing stm32f4xx_hal_nand.o(.rrx_text), (6 bytes).
    Removing stm32f4xx_hal_nand.o(i.HAL_NAND_Address_Inc), (70 bytes).
    Removing stm32f4xx_hal_nand.o(i.HAL_NAND_ConfigDevice), (34 bytes).
    Removing stm32f4xx_hal_nand.o(i.HAL_NAND_DeInit), (30 bytes).
    Removing stm32f4xx_hal_nand.o(i.HAL_NAND_ECC_Disable), (40 bytes).
    Removing stm32f4xx_hal_nand.o(i.HAL_NAND_ECC_Enable), (40 bytes).
    Removing stm32f4xx_hal_nand.o(i.HAL_NAND_Erase_Block), (198 bytes).
    Removing stm32f4xx_hal_nand.o(i.HAL_NAND_GetECC), (40 bytes).
    Removing stm32f4xx_hal_nand.o(i.HAL_NAND_GetState), (6 bytes).
    Removing stm32f4xx_hal_nand.o(i.HAL_NAND_IRQHandler), (246 bytes).
    Removing stm32f4xx_hal_nand.o(i.HAL_NAND_ITCallback), (2 bytes).
    Removing stm32f4xx_hal_nand.o(i.HAL_NAND_Init), (102 bytes).
    Removing stm32f4xx_hal_nand.o(i.HAL_NAND_MspDeInit), (2 bytes).
    Removing stm32f4xx_hal_nand.o(i.HAL_NAND_MspInit), (2 bytes).
    Removing stm32f4xx_hal_nand.o(i.HAL_NAND_Read_ID), (162 bytes).
    Removing stm32f4xx_hal_nand.o(i.HAL_NAND_Read_Page_16b), (350 bytes).
    Removing stm32f4xx_hal_nand.o(i.HAL_NAND_Read_Page_8b), (350 bytes).
    Removing stm32f4xx_hal_nand.o(i.HAL_NAND_Read_SpareArea_16b), (370 bytes).
    Removing stm32f4xx_hal_nand.o(i.HAL_NAND_Read_SpareArea_8b), (368 bytes).
    Removing stm32f4xx_hal_nand.o(i.HAL_NAND_Read_Status), (50 bytes).
    Removing stm32f4xx_hal_nand.o(i.HAL_NAND_Reset), (72 bytes).
    Removing stm32f4xx_hal_nand.o(i.HAL_NAND_Write_Page_16b), (342 bytes).
    Removing stm32f4xx_hal_nand.o(i.HAL_NAND_Write_Page_8b), (342 bytes).
    Removing stm32f4xx_hal_nand.o(i.HAL_NAND_Write_SpareArea_16b), (372 bytes).
    Removing stm32f4xx_hal_nand.o(i.HAL_NAND_Write_SpareArea_8b), (368 bytes).
    Removing stm32f4xx_hal_nor.o(.rev16_text), (4 bytes).
    Removing stm32f4xx_hal_nor.o(.revsh_text), (4 bytes).
    Removing stm32f4xx_hal_nor.o(.rrx_text), (6 bytes).
    Removing stm32f4xx_hal_nor.o(i.HAL_NOR_DeInit), (32 bytes).
    Removing stm32f4xx_hal_nor.o(i.HAL_NOR_Erase_Block), (240 bytes).
    Removing stm32f4xx_hal_nor.o(i.HAL_NOR_Erase_Chip), (220 bytes).
    Removing stm32f4xx_hal_nor.o(i.HAL_NOR_GetState), (6 bytes).
    Removing stm32f4xx_hal_nor.o(i.HAL_NOR_GetStatus), (120 bytes).
    Removing stm32f4xx_hal_nor.o(i.HAL_NOR_Init), (116 bytes).
    Removing stm32f4xx_hal_nor.o(i.HAL_NOR_MspDeInit), (2 bytes).
    Removing stm32f4xx_hal_nor.o(i.HAL_NOR_MspInit), (2 bytes).
    Removing stm32f4xx_hal_nor.o(i.HAL_NOR_MspWait), (2 bytes).
    Removing stm32f4xx_hal_nor.o(i.HAL_NOR_Program), (184 bytes).
    Removing stm32f4xx_hal_nor.o(i.HAL_NOR_ProgramBuffer), (256 bytes).
    Removing stm32f4xx_hal_nor.o(i.HAL_NOR_Read), (184 bytes).
    Removing stm32f4xx_hal_nor.o(i.HAL_NOR_ReadBuffer), (192 bytes).
    Removing stm32f4xx_hal_nor.o(i.HAL_NOR_Read_CFI), (200 bytes).
    Removing stm32f4xx_hal_nor.o(i.HAL_NOR_Read_ID), (232 bytes).
    Removing stm32f4xx_hal_nor.o(i.HAL_NOR_ReturnToReadMode), (82 bytes).
    Removing stm32f4xx_hal_nor.o(i.HAL_NOR_WriteOperation_Disable), (50 bytes).
    Removing stm32f4xx_hal_nor.o(i.HAL_NOR_WriteOperation_Enable), (42 bytes).
    Removing stm32f4xx_hal_nor.o(.data), (4 bytes).
    Removing stm32f4xx_hal_pccard.o(.rev16_text), (4 bytes).
    Removing stm32f4xx_hal_pccard.o(.revsh_text), (4 bytes).
    Removing stm32f4xx_hal_pccard.o(.rrx_text), (6 bytes).
    Removing stm32f4xx_hal_pccard.o(i.HAL_PCCARD_DeInit), (24 bytes).
    Removing stm32f4xx_hal_pccard.o(i.HAL_PCCARD_Erase_Sector), (128 bytes).
    Removing stm32f4xx_hal_pccard.o(i.HAL_PCCARD_GetState), (4 bytes).
    Removing stm32f4xx_hal_pccard.o(i.HAL_PCCARD_GetStatus), (46 bytes).
    Removing stm32f4xx_hal_pccard.o(i.HAL_PCCARD_IRQHandler), (110 bytes).
    Removing stm32f4xx_hal_pccard.o(i.HAL_PCCARD_ITCallback), (2 bytes).
    Removing stm32f4xx_hal_pccard.o(i.HAL_PCCARD_Init), (94 bytes).
    Removing stm32f4xx_hal_pccard.o(i.HAL_PCCARD_MspDeInit), (2 bytes).
    Removing stm32f4xx_hal_pccard.o(i.HAL_PCCARD_MspInit), (2 bytes).
    Removing stm32f4xx_hal_pccard.o(i.HAL_PCCARD_ReadStatus), (44 bytes).
    Removing stm32f4xx_hal_pccard.o(i.HAL_PCCARD_Read_ID), (120 bytes).
    Removing stm32f4xx_hal_pccard.o(i.HAL_PCCARD_Read_Sector), (168 bytes).
    Removing stm32f4xx_hal_pccard.o(i.HAL_PCCARD_Reset), (48 bytes).
    Removing stm32f4xx_hal_pccard.o(i.HAL_PCCARD_Write_Sector), (162 bytes).
    Removing stm32f4xx_hal_pcd.o(.rev16_text), (4 bytes).
    Removing stm32f4xx_hal_pcd.o(.revsh_text), (4 bytes).
    Removing stm32f4xx_hal_pcd.o(.rrx_text), (6 bytes).
    Removing stm32f4xx_hal_pcd.o(i.HAL_PCD_ActivateRemoteWakeup), (28 bytes).
    Removing stm32f4xx_hal_pcd.o(i.HAL_PCD_ConnectCallback), (2 bytes).
    Removing stm32f4xx_hal_pcd.o(i.HAL_PCD_DataInStageCallback), (2 bytes).
    Removing stm32f4xx_hal_pcd.o(i.HAL_PCD_DataOutStageCallback), (2 bytes).
    Removing stm32f4xx_hal_pcd.o(i.HAL_PCD_DeActivateRemoteWakeup), (18 bytes).
    Removing stm32f4xx_hal_pcd.o(i.HAL_PCD_DeInit), (38 bytes).
    Removing stm32f4xx_hal_pcd.o(i.HAL_PCD_DevConnect), (36 bytes).
    Removing stm32f4xx_hal_pcd.o(i.HAL_PCD_DevDisconnect), (36 bytes).
    Removing stm32f4xx_hal_pcd.o(i.HAL_PCD_DisconnectCallback), (2 bytes).
    Removing stm32f4xx_hal_pcd.o(i.HAL_PCD_EP_Close), (72 bytes).
    Removing stm32f4xx_hal_pcd.o(i.HAL_PCD_EP_ClrStall), (84 bytes).
    Removing stm32f4xx_hal_pcd.o(i.HAL_PCD_EP_Flush), (54 bytes).
    Removing stm32f4xx_hal_pcd.o(i.HAL_PCD_EP_GetRxCount), (20 bytes).
    Removing stm32f4xx_hal_pcd.o(i.HAL_PCD_EP_Open), (94 bytes).
    Removing stm32f4xx_hal_pcd.o(i.HAL_PCD_EP_Receive), (70 bytes).
    Removing stm32f4xx_hal_pcd.o(i.HAL_PCD_EP_SetStall), (102 bytes).
    Removing stm32f4xx_hal_pcd.o(i.HAL_PCD_EP_Transmit), (70 bytes).
    Removing stm32f4xx_hal_pcd.o(i.HAL_PCD_GetState), (6 bytes).
    Removing stm32f4xx_hal_pcd.o(i.HAL_PCD_IRQHandler), (1352 bytes).
    Removing stm32f4xx_hal_pcd.o(i.HAL_PCD_ISOINIncompleteCallback), (2 bytes).
    Removing stm32f4xx_hal_pcd.o(i.HAL_PCD_ISOOUTIncompleteCallback), (2 bytes).
    Removing stm32f4xx_hal_pcd.o(i.HAL_PCD_Init), (250 bytes).
    Removing stm32f4xx_hal_pcd.o(i.HAL_PCD_MspDeInit), (2 bytes).
    Removing stm32f4xx_hal_pcd.o(i.HAL_PCD_MspInit), (2 bytes).
    Removing stm32f4xx_hal_pcd.o(i.HAL_PCD_ResetCallback), (2 bytes).
    Removing stm32f4xx_hal_pcd.o(i.HAL_PCD_ResumeCallback), (2 bytes).
    Removing stm32f4xx_hal_pcd.o(i.HAL_PCD_SOFCallback), (2 bytes).
    Removing stm32f4xx_hal_pcd.o(i.HAL_PCD_SetAddress), (36 bytes).
    Removing stm32f4xx_hal_pcd.o(i.HAL_PCD_SetupStageCallback), (2 bytes).
    Removing stm32f4xx_hal_pcd.o(i.HAL_PCD_Start), (42 bytes).
    Removing stm32f4xx_hal_pcd.o(i.HAL_PCD_Stop), (48 bytes).
    Removing stm32f4xx_hal_pcd.o(i.HAL_PCD_SuspendCallback), (2 bytes).
    Removing stm32f4xx_hal_pcd.o(i.PCD_WriteEmptyTxFifo), (140 bytes).
    Removing stm32f4xx_hal_pcd_ex.o(.rev16_text), (4 bytes).
    Removing stm32f4xx_hal_pcd_ex.o(.revsh_text), (4 bytes).
    Removing stm32f4xx_hal_pcd_ex.o(.rrx_text), (6 bytes).
    Removing stm32f4xx_hal_pcd_ex.o(i.HAL_PCDEx_SetRxFiFo), (8 bytes).
    Removing stm32f4xx_hal_pcd_ex.o(i.HAL_PCDEx_SetTxFiFo), (72 bytes).
    Removing stm32f4xx_hal_qspi.o(.rev16_text), (4 bytes).
    Removing stm32f4xx_hal_qspi.o(.revsh_text), (4 bytes).
    Removing stm32f4xx_hal_qspi.o(.rrx_text), (6 bytes).
    Removing stm32f4xx_hal_rng.o(.rev16_text), (4 bytes).
    Removing stm32f4xx_hal_rng.o(.revsh_text), (4 bytes).
    Removing stm32f4xx_hal_rng.o(.rrx_text), (6 bytes).
    Removing stm32f4xx_hal_rng.o(i.HAL_RNG_DeInit), (46 bytes).
    Removing stm32f4xx_hal_rng.o(i.HAL_RNG_ErrorCallback), (2 bytes).
    Removing stm32f4xx_hal_rng.o(i.HAL_RNG_GenerateRandomNumber), (114 bytes).
    Removing stm32f4xx_hal_rng.o(i.HAL_RNG_GenerateRandomNumber_IT), (50 bytes).
    Removing stm32f4xx_hal_rng.o(i.HAL_RNG_GetRandomNumber), (24 bytes).
    Removing stm32f4xx_hal_rng.o(i.HAL_RNG_GetRandomNumber_IT), (32 bytes).
    Removing stm32f4xx_hal_rng.o(i.HAL_RNG_GetState), (4 bytes).
    Removing stm32f4xx_hal_rng.o(i.HAL_RNG_IRQHandler), (82 bytes).
    Removing stm32f4xx_hal_rng.o(i.HAL_RNG_Init), (64 bytes).
    Removing stm32f4xx_hal_rng.o(i.HAL_RNG_MspDeInit), (2 bytes).
    Removing stm32f4xx_hal_rng.o(i.HAL_RNG_MspInit), (2 bytes).
    Removing stm32f4xx_hal_rng.o(i.HAL_RNG_ReadLastRandomNumber), (4 bytes).
    Removing stm32f4xx_hal_rng.o(i.HAL_RNG_ReadyDataCallback), (2 bytes).
    Removing stm32f4xx_hal_rtc.o(.rev16_text), (4 bytes).
    Removing stm32f4xx_hal_rtc.o(.revsh_text), (4 bytes).
    Removing stm32f4xx_hal_rtc.o(.rrx_text), (6 bytes).
    Removing stm32f4xx_hal_rtc.o(i.HAL_RTC_AlarmAEventCallback), (2 bytes).
    Removing stm32f4xx_hal_rtc.o(i.HAL_RTC_AlarmIRQHandler), (100 bytes).
    Removing stm32f4xx_hal_rtc.o(i.HAL_RTC_DeInit), (236 bytes).
    Removing stm32f4xx_hal_rtc.o(i.HAL_RTC_DeactivateAlarm), (224 bytes).
    Removing stm32f4xx_hal_rtc.o(i.HAL_RTC_GetAlarm), (142 bytes).
    Removing stm32f4xx_hal_rtc.o(i.HAL_RTC_GetDate), (72 bytes).
    Removing stm32f4xx_hal_rtc.o(i.HAL_RTC_GetState), (4 bytes).
    Removing stm32f4xx_hal_rtc.o(i.HAL_RTC_GetTime), (92 bytes).
    Removing stm32f4xx_hal_rtc.o(i.HAL_RTC_Init), (162 bytes).
    Removing stm32f4xx_hal_rtc.o(i.HAL_RTC_MspDeInit), (2 bytes).
    Removing stm32f4xx_hal_rtc.o(i.HAL_RTC_MspInit), (2 bytes).
    Removing stm32f4xx_hal_rtc.o(i.HAL_RTC_PollForAlarmAEvent), (78 bytes).
    Removing stm32f4xx_hal_rtc.o(i.HAL_RTC_SetAlarm), (436 bytes).
    Removing stm32f4xx_hal_rtc.o(i.HAL_RTC_SetAlarm_IT), (452 bytes).
    Removing stm32f4xx_hal_rtc.o(i.HAL_RTC_SetDate), (240 bytes).
    Removing stm32f4xx_hal_rtc.o(i.HAL_RTC_SetTime), (272 bytes).
    Removing stm32f4xx_hal_rtc.o(i.HAL_RTC_WaitForSynchro), (60 bytes).
    Removing stm32f4xx_hal_rtc.o(i.RTC_Bcd2ToByte), (18 bytes).
    Removing stm32f4xx_hal_rtc.o(i.RTC_ByteToBcd2), (24 bytes).
    Removing stm32f4xx_hal_rtc.o(i.RTC_EnterInitMode), (66 bytes).
    Removing stm32f4xx_hal_rtc_ex.o(.rev16_text), (4 bytes).
    Removing stm32f4xx_hal_rtc_ex.o(.revsh_text), (4 bytes).
    Removing stm32f4xx_hal_rtc_ex.o(.rrx_text), (6 bytes).
    Removing stm32f4xx_hal_rtc_ex.o(i.HAL_RTCEx_AlarmBEventCallback), (2 bytes).
    Removing stm32f4xx_hal_rtc_ex.o(i.HAL_RTCEx_BKUPRead), (12 bytes).
    Removing stm32f4xx_hal_rtc_ex.o(i.HAL_RTCEx_BKUPWrite), (12 bytes).
    Removing stm32f4xx_hal_rtc_ex.o(i.HAL_RTCEx_DeactivateCalibrationOutPut), (56 bytes).
    Removing stm32f4xx_hal_rtc_ex.o(i.HAL_RTCEx_DeactivateCoarseCalib), (92 bytes).
    Removing stm32f4xx_hal_rtc_ex.o(i.HAL_RTCEx_DeactivateRefClock), (92 bytes).
    Removing stm32f4xx_hal_rtc_ex.o(i.HAL_RTCEx_DeactivateTamper), (40 bytes).
    Removing stm32f4xx_hal_rtc_ex.o(i.HAL_RTCEx_DeactivateTimeStamp), (70 bytes).
    Removing stm32f4xx_hal_rtc_ex.o(i.HAL_RTCEx_DeactivateWakeUpTimer), (138 bytes).
    Removing stm32f4xx_hal_rtc_ex.o(i.HAL_RTCEx_DisableBypassShadow), (56 bytes).
    Removing stm32f4xx_hal_rtc_ex.o(i.HAL_RTCEx_EnableBypassShadow), (56 bytes).
    Removing stm32f4xx_hal_rtc_ex.o(i.HAL_RTCEx_GetTimeStamp), (152 bytes).
    Removing stm32f4xx_hal_rtc_ex.o(i.HAL_RTCEx_GetWakeUpTimer), (8 bytes).
    Removing stm32f4xx_hal_rtc_ex.o(i.HAL_RTCEx_PollForAlarmBEvent), (78 bytes).
    Removing stm32f4xx_hal_rtc_ex.o(i.HAL_RTCEx_PollForTamper1Event), (78 bytes).
    Removing stm32f4xx_hal_rtc_ex.o(i.HAL_RTCEx_PollForTamper2Event), (78 bytes).
    Removing stm32f4xx_hal_rtc_ex.o(i.HAL_RTCEx_PollForTimeStampEvent), (96 bytes).
    Removing stm32f4xx_hal_rtc_ex.o(i.HAL_RTCEx_PollForWakeUpTimerEvent), (78 bytes).
    Removing stm32f4xx_hal_rtc_ex.o(i.HAL_RTCEx_SetCalibrationOutPut), (90 bytes).
    Removing stm32f4xx_hal_rtc_ex.o(i.HAL_RTCEx_SetCoarseCalib), (112 bytes).
    Removing stm32f4xx_hal_rtc_ex.o(i.HAL_RTCEx_SetRefClock), (92 bytes).
    Removing stm32f4xx_hal_rtc_ex.o(i.HAL_RTCEx_SetSmoothCalib), (144 bytes).
    Removing stm32f4xx_hal_rtc_ex.o(i.HAL_RTCEx_SetSynchroShift), (186 bytes).
    Removing stm32f4xx_hal_rtc_ex.o(i.HAL_RTCEx_SetTamper), (112 bytes).
    Removing stm32f4xx_hal_rtc_ex.o(i.HAL_RTCEx_SetTamper_IT), (184 bytes).
    Removing stm32f4xx_hal_rtc_ex.o(i.HAL_RTCEx_SetTimeStamp), (102 bytes).
    Removing stm32f4xx_hal_rtc_ex.o(i.HAL_RTCEx_SetTimeStamp_IT), (160 bytes).
    Removing stm32f4xx_hal_rtc_ex.o(i.HAL_RTCEx_SetWakeUpTimer), (238 bytes).
    Removing stm32f4xx_hal_rtc_ex.o(i.HAL_RTCEx_SetWakeUpTimer_IT), (312 bytes).
    Removing stm32f4xx_hal_rtc_ex.o(i.HAL_RTCEx_Tamper1EventCallback), (2 bytes).
    Removing stm32f4xx_hal_rtc_ex.o(i.HAL_RTCEx_Tamper2EventCallback), (2 bytes).
    Removing stm32f4xx_hal_rtc_ex.o(i.HAL_RTCEx_TamperTimeStampIRQHandler), (136 bytes).
    Removing stm32f4xx_hal_rtc_ex.o(i.HAL_RTCEx_TimeStampEventCallback), (2 bytes).
    Removing stm32f4xx_hal_rtc_ex.o(i.HAL_RTCEx_WakeUpTimerEventCallback), (2 bytes).
    Removing stm32f4xx_hal_rtc_ex.o(i.HAL_RTCEx_WakeUpTimerIRQHandler), (60 bytes).
    Removing stm32f4xx_hal_sai.o(.rev16_text), (4 bytes).
    Removing stm32f4xx_hal_sai.o(.revsh_text), (4 bytes).
    Removing stm32f4xx_hal_sai.o(.rrx_text), (6 bytes).
    Removing stm32f4xx_hal_sai_ex.o(.rev16_text), (4 bytes).
    Removing stm32f4xx_hal_sai_ex.o(.revsh_text), (4 bytes).
    Removing stm32f4xx_hal_sai_ex.o(.rrx_text), (6 bytes).
    Removing stm32f4xx_hal_sd.o(.rev16_text), (4 bytes).
    Removing stm32f4xx_hal_sd.o(.revsh_text), (4 bytes).
    Removing stm32f4xx_hal_sd.o(.rrx_text), (6 bytes).
    Removing stm32f4xx_hal_sd.o(i.HAL_SD_Abort), (98 bytes).
    Removing stm32f4xx_hal_sd.o(i.HAL_SD_AbortCallback), (2 bytes).
    Removing stm32f4xx_hal_sd.o(i.HAL_SD_Abort_IT), (144 bytes).
    Removing stm32f4xx_hal_sd.o(i.HAL_SD_ConfigWideBusOperation), (170 bytes).
    Removing stm32f4xx_hal_sd.o(i.HAL_SD_DeInit), (40 bytes).
    Removing stm32f4xx_hal_sd.o(i.HAL_SD_Erase), (270 bytes).
    Removing stm32f4xx_hal_sd.o(i.HAL_SD_ErrorCallback), (2 bytes).
    Removing stm32f4xx_hal_sd.o(i.HAL_SD_GetCardCID), (194 bytes).
    Removing stm32f4xx_hal_sd.o(i.HAL_SD_GetCardCSD), (508 bytes).
    Removing stm32f4xx_hal_sd.o(i.HAL_SD_GetCardInfo), (36 bytes).
    Removing stm32f4xx_hal_sd.o(i.HAL_SD_GetCardState), (32 bytes).
    Removing stm32f4xx_hal_sd.o(i.HAL_SD_GetCardStatus), (186 bytes).
    Removing stm32f4xx_hal_sd.o(i.HAL_SD_GetError), (4 bytes).
    Removing stm32f4xx_hal_sd.o(i.HAL_SD_GetState), (6 bytes).
    Removing stm32f4xx_hal_sd.o(i.HAL_SD_IRQHandler), (464 bytes).
    Removing stm32f4xx_hal_sd.o(i.HAL_SD_Init), (56 bytes).
    Removing stm32f4xx_hal_sd.o(i.HAL_SD_InitCard), (120 bytes).
    Removing stm32f4xx_hal_sd.o(i.HAL_SD_MspDeInit), (2 bytes).
    Removing stm32f4xx_hal_sd.o(i.HAL_SD_MspInit), (2 bytes).
    Removing stm32f4xx_hal_sd.o(i.HAL_SD_ReadBlocks), (586 bytes).
    Removing stm32f4xx_hal_sd.o(i.HAL_SD_ReadBlocks_DMA), (304 bytes).
    Removing stm32f4xx_hal_sd.o(i.HAL_SD_ReadBlocks_IT), (246 bytes).
    Removing stm32f4xx_hal_sd.o(i.HAL_SD_RxCpltCallback), (2 bytes).
    Removing stm32f4xx_hal_sd.o(i.HAL_SD_TxCpltCallback), (2 bytes).
    Removing stm32f4xx_hal_sd.o(i.HAL_SD_WriteBlocks), (520 bytes).
    Removing stm32f4xx_hal_sd.o(i.HAL_SD_WriteBlocks_DMA), (308 bytes).
    Removing stm32f4xx_hal_sd.o(i.HAL_SD_WriteBlocks_IT), (258 bytes).
    Removing stm32f4xx_hal_sd.o(i.SD_DMAError), (86 bytes).
    Removing stm32f4xx_hal_sd.o(i.SD_DMAReceiveCplt), (62 bytes).
    Removing stm32f4xx_hal_sd.o(i.SD_DMARxAbort), (74 bytes).
    Removing stm32f4xx_hal_sd.o(i.SD_DMATransmitCplt), (14 bytes).
    Removing stm32f4xx_hal_sd.o(i.SD_DMATxAbort), (74 bytes).
    Removing stm32f4xx_hal_sd.o(i.SD_FindSCR), (314 bytes).
    Removing stm32f4xx_hal_sd.o(i.SD_InitCard), (230 bytes).
    Removing stm32f4xx_hal_sd.o(i.SD_PowerOFF), (12 bytes).
    Removing stm32f4xx_hal_sd.o(i.SD_PowerON), (176 bytes).
    Removing stm32f4xx_hal_sd.o(i.SD_Read_IT), (34 bytes).
    Removing stm32f4xx_hal_sd.o(i.SD_SendSDStatus), (328 bytes).
    Removing stm32f4xx_hal_sd.o(i.SD_SendStatus), (46 bytes).
    Removing stm32f4xx_hal_sd.o(i.SD_WideBus_Disable), (94 bytes).
    Removing stm32f4xx_hal_sd.o(i.SD_WideBus_Enable), (94 bytes).
    Removing stm32f4xx_hal_sd.o(i.SD_Write_IT), (34 bytes).
    Removing stm32f4xx_hal_sdram.o(.rev16_text), (4 bytes).
    Removing stm32f4xx_hal_sdram.o(.revsh_text), (4 bytes).
    Removing stm32f4xx_hal_sdram.o(.rrx_text), (6 bytes).
    Removing stm32f4xx_hal_smartcard.o(.rev16_text), (4 bytes).
    Removing stm32f4xx_hal_smartcard.o(.revsh_text), (4 bytes).
    Removing stm32f4xx_hal_smartcard.o(.rrx_text), (6 bytes).
    Removing stm32f4xx_hal_smartcard.o(i.HAL_SMARTCARD_Abort), (108 bytes).
    Removing stm32f4xx_hal_smartcard.o(i.HAL_SMARTCARD_AbortCpltCallback), (2 bytes).
    Removing stm32f4xx_hal_smartcard.o(i.HAL_SMARTCARD_AbortReceive), (70 bytes).
    Removing stm32f4xx_hal_smartcard.o(i.HAL_SMARTCARD_AbortReceiveCpltCallback), (2 bytes).
    Removing stm32f4xx_hal_smartcard.o(i.HAL_SMARTCARD_AbortReceive_IT), (108 bytes).
    Removing stm32f4xx_hal_smartcard.o(i.HAL_SMARTCARD_AbortTransmit), (60 bytes).
    Removing stm32f4xx_hal_smartcard.o(i.HAL_SMARTCARD_AbortTransmitCpltCallback), (2 bytes).
    Removing stm32f4xx_hal_smartcard.o(i.HAL_SMARTCARD_AbortTransmit_IT), (100 bytes).
    Removing stm32f4xx_hal_smartcard.o(i.HAL_SMARTCARD_Abort_IT), (188 bytes).
    Removing stm32f4xx_hal_smartcard.o(i.HAL_SMARTCARD_DeInit), (52 bytes).
    Removing stm32f4xx_hal_smartcard.o(i.HAL_SMARTCARD_ErrorCallback), (2 bytes).
    Removing stm32f4xx_hal_smartcard.o(i.HAL_SMARTCARD_GetError), (4 bytes).
    Removing stm32f4xx_hal_smartcard.o(i.HAL_SMARTCARD_GetState), (12 bytes).
    Removing stm32f4xx_hal_smartcard.o(i.HAL_SMARTCARD_IRQHandler), (312 bytes).
    Removing stm32f4xx_hal_smartcard.o(i.HAL_SMARTCARD_Init), (164 bytes).
    Removing stm32f4xx_hal_smartcard.o(i.HAL_SMARTCARD_MspDeInit), (2 bytes).
    Removing stm32f4xx_hal_smartcard.o(i.HAL_SMARTCARD_MspInit), (2 bytes).
    Removing stm32f4xx_hal_smartcard.o(i.HAL_SMARTCARD_Receive), (148 bytes).
    Removing stm32f4xx_hal_smartcard.o(i.HAL_SMARTCARD_Receive_DMA), (152 bytes).
    Removing stm32f4xx_hal_smartcard.o(i.HAL_SMARTCARD_Receive_IT), (76 bytes).
    Removing stm32f4xx_hal_smartcard.o(i.HAL_SMARTCARD_RxCpltCallback), (2 bytes).
    Removing stm32f4xx_hal_smartcard.o(i.HAL_SMARTCARD_Transmit), (172 bytes).
    Removing stm32f4xx_hal_smartcard.o(i.HAL_SMARTCARD_Transmit_DMA), (140 bytes).
    Removing stm32f4xx_hal_smartcard.o(i.HAL_SMARTCARD_Transmit_IT), (86 bytes).
    Removing stm32f4xx_hal_smartcard.o(i.HAL_SMARTCARD_TxCpltCallback), (2 bytes).
    Removing stm32f4xx_hal_smartcard.o(i.SMARTCARD_DMAAbortOnError), (16 bytes).
    Removing stm32f4xx_hal_smartcard.o(i.SMARTCARD_DMAError), (70 bytes).
    Removing stm32f4xx_hal_smartcard.o(i.SMARTCARD_DMAReceiveCplt), (50 bytes).
    Removing stm32f4xx_hal_smartcard.o(i.SMARTCARD_DMARxAbortCallback), (44 bytes).
    Removing stm32f4xx_hal_smartcard.o(i.SMARTCARD_DMARxOnlyAbortCallback), (20 bytes).
    Removing stm32f4xx_hal_smartcard.o(i.SMARTCARD_DMATransmitCplt), (28 bytes).
    Removing stm32f4xx_hal_smartcard.o(i.SMARTCARD_DMATxAbortCallback), (44 bytes).
    Removing stm32f4xx_hal_smartcard.o(i.SMARTCARD_DMATxOnlyAbortCallback), (20 bytes).
    Removing stm32f4xx_hal_smartcard.o(i.SMARTCARD_EndRxTransfer), (28 bytes).
    Removing stm32f4xx_hal_smartcard.o(i.SMARTCARD_EndTransmit_IT), (36 bytes).
    Removing stm32f4xx_hal_smartcard.o(i.SMARTCARD_EndTxTransfer), (18 bytes).
    Removing stm32f4xx_hal_smartcard.o(i.SMARTCARD_Receive_IT), (90 bytes).
    Removing stm32f4xx_hal_smartcard.o(i.SMARTCARD_SetConfig), (488 bytes).
    Removing stm32f4xx_hal_smartcard.o(i.SMARTCARD_Transmit_IT), (66 bytes).
    Removing stm32f4xx_hal_smartcard.o(i.SMARTCARD_WaitOnFlagUntilTimeout), (120 bytes).
    Removing stm32f4xx_hal_spdifrx.o(.rev16_text), (4 bytes).
    Removing stm32f4xx_hal_spdifrx.o(.revsh_text), (4 bytes).
    Removing stm32f4xx_hal_spdifrx.o(.rrx_text), (6 bytes).
    Removing stm32f4xx_hal_spi.o(.rev16_text), (4 bytes).
    Removing stm32f4xx_hal_spi.o(.revsh_text), (4 bytes).
    Removing stm32f4xx_hal_spi.o(.rrx_text), (6 bytes).
    Removing stm32f4xx_hal_spi.o(i.HAL_SPI_Abort), (204 bytes).
    Removing stm32f4xx_hal_spi.o(i.HAL_SPI_AbortCpltCallback), (2 bytes).
    Removing stm32f4xx_hal_spi.o(i.HAL_SPI_Abort_IT), (252 bytes).
    Removing stm32f4xx_hal_spi.o(i.HAL_SPI_DMAPause), (38 bytes).
    Removing stm32f4xx_hal_spi.o(i.HAL_SPI_DMAResume), (38 bytes).
    Removing stm32f4xx_hal_spi.o(i.HAL_SPI_DMAStop), (42 bytes).
    Removing stm32f4xx_hal_spi.o(i.HAL_SPI_DeInit), (48 bytes).
    Removing stm32f4xx_hal_spi.o(i.HAL_SPI_ErrorCallback), (2 bytes).
    Removing stm32f4xx_hal_spi.o(i.HAL_SPI_GetError), (4 bytes).
    Removing stm32f4xx_hal_spi.o(i.HAL_SPI_GetState), (6 bytes).
    Removing stm32f4xx_hal_spi.o(i.HAL_SPI_IRQHandler), (248 bytes).
    Removing stm32f4xx_hal_spi.o(i.HAL_SPI_Init), (130 bytes).
    Removing stm32f4xx_hal_spi.o(i.HAL_SPI_MspDeInit), (2 bytes).
    Removing stm32f4xx_hal_spi.o(i.HAL_SPI_MspInit), (2 bytes).
    Removing stm32f4xx_hal_spi.o(i.HAL_SPI_Receive), (358 bytes).
    Removing stm32f4xx_hal_spi.o(i.HAL_SPI_Receive_DMA), (224 bytes).
    Removing stm32f4xx_hal_spi.o(i.HAL_SPI_Receive_IT), (176 bytes).
    Removing stm32f4xx_hal_spi.o(i.HAL_SPI_RxCpltCallback), (2 bytes).
    Removing stm32f4xx_hal_spi.o(i.HAL_SPI_RxHalfCpltCallback), (2 bytes).
    Removing stm32f4xx_hal_spi.o(i.HAL_SPI_Transmit), (398 bytes).
    Removing stm32f4xx_hal_spi.o(i.HAL_SPI_TransmitReceive), (490 bytes).
    Removing stm32f4xx_hal_spi.o(i.HAL_SPI_TransmitReceive_DMA), (280 bytes).
    Removing stm32f4xx_hal_spi.o(i.HAL_SPI_TransmitReceive_IT), (180 bytes).
    Removing stm32f4xx_hal_spi.o(i.HAL_SPI_Transmit_DMA), (188 bytes).
    Removing stm32f4xx_hal_spi.o(i.HAL_SPI_Transmit_IT), (180 bytes).
    Removing stm32f4xx_hal_spi.o(i.HAL_SPI_TxCpltCallback), (2 bytes).
    Removing stm32f4xx_hal_spi.o(i.HAL_SPI_TxHalfCpltCallback), (2 bytes).
    Removing stm32f4xx_hal_spi.o(i.HAL_SPI_TxRxCpltCallback), (2 bytes).
    Removing stm32f4xx_hal_spi.o(i.HAL_SPI_TxRxHalfCpltCallback), (2 bytes).
    Removing stm32f4xx_hal_spi.o(i.SPI_2linesRxISR_16BIT), (48 bytes).
    Removing stm32f4xx_hal_spi.o(i.SPI_2linesRxISR_8BIT), (46 bytes).
    Removing stm32f4xx_hal_spi.o(i.SPI_2linesTxISR_16BIT), (48 bytes).
    Removing stm32f4xx_hal_spi.o(i.SPI_2linesTxISR_8BIT), (46 bytes).
    Removing stm32f4xx_hal_spi.o(i.SPI_AbortRx_ISR), (84 bytes).
    Removing stm32f4xx_hal_spi.o(i.SPI_AbortTx_ISR), (22 bytes).
    Removing stm32f4xx_hal_spi.o(i.SPI_CheckFlag_BSY), (36 bytes).
    Removing stm32f4xx_hal_spi.o(i.SPI_CloseRxTx_ISR), (160 bytes).
    Removing stm32f4xx_hal_spi.o(i.SPI_CloseRx_ISR), (78 bytes).
    Removing stm32f4xx_hal_spi.o(i.SPI_CloseTx_ISR), (132 bytes).
    Removing stm32f4xx_hal_spi.o(i.SPI_DMAAbortOnError), (16 bytes).
    Removing stm32f4xx_hal_spi.o(i.SPI_DMAError), (34 bytes).
    Removing stm32f4xx_hal_spi.o(i.SPI_DMAHalfReceiveCplt), (10 bytes).
    Removing stm32f4xx_hal_spi.o(i.SPI_DMAHalfTransmitCplt), (10 bytes).
    Removing stm32f4xx_hal_spi.o(i.SPI_DMAHalfTransmitReceiveCplt), (10 bytes).
    Removing stm32f4xx_hal_spi.o(i.SPI_DMAReceiveCplt), (84 bytes).
    Removing stm32f4xx_hal_spi.o(i.SPI_DMARxAbortCallback), (72 bytes).
    Removing stm32f4xx_hal_spi.o(i.SPI_DMATransmitCplt), (92 bytes).
    Removing stm32f4xx_hal_spi.o(i.SPI_DMATransmitReceiveCplt), (82 bytes).
    Removing stm32f4xx_hal_spi.o(i.SPI_DMATxAbortCallback), (108 bytes).
    Removing stm32f4xx_hal_spi.o(i.SPI_RxISR_16BIT), (32 bytes).
    Removing stm32f4xx_hal_spi.o(i.SPI_RxISR_8BIT), (30 bytes).
    Removing stm32f4xx_hal_spi.o(i.SPI_TxISR_16BIT), (32 bytes).
    Removing stm32f4xx_hal_spi.o(i.SPI_TxISR_8BIT), (30 bytes).
    Removing stm32f4xx_hal_spi.o(i.SPI_WaitFlagStateUntilTimeout), (170 bytes).
    Removing stm32f4xx_hal_sram.o(.rev16_text), (4 bytes).
    Removing stm32f4xx_hal_sram.o(.revsh_text), (4 bytes).
    Removing stm32f4xx_hal_sram.o(.rrx_text), (6 bytes).
    Removing stm32f4xx_hal_sram.o(i.HAL_SRAM_DMA_XferCpltCallback), (2 bytes).
    Removing stm32f4xx_hal_sram.o(i.HAL_SRAM_DMA_XferErrorCallback), (2 bytes).
    Removing stm32f4xx_hal_sram.o(i.HAL_SRAM_DeInit), (32 bytes).
    Removing stm32f4xx_hal_sram.o(i.HAL_SRAM_GetState), (6 bytes).
    Removing stm32f4xx_hal_sram.o(i.HAL_SRAM_Init), (88 bytes).
    Removing stm32f4xx_hal_sram.o(i.HAL_SRAM_MspDeInit), (2 bytes).
    Removing stm32f4xx_hal_sram.o(i.HAL_SRAM_MspInit), (2 bytes).
    Removing stm32f4xx_hal_sram.o(i.HAL_SRAM_Read_16b), (64 bytes).
    Removing stm32f4xx_hal_sram.o(i.HAL_SRAM_Read_32b), (64 bytes).
    Removing stm32f4xx_hal_sram.o(i.HAL_SRAM_Read_8b), (64 bytes).
    Removing stm32f4xx_hal_sram.o(i.HAL_SRAM_Read_DMA), (76 bytes).
    Removing stm32f4xx_hal_sram.o(i.HAL_SRAM_WriteOperation_Disable), (50 bytes).
    Removing stm32f4xx_hal_sram.o(i.HAL_SRAM_WriteOperation_Enable), (42 bytes).
    Removing stm32f4xx_hal_sram.o(i.HAL_SRAM_Write_16b), (80 bytes).
    Removing stm32f4xx_hal_sram.o(i.HAL_SRAM_Write_32b), (80 bytes).
    Removing stm32f4xx_hal_sram.o(i.HAL_SRAM_Write_8b), (80 bytes).
    Removing stm32f4xx_hal_sram.o(i.HAL_SRAM_Write_DMA), (84 bytes).
    Removing stm32f4xx_hal_usart.o(.rev16_text), (4 bytes).
    Removing stm32f4xx_hal_usart.o(.revsh_text), (4 bytes).
    Removing stm32f4xx_hal_usart.o(.rrx_text), (6 bytes).
    Removing stm32f4xx_hal_usart.o(i.HAL_USART_Abort), (104 bytes).
    Removing stm32f4xx_hal_usart.o(i.HAL_USART_AbortCpltCallback), (2 bytes).
    Removing stm32f4xx_hal_usart.o(i.HAL_USART_Abort_IT), (184 bytes).
    Removing stm32f4xx_hal_usart.o(i.HAL_USART_DMAPause), (38 bytes).
    Removing stm32f4xx_hal_usart.o(i.HAL_USART_DMAResume), (38 bytes).
    Removing stm32f4xx_hal_usart.o(i.HAL_USART_DMAStop), (92 bytes).
    Removing stm32f4xx_hal_usart.o(i.HAL_USART_DeInit), (48 bytes).
    Removing stm32f4xx_hal_usart.o(i.HAL_USART_ErrorCallback), (2 bytes).
    Removing stm32f4xx_hal_usart.o(i.HAL_USART_GetError), (4 bytes).
    Removing stm32f4xx_hal_usart.o(i.HAL_USART_GetState), (6 bytes).
    Removing stm32f4xx_hal_usart.o(i.HAL_USART_IRQHandler), (368 bytes).
    Removing stm32f4xx_hal_usart.o(i.HAL_USART_Init), (86 bytes).
    Removing stm32f4xx_hal_usart.o(i.HAL_USART_MspDeInit), (2 bytes).
    Removing stm32f4xx_hal_usart.o(i.HAL_USART_MspInit), (2 bytes).
    Removing stm32f4xx_hal_usart.o(i.HAL_USART_Receive), (296 bytes).
    Removing stm32f4xx_hal_usart.o(i.HAL_USART_Receive_DMA), (208 bytes).
    Removing stm32f4xx_hal_usart.o(i.HAL_USART_Receive_IT), (84 bytes).
    Removing stm32f4xx_hal_usart.o(i.HAL_USART_RxCpltCallback), (2 bytes).
    Removing stm32f4xx_hal_usart.o(i.HAL_USART_RxHalfCpltCallback), (2 bytes).
    Removing stm32f4xx_hal_usart.o(i.HAL_USART_Transmit), (222 bytes).
    Removing stm32f4xx_hal_usart.o(i.HAL_USART_TransmitReceive), (324 bytes).
    Removing stm32f4xx_hal_usart.o(i.HAL_USART_TransmitReceive_DMA), (232 bytes).
    Removing stm32f4xx_hal_usart.o(i.HAL_USART_TransmitReceive_IT), (108 bytes).
    Removing stm32f4xx_hal_usart.o(i.HAL_USART_Transmit_DMA), (152 bytes).
    Removing stm32f4xx_hal_usart.o(i.HAL_USART_Transmit_IT), (66 bytes).
    Removing stm32f4xx_hal_usart.o(i.HAL_USART_TxCpltCallback), (2 bytes).
    Removing stm32f4xx_hal_usart.o(i.HAL_USART_TxHalfCpltCallback), (2 bytes).
    Removing stm32f4xx_hal_usart.o(i.HAL_USART_TxRxCpltCallback), (2 bytes).
    Removing stm32f4xx_hal_usart.o(i.USART_DMAAbortOnError), (16 bytes).
    Removing stm32f4xx_hal_usart.o(i.USART_DMAError), (80 bytes).
    Removing stm32f4xx_hal_usart.o(i.USART_DMAReceiveCplt), (120 bytes).
    Removing stm32f4xx_hal_usart.o(i.USART_DMARxAbortCallback), (40 bytes).
    Removing stm32f4xx_hal_usart.o(i.USART_DMARxHalfCplt), (10 bytes).
    Removing stm32f4xx_hal_usart.o(i.USART_DMATransmitCplt), (64 bytes).
    Removing stm32f4xx_hal_usart.o(i.USART_DMATxAbortCallback), (40 bytes).
    Removing stm32f4xx_hal_usart.o(i.USART_DMATxHalfCplt), (10 bytes).
    Removing stm32f4xx_hal_usart.o(i.USART_EndRxTransfer), (28 bytes).
    Removing stm32f4xx_hal_usart.o(i.USART_EndTransmit_IT), (36 bytes).
    Removing stm32f4xx_hal_usart.o(i.USART_EndTxTransfer), (18 bytes).
    Removing stm32f4xx_hal_usart.o(i.USART_Receive_IT), (188 bytes).
    Removing stm32f4xx_hal_usart.o(i.USART_SetConfig), (328 bytes).
    Removing stm32f4xx_hal_usart.o(i.USART_TransmitReceive_IT), (244 bytes).
    Removing stm32f4xx_hal_usart.o(i.USART_Transmit_IT), (102 bytes).
    Removing stm32f4xx_hal_usart.o(i.USART_WaitOnFlagUntilTimeout), (136 bytes).
    Removing stm32f4xx_hal_wwdg.o(.rev16_text), (4 bytes).
    Removing stm32f4xx_hal_wwdg.o(.revsh_text), (4 bytes).
    Removing stm32f4xx_hal_wwdg.o(.rrx_text), (6 bytes).
    Removing stm32f4xx_hal_wwdg.o(i.HAL_WWDG_EarlyWakeupCallback), (2 bytes).
    Removing stm32f4xx_hal_wwdg.o(i.HAL_WWDG_IRQHandler), (32 bytes).
    Removing stm32f4xx_hal_wwdg.o(i.HAL_WWDG_Init), (46 bytes).
    Removing stm32f4xx_hal_wwdg.o(i.HAL_WWDG_MspInit), (2 bytes).
    Removing stm32f4xx_hal_wwdg.o(i.HAL_WWDG_Refresh), (10 bytes).
    Removing stm32f4xx_ll_fmc.o(.rev16_text), (4 bytes).
    Removing stm32f4xx_ll_fmc.o(.revsh_text), (4 bytes).
    Removing stm32f4xx_ll_fmc.o(.rrx_text), (6 bytes).
    Removing stm32f4xx_ll_fsmc.o(.rev16_text), (4 bytes).
    Removing stm32f4xx_ll_fsmc.o(.revsh_text), (4 bytes).
    Removing stm32f4xx_ll_fsmc.o(.rrx_text), (6 bytes).
    Removing stm32f4xx_ll_fsmc.o(i.FSMC_NAND_AttributeSpace_Timing_Init), (48 bytes).
    Removing stm32f4xx_ll_fsmc.o(i.FSMC_NAND_CommonSpace_Timing_Init), (48 bytes).
    Removing stm32f4xx_ll_fsmc.o(i.FSMC_NAND_DeInit), (62 bytes).
    Removing stm32f4xx_ll_fsmc.o(i.FSMC_NAND_ECC_Disable), (26 bytes).
    Removing stm32f4xx_ll_fsmc.o(i.FSMC_NAND_ECC_Enable), (26 bytes).
    Removing stm32f4xx_ll_fsmc.o(i.FSMC_NAND_GetECC), (110 bytes).
    Removing stm32f4xx_ll_fsmc.o(i.FSMC_NAND_Init), (88 bytes).
    Removing stm32f4xx_ll_fsmc.o(i.FSMC_NORSRAM_DeInit), (52 bytes).
    Removing stm32f4xx_ll_fsmc.o(i.FSMC_NORSRAM_Extended_Timing_Init), (76 bytes).
    Removing stm32f4xx_ll_fsmc.o(i.FSMC_NORSRAM_Init), (92 bytes).
    Removing stm32f4xx_ll_fsmc.o(i.FSMC_NORSRAM_Timing_Init), (70 bytes).
    Removing stm32f4xx_ll_fsmc.o(i.FSMC_NORSRAM_WriteOperation_Disable), (16 bytes).
    Removing stm32f4xx_ll_fsmc.o(i.FSMC_NORSRAM_WriteOperation_Enable), (16 bytes).
    Removing stm32f4xx_ll_fsmc.o(i.FSMC_PCCARD_AttributeSpace_Timing_Init), (28 bytes).
    Removing stm32f4xx_ll_fsmc.o(i.FSMC_PCCARD_CommonSpace_Timing_Init), (28 bytes).
    Removing stm32f4xx_ll_fsmc.o(i.FSMC_PCCARD_DeInit), (30 bytes).
    Removing stm32f4xx_ll_fsmc.o(i.FSMC_PCCARD_IOSpace_Timing_Init), (28 bytes).
    Removing stm32f4xx_ll_fsmc.o(i.FSMC_PCCARD_Init), (38 bytes).
    Removing stm32f4xx_ll_sdmmc.o(.rev16_text), (4 bytes).
    Removing stm32f4xx_ll_sdmmc.o(.revsh_text), (4 bytes).
    Removing stm32f4xx_ll_sdmmc.o(.rrx_text), (6 bytes).
    Removing stm32f4xx_ll_sdmmc.o(i.SDIO_ConfigData), (36 bytes).
    Removing stm32f4xx_ll_sdmmc.o(i.SDIO_GetCommandResponse), (6 bytes).
    Removing stm32f4xx_ll_sdmmc.o(i.SDIO_GetDataCounter), (4 bytes).
    Removing stm32f4xx_ll_sdmmc.o(i.SDIO_GetFIFOCount), (6 bytes).
    Removing stm32f4xx_ll_sdmmc.o(i.SDIO_GetPowerState), (8 bytes).
    Removing stm32f4xx_ll_sdmmc.o(i.SDIO_GetResponse), (16 bytes).
    Removing stm32f4xx_ll_sdmmc.o(i.SDIO_Init), (44 bytes).
    Removing stm32f4xx_ll_sdmmc.o(i.SDIO_PowerState_OFF), (8 bytes).
    Removing stm32f4xx_ll_sdmmc.o(i.SDIO_PowerState_ON), (8 bytes).
    Removing stm32f4xx_ll_sdmmc.o(i.SDIO_ReadFIFO), (6 bytes).
    Removing stm32f4xx_ll_sdmmc.o(i.SDIO_SendCommand), (32 bytes).
    Removing stm32f4xx_ll_sdmmc.o(i.SDIO_SetSDMMCReadWaitMode), (14 bytes).
    Removing stm32f4xx_ll_sdmmc.o(i.SDIO_WriteFIFO), (10 bytes).
    Removing stm32f4xx_ll_sdmmc.o(i.SDMMC_CmdAppCommand), (50 bytes).
    Removing stm32f4xx_ll_sdmmc.o(i.SDMMC_CmdAppOperCommand), (52 bytes).
    Removing stm32f4xx_ll_sdmmc.o(i.SDMMC_CmdBlockLength), (50 bytes).
    Removing stm32f4xx_ll_sdmmc.o(i.SDMMC_CmdBusWidth), (50 bytes).
    Removing stm32f4xx_ll_sdmmc.o(i.SDMMC_CmdErase), (48 bytes).
    Removing stm32f4xx_ll_sdmmc.o(i.SDMMC_CmdEraseEndAdd), (50 bytes).
    Removing stm32f4xx_ll_sdmmc.o(i.SDMMC_CmdEraseStartAdd), (50 bytes).
    Removing stm32f4xx_ll_sdmmc.o(i.SDMMC_CmdGoIdleState), (40 bytes).
    Removing stm32f4xx_ll_sdmmc.o(i.SDMMC_CmdOpCondition), (44 bytes).
    Removing stm32f4xx_ll_sdmmc.o(i.SDMMC_CmdOperCond), (48 bytes).
    Removing stm32f4xx_ll_sdmmc.o(i.SDMMC_CmdReadMultiBlock), (50 bytes).
    Removing stm32f4xx_ll_sdmmc.o(i.SDMMC_CmdReadSingleBlock), (50 bytes).
    Removing stm32f4xx_ll_sdmmc.o(i.SDMMC_CmdSDEraseEndAdd), (50 bytes).
    Removing stm32f4xx_ll_sdmmc.o(i.SDMMC_CmdSDEraseStartAdd), (50 bytes).
    Removing stm32f4xx_ll_sdmmc.o(i.SDMMC_CmdSelDesel), (50 bytes).
    Removing stm32f4xx_ll_sdmmc.o(i.SDMMC_CmdSendCID), (44 bytes).
    Removing stm32f4xx_ll_sdmmc.o(i.SDMMC_CmdSendCSD), (44 bytes).
    Removing stm32f4xx_ll_sdmmc.o(i.SDMMC_CmdSendSCR), (48 bytes).
    Removing stm32f4xx_ll_sdmmc.o(i.SDMMC_CmdSendStatus), (50 bytes).
    Removing stm32f4xx_ll_sdmmc.o(i.SDMMC_CmdSetRelAdd), (58 bytes).
    Removing stm32f4xx_ll_sdmmc.o(i.SDMMC_CmdStatusRegister), (48 bytes).
    Removing stm32f4xx_ll_sdmmc.o(i.SDMMC_CmdStopTransfer), (52 bytes).
    Removing stm32f4xx_ll_sdmmc.o(i.SDMMC_CmdSwitch), (50 bytes).
    Removing stm32f4xx_ll_sdmmc.o(i.SDMMC_CmdWriteMultiBlock), (50 bytes).
    Removing stm32f4xx_ll_sdmmc.o(i.SDMMC_CmdWriteSingleBlock), (50 bytes).
    Removing stm32f4xx_ll_sdmmc.o(i.SDMMC_GetCmdError), (52 bytes).
    Removing stm32f4xx_ll_sdmmc.o(i.SDMMC_GetCmdResp1), (328 bytes).
    Removing stm32f4xx_ll_sdmmc.o(i.SDMMC_GetCmdResp2), (84 bytes).
    Removing stm32f4xx_ll_sdmmc.o(i.SDMMC_GetCmdResp3), (68 bytes).
    Removing stm32f4xx_ll_sdmmc.o(i.SDMMC_GetCmdResp6), (148 bytes).
    Removing stm32f4xx_ll_sdmmc.o(i.SDMMC_GetCmdResp7), (72 bytes).
    Removing stm32f4xx_ll_usb.o(.rev16_text), (4 bytes).
    Removing stm32f4xx_ll_usb.o(.revsh_text), (4 bytes).
    Removing stm32f4xx_ll_usb.o(.rrx_text), (6 bytes).
    Removing stm32f4xx_ll_usb.o(i.USB_ActivateDedicatedEndpoint), (240 bytes).
    Removing stm32f4xx_ll_usb.o(i.USB_ActivateEndpoint), (148 bytes).
    Removing stm32f4xx_ll_usb.o(i.USB_ActivateSetup), (52 bytes).
    Removing stm32f4xx_ll_usb.o(i.USB_ClearInterrupts), (8 bytes).
    Removing stm32f4xx_ll_usb.o(i.USB_CoreInit), (114 bytes).
    Removing stm32f4xx_ll_usb.o(i.USB_CoreReset), (60 bytes).
    Removing stm32f4xx_ll_usb.o(i.USB_DeactivateDedicatedEndpoint), (212 bytes).
    Removing stm32f4xx_ll_usb.o(i.USB_DeactivateEndpoint), (212 bytes).
    Removing stm32f4xx_ll_usb.o(i.USB_DevConnect), (24 bytes).
    Removing stm32f4xx_ll_usb.o(i.USB_DevDisconnect), (24 bytes).
    Removing stm32f4xx_ll_usb.o(i.USB_DevInit), (336 bytes).
    Removing stm32f4xx_ll_usb.o(i.USB_DisableGlobalInt), (12 bytes).
    Removing stm32f4xx_ll_usb.o(i.USB_DoPing), (72 bytes).
    Removing stm32f4xx_ll_usb.o(i.USB_DriveVbus), (64 bytes).
    Removing stm32f4xx_ll_usb.o(i.USB_EP0StartXfer), (344 bytes).
    Removing stm32f4xx_ll_usb.o(i.USB_EP0_OutStart), (62 bytes).
    Removing stm32f4xx_ll_usb.o(i.USB_EPClearStall), (100 bytes).
    Removing stm32f4xx_ll_usb.o(i.USB_EPSetStall), (100 bytes).
    Removing stm32f4xx_ll_usb.o(i.USB_EPStartXfer), (608 bytes).
    Removing stm32f4xx_ll_usb.o(i.USB_EnableGlobalInt), (12 bytes).
    Removing stm32f4xx_ll_usb.o(i.USB_FlushRxFifo), (36 bytes).
    Removing stm32f4xx_ll_usb.o(i.USB_FlushTxFifo), (40 bytes).
    Removing stm32f4xx_ll_usb.o(i.USB_GetCurrentFrame), (8 bytes).
    Removing stm32f4xx_ll_usb.o(i.USB_GetDevSpeed), (60 bytes).
    Removing stm32f4xx_ll_usb.o(i.USB_GetHostSpeed), (18 bytes).
    Removing stm32f4xx_ll_usb.o(i.USB_GetMode), (8 bytes).
    Removing stm32f4xx_ll_usb.o(i.USB_HC_Halt), (340 bytes).
    Removing stm32f4xx_ll_usb.o(i.USB_HC_Init), (254 bytes).
    Removing stm32f4xx_ll_usb.o(i.USB_HC_ReadInterrupt), (10 bytes).
    Removing stm32f4xx_ll_usb.o(i.USB_HC_StartXfer), (408 bytes).
    Removing stm32f4xx_ll_usb.o(i.USB_HostInit), (224 bytes).
    Removing stm32f4xx_ll_usb.o(i.USB_InitFSLSPClkSel), (58 bytes).
    Removing stm32f4xx_ll_usb.o(i.USB_ReadDevAllInEpInterrupt), (14 bytes).
    Removing stm32f4xx_ll_usb.o(i.USB_ReadDevAllOutEpInterrupt), (14 bytes).
    Removing stm32f4xx_ll_usb.o(i.USB_ReadDevInEPInterrupt), (30 bytes).
    Removing stm32f4xx_ll_usb.o(i.USB_ReadDevOutEPInterrupt), (16 bytes).
    Removing stm32f4xx_ll_usb.o(i.USB_ReadInterrupts), (8 bytes).
    Removing stm32f4xx_ll_usb.o(i.USB_ReadPacket), (36 bytes).
    Removing stm32f4xx_ll_usb.o(i.USB_ResetPort), (48 bytes).
    Removing stm32f4xx_ll_usb.o(i.USB_SetCurrentMode), (46 bytes).
    Removing stm32f4xx_ll_usb.o(i.USB_SetDevAddress), (34 bytes).
    Removing stm32f4xx_ll_usb.o(i.USB_SetDevSpeed), (14 bytes).
    Removing stm32f4xx_ll_usb.o(i.USB_StopDevice), (66 bytes).
    Removing stm32f4xx_ll_usb.o(i.USB_StopHost), (170 bytes).
    Removing stm32f4xx_ll_usb.o(i.USB_WritePacket), (48 bytes).
    Removing stm32f4xx_ll_usb.o(.data), (4 bytes).
    Removing stm32f4xx_ll_utils.o(.rev16_text), (4 bytes).
    Removing stm32f4xx_ll_utils.o(.revsh_text), (4 bytes).
    Removing stm32f4xx_ll_utils.o(.rrx_text), (6 bytes).
    Removing stm32f4xx_ll_utils.o(i.LL_Init1msTick), (26 bytes).
    Removing stm32f4xx_ll_utils.o(i.LL_PLL_ConfigSystemClock_HSE), (152 bytes).
    Removing stm32f4xx_ll_utils.o(i.LL_PLL_ConfigSystemClock_HSI), (116 bytes).
    Removing stm32f4xx_ll_utils.o(i.LL_SetSystemCoreClock), (12 bytes).
    Removing stm32f4xx_ll_utils.o(i.LL_mDelay), (40 bytes).
    Removing stm32f4xx_ll_utils.o(i.UTILS_EnablePLLAndSwitchSystem), (164 bytes).
    Removing stm32f4xx_ll_utils.o(i.UTILS_GetPLLOutputFrequency), (34 bytes).
    Removing stm32f4xx_ll_utils.o(i.UTILS_PLL_IsBusy), (36 bytes).
    Removing stm32f4xx_ll_utils.o(i.UTILS_SetFlashLatency), (192 bytes).
    Removing system_stm32f4xx.o(.rev16_text), (4 bytes).
    Removing system_stm32f4xx.o(.revsh_text), (4 bytes).
    Removing system_stm32f4xx.o(.rrx_text), (6 bytes).
    Removing system_stm32f4xx.o(i.SystemCoreClockUpdate), (144 bytes).
    Removing bsp_debug_usart.o(.rev16_text), (4 bytes).
    Removing bsp_debug_usart.o(.revsh_text), (4 bytes).
    Removing bsp_debug_usart.o(.rrx_text), (6 bytes).
    Removing bsp_debug_usart.o(i.HAL_UART_MspDeInit), (112 bytes).
    Removing bsp_debug_usart.o(i.fgetc), (32 bytes).
    Removing bsp_usartx_rs485.o(.rev16_text), (4 bytes).
    Removing bsp_usartx_rs485.o(.revsh_text), (4 bytes).
    Removing bsp_usartx_rs485.o(.rrx_text), (6 bytes).
    Removing bsp_usartx_rs485.o(i.Get_CRC), (64 bytes).
    Removing bsp_usartx_rs485.o(i.RS485_Receive_Data), (48 bytes).
    Removing bsp_usartx_rs485.o(i.RS485_Send_Data), (100 bytes).
    Removing function.o(.rev16_text), (4 bytes).
    Removing function.o(.revsh_text), (4 bytes).
    Removing function.o(.rrx_text), (6 bytes).
    Removing function.o(i.Control), (2 bytes).
    Removing function.o(i.Detection), (2 bytes).
    Removing function.o(i.Get_Average), (172 bytes).
    Removing function.o(i.UpData), (100 bytes).
    Removing sample.o(.rev16_text), (4 bytes).
    Removing sample.o(.revsh_text), (4 bytes).
    Removing sample.o(.rrx_text), (6 bytes).
    Removing sample.o(i.Copy_Hex), (24 bytes).
    Removing sample.o(i.Sample_RS485), (2 bytes).
    Removing bsp_basictim.o(.rev16_text), (4 bytes).
    Removing bsp_basictim.o(.revsh_text), (4 bytes).
    Removing bsp_basictim.o(.rrx_text), (6 bytes).
    Removing bsp_basictim.o(i.HAL_TIM_Base_MspDeInit), (36 bytes).
    Removing bsp_led.o(.rev16_text), (4 bytes).
    Removing bsp_led.o(.revsh_text), (4 bytes).
    Removing bsp_led.o(.rrx_text), (6 bytes).
    Removing bsp_led.o(i.LEDx_StateSet), (180 bytes).
    Removing f2d.o(.text), (38 bytes).
    Removing cdcmple.o(.text), (48 bytes).
    Removing cdrcmple.o(.text), (48 bytes).
    Removing dadd.o(.text), (334 bytes).
    Removing dfixul.o(.text), (48 bytes).

1449 unused section(s) (total 115893 bytes) removed from the image.

==============================================================================

Memory Map of the image

  Image Entry point : 0x00000000

  Load Region LR_IROM1 (Base: 0x08000000, Size: 0x00002b80, Max: 0x00100000, ABSOLUTE)

    Execution Region ER_IROM1 (Base: 0x08000000, Size: 0x00002b5c, Max: 0x00100000, ABSOLUTE)

    Base Addr    Size         Type   Attr      Idx    E Section Name        Object

    0x08000000   0x00000188   Data   RO            3    RESET               startup_stm32f407xx.o
    0x08000188   0x00000000   Code   RO         9088  * .ARM.Collect$$$$00000000  mc_w.l(entry.o)
    0x08000188   0x00000004   Code   RO         9400    .ARM.Collect$$$$00000001  mc_w.l(entry2.o)
    0x0800018c   0x00000004   Code   RO         9403    .ARM.Collect$$$$00000004  mc_w.l(entry5.o)
    0x08000190   0x00000000   Code   RO         9405    .ARM.Collect$$$$00000008  mc_w.l(entry7b.o)
    0x08000190   0x00000000   Code   RO         9407    .ARM.Collect$$$$0000000A  mc_w.l(entry8b.o)
    0x08000190   0x00000008   Code   RO         9408    .ARM.Collect$$$$0000000B  mc_w.l(entry9a.o)
    0x08000198   0x00000000   Code   RO         9410    .ARM.Collect$$$$0000000D  mc_w.l(entry10a.o)
    0x08000198   0x00000000   Code   RO         9412    .ARM.Collect$$$$0000000F  mc_w.l(entry11a.o)
    0x08000198   0x00000004   Code   RO         9401    .ARM.Collect$$$$00002712  mc_w.l(entry2.o)
    0x0800019c   0x00000024   Code   RO            4    .text               startup_stm32f407xx.o
    0x080001c0   0x0000000e   Code   RO         9093    .text               mc_w.l(strlen.o)
    0x080001ce   0x00000012   Code   RO         9095    .text               mc_w.l(strcpy.o)
    0x080001e0   0x00000044   Code   RO         9097    .text               mc_w.l(strtok.o)
    0x08000224   0x0000001a   Code   RO         9392    .text               mc_w.l(atoi.o)
    0x0800023e   0x00000002   PAD
    0x08000240   0x0000009c   Code   RO         9432    .text               mc_w.l(strtod.o)
    0x080002dc   0x00000070   Code   RO         9434    .text               mc_w.l(strtol.o)
    0x0800034c   0x00000000   Code   RO         9436    .text               mc_w.l(iusefp.o)
    0x0800034c   0x000000e4   Code   RO         9439    .text               mf_w.l(dmul.o)
    0x08000430   0x000000de   Code   RO         9441    .text               mf_w.l(ddiv.o)
    0x0800050e   0x00000002   PAD
    0x08000510   0x00000024   Code   RO         9445    .text               mc_w.l(init.o)
    0x08000534   0x0000001e   Code   RO         9447    .text               mc_w.l(llshl.o)
    0x08000552   0x00000020   Code   RO         9449    .text               mc_w.l(llushr.o)
    0x08000572   0x00000002   PAD
    0x08000574   0x00000008   Code   RO         9455    .text               mc_w.l(ctype_o.o)
    0x0800057c   0x00000012   Code   RO         9477    .text               mc_w.l(isspace_o.o)
    0x0800058e   0x00000002   PAD
    0x08000590   0x00000338   Code   RO         9483    .text               mc_w.l(scanf_fp.o)
    0x080008c8   0x00000040   Code   RO         9487    .text               mc_w.l(_sgetc.o)
    0x08000908   0x0000009e   Code   RO         9489    .text               mc_w.l(_strtoul.o)
    0x080009a6   0x000000ba   Code   RO         9491    .text               mf_w.l(depilogue.o)
    0x08000a60   0x0000001c   Code   RO         9496    .text               mc_w.l(_chval.o)
    0x08000a7c   0x00000018   Code   RO         9498    .text               mf_w.l(dfltul.o)
    0x08000a94   0x00000038   Code   RO         9500    .text               mf_w.l(d2f.o)
    0x08000acc   0x0000006e   Code   RO         9502    .text               mf_w.l(fepilogue.o)
    0x08000b3a   0x00000002   PAD
    0x08000b3c   0x00000034   Code   RO         9013    i.BASIC_TIMx_Init   bsp_basictim.o
    0x08000b70   0x00000002   Code   RO          345    i.BusFault_Handler  stm32f4xx_it.o
    0x08000b72   0x00000006   PAD
    0x08000b78   0x00000058   Code   RO         8916    i.Clean_Data        function.o
    0x08000bd0   0x00000002   Code   RO          346    i.DebugMon_Handler  stm32f4xx_it.o
    0x08000bd2   0x00000002   PAD
    0x08000bd4   0x000000e8   Code   RO         8920    i.Get_Data          function.o
    0x08000cbc   0x00000024   Code   RO         1022    i.HAL_DMA_Abort_IT  stm32f4xx_hal_dma.o
    0x08000ce0   0x0000021c   Code   RO          707    i.HAL_GPIO_Init     stm32f4xx_hal_gpio.o
    0x08000efc   0x00000008   Code   RO          710    i.HAL_GPIO_TogglePin  stm32f4xx_hal_gpio.o
    0x08000f04   0x0000000e   Code   RO          711    i.HAL_GPIO_WritePin  stm32f4xx_hal_gpio.o
    0x08000f12   0x00000002   PAD
    0x08000f14   0x0000000c   Code   RO         1344    i.HAL_GetTick       stm32f4xx_hal.o
    0x08000f20   0x00000010   Code   RO         1346    i.HAL_IncTick       stm32f4xx_hal.o
    0x08000f30   0x00000034   Code   RO         1347    i.HAL_Init          stm32f4xx_hal.o
    0x08000f64   0x00000028   Code   RO         1348    i.HAL_InitTick      stm32f4xx_hal.o
    0x08000f8c   0x00000068   Code   RO          321    i.HAL_MspInit       stm32f4xx_hal_msp.o
    0x08000ff4   0x00000018   Code   RO          775    i.HAL_NVIC_EnableIRQ  stm32f4xx_hal_cortex.o
    0x0800100c   0x00000068   Code   RO          781    i.HAL_NVIC_SetPriority  stm32f4xx_hal_cortex.o
    0x08001074   0x00000024   Code   RO          782    i.HAL_NVIC_SetPriorityGrouping  stm32f4xx_hal_cortex.o
    0x08001098   0x000001f0   Code   RO         1125    i.HAL_RCC_ClockConfig  stm32f4xx_hal_rcc.o
    0x08001288   0x0000000c   Code   RO         1128    i.HAL_RCC_EnableCSS  stm32f4xx_hal_rcc.o
    0x08001294   0x0000000c   Code   RO         1130    i.HAL_RCC_GetHCLKFreq  stm32f4xx_hal_rcc.o
    0x080012a0   0x0000002c   Code   RO         1132    i.HAL_RCC_GetPCLK1Freq  stm32f4xx_hal_rcc.o
    0x080012cc   0x0000002c   Code   RO         1133    i.HAL_RCC_GetPCLK2Freq  stm32f4xx_hal_rcc.o
    0x080012f8   0x0000008c   Code   RO         1134    i.HAL_RCC_GetSysClockFreq  stm32f4xx_hal_rcc.o
    0x08001384   0x00000440   Code   RO         1137    i.HAL_RCC_OscConfig  stm32f4xx_hal_rcc.o
    0x080017c4   0x0000001c   Code   RO          784    i.HAL_SYSTICK_CLKSourceConfig  stm32f4xx_hal_cortex.o
    0x080017e0   0x00000002   Code   RO          785    i.HAL_SYSTICK_Callback  stm32f4xx_hal_cortex.o
    0x080017e2   0x00000002   PAD
    0x080017e4   0x00000028   Code   RO          786    i.HAL_SYSTICK_Config  stm32f4xx_hal_cortex.o
    0x0800180c   0x00000008   Code   RO          787    i.HAL_SYSTICK_IRQHandler  stm32f4xx_hal_cortex.o
    0x08001814   0x00000002   Code   RO         1580    i.HAL_TIMEx_BreakCallback  stm32f4xx_hal_tim_ex.o
    0x08001816   0x00000002   Code   RO         1581    i.HAL_TIMEx_CommutationCallback  stm32f4xx_hal_tim_ex.o
    0x08001818   0x00000066   Code   RO         1597    i.HAL_TIMEx_MasterConfigSynchronization  stm32f4xx_hal_tim_ex.o
    0x0800187e   0x00000038   Code   RO         1821    i.HAL_TIM_Base_Init  stm32f4xx_hal_tim.o
    0x080018b6   0x00000002   PAD
    0x080018b8   0x0000003c   Code   RO         9015    i.HAL_TIM_Base_MspInit  bsp_basictim.o
    0x080018f4   0x00000018   Code   RO         1826    i.HAL_TIM_Base_Start_IT  stm32f4xx_hal_tim.o
    0x0800190c   0x00000002   Code   RO         1850    i.HAL_TIM_IC_CaptureCallback  stm32f4xx_hal_tim.o
    0x0800190e   0x00000174   Code   RO         1863    i.HAL_TIM_IRQHandler  stm32f4xx_hal_tim.o
    0x08001a82   0x00000002   Code   RO         1866    i.HAL_TIM_OC_DelayElapsedCallback  stm32f4xx_hal_tim.o
    0x08001a84   0x00000002   Code   RO         1893    i.HAL_TIM_PWM_PulseFinishedCallback  stm32f4xx_hal_tim.o
    0x08001a86   0x00000002   PAD
    0x08001a88   0x00000044   Code   RO           13    i.HAL_TIM_PeriodElapsedCallback  main.o
    0x08001acc   0x00000002   Code   RO         1904    i.HAL_TIM_TriggerCallback  stm32f4xx_hal_tim.o
    0x08001ace   0x00000002   Code   RO         2481    i.HAL_UART_ErrorCallback  stm32f4xx_hal_uart.o
    0x08001ad0   0x00000138   Code   RO         2484    i.HAL_UART_IRQHandler  stm32f4xx_hal_uart.o
    0x08001c08   0x00000064   Code   RO         2485    i.HAL_UART_Init     stm32f4xx_hal_uart.o
    0x08001c6c   0x000000cc   Code   RO         8805    i.HAL_UART_MspInit  bsp_debug_usart.o
    0x08001d38   0x0000004c   Code   RO         2490    i.HAL_UART_Receive_IT  stm32f4xx_hal_uart.o
    0x08001d84   0x000000a0   Code   RO           14    i.HAL_UART_RxCpltCallback  main.o
    0x08001e24   0x000000dc   Code   RO         2493    i.HAL_UART_Transmit  stm32f4xx_hal_uart.o
    0x08001f00   0x00000002   Code   RO         2496    i.HAL_UART_TxCpltCallback  stm32f4xx_hal_uart.o
    0x08001f02   0x00000002   Code   RO          347    i.HardFault_Handler  stm32f4xx_it.o
    0x08001f04   0x000000a0   Code   RO         9055    i.LED_GPIO_Init     bsp_led.o
    0x08001fa4   0x00000048   Code   RO         8806    i.MX_DEBUG_USART_Init  bsp_debug_usart.o
    0x08001fec   0x00000016   Code   RO         8807    i.MX_NVIC_USARTx_Init  bsp_debug_usart.o
    0x08002002   0x00000016   Code   RO         8864    i.MX_NVIC_USARTx_Init  bsp_usartx_rs485.o
    0x08002018   0x00000002   Code   RO          348    i.MemManage_Handler  stm32f4xx_it.o
    0x0800201a   0x00000002   Code   RO          349    i.NMI_Handler       stm32f4xx_it.o
    0x0800201c   0x00000002   Code   RO          350    i.PendSV_Handler    stm32f4xx_it.o
    0x0800201e   0x00000002   Code   RO          351    i.RCC_IRQHandler    stm32f4xx_it.o
    0x08002020   0x00000048   Code   RO         8867    i.RS485_USARTx_Init  bsp_usartx_rs485.o
    0x08002068   0x00000002   Code   RO          352    i.SVC_Handler       stm32f4xx_it.o
    0x0800206a   0x00000002   PAD
    0x0800206c   0x000000d8   Code   RO         8921    i.Save_Data         function.o
    0x08002144   0x0000000e   Code   RO          353    i.SysTick_Handler   stm32f4xx_it.o
    0x08002152   0x00000002   PAD
    0x08002154   0x0000009c   Code   RO           15    i.SystemClock_Config  main.o
    0x080021f0   0x00000058   Code   RO         8767    i.SystemInit        system_stm32f4xx.o
    0x08002248   0x0000000c   Code   RO          354    i.TIM6_DAC_IRQHandler  stm32f4xx_it.o
    0x08002254   0x000000c8   Code   RO         1905    i.TIM_Base_SetConfig  stm32f4xx_hal_tim.o
    0x0800231c   0x00000010   Code   RO         2498    i.UART_DMAAbortOnError  stm32f4xx_hal_uart.o
    0x0800232c   0x0000001c   Code   RO         2508    i.UART_EndRxTransfer  stm32f4xx_hal_uart.o
    0x08002348   0x0000001a   Code   RO         2509    i.UART_EndTransmit_IT  stm32f4xx_hal_uart.o
    0x08002362   0x00000092   Code   RO         2511    i.UART_Receive_IT   stm32f4xx_hal_uart.o
    0x080023f4   0x00000344   Code   RO         2512    i.UART_SetConfig    stm32f4xx_hal_uart.o
    0x08002738   0x00000066   Code   RO         2513    i.UART_Transmit_IT  stm32f4xx_hal_uart.o
    0x0800279e   0x00000078   Code   RO         2514    i.UART_WaitOnFlagUntilTimeout  stm32f4xx_hal_uart.o
    0x08002816   0x00000002   PAD
    0x08002818   0x0000000c   Code   RO          355    i.USART1_IRQHandler  stm32f4xx_it.o
    0x08002824   0x0000000c   Code   RO          356    i.USART3_IRQHandler  stm32f4xx_it.o
    0x08002830   0x00000002   Code   RO          357    i.UsageFault_Handler  stm32f4xx_it.o
    0x08002832   0x00000002   PAD
    0x08002834   0x00000020   Code   RO         9170    i.__0printf$2       mc_w.l(printf2.o)
    0x08002854   0x00000008   Code   RO         9425    i.__aeabi_errno_addr  mc_w.l(errno.o)
    0x0800285c   0x00000004   PAD
    0x08002860   0x00000028   Code   RO         9082    i.__hardfp_strtod   m_wm.l(strtod.o)
    0x08002888   0x0000000e   Code   RO         9485    i._is_digit         mc_w.l(scanf_fp.o)
    0x08002896   0x000000d6   Code   RO         9177    i._printf_core      mc_w.l(printf2.o)
    0x0800296c   0x0000001c   Code   RO         8809    i.fputc             bsp_debug_usart.o
    0x08002988   0x00000050   Code   RO         9364    i.free              mc_w.l(malloc.o)
    0x080029d8   0x00000078   Code   RO           16    i.main              main.o
    0x08002a50   0x0000006c   Code   RO         9365    i.malloc            mc_w.l(malloc.o)
    0x08002abc   0x00000010   Data   RO         8768    .constdata          system_stm32f4xx.o
    0x08002acc   0x00000008   Data   RO         8769    .constdata          system_stm32f4xx.o
    0x08002ad4   0x00000081   Data   RO         9456    .constdata          mc_w.l(ctype_o.o)
    0x08002b55   0x00000003   PAD
    0x08002b58   0x00000004   Data   RO         9457    .constdata          mc_w.l(ctype_o.o)
    0x08002b5c   0x00000000   Data   RO         9504    Region$$Table       anon$$obj.o


    Execution Region RW_IRAM1 (Base: 0x20000000, Size: 0x00001798, Max: 0x00020000, ABSOLUTE)

    Base Addr    Size         Type   Attr      Idx    E Section Name        Object

    0x20000000   0x00000006   Data   RW           17    .data               main.o
    0x20000006   0x00000002   PAD
    0x20000008   0x00000004   Data   RW         1353    .data               stm32f4xx_hal.o
    0x2000000c   0x00000004   Data   RW         8770    .data               system_stm32f4xx.o
    0x20000010   0x00000004   Data   RW         9098    .data               mc_w.l(strtok.o)
    0x20000014   0x00000004   Data   RW         9414    .data               mc_w.l(stdout.o)
    0x20000018   0x00000004   Data   RW         9423    .data               mc_w.l(mvars.o)
    0x2000001c   0x00000004   Data   RW         9424    .data               mc_w.l(mvars.o)
    0x20000020   0x00000004   Data   RW         9428    .data               mc_w.l(errno.o)
    0x20000024   0x00000004   PAD
    0x20000028   0x000000c8   Zero   RW          464    .bss                variable.o
    0x200000f0   0x000001f4   Zero   RW          465    .bss                variable.o
    0x200002e4   0x000001f4   Zero   RW          466    .bss                variable.o
    0x200004d8   0x00000040   Zero   RW         8810    .bss                bsp_debug_usart.o
    0x20000518   0x00000040   Zero   RW         8868    .bss                bsp_usartx_rs485.o
    0x20000558   0x0000003c   Zero   RW         9016    .bss                bsp_basictim.o
    0x20000594   0x00000004   PAD
    0x20000598   0x00000200   Zero   RW            2    HEAP                startup_stm32f407xx.o
    0x20000798   0x00001000   Zero   RW            1    STACK               startup_stm32f407xx.o

