<html>
<body>
<pre>
<h1>礦ision Build Log</h1>
<h2>Tool Versions:</h2>
IDE-Version: μVision V5.25.2.0
Copyright (C) 2018 ARM Ltd and ARM Germany GmbH. All rights reserved.
License Information: xx xx, xx, LIC=6XJRA-1ESS7-BW32G-V679J-Z4PUN-5KSAE
 
Tool Versions:
Toolchain:       MDK-ARM Professional  Version: 5.25.2.0
Toolchain Path:  E:\Keil_v5\ARM\ARMCC\Bin
C Compiler:      Armcc.exe V5.06 update 6 (build 750)
Assembler:       Armasm.exe V5.06 update 6 (build 750)
Linker/Locator:  ArmLink.exe V5.06 update 6 (build 750)
Library Manager: ArmAr.exe V5.06 update 6 (build 750)
Hex Converter:   FromElf.exe V5.06 update 6 (build 750)
CPU DLL:         SARMCM3.DLL V5.25.2.0
Dialog DLL:      DCM.DLL V1.17.1.0
Target DLL:      STLink\ST-LINKIII-KEIL_SWO.dll V3.0.1.0
Dialog DLL:      TCM.DLL V1.35.1.0
 
<h2>Project:</h2>
F:\STM32F407-RS485数据采集-V2\RS485-主机端 - 删减版 - dev\MDK-ARM\YS-F4Pro.uvprojx
Project File Date:  01/14/2019

<h2>Output:</h2>
*** Using Compiler 'V5.06 update 6 (build 750)', folder: 'E:\Keil_v5\ARM\ARMCC\Bin'
Rebuild target 'YS-F4Pro'
assembling startup_stm32f407xx.s...
compiling main.c...
..\Inc\bsp\RS485/bsp_usartx_RS485.h(40): warning:  #1295-D: Deprecated declaration RS485_Receive_Data - give arg types
  uint16_t RS485_Receive_Data();
../Inc/function.h(6): warning:  #1295-D: Deprecated declaration Backups_Data - give arg types
  void Backups_Data();
../Inc/function.h(14): warning:  #1295-D: Deprecated declaration Clear_RS485Buf - give arg types
  void Clear_RS485Buf();
../Inc/function.h(17): warning:  #1295-D: Deprecated declaration Save_Data - give arg types
  void Save_Data();
../Inc/function.h(19): warning:  #1295-D: Deprecated declaration UpData - give arg types
  void UpData();
../Inc/function.h(20): warning:  #1295-D: Deprecated declaration Get_Average - give arg types
  void Get_Average();
../Inc/function.h(22): warning:  #1295-D: Deprecated declaration Detection - give arg types
  void Detection();
../Inc/function.h(23): warning:  #1295-D: Deprecated declaration Control - give arg types
  void Control();
../Inc/function.h(31): warning:  #1295-D: Deprecated declaration Save_Device_Data - give arg types
  void Save_Device_Data();
../Inc/function.h(34): warning:  #1295-D: Deprecated declaration Reboot - give arg types
  void Reboot();
../Inc/function.h(35): warning:  #1295-D: Deprecated declaration Open_Beep - give arg types
  void Open_Beep();
../Inc/function.h(36): warning:  #1295-D: Deprecated declaration Close_Beep - give arg types
  void Close_Beep();
../Inc/function.h(37): warning:  #1295-D: Deprecated declaration Open_Light - give arg types
  void Open_Light();
../Inc/function.h(38): warning:  #1295-D: Deprecated declaration Close_Light - give arg types
  void Close_Light();
../Inc/function.h(39): warning:  #1295-D: Deprecated declaration Open_YiYe_pupm - give arg types
  void Open_YiYe_pupm();
../Inc/function.h(40): warning:  #1295-D: Deprecated declaration Close_YiYe_pupm - give arg types
  void Close_YiYe_pupm();
../Inc/function.h(41): warning:  #1295-D: Deprecated declaration Alarm - give arg types
  void Alarm();
../Inc/function.h(44): warning:  #1295-D: Deprecated declaration Clear_FLASH_Data - give arg types
  void Clear_FLASH_Data();
../Src/main.c(90): warning:  #167-D: argument of type "uint8_t *" is incompatible with parameter of type "char *restrict"
      sprintf(info,"|23");
../Src/main.c(278): warning:  #167-D: argument of type "uint8_t *" is incompatible with parameter of type "char *restrict"
                  sprintf(info,"@%d",SCM_state);
../Src/main.c: 20 warnings, 0 errors
compiling stm32f4xx_hal_msp.c...
compiling stm32f4xx_it.c...
..\Inc\bsp\RS485/bsp_usartx_RS485.h(40): warning:  #1295-D: Deprecated declaration RS485_Receive_Data - give arg types
  uint16_t RS485_Receive_Data();
../Inc/function.h(6): warning:  #1295-D: Deprecated declaration Backups_Data - give arg types
  void Backups_Data();
../Inc/function.h(14): warning:  #1295-D: Deprecated declaration Clear_RS485Buf - give arg types
  void Clear_RS485Buf();
../Inc/function.h(17): warning:  #1295-D: Deprecated declaration Save_Data - give arg types
  void Save_Data();
../Inc/function.h(19): warning:  #1295-D: Deprecated declaration UpData - give arg types
  void UpData();
../Inc/function.h(20): warning:  #1295-D: Deprecated declaration Get_Average - give arg types
  void Get_Average();
../Inc/function.h(22): warning:  #1295-D: Deprecated declaration Detection - give arg types
  void Detection();
../Inc/function.h(23): warning:  #1295-D: Deprecated declaration Control - give arg types
  void Control();
../Inc/function.h(31): warning:  #1295-D: Deprecated declaration Save_Device_Data - give arg types
  void Save_Device_Data();
../Inc/function.h(34): warning:  #1295-D: Deprecated declaration Reboot - give arg types
  void Reboot();
../Inc/function.h(35): warning:  #1295-D: Deprecated declaration Open_Beep - give arg types
  void Open_Beep();
../Inc/function.h(36): warning:  #1295-D: Deprecated declaration Close_Beep - give arg types
  void Close_Beep();
../Inc/function.h(37): warning:  #1295-D: Deprecated declaration Open_Light - give arg types
  void Open_Light();
../Inc/function.h(38): warning:  #1295-D: Deprecated declaration Close_Light - give arg types
  void Close_Light();
../Inc/function.h(39): warning:  #1295-D: Deprecated declaration Open_YiYe_pupm - give arg types
  void Open_YiYe_pupm();
../Inc/function.h(40): warning:  #1295-D: Deprecated declaration Close_YiYe_pupm - give arg types
  void Close_YiYe_pupm();
../Inc/function.h(41): warning:  #1295-D: Deprecated declaration Alarm - give arg types
  void Alarm();
../Inc/function.h(44): warning:  #1295-D: Deprecated declaration Clear_FLASH_Data - give arg types
  void Clear_FLASH_Data();
../Src/stm32f4xx_it.c: 18 warnings, 0 errors
compiling stm32f4xx_assert.c...
compiling variable.c...
..\Src\variable.c(34): warning:  #68-D: integer conversion resulted in a change of sign
  uint16_t RS485_Rx_Count_Old = -1;
..\Src\variable.c: 1 warning, 0 errors
compiling stm32f4xx_hal_flash_ramfunc.c...
compiling stm32f4xx_hal_dma_ex.c...
compiling stm32f4xx_hal_pwr.c...
compiling stm32f4xx_hal_gpio.c...
compiling stm32f4xx_hal_cortex.c...
compiling stm32f4xx_hal_flash.c...
compiling stm32f4xx_hal_dma.c...
compiling stm32f4xx_hal_rcc.c...
compiling stm32f4xx_hal_flash_ex.c...
compiling stm32f4xx_hal.c...
compiling stm32f4xx_hal_pwr_ex.c...
compiling stm32f4xx_hal_rcc_ex.c...
compiling stm32f4xx_hal_tim_ex.c...
compiling stm32f4xx_hal_tim.c...
compiling stm32f4xx_hal_uart.c...
compiling stm32f4xx_hal_adc.c...
compiling stm32f4xx_hal_adc_ex.c...
compiling stm32f4xx_hal_can.c...
compiling stm32f4xx_hal_cec.c...
compiling stm32f4xx_hal_crc.c...
compiling stm32f4xx_hal_cryp.c...
compiling stm32f4xx_hal_cryp_ex.c...
compiling stm32f4xx_hal_dac.c...
compiling stm32f4xx_hal_dac_ex.c...
compiling stm32f4xx_hal_dcmi.c...
compiling stm32f4xx_hal_dcmi_ex.c...
compiling stm32f4xx_hal_dfsdm.c...
compiling stm32f4xx_hal_dma2d.c...
compiling stm32f4xx_hal_dsi.c...
compiling stm32f4xx_hal_eth.c...
compiling stm32f4xx_hal_fmpi2c.c...
compiling stm32f4xx_hal_fmpi2c_ex.c...
compiling stm32f4xx_hal_hash.c...
compiling stm32f4xx_hal_hash_ex.c...
compiling stm32f4xx_hal_hcd.c...
compiling stm32f4xx_hal_i2c.c...
compiling stm32f4xx_hal_i2c_ex.c...
compiling stm32f4xx_hal_i2s.c...
compiling stm32f4xx_hal_i2s_ex.c...
compiling stm32f4xx_hal_irda.c...
compiling stm32f4xx_hal_iwdg.c...
compiling stm32f4xx_hal_lptim.c...
compiling stm32f4xx_hal_ltdc.c...
compiling stm32f4xx_hal_ltdc_ex.c...
compiling stm32f4xx_hal_mmc.c...
compiling stm32f4xx_hal_nand.c...
compiling stm32f4xx_hal_nor.c...
compiling stm32f4xx_hal_pccard.c...
compiling stm32f4xx_hal_pcd.c...
compiling stm32f4xx_hal_pcd_ex.c...
compiling stm32f4xx_hal_qspi.c...
compiling stm32f4xx_hal_rng.c...
compiling stm32f4xx_hal_rtc.c...
compiling stm32f4xx_hal_rtc_ex.c...
compiling stm32f4xx_hal_sai.c...
compiling stm32f4xx_hal_sai_ex.c...
compiling stm32f4xx_hal_sd.c...
compiling stm32f4xx_hal_sdram.c...
compiling stm32f4xx_hal_smartcard.c...
compiling stm32f4xx_hal_spdifrx.c...
compiling stm32f4xx_hal_spi.c...
compiling stm32f4xx_hal_sram.c...
compiling stm32f4xx_hal_usart.c...
compiling stm32f4xx_hal_wwdg.c...
compiling stm32f4xx_ll_adc.c...
compiling stm32f4xx_ll_crc.c...
compiling stm32f4xx_ll_dac.c...
compiling stm32f4xx_ll_dma.c...
compiling stm32f4xx_ll_dma2d.c...
compiling stm32f4xx_ll_exti.c...
compiling stm32f4xx_ll_fmc.c...
compiling stm32f4xx_ll_fsmc.c...
compiling stm32f4xx_ll_gpio.c...
compiling stm32f4xx_ll_i2c.c...
compiling stm32f4xx_ll_lptim.c...
compiling stm32f4xx_ll_pwr.c...
compiling stm32f4xx_ll_rcc.c...
compiling stm32f4xx_ll_rng.c...
compiling stm32f4xx_ll_rtc.c...
compiling stm32f4xx_ll_sdmmc.c...
compiling stm32f4xx_ll_spi.c...
compiling stm32f4xx_ll_tim.c...
compiling stm32f4xx_ll_usart.c...
compiling stm32f4xx_ll_usb.c...
compiling stm32f4xx_ll_utils.c...
compiling system_stm32f4xx.c...
compiling bsp_debug_usart.c...
..\Inc\bsp\RS485/bsp_usartx_RS485.h(40): warning:  #1295-D: Deprecated declaration RS485_Receive_Data - give arg types
  uint16_t RS485_Receive_Data();
..\Src\bsp\usart\bsp_debug_usart.c: 1 warning, 0 errors
compiling bsp_usartx_RS485.c...
..\Inc\bsp\RS485/bsp_usartx_RS485.h(40): warning:  #1295-D: Deprecated declaration RS485_Receive_Data - give arg types
  uint16_t RS485_Receive_Data();
../Inc/function.h(6): warning:  #1295-D: Deprecated declaration Backups_Data - give arg types
  void Backups_Data();
../Inc/function.h(14): warning:  #1295-D: Deprecated declaration Clear_RS485Buf - give arg types
  void Clear_RS485Buf();
../Inc/function.h(17): warning:  #1295-D: Deprecated declaration Save_Data - give arg types
  void Save_Data();
../Inc/function.h(19): warning:  #1295-D: Deprecated declaration UpData - give arg types
  void UpData();
../Inc/function.h(20): warning:  #1295-D: Deprecated declaration Get_Average - give arg types
  void Get_Average();
../Inc/function.h(22): warning:  #1295-D: Deprecated declaration Detection - give arg types
  void Detection();
../Inc/function.h(23): warning:  #1295-D: Deprecated declaration Control - give arg types
  void Control();
../Inc/function.h(31): warning:  #1295-D: Deprecated declaration Save_Device_Data - give arg types
  void Save_Device_Data();
../Inc/function.h(34): warning:  #1295-D: Deprecated declaration Reboot - give arg types
  void Reboot();
../Inc/function.h(35): warning:  #1295-D: Deprecated declaration Open_Beep - give arg types
  void Open_Beep();
../Inc/function.h(36): warning:  #1295-D: Deprecated declaration Close_Beep - give arg types
  void Close_Beep();
../Inc/function.h(37): warning:  #1295-D: Deprecated declaration Open_Light - give arg types
  void Open_Light();
../Inc/function.h(38): warning:  #1295-D: Deprecated declaration Close_Light - give arg types
  void Close_Light();
../Inc/function.h(39): warning:  #1295-D: Deprecated declaration Open_YiYe_pupm - give arg types
  void Open_YiYe_pupm();
../Inc/function.h(40): warning:  #1295-D: Deprecated declaration Close_YiYe_pupm - give arg types
  void Close_YiYe_pupm();
../Inc/function.h(41): warning:  #1295-D: Deprecated declaration Alarm - give arg types
  void Alarm();
../Inc/function.h(44): warning:  #1295-D: Deprecated declaration Clear_FLASH_Data - give arg types
  void Clear_FLASH_Data();
..\Src\bsp\RS485\bsp_usartx_RS485.c: 18 warnings, 0 errors
compiling function.c...
../Inc/function.h(6): warning:  #1295-D: Deprecated declaration Backups_Data - give arg types
  void Backups_Data();
../Inc/function.h(14): warning:  #1295-D: Deprecated declaration Clear_RS485Buf - give arg types
  void Clear_RS485Buf();
../Inc/function.h(17): warning:  #1295-D: Deprecated declaration Save_Data - give arg types
  void Save_Data();
../Inc/function.h(19): warning:  #1295-D: Deprecated declaration UpData - give arg types
  void UpData();
../Inc/function.h(20): warning:  #1295-D: Deprecated declaration Get_Average - give arg types
  void Get_Average();
../Inc/function.h(22): warning:  #1295-D: Deprecated declaration Detection - give arg types
  void Detection();
../Inc/function.h(23): warning:  #1295-D: Deprecated declaration Control - give arg types
  void Control();
../Inc/function.h(31): warning:  #1295-D: Deprecated declaration Save_Device_Data - give arg types
  void Save_Device_Data();
../Inc/function.h(34): warning:  #1295-D: Deprecated declaration Reboot - give arg types
  void Reboot();
../Inc/function.h(35): warning:  #1295-D: Deprecated declaration Open_Beep - give arg types
  void Open_Beep();
../Inc/function.h(36): warning:  #1295-D: Deprecated declaration Close_Beep - give arg types
  void Close_Beep();
../Inc/function.h(37): warning:  #1295-D: Deprecated declaration Open_Light - give arg types
  void Open_Light();
../Inc/function.h(38): warning:  #1295-D: Deprecated declaration Close_Light - give arg types
  void Close_Light();
../Inc/function.h(39): warning:  #1295-D: Deprecated declaration Open_YiYe_pupm - give arg types
  void Open_YiYe_pupm();
../Inc/function.h(40): warning:  #1295-D: Deprecated declaration Close_YiYe_pupm - give arg types
  void Close_YiYe_pupm();
../Inc/function.h(41): warning:  #1295-D: Deprecated declaration Alarm - give arg types
  void Alarm();
../Inc/function.h(44): warning:  #1295-D: Deprecated declaration Clear_FLASH_Data - give arg types
  void Clear_FLASH_Data();
..\Inc\bsp\RS485/bsp_usartx_RS485.h(40): warning:  #1295-D: Deprecated declaration RS485_Receive_Data - give arg types
  uint16_t RS485_Receive_Data();
..\Src\Sample\function.c(295): warning:  #167-D: argument of type "uint8_t *" is incompatible with parameter of type "char *restrict"
      sprintf(data,"%.2f,%d;",value,type);
..\Src\Sample\function.c(302): warning:  #167-D: argument of type "uint8_t *" is incompatible with parameter of type "char *restrict"
          sprintf(data,"%.2f,%d,%s;",value,type,devicesID);
..\Src\Sample\function.c(348): warning:  #167-D: argument of type "char *" is incompatible with parameter of type "uint8_t *"
              HAL_UART_Transmit(&husart_debug,data,strlen((char *)data),1000);
..\Src\Sample\function.c(373): warning:  #1035-D: single-precision operand implicitly converted to double-precision
          if(p->value > 0.0)
..\Src\Sample\function.c(788): warning:  #167-D: argument of type "char *" is incompatible with parameter of type "uint8_t *"
      HAL_UART_Transmit(&husart_debug,data,strlen((char *)data),1000);
..\Src\Sample\function.c(879): warning:  #167-D: argument of type "char *" is incompatible with parameter of type "uint8_t *"
        HAL_UART_Transmit(&husart_debug,data,strlen((char *)data),1000);
..\Src\Sample\function.c(1001): warning:  #167-D: argument of type "char *" is incompatible with parameter of type "uint8_t *"
        HAL_UART_Transmit(&husart_debug,data,strlen((char *)data),1000);
..\Src\Sample\function.c(1464): warning:  #1035-D: single-precision operand implicitly converted to double-precision
        f = f * 0.1;
..\Src\Sample\function.c(1467): warning:  #1035-D: single-precision operand implicitly converted to double-precision
          f = f * 0.01;
..\Src\Sample\function.c(1470): warning:  #1035-D: single-precision operand implicitly converted to double-precision
          f = f * 0.001;
..\Src\Sample\function.c(1473): warning:  #1035-D: single-precision operand implicitly converted to double-precision
          f = f * 0.0001;
..\Src\Sample\function.c(1476): warning:  #1035-D: single-precision operand implicitly converted to double-precision
          f = f * 0.00001;
..\Src\Sample\function.c(1479): warning:  #1035-D: single-precision operand implicitly converted to double-precision
          f = f * 0.000001;
..\Src\Sample\function.c(1482): warning:  #1035-D: single-precision operand implicitly converted to double-precision
          f = f * 0.0000001;
..\Src\Sample\function.c(1485): warning:  #1035-D: single-precision operand implicitly converted to double-precision
          f = f * 0.00000001;
..\Src\Sample\function.c(1488): warning:  #1035-D: single-precision operand implicitly converted to double-precision
          f = f * 0.000000001;
..\Src\Sample\function.c(1589): warning:  #1035-D: single-precision operand implicitly converted to double-precision
       value = f / 20000.0;
..\Src\Sample\function.c(1753): warning:  #1035-D: single-precision operand implicitly converted to double-precision
      jie = jie * 2.;
..\Src\Sample\function.c(1755): warning:  #1035-D: single-precision operand implicitly converted to double-precision
          jie += 1.;
..\Src\Sample\function.c(1757): warning:  #1035-D: single-precision operand implicitly converted to double-precision
      jie -= 127.;
..\Src\Sample\function.c(1810): warning:  #167-D: argument of type "uint8_t *" is incompatible with parameter of type "char *restrict"
      strcpy(buffer,Android_Rx_buf);
..\Src\Sample\function.c(1824): warning:  #167-D: argument of type "char *" is incompatible with parameter of type "uint8_t *"
      SPI_FLASH_BufferWrite(c, FLASH_WriteAddress+10,strlen(c));
..\Src\Sample\function.c(1825): warning:  #167-D: argument of type "uint8_t *" is incompatible with parameter of type "const char *"
      SPI_FLASH_BufferWrite(buffer, FLASH_WriteAddress+20,strlen(buffer));
..\Src\Sample\function.c(1877): warning:  #181-D: argument is incompatible with corresponding format string conversion
    printf("Get_Device_Data:地址 %s  \nsize:%s \n",FLASH_WriteAddress,size);
..\Src\Sample\function.c(1878): warning:  #167-D: argument of type "uint8_t *" is incompatible with parameter of type "const char *"
    n = atoi(size);
..\Src\Sample\function.c(1907): warning:  #167-D: argument of type "uint8_t *" is incompatible with parameter of type "const char *restrict"
      strcpy(buf,buffer);
..\Src\Sample\function.c: 44 warnings, 0 errors
compiling sample.c...
../Inc/function.h(6): warning:  #1295-D: Deprecated declaration Backups_Data - give arg types
  void Backups_Data();
../Inc/function.h(14): warning:  #1295-D: Deprecated declaration Clear_RS485Buf - give arg types
  void Clear_RS485Buf();
../Inc/function.h(17): warning:  #1295-D: Deprecated declaration Save_Data - give arg types
  void Save_Data();
../Inc/function.h(19): warning:  #1295-D: Deprecated declaration UpData - give arg types
  void UpData();
../Inc/function.h(20): warning:  #1295-D: Deprecated declaration Get_Average - give arg types
  void Get_Average();
../Inc/function.h(22): warning:  #1295-D: Deprecated declaration Detection - give arg types
  void Detection();
../Inc/function.h(23): warning:  #1295-D: Deprecated declaration Control - give arg types
  void Control();
../Inc/function.h(31): warning:  #1295-D: Deprecated declaration Save_Device_Data - give arg types
  void Save_Device_Data();
../Inc/function.h(34): warning:  #1295-D: Deprecated declaration Reboot - give arg types
  void Reboot();
../Inc/function.h(35): warning:  #1295-D: Deprecated declaration Open_Beep - give arg types
  void Open_Beep();
../Inc/function.h(36): warning:  #1295-D: Deprecated declaration Close_Beep - give arg types
  void Close_Beep();
../Inc/function.h(37): warning:  #1295-D: Deprecated declaration Open_Light - give arg types
  void Open_Light();
../Inc/function.h(38): warning:  #1295-D: Deprecated declaration Close_Light - give arg types
  void Close_Light();
../Inc/function.h(39): warning:  #1295-D: Deprecated declaration Open_YiYe_pupm - give arg types
  void Open_YiYe_pupm();
../Inc/function.h(40): warning:  #1295-D: Deprecated declaration Close_YiYe_pupm - give arg types
  void Close_YiYe_pupm();
../Inc/function.h(41): warning:  #1295-D: Deprecated declaration Alarm - give arg types
  void Alarm();
../Inc/function.h(44): warning:  #1295-D: Deprecated declaration Clear_FLASH_Data - give arg types
  void Clear_FLASH_Data();
..\Inc\bsp\RS485/bsp_usartx_RS485.h(40): warning:  #1295-D: Deprecated declaration RS485_Receive_Data - give arg types
  uint16_t RS485_Receive_Data();
..\Src\Sample\sample.c(92): warning:  #167-D: argument of type "uint8_t *" is incompatible with parameter of type "char *restrict"
                strcpy(command,p->command);
..\Src\Sample\sample.c(93): warning:  #167-D: argument of type "uint8_t *" is incompatible with parameter of type "char *"
                cnt = split(dst,command, ".");
..\Src\Sample\sample.c: 20 warnings, 0 errors
compiling bsp_BasicTIM.c...
compiling bsp_led.c...
compiling crc16.c...
compiling bsp_gpio.c...
compiling bsp_spiflash.c...
compiling bsp_rtc.c...
..\Src\bsp\rtc\bsp_rtc.c(38): warning:  #223-D: function "strlen" declared implicitly
      int tmplen = strlen(p);
..\Src\bsp\rtc\bsp_rtc.c(79): warning:  #223-D: function "Show_Data" declared implicitly
    Show_Data(out,7); 
..\Src\bsp\rtc\bsp_rtc.c: 2 warnings, 0 errors
linking...
Program Size: Code=38860 RO-data=800 RW-data=264 ZI-data=16376  
FromELF: creating hex file...
After Build - User command #1: E:\Keil_v5\ARM\ARMCC\bin\fromelf.exe  --bin -o YCXZ23.bin  YS-F4Pro\YS-F4Pro.axf
".\YS-F4Pro\YS-F4Pro.axf" - 0 Error(s), 124 Warning(s).

<h2>Software Packages used:</h2>

Package Vendor: Keil
                http://www.keil.com/pack/Keil.STM32F4xx_DFP.2.13.0.pack
                Keil.STM32F4xx_DFP.2.13.0
                STMicroelectronics STM32F4 Series Device Support, Drivers and Examples

<h2>Collection of Component include folders:</h2>
  .\RTE\_YS-F4Pro
  E:\Keil_v5\ARM\PACK\Keil\STM32F4xx_DFP\2.13.0\Drivers\CMSIS\Device\ST\STM32F4xx\Include

<h2>Collection of Component Files used:</h2>
Build Time Elapsed:  00:03:07
</pre>
</body>
</html>
